########## S_c ##########
==============================================================================
case: /home/ubuntu/Certonomous/verification/runs/T-family/T10a_runs/S_c   (T10a S_c)
radiative faces: 1200   patches: inner, outer
==============================================================================
patch          nRows      meanSum       minSum       maxSum  meanDefect%   maxDefect%   meanVis
inner            600   1.00195734   0.99787639   1.00477566      0.24346      0.47757     142.6
outer            600   1.04103235   1.03376334   1.04772577      4.10323      4.77258     591.4

row-sum split by RECEIVING patch (mean over rows of the emitting patch):
from \ to             inner           outer
inner            0.00000000      1.00195734
outer            0.25051824      0.79051410

row-sum percentiles per emitting patch:
patch                p0         p5        p50        p95       p100
inner          0.997876   0.998583   1.001733   1.004772   1.004776
outer          1.033763   1.035887   1.040888   1.047719   1.047726
########## S_m ##########
==============================================================================
case: /home/ubuntu/Certonomous/verification/runs/T-family/T10a_runs/S_m   (T10a S_m)
radiative faces: 3072   patches: inner, outer
==============================================================================
patch          nRows      meanSum       minSum       maxSum  meanDefect%   maxDefect%   meanVis
inner           1536   1.00194039   1.00102787   1.00300495      0.19404      0.30049     376.5
outer           1536   1.04034504   1.03670632   1.04274049      4.03450      4.27405    1527.9

row-sum split by RECEIVING patch (mean over rows of the emitting patch):
from \ to             inner           outer
inner            0.00000000      1.00194039
outer            0.25047799      0.78986704

row-sum percentiles per emitting patch:
patch                p0         p5        p50        p95       p100
inner          1.001028   1.001072   1.001858   1.002745   1.003005
outer          1.036706   1.037636   1.040240   1.042353   1.042740
########## S_f ##########
==============================================================================
case: /home/ubuntu/Certonomous/verification/runs/T-family/T10a_runs/S_f   (T10a S_f)
radiative faces: 8112   patches: inner, outer
==============================================================================
patch          nRows      meanSum       minSum       maxSum  meanDefect%   maxDefect%   meanVis
inner           4056   1.00077188   1.00059006   1.00114547      0.07719      0.11455    1007.9
outer           4056   1.03961757   1.03750482   1.04473719      3.96176      4.47372    4050.5

row-sum split by RECEIVING patch (mean over rows of the emitting patch):
from \ to             inner           outer
inner            0.00000000      1.00077188
outer            0.25018845      0.78942912

row-sum percentiles per emitting patch:
patch                p0         p5        p50        p95       p100
inner          1.000590   1.000604   1.000721   1.001052   1.001145
outer          1.037505   1.038179   1.039516   1.041511   1.044737
########## S_f_q ##########
==============================================================================
case: /home/ubuntu/Certonomous/verification/runs/T-family/T10a_runs/S_f_q   (T10a S_f_q)
radiative faces: 8112   patches: inner, outer
==============================================================================
patch          nRows      meanSum       minSum       maxSum  meanDefect%   maxDefect%   meanVis
inner           4056   1.00077188   1.00059006   1.00114547      0.07719      0.11455    1007.9
outer           4056   1.03961900   1.03750560   1.04483539      3.96190      4.48354    4050.5

row-sum split by RECEIVING patch (mean over rows of the emitting patch):
from \ to             inner           outer
inner            0.00000000      1.00077188
outer            0.25018845      0.78943056

row-sum percentiles per emitting patch:
patch                p0         p5        p50        p95       p100
inner          1.000590   1.000604   1.000721   1.001052   1.001145
outer          1.037506   1.038178   1.039516   1.041511   1.044835
########## S_f_s ##########
==============================================================================
case: /home/ubuntu/Certonomous/verification/runs/T-family/T10a_runs/S_f_s   (T10a S_f_s)
radiative faces: 8112   patches: inner, outer
==============================================================================
patch          nRows      meanSum       minSum       maxSum  meanDefect%   maxDefect%   meanVis
inner           4056   1.00077188   1.00059006   1.00114547      0.07719      0.11455    1007.9
outer           4056   1.03961757   1.03750482   1.04473719      3.96176      4.47372    4050.5

row-sum split by RECEIVING patch (mean over rows of the emitting patch):
from \ to             inner           outer
inner            0.00000000      1.00077188
outer            0.25018845      0.78942912

row-sum percentiles per emitting patch:
patch                p0         p5        p50        p95       p100
inner          1.000590   1.000604   1.000721   1.001052   1.001145
outer          1.037505   1.038179   1.039516   1.041511   1.044737
########## S_C1 ##########
==============================================================================
case: /home/ubuntu/Certonomous/verification/runs/T-family/T10a_runs/S_C1   (T10a S_C1)
radiative faces: 8112   patches: inner, outer
==============================================================================
patch          nRows      meanSum       minSum       maxSum  meanDefect%   maxDefect%   meanVis
inner           4056   1.00077188   1.00059006   1.00114547      0.07719      0.11455    1007.9
outer           4056   1.03961757   1.03750482   1.04473719      3.96176      4.47372    4050.5

row-sum split by RECEIVING patch (mean over rows of the emitting patch):
from \ to             inner           outer
inner            0.00000000      1.00077188
outer            0.25018845      0.78942912

row-sum percentiles per emitting patch:
patch                p0         p5        p50        p95       p100
inner          1.000590   1.000604   1.000721   1.001052   1.001145
outer          1.037505   1.038179   1.039516   1.041511   1.044737
########## B_c ##########
==============================================================================
case: /home/ubuntu/Certonomous/verification/runs/T-family/T10a_runs/B_c   (T10a B_c)
radiative faces: 1024   patches: floor, ceiling, x0, x1, y0, y1
==============================================================================
patch          nRows      meanSum       minSum       maxSum  meanDefect%   maxDefect%   meanVis
floor            256   1.00413505   1.00088422   1.01928533      0.41350      1.92853     768.0
ceiling          256   1.00413505   1.00088422   1.01928533      0.41350      1.92853     768.0
x0               128   1.00519146   1.00098400   1.01942557      0.51915      1.94256     896.0
x1               128   1.00519146   1.00098400   1.01942557      0.51915      1.94256     896.0
y0               128   1.00519146   1.00098400   1.01942557      0.51915      1.94256     896.0
y1               128   1.00519146   1.00098400   1.01942557      0.51915      1.94256     896.0

row-sum split by RECEIVING patch (mean over rows of the emitting patch):
from \ to             floor         ceiling              x0              x1              y0              y1
floor            0.00000000      0.41611998      0.14700377      0.14700377      0.14700377      0.14700377
ceiling          0.41611998      0.00000000      0.14700377      0.14700377      0.14700377      0.14700377
x0               0.29400753      0.29400753      0.00000000      0.11683440      0.15017100      0.15017100
x1               0.29400753      0.29400753      0.11683440      0.00000000      0.15017100      0.15017100
y0               0.29400753      0.29400753      0.15017100      0.15017100      0.00000000      0.11683440
y1               0.29400753      0.29400753      0.15017100      0.15017100      0.11683440      0.00000000

row-sum percentiles per emitting patch:
patch                p0         p5        p50        p95       p100
floor          1.000884   1.001222   1.002305   1.010361   1.019285
ceiling        1.000884   1.001222   1.002305   1.010361   1.019285
x0             1.000984   1.001245   1.002537   1.010744   1.019426
x1             1.000984   1.001245   1.002537   1.010744   1.019426
y0             1.000984   1.001245   1.002537   1.010744   1.019426
y1             1.000984   1.001245   1.002537   1.010744   1.019426
########## B_m ##########
==============================================================================
case: /home/ubuntu/Certonomous/verification/runs/T-family/T10a_runs/B_m   (T10a B_m)
radiative faces: 2704   patches: floor, ceiling, x0, x1, y0, y1
==============================================================================
patch          nRows      meanSum       minSum       maxSum  meanDefect%   maxDefect%   meanVis
floor            676   1.00248433   1.00043932   1.01913212      0.24843      1.91321    2028.0
ceiling          676   1.00509167   1.00022023   1.03906800      0.50917      3.90680    2034.4
x0               338   1.00334454   1.00049992   1.01919091      0.33445      1.91909    2366.0
x1               338   1.00334454   1.00049991   1.01919091      0.33445      1.91909    2367.9
y0               338   1.00334454   1.00049992   1.01919091      0.33445      1.91909    2366.0
y1               338   1.00334454   1.00049992   1.01919091      0.33445      1.91909    2368.3

row-sum split by RECEIVING patch (mean over rows of the emitting patch):
from \ to             floor         ceiling              x0              x1              y0              y1
floor            0.00000000      0.41558078      0.14672589      0.14672589      0.14672589      0.14672589
ceiling          0.41558078      0.00260734      0.14672589      0.14672589      0.14672589      0.14672589
x0               0.29345177      0.29345177      0.00000000      0.11672203      0.14985948      0.14985948
x1               0.29345177      0.29345177      0.11672203      0.00000000      0.14985948      0.14985948
y0               0.29345177      0.29345177      0.14985948      0.14985948      0.00000000      0.11672203
y1               0.29345177      0.29345177      0.14985948      0.14985948      0.11672203     -0.00000000

row-sum percentiles per emitting patch:
patch                p0         p5        p50        p95       p100
floor          1.000439   1.000510   1.001180   1.009859   1.019132
ceiling        1.000220   1.000556   1.001359   1.020200   1.039068
x0             1.000500   1.000552   1.001567   1.010057   1.019191
x1             1.000500   1.000552   1.001567   1.010057   1.019191
y0             1.000500   1.000552   1.001567   1.010057   1.019191
y1             1.000500   1.000552   1.001567   1.010057   1.019191
########## B_f ##########
==============================================================================
case: /home/ubuntu/Certonomous/verification/runs/T-family/T10a_runs/B_f   (T10a B_f)
radiative faces: 7056   patches: floor, ceiling, x0, x1, y0, y1
==============================================================================
patch          nRows      meanSum       minSum       maxSum  meanDefect%   maxDefect%   meanVis
floor           1764   1.00151546   1.00019894   1.01908933      0.15155      1.90893    5292.0
ceiling         1764   1.00488589   1.00004747   1.03037455      0.48859      3.03746    5297.8
x0               882   1.00212695   1.00022587   1.01911325      0.21270      1.91133    6174.0
x1               882   1.00217104   1.00022587   1.02082768      0.21710      2.08277    6179.3
y0               882   1.00212695   1.00022587   1.01911325      0.21270      1.91133    6174.0
y1               882   1.00212695   1.00022587   1.01911325      0.21270      1.91133    6184.5

row-sum split by RECEIVING patch (mean over rows of the emitting patch):
from \ to             floor         ceiling              x0              x1              y0              y1
floor            0.00000000      0.41537868      0.14653419      0.14653419      0.14653419      0.14653419
ceiling          0.41537868      0.00337043      0.14653419      0.14653419      0.14653419      0.14653419
x0               0.29306839      0.29306839      0.00000000      0.11667987      0.14965516      0.14965516
x1               0.29306839      0.29306839      0.11667987      0.00004409      0.14965516      0.14965516
y0               0.29306839      0.29306839      0.14965516      0.14965516      0.00000000      0.11667987
y1               0.29306839      0.29306839      0.14965516      0.14965516      0.11667987      0.00000000

row-sum percentiles per emitting patch:
patch                p0         p5        p50        p95       p100
floor          1.000199   1.000308   1.000588   1.009527   1.019089
ceiling        1.000047   1.000269   1.000888   1.019976   1.030375
x0             1.000226   1.000345   1.000872   1.009666   1.019113
x1             1.000226   1.000345   1.000872   1.009676   1.020828
y0             1.000226   1.000345   1.000872   1.009666   1.019113
y1             1.000226   1.000345   1.000872   1.009666   1.019113
########## B_C3 ##########
==============================================================================
case: /home/ubuntu/Certonomous/verification/runs/T-family/T10a_runs/B_C3   (T10a B_C3)
radiative faces: 7056   patches: floor, ceiling, x0, x1, y0, y1
==============================================================================
patch          nRows      meanSum       minSum       maxSum  meanDefect%   maxDefect%   meanVis
floor           1764   1.00151546   1.00019894   1.01908933      0.15155      1.90893    5292.0
ceiling         1764   1.00488589   1.00004747   1.03037455      0.48859      3.03746    5297.8
x0               882   1.00212695   1.00022587   1.01911325      0.21270      1.91133    6174.0
x1               882   1.00217104   1.00022587   1.02082768      0.21710      2.08277    6179.3
y0               882   1.00212695   1.00022587   1.01911325      0.21270      1.91133    6174.0
y1               882   1.00212695   1.00022587   1.01911325      0.21270      1.91133    6184.5

row-sum split by RECEIVING patch (mean over rows of the emitting patch):
from \ to             floor         ceiling              x0              x1              y0              y1
floor            0.00000000      0.41537868      0.14653419      0.14653419      0.14653419      0.14653419
ceiling          0.41537868      0.00337043      0.14653419      0.14653419      0.14653419      0.14653419
x0               0.29306839      0.29306839      0.00000000      0.11667987      0.14965516      0.14965516
x1               0.29306839      0.29306839      0.11667987      0.00004409      0.14965516      0.14965516
y0               0.29306839      0.29306839      0.14965516      0.14965516      0.00000000      0.11667987
y1               0.29306839      0.29306839      0.14965516      0.14965516      0.11667987      0.00000000

row-sum percentiles per emitting patch:
patch                p0         p5        p50        p95       p100
floor          1.000199   1.000308   1.000588   1.009527   1.019089
ceiling        1.000047   1.000269   1.000888   1.019976   1.030375
x0             1.000226   1.000345   1.000872   1.009666   1.019113
x1             1.000226   1.000345   1.000872   1.009676   1.020828
y0             1.000226   1.000345   1.000872   1.009666   1.019113
y1             1.000226   1.000345   1.000872   1.009666   1.019113
########## H_2d ##########
WARNING: 96 rows in F, 1120 boundary faces
==============================================================================
case: /home/ubuntu/Certonomous/verification/runs/T-family/T10a_runs/H_2d   (T10a H_2d)
radiative faces: 1120   patches: floor, ceiling, x0, x1, frontAndBack
==============================================================================
patch          nRows      meanSum       minSum       maxSum  meanDefect%   maxDefect%   meanVis
floor             32   0.98974954   0.97299514   1.00000000      1.02505      2.70049      62.1
ceiling           32   0.98974954   0.97299514   1.00000000      1.02505      2.70049      62.1
x0                16   0.97895718   0.96687791   0.98437881      2.10428      3.31221      78.2
x1                16   0.97895718   0.96687791   0.98437881      2.10428      3.31221      78.2

row-sum split by RECEIVING patch (mean over rows of the emitting patch):
from \ to             floor         ceiling              x0              x1    frontAndBack
floor            0.00000000      0.60976941      0.18999006      0.18999006      0.00000000
ceiling          0.60976941      0.00000000      0.18999006      0.18999006      0.00000000
x0               0.37998013      0.37998013      0.00000000      0.21899693      0.00000000
x1               0.37998013      0.37998013      0.21899693      0.00000000      0.00000000

row-sum percentiles per emitting patch:
patch                p0         p5        p50        p95       p100
floor          0.972995   0.972995   0.988738   1.000000   1.000000
ceiling        0.972995   0.972995   0.988738   1.000000   1.000000
x0             0.966878   0.966878   0.979321   0.984379   0.984379
x1             0.966878   0.966878   0.979321   0.984379   0.984379
