OK   S1_SPH_L1  wall_s=0.98
OK   S1_SPH_L1_afix  wall_s=0.96
OK   S1_SPH_L2  wall_s=3.74
OK   S1_SPH_L2_afix  wall_s=7.08
OK   S1_SPH_L3  wall_s=18.30
OK   S1_SPH_L3_afix  wall_s=21.07
OK   S1_SPH_L4_afix  wall_s=37.25
OK   S1_SPH_L4  wall_s=40.24
OK   S2_BALL_c  wall_s=1.32
OK   S2_BALL_f  wall_s=9.83
OK   S2_BOX_c  wall_s=1.05
OK   S2_BALL_f_afix  wall_s=5.78
OK   S2_BOX_f_afix  wall_s=3.49
OK   S2_BOX_f  wall_s=3.54
OK   S2_CYL_c  wall_s=0.70
OK   S2_CYL_f  wall_s=5.02
OK   S2_SHELL_c  wall_s=1.25
OK   S2_CYL_f_afix  wall_s=5.51
OK   S2_SHELL_f  wall_s=9.60
OK   S2_SHELL_f_afix  wall_s=12.56
OK   S3_agglom_10_afix  wall_s=0.55
OK   S3_agglom_10  wall_s=0.65
OK   S3_alpha_0p100  wall_s=5.07
OK   S3_alpha_0p150  wall_s=5.51
OK   S3_alpha_0p200  wall_s=4.37
OK   S3_alpha_0p220  wall_s=4.78
OK   S3_alpha_0p300  wall_s=5.70
OK   S3_alpha_0p250  wall_s=6.07
OK   S3_dist_1  wall_s=4.00
OK   S3_dist_100  wall_s=8.04
OK   S3_dist_4  wall_s=5.21
OK   S3_gauss_0p001  wall_s=5.61
OK   S3_intTol_1em4  wall_s=3.22
OK   S3_gauss_1em06  wall_s=4.01
ALL DONE
