/*---------------------------------------------------------------------------*\
| =========                 |                                                 |
| \\      /  F ield         | OpenFOAM: The Open Source CFD Toolbox           |
|  \\    /   O peration     | Version:  2606                                  |
|   \\  /    A nd           | Website:  www.openfoam.com                      |
|    \\/     M anipulation  |                                                 |
\*---------------------------------------------------------------------------*/
Build  : _481094f-20260618 OPENFOAM=2606 version=2606
Arch   : "LSB;label=32;scalar=64"
Exec   : simpleFoam -parallel
Date   : Aug 01 2026
Time   : 08:47:55
Host   : ip-172-31-43-247
PID    : 3427927
I/O    : uncollated
Case   : /home/ubuntu/certonomous-runs/dpw5-committee-probe/run_hybrid_pcap_incompressible_a2.11
nProcs : 14
Hosts  :
(
    (ip-172-31-43-247 14)
)
Pstream initialized with:
    node communication : off [type=host] (14 ranks, 1 nodes)
    topology controls  : none
    consensus exchange : 0 (tuning: 0)
    exchange algorithm : 0
    commsType          : nonBlocking
    polling iterations : 0
trapFpe: Floating point exception trapping enabled (FOAM_SIGFPE).
memory pool : not available
fileModificationChecking : Monitoring run-time modified files using timeStampMaster (fileModificationSkew 5, maxFileModificationPolls 20)

--> FOAM Warning : allowSystemOperations : Allowing user-supplied system call operations.
                   This can be a security risk if running untrusted cases
                   through e.g. 'coded' on-the-fly-compilation functionality.

// * * * * * * * * * * * * * * * * * * * * * * * * * * * * * * * * * * * * * //
Create time

Create mesh for time = 0


SIMPLE: convergence criteria
    field p	 tolerance 1e-09
    field U	 tolerance 1e-09
    field "(k|omega|nuTilda)"	 tolerance 1e-09

Reading field p

Reading field U

Reading/calculating face flux field phi

Selecting incompressible transport model Newtonian
Selecting turbulence model type RAS
Selecting RAS turbulence model kOmegaSST
Selecting patchDistMethod meshWave
RAS
{
    model           kOmegaSST;
    turbulence      on;
    printCoeffs     on;
    alphaK1         0.85;
    alphaK2         1;
    alphaOmega1     0.5;
    alphaOmega2     0.856;
    gamma1          0.55555556;
    gamma2          0.44;
    beta1           0.075;
    beta2           0.0828;
    betaStar        0.09;
    a1              0.31;
    b1              1;
    c1              10;
    F3              false;
    decayControl    false;
    kInf            0;
    omegaInf        0;
}

No MRF models present

No finite volume options present

Starting time loop

forceCoeffs forceCoeffs:
    rho: rhoInf
    Freestream density (rhoInf) set to 1.225
    Not including porosity effects
    magUInf: 68.06
    lRef   : 7.00532
    Aref   : 1
    rhoInf : 1.225
    Selecting all coefficients
    - Drag force: Cd
    - Drag force front: Cd(f)
    - Drag force rear: Cd(r)
    - Lift force: Cl
    - Lift force front: Cl(f)
    - Lift force rear: Cl(r)
    - Pitch moment: CmPitch
    - Roll moment: CmRoll
    - Yaw moment: CmYaw
    - Side force: Cs
    - Side force front: Cs(f)
    - Side force rear: Cs(r)


Time = 1

DILUPBiCGStab:  Solving for Ux, Initial residual = 0.9998167, Final residual = 0.00010813332, No Iterations 1
DILUPBiCGStab:  Solving for Uy, Initial residual = 1, Final residual = 9.2670711e-05, No Iterations 1
DILUPBiCGStab:  Solving for Uz, Initial residual = 0.99982329, Final residual = 0.0059075719, No Iterations 1
GAMG:  Solving for p, Initial residual = 1, Final residual = 0.05011611, No Iterations 100
time step continuity errors : sum local = 2.5829607e-07, global = 1.2644274e-07, cumulative = 1.2644274e-07
DILUPBiCGStab:  Solving for omega, Initial residual = 0.62840101, Final residual = 1.1327915e-05, No Iterations 1
DILUPBiCGStab:  Solving for k, Initial residual = 1, Final residual = 3.4540693e-05, No Iterations 1
ExecutionTime = 8.83 s  ClockTime = 9 s

forceCoeffs forceCoeffs write:
    Coefficient	Total	Pressure	Viscous	Internal
    Cd:	281.76351	271.43968	10.32383	0
    Cd(f):	664.80517	659.60534	5.1998342	0
    Cd(r):	-383.04167	-388.16566	5.1239955	0
    Cl:	448.72904	448.72304	0.0059946016	0
    Cl(f):	-1671.6343	-1677.3555	5.721165	0
    Cl(r):	2120.3634	2126.0785	-5.7151704	0
    CmPitch:	-1895.9989	-1901.717	5.7181677	0
    CmRoll:	523.92342	523.8855	0.037919323	0
    CmYaw:	561.28792	571.30138	-10.013466	0
    Cs:	-94.049619	-93.978247	-0.071371871	0
    Cs(f):	514.26311	524.31226	-10.049152	0
    Cs(r):	-608.31273	-618.29051	9.9777797	0

    writing force and moment coefficient files.

Time = 2

DILUPBiCGStab:  Solving for Ux, Initial residual = 0.00047710493, Final residual = 4.7259509e-07, No Iterations 2
DILUPBiCGStab:  Solving for Uy, Initial residual = 0.0031167466, Final residual = 2.8607668e-05, No Iterations 1
DILUPBiCGStab:  Solving for Uz, Initial residual = 0.0019654579, Final residual = 1.9468663e-05, No Iterations 1
GAMG:  Solving for p, Initial residual = 0.06827458, Final residual = 0.0006826487, No Iterations 34
time step continuity errors : sum local = 2.0604399e-06, global = 1.4797895e-06, cumulative = 1.6062323e-06
DILUPBiCGStab:  Solving for omega, Initial residual = 0.30225998, Final residual = 1.1500047e-05, No Iterations 1
DILUPBiCGStab:  Solving for k, Initial residual = 0.48097379, Final residual = 3.6675522e-05, No Iterations 1
ExecutionTime = 12.15 s  ClockTime = 12 s

forceCoeffs forceCoeffs write:
    Coefficient	Total	Pressure	Viscous	Internal
    Cd:	329.29363	324.39102	4.9026048	0
    Cd(f):	832.2228	830.68548	1.537316	0
    Cd(r):	-502.92917	-506.29446	3.3652889	0
    Cl:	627.63152	627.93171	-0.3001983	0
    Cl(f):	-2374.4109	-2378.5454	4.1344815	0
    Cl(r):	3002.0425	3006.4771	-4.4346798	0
    CmPitch:	-2688.2267	-2692.5113	4.2845807	0
    CmRoll:	667.57598	668.48997	-0.91398646	0
    CmYaw:	931.41372	933.74573	-2.3320143	0
    Cs:	-72.426984	-73.494682	1.0676976	0
    Cs(f):	895.20023	896.99839	-1.7981655	0
    Cs(r):	-967.62721	-970.49307	2.8658631	0

    writing force and moment coefficient files.

Time = 3

DILUPBiCGStab:  Solving for Ux, Initial residual = 0.00010213758, Final residual = 9.6813596e-07, No Iterations 1
DILUPBiCGStab:  Solving for Uy, Initial residual = 0.00067899527, Final residual = 6.3349907e-06, No Iterations 1
DILUPBiCGStab:  Solving for Uz, Initial residual = 0.00043038916, Final residual = 4.1551245e-06, No Iterations 1
GAMG:  Solving for p, Initial residual = 0.06084319, Final residual = 0.00054488219, No Iterations 20
time step continuity errors : sum local = 2.6227854e-06, global = 1.9081218e-06, cumulative = 3.514354e-06
DILUPBiCGStab:  Solving for omega, Initial residual = 0.068766945, Final residual = 5.8290341e-06, No Iterations 1
DILUPBiCGStab:  Solving for k, Initial residual = 0.1222551, Final residual = 2.2085866e-05, No Iterations 1
ExecutionTime = 14.61 s  ClockTime = 14 s

forceCoeffs forceCoeffs write:
    Coefficient	Total	Pressure	Viscous	Internal
    Cd:	280.57653	277.79954	2.7769928	0
    Cd(f):	721.30375	721.21364	0.090114488	0
    Cd(r):	-440.72722	-443.4141	2.6868783	0
    Cl:	619.21958	619.78297	-0.56338688	0
    Cl(f):	-2353.6607	-2357.4633	3.8025838	0
    Cl(r):	2972.8803	2977.2462	-4.3659707	0
    CmPitch:	-2663.2705	-2667.3548	4.0842772	0
    CmRoll:	581.01549	582.31387	-1.2983819	0
    CmYaw:	1105.7614	1106.1486	-0.38713927	0
    Cs:	-13.500421	-14.835638	1.3352172	0
    Cs(f):	1099.0112	1098.7308	0.28046933	0
    Cs(r):	-1112.5116	-1113.5664	1.0547479	0

    writing force and moment coefficient files.

Time = 4

DILUPBiCGStab:  Solving for Ux, Initial residual = 7.5013449e-05, Final residual = 6.6501861e-07, No Iterations 1
DILUPBiCGStab:  Solving for Uy, Initial residual = 0.00065660995, Final residual = 5.8897307e-06, No Iterations 1
DILUPBiCGStab:  Solving for Uz, Initial residual = 0.00027613399, Final residual = 2.4959416e-06, No Iterations 1
GAMG:  Solving for p, Initial residual = 0.053717802, Final residual = 0.00053047315, No Iterations 35
time step continuity errors : sum local = 3.0250505e-06, global = -1.3171927e-06, cumulative = 2.1971614e-06
DILUPBiCGStab:  Solving for omega, Initial residual = 0.039714219, Final residual = 8.0661069e-06, No Iterations 1
DILUPBiCGStab:  Solving for k, Initial residual = 0.018388216, Final residual = 8.4358346e-06, No Iterations 1
ExecutionTime = 17.94 s  ClockTime = 18 s

forceCoeffs forceCoeffs write:
    Coefficient	Total	Pressure	Viscous	Internal
    Cd:	179.50694	177.52049	1.9864482	0
    Cd(f):	461.31351	461.48657	-0.17306585	0
    Cd(r):	-281.80657	-283.96608	2.159514	0
    Cl:	503.6192	504.19713	-0.57792223	0
    Cl(f):	-1923.1376	-1926.4496	3.3120926	0
    Cl(r):	2426.7568	2430.6468	-3.8900149	0
    CmPitch:	-2174.9472	-2178.5482	3.6010537	0
    CmRoll:	371.56004	372.72633	-1.1662899	0
    CmYaw:	1181.3123	1181.8373	-0.52509118	0
    Cs:	61.601728	60.515256	1.0864721	0
    Cs(f):	1212.1131	1212.095	0.018144845	0
    Cs(r):	-1150.5114	-1151.5797	1.0683272	0

    writing force and moment coefficient files.

Time = 5

DILUPBiCGStab:  Solving for Ux, Initial residual = 8.5209602e-05, Final residual = 1.4084046e-07, No Iterations 2
DILUPBiCGStab:  Solving for Uy, Initial residual = 0.0078468767, Final residual = 6.5811834e-05, No Iterations 1
DILUPBiCGStab:  Solving for Uz, Initial residual = 0.0013991008, Final residual = 1.7303335e-06, No Iterations 2
GAMG:  Solving for p, Initial residual = 0.18600401, Final residual = 0.0037865243, No Iterations 100
time step continuity errors : sum local = 2.6640495e-05, global = 1.6582352e-05, cumulative = 1.8779513e-05
DILUPBiCGStab:  Solving for omega, Initial residual = 0.021252245, Final residual = 1.1089245e-05, No Iterations 1
DILUPBiCGStab:  Solving for k, Initial residual = 0.0035381418, Final residual = 4.284648e-06, No Iterations 1
ExecutionTime = 25.1 s  ClockTime = 25 s

forceCoeffs forceCoeffs write:
    Coefficient	Total	Pressure	Viscous	Internal
    Cd:	70.002383	68.280006	1.7223769	0
    Cd(f):	178.87876	178.84506	0.033697724	0
    Cd(r):	-108.87638	-110.56506	1.6886792	0
    Cl:	342.84363	343.25813	-0.41449833	0
    Cl(f):	-1318.8133	-1321.3445	2.531126	0
    Cl(r):	1661.657	1664.6026	-2.9456243	0
    CmPitch:	-1490.2352	-1492.9735	2.7383752	0
    CmRoll:	143.87757	144.70506	-0.82749073	0
    CmYaw:	1152.2357	1153.1618	-0.92606453	0
    Cs:	122.40704	121.65365	0.75338652	0
    Cs(f):	1213.4393	1213.9886	-0.54937127	0
    Cs(r):	-1091.0322	-1092.335	1.3027578	0

    writing force and moment coefficient files.

Time = 6

DILUPBiCGStab:  Solving for Ux, Initial residual = 0.23173638, Final residual = 0.0010624525, No Iterations 2
DILUPBiCGStab:  Solving for Uy, Initial residual = 0.36695841, Final residual = 0.0013307278, No Iterations 2
DILUPBiCGStab:  Solving for Uz, Initial residual = 0.42897372, Final residual = 0.0019663159, No Iterations 2
GAMG:  Solving for p, Initial residual = 0.85058517, Final residual = 0.0085036623, No Iterations 100
time step continuity errors : sum local = 0.00056572899, global = 2.9741986e-06, cumulative = 2.1753712e-05
DILUPBiCGStab:  Solving for omega, Initial residual = 0.011866813, Final residual = 1.8574281e-05, No Iterations 1
DILUPBiCGStab:  Solving for k, Initial residual = 0.00091869328, Final residual = 9.0768595e-06, No Iterations 1
ExecutionTime = 32.24 s  ClockTime = 32 s

forceCoeffs forceCoeffs write:
    Coefficient	Total	Pressure	Viscous	Internal
    Cd:	-9.2599914	-10.934436	1.6744447	0
    Cd(f):	-17.258199	-17.607503	0.34930419	0
    Cd(r):	7.9982071	6.6730666	1.3251405	0
    Cl:	187.27924	187.50982	-0.23057751	0
    Cl(f):	-726.60044	-728.4269	1.8264529	0
    Cl(r):	913.87969	915.93672	-2.0570304	0
    CmPitch:	-820.24007	-822.18181	1.9417417	0
    CmRoll:	-12.628203	-12.140285	-0.48791815	0
    CmYaw:	830.21465	831.40838	-1.1937315	0
    Cs:	121.57696	121.11133	0.46562599	0
    Cs(f):	891.00313	891.96404	-0.96091847	0
    Cs(r):	-769.42617	-770.85271	1.4265445	0

    writing force and moment coefficient files.

Time = 7

DILUPBiCGStab:  Solving for Ux, Initial residual = 0.36403494, Final residual = 0.00039876704, No Iterations 2
DILUPBiCGStab:  Solving for Uy, Initial residual = 0.34016868, Final residual = 0.00057425917, No Iterations 2
DILUPBiCGStab:  Solving for Uz, Initial residual = 0.36398713, Final residual = 0.00039893588, No Iterations 2
GAMG:  Solving for p, Initial residual = 0.031425958, Final residual = 0.00031115515, No Iterations 84
time step continuity errors : sum local = 0.047375059, global = -0.0007150817, cumulative = -0.00069332799
DILUPBiCGStab:  Solving for omega, Initial residual = 0.008893913, Final residual = 2.805571e-05, No Iterations 1
DILUPBiCGStab:  Solving for k, Initial residual = 0.0008277923, Final residual = 4.5087869e-06, No Iterations 1
ExecutionTime = 38.46 s  ClockTime = 38 s

forceCoeffs forceCoeffs write:
    Coefficient	Total	Pressure	Viscous	Internal
    Cd:	-399.55708	-401.26542	1.7083452	0
    Cd(f):	1817.6311	1816.9968	0.63423785	0
    Cd(r):	-2217.1881	-2218.2622	1.0741073	0
    Cl:	4.9230938	5.0010107	-0.077916836	0
    Cl(f):	-39.429045	-40.723922	1.2948774	0
    Cl(r):	44.352139	45.724933	-1.3727943	0
    CmPitch:	-41.890592	-43.224428	1.3338358	0
    CmRoll:	2017.4096	2017.6295	-0.21993473	0
    CmYaw:	-21212.007	-21210.604	-1.402936	0
    Cs:	-3398.9807	-3399.2079	0.2272488	0
    Cs(f):	-22911.497	-22910.208	-1.2893116	0
    Cs(r):	19512.516	19511	1.5165604	0

    writing force and moment coefficient files.

Time = 8

DILUPBiCGStab:  Solving for Ux, Initial residual = 0.48259465, Final residual = 0.0032070051, No Iterations 1
DILUPBiCGStab:  Solving for Uy, Initial residual = 0.47191422, Final residual = 0.0032624817, No Iterations 1
DILUPBiCGStab:  Solving for Uz, Initial residual = 0.48256242, Final residual = 0.0032146991, No Iterations 1
GAMG:  Solving for p, Initial residual = 0.017299919, Final residual = 0.00019723612, No Iterations 100
time step continuity errors : sum local = 37.15122, global = -0.54711158, cumulative = -0.54780491
DILUPBiCGStab:  Solving for omega, Initial residual = 0.0086316225, Final residual = 1.2590466e-05, No Iterations 2
DILUPBiCGStab:  Solving for k, Initial residual = 0.00076485401, Final residual = 4.2678219e-06, No Iterations 2
ExecutionTime = 45.73 s  ClockTime = 45 s

forceCoeffs forceCoeffs write:
    Coefficient	Total	Pressure	Viscous	Internal
    Cd:	-2712190.5	-2711958.3	-232.22639	0
    Cd(f):	10061268	10061413	-144.8618	0
    Cd(r):	-12773459	-12773372	-87.36459	0
    Cl:	-2508700.8	-2508660.4	-40.476779	0
    Cl(f):	11964309	11964154	155.20486	0
    Cl(r):	-14473010	-14472814	-195.68164	0
    CmPitch:	13218659	13218484	175.44325	0
    CmRoll:	11417364	11417392	-28.748607	0
    CmYaw:	-1.4246006e+08	-1.4246056e+08	499.68529	0
    Cs:	-21718516	-21718571	54.641268	0
    Cs(f):	-1.5331932e+08	-1.5331984e+08	527.00592	0
    Cs(r):	1.316008e+08	1.3160127e+08	-472.36465	0

    writing force and moment coefficient files.

Time = 9

DILUPBiCGStab:  Solving for Ux, Initial residual = 0.39670595, Final residual = 0.00353126, No Iterations 1
DILUPBiCGStab:  Solving for Uy, Initial residual = 0.39668824, Final residual = 0.0032476829, No Iterations 1
DILUPBiCGStab:  Solving for Uz, Initial residual = 0.39635672, Final residual = 0.0037868842, No Iterations 1
GAMG:  Solving for p, Initial residual = 0.0029173026, Final residual = 2.8813657e-05, No Iterations 56
time step continuity errors : sum local = 182771.4, global = 7077.7223, cumulative = 7077.1745
DILUPBiCGStab:  Solving for omega, Initial residual = 9.881706e-05, Final residual = 7.2858601e-07, No Iterations 1
DILUPBiCGStab:  Solving for k, Initial residual = 1.6599872e-05, Final residual = 1.2561909e-07, No Iterations 1
ExecutionTime = 50.31 s  ClockTime = 50 s

forceCoeffs forceCoeffs write:
    Coefficient	Total	Pressure	Viscous	Internal
    Cd:	8.4378448e+14	8.4376469e+14	1.9781414e+10	0
    Cd(f):	-2.2982547e+15	-2.298268e+15	1.3323138e+10	0
    Cd(r):	3.1420392e+15	3.1420327e+15	6.4582759e+09	0
    Cl:	7.0477922e+14	7.0477079e+14	8.4323628e+09	0
    Cl(f):	-4.1354483e+15	-4.1354013e+15	-4.7042307e+10	0
    Cl(r):	4.8402275e+15	4.8401721e+15	5.547467e+10	0
    CmPitch:	-4.4878379e+15	-4.4877867e+15	-5.1258488e+10	0
    CmRoll:	-2.7201469e+15	-2.7201504e+15	3.432431e+09	0
    CmYaw:	3.58524e+16	3.5852403e+16	-3.0801306e+09	0
    Cs:	4.795535e+15	4.7955349e+15	1.0342658e+08	0
    Cs(f):	3.8250168e+16	3.8250171e+16	-3.0284173e+09	0
    Cs(r):	-3.3454633e+16	-3.3454636e+16	3.1318439e+09	0

    writing force and moment coefficient files.

Time = 10

DILUPBiCGStab:  Solving for Ux, Initial residual = 0.38708981, Final residual = 3.0727656e-05, No Iterations 5
DILUPBiCGStab:  Solving for Uy, Initial residual = 0.32607751, Final residual = 9.1960644e-05, No Iterations 7
DILUPBiCGStab:  Solving for Uz, Initial residual = 0.30329745, Final residual = 8.5330315e-05, No Iterations 7
GAMG:  Solving for p, Initial residual = 0.99999882, Final residual = 1.1011016, No Iterations 100
time step continuity errors : sum local = 5.4916868e+15, global = -5.3406788e+15, cumulative = -5.3406788e+15
DILUPBiCGStab:  Solving for omega, Initial residual = 0.0042513501, Final residual = 6.8705152e-06, No Iterations 1
DILUPBiCGStab:  Solving for k, Initial residual = 0.00052334052, Final residual = 8.6961634e-07, No Iterations 1
ExecutionTime = 57.77 s  ClockTime = 57 s

forceCoeffs forceCoeffs write:
    Coefficient	Total	Pressure	Viscous	Internal
    Cd:	-5.7546274e+27	-5.7546274e+27	-8.2534218e+14	0
    Cd(f):	-6.0662441e+27	-6.0662441e+27	2.4946643e+16	0
    Cd(r):	3.1161664e+26	3.1161664e+26	-2.5771985e+16	0
    Cl:	2.9753378e+28	2.9753378e+28	-7.5169966e+14	0
    Cl(f):	-2.4062166e+29	-2.4062166e+29	1.879562e+16	0
    Cl(r):	2.7037504e+29	2.7037504e+29	-1.954732e+16	0
    CmPitch:	-2.5549835e+29	-2.5549835e+29	1.917147e+16	0
    CmRoll:	-3.1889304e+27	-3.1889304e+27	2.5359314e+16	0
    CmYaw:	4.3043961e+28	4.3043961e+28	-5.7511193e+17	0
    Cs:	5.6680055e+27	5.6680055e+27	-6.5583446e+16	0
    Cs(f):	4.5877964e+28	4.5877964e+28	-6.0790365e+17	0
    Cs(r):	-4.0209958e+28	-4.0209958e+28	5.423202e+17	0

    writing force and moment coefficient files.

Time = 11

DILUPBiCGStab:  Solving for Ux, Initial residual = 0.27211697, Final residual = 0.00056785861, No Iterations 11
DILUPBiCGStab:  Solving for Uy, Initial residual = 0.25360828, Final residual = 0.0025064284, No Iterations 11
DILUPBiCGStab:  Solving for Uz, Initial residual = 0.25130747, Final residual = 0.00041139727, No Iterations 11
[3] [stack trace]
=============
[3] #1  Foam::sigFpe::sigHandler(int) in <platforms>/linux64GccDPInt32Opt/lib/libOpenFOAM.so
[3] #2  ? in /lib/x86_64-linux-gnu/libc.so.6
[3] #3  Foam::scalarProduct<double, double>::type Foam::sumProd<double>(Foam::UList<double> const&, Foam::UList<double> const&) in <platforms>/linux64GccDPInt32Opt/lib/libOpenFOAM.so
[3] #4  Foam::PCG::scalarSolve(Foam::Field<double>&, Foam::Field<double> const&, unsigned char) const in <platforms>/linux64GccDPInt32Opt/lib/libOpenFOAM.so
[3] #5  Foam::GAMGSolver::solveCoarsestLevel(Foam::Field<double>&, Foam::Field<double> const&) const in <platforms>/linux64GccDPInt32Opt/lib/libOpenFOAM.so
[3] #6  Foam::GAMGSolver::Vcycle(Foam::PtrList<Foam::lduMatrix::smoother> const&, Foam::Field<double>&, Foam::Field<double> const&, Foam::Field<double>&, Foam::Field<double>&, Foam::Field<double>&, Foam::Field<double>&, Foam::Field<double>&, Foam::PtrList<Foam::Field<double>>&, Foam::PtrList<Foam::Field<double>>&, unsigned char) const in <platforms>/linux64GccDPInt32Opt/lib/libOpenFOAM.so
[3] #7  Foam::GAMGSolver::solve(Foam::Field<double>&, Foam::Field<double> const&, unsigned char) const in <platforms>/linux64GccDPInt32Opt/lib/libOpenFOAM.so
[3] #8  Foam::fvMatrix<double>::solveSegregated(Foam::dictionary const&) in <platforms>/linux64GccDPInt32Opt/lib/libfiniteVolume.so
[3] #9  ? in <platforms>/linux64GccDPInt32Opt/lib/libfiniteVolume.so
[3] #10  Foam::fvMesh::solve(Foam::fvMatrix<double>&, Foam::dictionary const&) const in <platforms>/linux64GccDPInt32Opt/lib/libfiniteVolume.so
[3] #11  ? in <platforms>/linux64GccDPInt32Opt/bin/simpleFoam
[3] #12  ? in /lib/x86_64-linux-gnu/libc.so.6
[3] #13  __libc_start_main in /lib/x86_64-linux-gnu/libc.so.6
[3] #14  ? in <platforms>/linux64GccDPInt32Opt/bin/simpleFoam
[3] =============
[ip-172-31-43-247:3427930] *** Process received signal ***
[ip-172-31-43-247:3427930] Signal: Floating point exception (8)
[ip-172-31-43-247:3427930] Signal code:  (-6)
[ip-172-31-43-247:3427930] Failing at address: 0x3e800344e5a
[ip-172-31-43-247:3427930] [ 0] /lib/x86_64-linux-gnu/libc.so.6(+0x45330)[0x7f49ed845330]
[ip-172-31-43-247:3427930] [ 1] /lib/x86_64-linux-gnu/libc.so.6(pthread_kill+0x11c)[0x7f49ed89ec0c]
[ip-172-31-43-247:3427930] [ 2] /lib/x86_64-linux-gnu/libc.so.6(gsignal+0x1e)[0x7f49ed84527e]
[ip-172-31-43-247:3427930] [ 3] /lib/x86_64-linux-gnu/libc.so.6(+0x45330)[0x7f49ed845330]
[ip-172-31-43-247:3427930] [ 4] /usr/lib/openfoam/openfoam2606/platforms/linux64GccDPInt32Opt/lib/libOpenFOAM.so(_ZN4Foam7sumProdIdEENS_13scalarProductIT_S2_E4typeERKNS_5UListIS2_EES8_+0x45)[0x7f49ee60b885]
[ip-172-31-43-247:3427930] [ 5] /usr/lib/openfoam/openfoam2606/platforms/linux64GccDPInt32Opt/lib/libOpenFOAM.so(_ZNK4Foam3PCG11scalarSolveERNS_5FieldIdEERKS2_h+0x442)[0x7f49ee4acc22]
[ip-172-31-43-247:3427930] [ 6] /usr/lib/openfoam/openfoam2606/platforms/linux64GccDPInt32Opt/lib/libOpenFOAM.so(_ZNK4Foam10GAMGSolver18solveCoarsestLevelERNS_5FieldIdEERKS2_+0x23a)[0x7f49ee4c6d7a]
[ip-172-31-43-247:3427930] [ 7] /usr/lib/openfoam/openfoam2606/platforms/linux64GccDPInt32Opt/lib/libOpenFOAM.so(_ZNK4Foam10GAMGSolver6VcycleERKNS_7PtrListINS_9lduMatrix8smootherEEERNS_5FieldIdEERKS8_S9_S9_S9_S9_S9_RNS1_IS8_EESD_h+0x3ee)[0x7f49ee4c75ce]
[ip-172-31-43-247:3427930] [ 8] /usr/lib/openfoam/openfoam2606/platforms/linux64GccDPInt32Opt/lib/libOpenFOAM.so(_ZNK4Foam10GAMGSolver5solveERNS_5FieldIdEERKS2_h+0x43c)[0x7f49ee4c864c]
[ip-172-31-43-247:3427930] [ 9] /usr/lib/openfoam/openfoam2606/platforms/linux64GccDPInt32Opt/lib/libfiniteVolume.so(_ZN4Foam8fvMatrixIdE15solveSegregatedERKNS_10dictionaryE+0x43a)[0x7f49f0be01ba]
[ip-172-31-43-247:3427930] [10] /usr/lib/openfoam/openfoam2606/platforms/linux64GccDPInt32Opt/lib/libfiniteVolume.so(+0x535892)[0x7f49f0735892]
[ip-172-31-43-247:3427930] [11] /usr/lib/openfoam/openfoam2606/platforms/linux64GccDPInt32Opt/lib/libfiniteVolume.so(_ZNK4Foam6fvMesh5solveERNS_8fvMatrixIdEERKNS_10dictionaryE+0x2a)[0x7f49f0723baa]
[ip-172-31-43-247:3427930] [12] simpleFoam(+0x1aa5a)[0x594f2812ea5a]
[ip-172-31-43-247:3427930] [13] /lib/x86_64-linux-gnu/libc.so.6(+0x2a1ca)[0x7f49ed82a1ca]
[ip-172-31-43-247:3427930] [14] /lib/x86_64-linux-gnu/libc.so.6(__libc_start_main+0x8b)[0x7f49ed82a28b]
[ip-172-31-43-247:3427930] [15] simpleFoam(+0x1c6e5)[0x594f281306e5]
[ip-172-31-43-247:3427930] *** End of error message ***
--------------------------------------------------------------------------
Primary job  terminated normally, but 1 process returned
a non-zero exit code. Per user-direction, the job has been aborted.
--------------------------------------------------------------------------
--------------------------------------------------------------------------
mpirun noticed that process rank 3 with PID 0 on node ip-172-31-43-247 exited on signal 8 (Floating point exception).
--------------------------------------------------------------------------
