/*---------------------------------------------------------------------------*\
| =========                 |                                                 |
| \\      /  F ield         | OpenFOAM: The Open Source CFD Toolbox           |
|  \\    /   O peration     | Version:  2606                                  |
|   \\  /    A nd           | Website:  www.openfoam.com                      |
|    \\/     M anipulation  |                                                 |
\*---------------------------------------------------------------------------*/
Build  : _481094f-20260618 OPENFOAM=2606 version=2606
Arch   : "LSB;label=32;scalar=64"
Exec   : simpleFoam -parallel
Date   : Aug 01 2026
Time   : 08:49:07
Host   : ip-172-31-43-247
PID    : 3428796
I/O    : uncollated
Case   : /home/ubuntu/certonomous-runs/dpw5-committee-probe/run_hybrid_wdpois_incompressible_a2.11
nProcs : 14
Hosts  :
(
    (ip-172-31-43-247 14)
)
Pstream initialized with:
    node communication : off [type=host] (14 ranks, 1 nodes)
    topology controls  : none
    consensus exchange : 0 (tuning: 0)
    exchange algorithm : 0
    commsType          : nonBlocking
    polling iterations : 0
trapFpe: Floating point exception trapping enabled (FOAM_SIGFPE).
memory pool : not available
fileModificationChecking : Monitoring run-time modified files using timeStampMaster (fileModificationSkew 5, maxFileModificationPolls 20)

--> FOAM Warning : allowSystemOperations : Allowing user-supplied system call operations.
                   This can be a security risk if running untrusted cases
                   through e.g. 'coded' on-the-fly-compilation functionality.

// * * * * * * * * * * * * * * * * * * * * * * * * * * * * * * * * * * * * * //
Create time

Create mesh for time = 0


SIMPLE: convergence criteria
    field p	 tolerance 1e-09
    field U	 tolerance 1e-09
    field "(k|omega|nuTilda)"	 tolerance 1e-09

Reading field p

Reading field U

Reading/calculating face flux field phi

Selecting incompressible transport model Newtonian
Selecting turbulence model type RAS
Selecting RAS turbulence model kOmegaSST
Selecting patchDistMethod Poisson
[6] 
[6] 
[6] --> FOAM FATAL IO ERROR: (openfoam-2606)
[6] Entry 'yPsi' not found in dictionary "stream/solvers"
[6] 
[6] 
[6] file: stream/solvers at line 0.
[6] 
[6]     From const Foam::dictionary& Foam::dictionary::subDict(const Foam::word&, Foam::keyType::option) const
[6]     in file db/dictionary/dictionary.C at line 457.
[6] 
FOAM parallel run exiting
[6] 
--------------------------------------------------------------------------
MPI_ABORT was invoked on rank 6 in communicator MPI_COMM_WORLD
with errorcode 1.

NOTE: invoking MPI_ABORT causes Open MPI to kill all MPI processes.
You may or may not see output from other processes, depending on
exactly when Open MPI kills them.
--------------------------------------------------------------------------
[9] 
[9] 
[9] --> FOAM FATAL IO ERROR: (openfoam-2606)
[9] Entry 'yPsi' not found in dictionary "stream/solvers"
[9] 
[9] 
[9] file: stream/solvers at line 0.
[9] 
[9]     From const Foam::dictionary& Foam::dictionary::subDict(const Foam::word&, Foam::keyType::option) const
[9]     in file db/dictionary/dictionary.C at line 457.
[9] 
FOAM parallel run exiting
[9] 
[10] 
[10] 
[10] --> FOAM FATAL IO ERROR: (openfoam-2606)
[10] Entry 'yPsi' not found in dictionary "stream/solvers"
[10] 
[10] 
[10] file: stream/solvers at line 0.
[10] 
[10]     From const Foam::dictionary& Foam::dictionary::subDict(const Foam::word&, Foam::keyType::option) const
[10]     in file db/dictionary/dictionary.C at line 457.
[10] 
FOAM parallel run exiting
[10] 
[11] 
[11] 
[11] --> FOAM FATAL IO ERROR: (openfoam-2606)
[11] Entry 'yPsi' not found in dictionary "stream/solvers"
[11] 
[11] 
[11] file: stream/solvers at line 0.
[11] 
[11]     From const Foam::dictionary& Foam::dictionary::subDict(const Foam::word&, Foam::keyType::option) const
[11]     in file db/dictionary/dictionary.C at line 457.
[11] 
FOAM parallel run exiting
[11] 
[12] 
[12] 
[12] --> FOAM FATAL IO ERROR: (openfoam-2606)
[12] Entry 'yPsi' not found in dictionary "stream/solvers"
[12] 
[12] 
[12] file: stream/solvers at line 0.
[12] 
[12]     From const Foam::dictionary& Foam::dictionary::subDict(const Foam::word&, Foam::keyType::option) const
[12]     in file db/dictionary/dictionary.C at line 457.
[12] 
FOAM parallel run exiting
[12] 
[13] 
[13] 
[13] --> FOAM FATAL IO ERROR: (openfoam-2606)
[13] Entry 'yPsi' not found in dictionary "stream/solvers"
[13] 
[13] 
[13] file: stream/solvers at line 0.
[13] 
[13]     From const Foam::dictionary& Foam::dictionary::subDict(const Foam::word&, Foam::keyType::option) const
[13]     in file db/dictionary/dictionary.C at line 457.
[13] 
FOAM parallel run exiting
[13] 
[0] 
[0] 
[0] --> FOAM FATAL IO ERROR: (openfoam-2606)
[0] Entry 'yPsi' not found in dictionary "system/fvSolution/solvers"
[0] 
[0] 
[0] file: system/fvSolution/solvers at line 14 to 31.
[0] 
[0]     From const Foam::dictionary& Foam::dictionary::subDict(const Foam::word&, Foam::keyType::option) const
[0]     in file db/dictionary/dictionary.C at line 457.
[0] 
FOAM parallel run exiting
[0] 
[1] 
[1] 
[1] --> FOAM FATAL IO ERROR: (openfoam-2606)
[1] Entry 'yPsi' not found in dictionary "stream/solvers"
[1] 
[1] 
[1] file: stream/solvers at line 0.
[1] 
[1]     From const Foam::dictionary& Foam::dictionary::subDict(const Foam::word&, Foam::keyType::option) const
[1]     in file db/dictionary/dictionary.C at line 457.
[1] 
FOAM parallel run exiting
[1] 
[2] 
[2] 
[2] --> FOAM FATAL IO ERROR: (openfoam-2606)
[2] Entry 'yPsi' not found in dictionary "stream/solvers"
[2] 
[2] 
[2] file: stream/solvers at line 0.
[2] 
[2]     From const Foam::dictionary& Foam::dictionary::subDict(const Foam::word&, Foam::keyType::option) const
[2]     in file db/dictionary/dictionary.C at line 457.
[2] 
FOAM parallel run exiting
[2] 
[3] 
[3] 
[3] --> FOAM FATAL IO ERROR: (openfoam-2606)
[3] Entry 'yPsi' not found in dictionary "stream/solvers"
[3] 
[3] 
[3] file: stream/solvers at line 0.
[3] 
[3]     From const Foam::dictionary& Foam::dictionary::subDict(const Foam::word&, Foam::keyType::option) const
[3]     in file db/dictionary/dictionary.C at line 457.
[3] 
FOAM parallel run exiting
[3] 
[4] 
[4] 
[4] --> FOAM FATAL IO ERROR: (openfoam-2606)
[4] Entry 'yPsi' not found in dictionary "stream/solvers"
[4] 
[4] 
[4] file: stream/solvers at line 0.
[4] 
[4]     From const Foam::dictionary& Foam::dictionary::subDict(const Foam::word&, Foam::keyType::option) const
[4]     in file db/dictionary/dictionary.C at line 457.
[4] 
FOAM parallel run exiting
[4] 
[5] 
[5] 
[5] --> FOAM FATAL IO ERROR: (openfoam-2606)
[5] Entry 'yPsi' not found in dictionary "stream/solvers"
[5] 
[5] 
[5] file: stream/solvers at line 0.
[5] 
[5]     From const Foam::dictionary& Foam::dictionary::subDict(const Foam::word&, Foam::keyType::option) const
[5]     in file db/dictionary/dictionary.C at line 457.
[5] 
FOAM parallel run exiting
[5] 
[7] 
[7] 
[7] --> FOAM FATAL IO ERROR: (openfoam-2606)
[7] Entry 'yPsi' not found in dictionary "stream/solvers"
[7] 
[7] 
[7] file: stream/solvers at line 0.
[7] 
[7]     From const Foam::dictionary& Foam::dictionary::subDict(const Foam::word&, Foam::keyType::option) const
[7]     in file db/dictionary/dictionary.C at line 457.
[7] 
FOAM parallel run exiting
[7] 
[8] 
[8] 
[8] --> FOAM FATAL IO ERROR: (openfoam-2606)
[8] Entry 'yPsi' not found in dictionary "stream/solvers"
[8] 
[8] 
[8] file: stream/solvers at line 0.
[8] 
[8]     From const Foam::dictionary& Foam::dictionary::subDict(const Foam::word&, Foam::keyType::option) const
[8]     in file db/dictionary/dictionary.C at line 457.
[8] 
FOAM parallel run exiting
[8] 
[ip-172-31-43-247:3428792] 13 more processes have sent help message help-mpi-api.txt / mpi-abort
[ip-172-31-43-247:3428792] Set MCA parameter "orte_base_help_aggregate" to 0 to see all help / error messages
