[2026-08-10T16:24:13+00:00] F5c STAGE A starting -- prereg 3734270d (correction d64565c1), chief-approved Stage A only, 15.5 core-min
[2026-08-10T16:24:13+00:00] A1: coarse 9050 cells, SIMPLEC relax p0.3/U0.6, 2000 it (basis 142.6s = 2.38 core-min)
[2026-08-10T16:24:14+00:00] [bfs-coarse] blockMesh done in 0.3s (exit 0)
[2026-08-10T16:24:14+00:00] [bfs-coarse] checkMesh done in 0.3s (exit 0)
[2026-08-10T16:24:14+00:00] [bfs-coarse] birth certificate: flagged -> admitted=True (flagged)
[2026-08-10T16:26:37+00:00] [bfs-coarse] x_r/H=5.564, nearwall-U check 5.527 (ref 6.26+/-0.1), cells=9050, converged=False, wall_s=143.5
[2026-08-10T16:26:37+00:00] A1: x_r/H = 5.563518924973768 (nearwall check 5.527017609903205), 2.39 core-min vs basis 2.38, fvSolution sha256 256980832611, cert flagged
[2026-08-10T16:26:37+00:00] A1: archived to stage_a_A1
[2026-08-10T16:26:37+00:00] A2: coarse 9050 cells, SIMPLEC relax p0.3/U0.6, 8000 it (basis 672.4s = 11.21 core-min)
[2026-08-10T16:26:37+00:00] [bfs-coarse] blockMesh done in 0.3s (exit 0)
[2026-08-10T16:26:38+00:00] [bfs-coarse] checkMesh done in 0.3s (exit 0)
[2026-08-10T16:26:38+00:00] [bfs-coarse] birth certificate: flagged -> admitted=True (flagged)
[2026-08-10T16:38:33+00:00] [bfs-coarse] x_r/H=6.996, nearwall-U check 6.961 (ref 6.26+/-0.1), cells=9050, converged=False, wall_s=715.3
[2026-08-10T16:38:33+00:00] A2: x_r/H = 6.99554984990037 (nearwall check 6.960649046416015), 11.93 core-min vs basis 11.21, fvSolution sha256 256980832611, cert flagged
[2026-08-10T16:38:34+00:00] A2: archived to stage_a_A2
[2026-08-10T16:38:34+00:00] A3: coarse 9050 cells, SIMPLE relax p0.15/U0.4, 2000 it (basis 115.3s = 1.92 core-min)
[2026-08-10T16:38:34+00:00] [bfs-coarse] blockMesh done in 0.5s (exit 0)
[2026-08-10T16:38:35+00:00] [bfs-coarse] checkMesh done in 0.5s (exit 0)
[2026-08-10T16:38:35+00:00] [bfs-coarse] birth certificate: flagged -> admitted=True (flagged)
[2026-08-10T16:40:40+00:00] [bfs-coarse] x_r/H=6.876, nearwall-U check 6.843 (ref 6.26+/-0.1), cells=9050, converged=False, wall_s=126.6
[2026-08-10T16:40:40+00:00] A3: x_r/H = 6.876362063906673 (nearwall check 6.8427001773012), 2.11 core-min vs basis 1.92, fvSolution sha256 94150fe67f56, cert flagged
[2026-08-10T16:40:40+00:00] A3: archived to stage_a_A3
[2026-08-10T16:40:40+00:00] M1 NOT_REGENERATED | M2 PROVEN | 16.44 core-min vs 15.51 pre-registered
