WARNING 7: VSPAERO Viewer Not Found. 
	Expected here: /home/dafoamuser/dafoam/packages/miniconda3/lib/python3.10/site-packages/openvsp/vspviewer
#--------------------#
 Total Nodes:    3358 
 Unique Nodes:   2819 
 Total Faces:    2784 
#--------------------#
 Normal orientation check ...
 Normals are consistent!
 Determining topology ...
 Topology complete.
#--------------------#
Grid Ratio:  1.2335 
#--------------------#
#-------------------------------------------------------------------------------------------------------------------#
# Grid | CPU  | Sub | KSP | nAvg |  Sl  | Sensor | Sensor | Min     | Min     |  deltaS  | March    | cMax  | Ratio |
# Lvl  | Time | Its | Its |      |      | Max    | Min    | Quality | Volume  |          | Distance |       | kMax  |
#-------------------------------------------------------------------------------------------------------------------#
      2    0.0     2     6      0  0.157  1.01559  0.18869  0.03920  0.162E-09  0.212E-03  0.406E-03  0.2983  0.0000 
      3    0.1     3     6      0  0.181  1.00573  0.28837 -0.05046  0.233E-09  0.232E-03  0.106E-02  0.2259  1.3076 
      4    0.1     2     5      0  0.191  1.00551  0.35738  0.16223  0.555E-09  0.246E-03  0.153E-02  0.2075  1.9592 
      5    0.1     3     5      0  0.203  1.00543  0.45937  0.23068  0.123E-08  0.269E-03  0.229E-02  0.1849  1.5533 
      6    0.1     4     5      0  0.216  1.00555  0.56514  0.27290  0.245E-08  0.303E-03  0.342E-02  0.1641  1.3522 
      7    0.2     3     5      0  0.224  1.00577  0.62241  0.29568  0.457E-08  0.331E-03  0.435E-02  0.1541  1.2802 
      8    0.2     4     5      0  0.233  1.00610  0.67957  0.30737  0.825E-08  0.372E-03  0.574E-02  0.1455  1.2653 
      9    0.3     5     5      0  0.244  1.00655  0.72984  0.31772  0.143E-07  0.431E-03  0.771E-02  0.1398  1.2509 
     10    0.3     5     5      0  0.254  1.00703  0.75958  0.32254  0.239E-07  0.500E-03  0.100E-01  0.1379  1.2466 
     11    0.4     5     5      0  0.263  1.00750  0.78166  0.32492  0.389E-07  0.580E-03  0.127E-01  0.1384  1.2445 
     12    0.4     5     5      0  0.271  1.00794  0.79890  0.32738  0.631E-07  0.672E-03  0.157E-01  0.1406  1.2431 
     13    0.5     6     5      0  0.281  1.00835  0.81491  0.32967  0.102E-06  0.802E-03  0.201E-01  0.1450  1.2419 
     14    0.5     6     5      0  0.291  1.00852  0.82694  0.33167  0.164E-06  0.958E-03  0.253E-01  0.1536  1.2396 
     15    0.5     6     5      0  0.301  1.00837  0.83695  0.33323  0.265E-06  0.114E-02  0.315E-01  0.1639  1.2387 
     16    0.6     6     5      0  0.311  1.00889  0.84546  0.33427  0.428E-06  0.137E-02  0.389E-01  0.1746  1.2388 
     17    0.6     6     5      0  0.321  1.00938  0.85286  0.33479  0.693E-06  0.163E-02  0.477E-01  0.1856  1.2395 
     18    0.7     7     5      0  0.332  1.00988  0.85870  0.33491  0.113E-05  0.201E-02  0.602E-01  0.1990  1.2417 
     19    0.7     6     6      0  0.342  1.01017  0.86229  0.33462  0.179E-05  0.240E-02  0.732E-01  0.2115  1.2435 
     20    0.8     7     6      0  0.353  1.01022  0.86656  0.33404  0.278E-05  0.295E-02  0.915E-01  0.2290  1.2451 
     21    0.8     7     6      0  0.365  1.00995  0.87074  0.33319  0.435E-05  0.362E-02  0.114E+00  0.2576  1.2460 
     22    0.9     7     6      0  0.377  1.01124  0.87498  0.33222  0.686E-05  0.446E-02  0.142E+00  0.2963  1.2466 
     23    0.9     7     6      0  0.390  1.01234  0.87893  0.33119  0.109E-04  0.548E-02  0.176E+00  0.3487  1.2474 
     24    1.0     7     6      0  0.403  1.01403  0.88230  0.33017  0.174E-04  0.674E-02  0.218E+00  0.4150  1.2477 
     25    1.0     7     6      0  0.416  1.01689  0.88550  0.32923  0.279E-04  0.829E-02  0.270E+00  0.4911  1.2477 
     26    1.1     7     6      0  0.429  1.02111  0.88849  0.32842  0.451E-04  0.102E-01  0.333E+00  0.5734  1.2486 
     27    1.1     7     6      0  0.443  1.02638  0.89152  0.32706  0.733E-04  0.125E-01  0.411E+00  0.6575  1.2492 
     28    1.1     7     6      0  0.457  1.03278  0.89446  0.32573  0.118E-03  0.154E-01  0.507E+00  0.7382  1.2488 
     29    1.2     7     6      0  0.472  1.04018  0.89554  0.32477  0.189E-03  0.190E-01  0.626E+00  0.8119  1.2507 
     30    1.2     7     7      0  0.487  1.04786  0.89528  0.32417  0.310E-03  0.233E-01  0.771E+00  0.8744  1.2563 
PYHYP_WROTE volumeMesh.xyz
     31    1.3     7     7      0  0.502  1.05598  0.89520  0.32391  0.520E-03  0.287E-01  0.950E+00  0.9241  1.2622 
     32    1.3     7     7      0  0.518  1.06623  0.89525  0.32393  0.890E-03  0.353E-01  0.117E+01  0.9616  1.2661 
     33    1.4     7     7      0  0.534  1.08410  0.89578  0.32417  0.151E-02  0.434E-01  0.144E+01  0.9882  1.2723 
     34    1.4     7     7      0  0.551  1.10015  0.89681  0.32453  0.245E-02  0.534E-01  0.177E+01  1.0054  1.2771 
     35    1.5     7     7      0  0.569  1.10634  0.89790  0.32493  0.388E-02  0.656E-01  0.218E+01  1.0780  1.2858 
     36    1.5     7     8      0  0.587  1.11964  0.89918  0.32525  0.620E-02  0.807E-01  0.268E+01  1.6326  1.2841 
     37    1.6     7     9      0  0.605  1.12128  0.90144  0.32543  0.959E-02  0.993E-01  0.330E+01  2.5319  1.2799 
     38    1.6     7    11      0  0.624  1.11275  0.90430  0.32547  0.135E-01  0.122E+00  0.406E+01  3.9023  1.2759 
     39    1.7     8    12      0  0.646  1.07437  0.91652  0.32443  0.172E-01  0.130E+00  0.509E+01  5.0000  1.2703 
     40    1.8     9    12      0  0.665  1.03752  0.93702  0.31775  0.224E-01  0.119E+00  0.617E+01  5.0000  1.3025 
     41    2.0    13    12      0  0.687  1.01021  0.95048  0.31367  0.315E-01  0.120E+00  0.766E+01  5.0000  1.2850 
     42    2.1    14    12      0  0.708  0.99577  0.95639  0.31252  0.486E-01  0.131E+00  0.936E+01  5.0000  1.2663 
     43    2.3    16    12      0  0.731  0.98919  0.95940  0.31278  0.812E-01  0.156E+00  0.116E+02  5.0000  1.2550 
     44    2.5    16    13      0  0.754  0.98428  0.95985  0.31347  0.144E+00  0.194E+00  0.143E+02  5.0000  1.2468 
     45    2.6    16    13      0  0.779  0.98096  0.95534  0.31402  0.265E+00  0.253E+00  0.178E+02  5.0000  1.2402 
     46    2.8    14    13      0  0.803  0.97922  0.95224  0.31435  0.499E+00  0.328E+00  0.217E+02  5.0000  1.2350 
     47    2.9    14    14      0  0.829  0.97706  0.94987  0.31444  0.948E+00  0.436E+00  0.269E+02  5.0000  1.2317 
     48    3.0    13    14      0  0.856  0.97472  0.94802  0.31433  0.181E+01  0.579E+00  0.333E+02  5.0000  1.2294 
     49    3.2    12    14      0  0.884  0.97233  0.94650  0.31410  0.346E+01  0.768E+00  0.412E+02  5.0000  1.2275 
#-------------------------------------------------------------------------------------------------------------------#
# Grid | CPU  | Sub | KSP | nAvg |  Sl  | Sensor | Sensor | Min     | Min     |  deltaS  | March    | cMax  | Ratio |
# Lvl  | Time | Its | Its |      |      | Max    | Min    | Quality | Volume  |          | Distance |       | kMax  |
#-------------------------------------------------------------------------------------------------------------------#
     50    3.3    11    14      0  0.912  0.97032  0.94528  0.31379  0.661E+01  0.101E+01  0.508E+02  5.0000  1.2258 
     51    3.4    10    14      0  0.940  0.96922  0.94429  0.31341  0.126E+02  0.131E+01  0.621E+02  5.0000  1.2243 
     52    3.5    10    14      0  0.971  0.96808  0.94348  0.31298  0.238E+02  0.173E+01  0.770E+02  5.0000  1.2231 
     53    3.6     9    14      0  1.001  0.96706  0.94292  0.31249  0.451E+02  0.225E+01  0.945E+02  5.0000  1.2220 
