WARNING 7: VSPAERO Viewer Not Found. 
	Expected here: /home/dafoamuser/dafoam/packages/miniconda3/lib/python3.10/site-packages/openvsp/vspviewer
#--------------------#
 Total Nodes:   12258 
 Unique Nodes:  11205 
 Total Faces:   11136 
#--------------------#
 Normal orientation check ...
 Normals are consistent!
 Determining topology ...
 Topology complete.
#--------------------#
Grid Ratio:  1.1100 
#--------------------#
#-------------------------------------------------------------------------------------------------------------------#
# Grid | CPU  | Sub | KSP | nAvg |  Sl  | Sensor | Sensor | Min     | Min     |  deltaS  | March    | cMax  | Ratio |
# Lvl  | Time | Its | Its |      |      | Max    | Min    | Quality | Volume  |          | Distance |       | kMax  |
#-------------------------------------------------------------------------------------------------------------------#
      2    0.3     2     5      0  0.142  1.00872  0.12870  0.00333  0.845E-11  0.121E-03  0.210E-03  0.4998  0.0000 
      3    0.4     2     5      0  0.160  1.01044  0.16896 -0.03220  0.129E-10  0.146E-03  0.464E-03  0.4510  1.2134 
      4    0.5     2     5      0  0.173  1.01110  0.22004  0.12107  0.233E-10  0.177E-03  0.772E-03  0.4190  1.2046 
      5    0.5     1     6      0  0.178  1.01145  0.25254  0.25162  0.406E-10  0.195E-03  0.949E-03  0.4097  1.1969 
      6    0.6     2     6      0  0.188  1.01210  0.29594  0.34900  0.685E-10  0.236E-03  0.136E-02  0.4009  1.2281 
      7    0.7     1     6      0  0.192  1.01272  0.32578  0.40244  0.105E-09  0.259E-03  0.159E-02  0.4002  1.1553 
      8    0.8     2     6      0  0.201  1.01450  0.36530  0.40415  0.160E-09  0.314E-03  0.214E-02  0.4010  1.1725 
      9    0.8     1     6      0  0.205  1.01546  0.39125  0.40685  0.228E-09  0.345E-03  0.245E-02  0.4030  1.1251 
     10    0.9     2     6      0  0.213  1.01750  0.42759  0.40937  0.327E-09  0.418E-03  0.318E-02  0.4093  1.1422 
     11    0.9     1     6      0  0.217  1.01854  0.44974  0.41263  0.446E-09  0.459E-03  0.359E-02  0.4142  1.1110 
     12    1.0     1     6      0  0.221  1.01959  0.46474  0.41523  0.606E-09  0.505E-03  0.405E-02  0.4199  1.1257 
     13    1.0     1     6      0  0.225  1.02062  0.47946  0.41791  0.791E-09  0.556E-03  0.456E-02  0.4265  1.1202 
     14    1.1     2     6      0  0.233  1.02340  0.50648  0.42086  0.102E-08  0.673E-03  0.573E-02  0.4603  1.1138 
     15    1.1     1     6      0  0.237  1.02514  0.52150  0.42368  0.129E-08  0.740E-03  0.640E-02  0.4795  1.1111 
     16    1.2     1     6      0  0.241  1.02697  0.53293  0.42600  0.165E-08  0.814E-03  0.714E-02  0.4995  1.1133 
     17    1.2     1     6      0  0.245  1.02887  0.54336  0.42823  0.210E-08  0.895E-03  0.795E-02  0.5205  1.1124 
     18    1.3     2     6      0  0.253  1.03273  0.56220  0.43043  0.266E-08  0.106E-02  0.983E-02  0.5652  1.1114 
     19    1.3     1     6      0  0.257  1.03463  0.56938  0.43275  0.332E-08  0.117E-02  0.109E-01  0.5777  1.1115 
     20    1.3     1     6      0  0.261  1.03585  0.57813  0.43418  0.420E-08  0.129E-02  0.121E-01  0.6027  1.1127 
     21    1.4     1     6      0  0.265  1.03752  0.58118  0.43575  0.528E-08  0.141E-02  0.134E-01  0.6290  1.1117 
     22    1.4     1     6      0  0.269  1.03893  0.58438  0.43539  0.662E-08  0.155E-02  0.148E-01  0.6564  1.1117 
     23    1.4     1     7      0  0.273  1.03997  0.58772  0.43440  0.828E-08  0.171E-02  0.163E-01  0.6851  1.1116 
     24    1.5     2     7      0  0.281  1.04094  0.59473  0.43383  0.103E-07  0.199E-02  0.199E-01  0.7467  1.1118 
     25    1.5     1     7      0  0.285  1.04161  0.59839  0.43298  0.128E-07  0.219E-02  0.219E-01  0.7590  1.1116 
     26    1.6     1     7      0  0.289  1.04062  0.60948  0.43132  0.161E-07  0.240E-02  0.241E-01  0.8104  1.1157 
     27    1.6     1     7      0  0.293  1.03999  0.61265  0.43064  0.201E-07  0.264E-02  0.265E-01  0.8636  1.1115 
     28    1.7     1     7      0  0.298  1.03866  0.61600  0.42995  0.250E-07  0.291E-02  0.291E-01  0.9211  1.1114 
     29    1.7     1     7      0  0.302  1.03809  0.61952  0.42925  0.311E-07  0.320E-02  0.320E-01  0.9813  1.1111 
     30    1.8     2     8      0  0.311  1.03544  0.62705  0.42890  0.386E-07  0.372E-02  0.388E-01  1.1083  1.1110 
     31    1.8     1     8      0  0.315  1.03416  0.63089  0.42794  0.480E-07  0.409E-02  0.425E-01  1.1283  1.1116 
     32    1.8     1     8      0  0.319  1.03164  0.64141  0.42633  0.603E-07  0.450E-02  0.466E-01  1.1963  1.1162 
     33    1.9     1     8      0  0.324  1.02896  0.64467  0.42576  0.750E-07  0.494E-02  0.511E-01  1.2668  1.1105 
     34    1.9     1     8      0  0.328  1.02730  0.64810  0.42514  0.933E-07  0.544E-02  0.560E-01  1.3398  1.1105 
     35    2.0     1     8      0  0.333  1.02732  0.65167  0.42450  0.116E-06  0.598E-02  0.614E-01  1.4156  1.1106 
     36    2.0     2     9      0  0.342  1.03227  0.65910  0.42417  0.144E-06  0.695E-02  0.740E-01  1.5745  1.1107 
     37    2.1     1     9      0  0.347  1.03504  0.66172  0.42324  0.180E-06  0.764E-02  0.810E-01  1.5914  1.1130 
     38    2.1     1     9      0  0.352  1.03650  0.67069  0.42168  0.226E-06  0.841E-02  0.886E-01  1.6761  1.1174 
     39    2.2     1    10      0  0.357  1.03951  0.67294  0.42122  0.277E-06  0.925E-02  0.970E-01  1.7651  1.1112 
     40    2.2     1    10      0  0.361  1.04270  0.67529  0.42072  0.338E-06  0.102E-01  0.106E+00  1.8576  1.1114 
     41    2.2     1    11      0  0.366  1.04603  0.67771  0.42015  0.412E-06  0.112E-01  0.116E+00  1.9537  1.1118 
     42    2.4     2    12      0  0.377  1.05302  0.68186  0.41995  0.503E-06  0.130E-01  0.140E+00  2.1565  1.1125 
     43    2.4     1    12      0  0.382  1.05921  0.68369  0.41913  0.615E-06  0.143E-01  0.153E+00  2.1728  1.1150 
     44    2.5     1    12      0  0.387  1.06303  0.69167  0.41771  0.759E-06  0.157E-01  0.167E+00  2.2817  1.1190 
     45    2.5     1    13      0  0.392  1.06969  0.69317  0.41742  0.930E-06  0.173E-01  0.183E+00  2.3946  1.1134 
     46    2.6     1    13      0  0.397  1.07666  0.69476  0.41711  0.114E-05  0.190E-01  0.200E+00  2.5117  1.1138 
     47    2.7     1    14      0  0.403  1.08380  0.69646  0.41679  0.140E-05  0.209E-01  0.219E+00  2.6333  1.1140 
     48    2.8     2    15      0  0.414  1.09739  0.69984  0.41688  0.171E-05  0.243E-01  0.263E+00  2.8901  1.1145 
     49    2.9     1    16      0  0.420  1.10327  0.70155  0.41622  0.210E-05  0.267E-01  0.288E+00  2.9039  1.1167 
#-------------------------------------------------------------------------------------------------------------------#
# Grid | CPU  | Sub | KSP | nAvg |  Sl  | Sensor | Sensor | Min     | Min     |  deltaS  | March    | cMax  | Ratio |
# Lvl  | Time | Its | Its |      |      | Max    | Min    | Quality | Volume  |          | Distance |       | kMax  |
#-------------------------------------------------------------------------------------------------------------------#
     50    3.0     1    16      0  0.425  1.10494  0.70920  0.41490  0.260E-05  0.294E-01  0.314E+00  3.0756  1.1211 
     51    3.0     1    17      0  0.431  1.10905  0.71072  0.41486  0.320E-05  0.324E-01  0.344E+00  3.2890  1.1146 
     52    3.1     1    17      0  0.437  1.11152  0.71239  0.41479  0.393E-05  0.356E-01  0.376E+00  3.5086  1.1152 
     53    3.2     1    18      0  0.443  1.11369  0.71424  0.41473  0.484E-05  0.391E-01  0.412E+00  3.7342  1.1154 
     54    3.3     2    20      0  0.455  1.11445  0.71841  0.41493  0.594E-05  0.455E-01  0.494E+00  4.2019  1.1161 
     55    3.4     1    20      0  0.461  1.11270  0.72050  0.41442  0.733E-05  0.500E-01  0.539E+00  4.2645  1.1181 
     56    3.5     1    20      0  0.467  1.11192  0.72787  0.41335  0.913E-05  0.550E-01  0.589E+00  4.5060  1.1221 
     57    3.6     1    21      0  0.474  1.11377  0.72926  0.41340  0.113E-04  0.605E-01  0.644E+00  4.7525  1.1160 
     58    3.7     1    22      0  0.480  1.11486  0.73063  0.41338  0.139E-04  0.665E-01  0.705E+00  5.0000  1.1169 
     59    3.8     2    21      0  0.492  1.11277  0.73976  0.41174  0.175E-04  0.728E-01  0.834E+00  5.0000  1.1271 
     60    3.9     1    21      0  0.498  1.11134  0.74697  0.40981  0.222E-04  0.761E-01  0.903E+00  5.0000  1.1319 
     61    3.9     1    21      0  0.504  1.11272  0.75326  0.40794  0.283E-04  0.797E-01  0.976E+00  5.0000  1.1289 
     62    4.1     2    21      0  0.515  1.11597  0.76407  0.40620  0.362E-04  0.872E-01  0.113E+01  5.0000  1.1289 
     63    4.2     1    21      0  0.521  1.11937  0.76867  0.40471  0.465E-04  0.913E-01  0.121E+01  5.0000  1.1316 
     64    4.2     1    21      0  0.526  1.12323  0.77279  0.40324  0.598E-04  0.956E-01  0.130E+01  5.0000  1.1273 
     65    4.4     2    21      0  0.537  1.13136  0.77999  0.40207  0.773E-04  0.105E+00  0.149E+01  5.0000  1.1309 
     66    4.5     2    20      0  0.547  1.14131  0.78614  0.40096  0.100E-03  0.115E+00  0.169E+01  5.0000  1.1270 
     67    4.6     1    20      0  0.553  1.14597  0.78890  0.40005  0.130E-03  0.120E+00  0.180E+01  5.0000  1.1280 
     68    4.8     2    20      0  0.563  1.15467  0.79399  0.39922  0.169E-03  0.132E+00  0.203E+01  5.0000  1.1268 
     69    4.9     2    20      0  0.573  1.16203  0.79871  0.39841  0.221E-03  0.143E+00  0.229E+01  5.0000  1.1251 
     70    5.0     2    18      0  0.582  1.15865  0.81543  0.39570  0.295E-03  0.135E+00  0.254E+01  5.0000  1.1410 
     71    5.2     2    17      0  0.590  1.14720  0.83914  0.38986  0.409E-03  0.127E+00  0.277E+01  5.0000  1.1764 
     72    5.3     3    15      0  0.600  1.13072  0.86733  0.38469  0.573E-03  0.117E+00  0.310E+01  5.0000  1.1725 
     73    5.5     3    15      0  0.608  1.11556  0.88877  0.38010  0.812E-03  0.109E+00  0.340E+01  5.0000  1.1723 
     74    5.6     4    14      0  0.618  1.09812  0.90976  0.37640  0.116E-02  0.993E-01  0.378E+01  5.0000  1.1658 
     75    5.8     4    14      0  0.626  1.08312  0.92470  0.37374  0.166E-02  0.921E-01  0.412E+01  5.0000  1.1599 
     76    6.1     6    14      0  0.636  1.06538  0.93839  0.37210  0.239E-02  0.842E-01  0.460E+01  5.0000  1.1520 
     77    6.4     7    14      0  0.646  1.04902  0.94887  0.37133  0.294E-02  0.779E-01  0.511E+01  5.0000  1.1443 
     78    6.9     8    15      0  0.656  1.03577  0.95696  0.37128  0.341E-02  0.734E-01  0.566E+01  5.0000  1.1372 
     79    7.5     9    15      0  0.666  1.02845  0.96317  0.37178  0.403E-02  0.706E-01  0.624E+01  5.0000  1.1307 
     80    8.0    11    15      0  0.677  1.02174  0.96809  0.37269  0.484E-02  0.695E-01  0.694E+01  5.0000  1.1254 
     81    8.6    12    16      0  0.687  1.01540  0.97153  0.37388  0.596E-02  0.705E-01  0.770E+01  5.0000  1.1232 
     82    9.3    13    17      0  0.698  1.00937  0.97389  0.37512  0.752E-02  0.736E-01  0.856E+01  5.0000  1.1209 
     83   10.0    14    17      0  0.709  1.00380  0.97550  0.37638  0.971E-02  0.789E-01  0.953E+01  5.0000  1.1189 
     84   10.5    13    18      0  0.720  0.99949  0.97642  0.37780  0.128E-01  0.857E-01  0.105E+02  5.0000  1.1173 
     85   11.6    14    18      0  0.731  0.99590  0.97698  0.37929  0.172E-01  0.953E-01  0.117E+02  5.0000  1.1158 
     86   12.4    14    18      0  0.743  0.99372  0.97555  0.38080  0.234E-01  0.108E+00  0.129E+02  5.0000  1.1146 
     87   13.1    14    19      0  0.755  0.99232  0.97352  0.38228  0.322E-01  0.123E+00  0.144E+02  5.0000  1.1135 
     88   13.7    13    19      0  0.767  0.99117  0.97215  0.38367  0.445E-01  0.141E+00  0.160E+02  5.0000  1.1126 
     89   14.2    13    19      0  0.779  0.99003  0.97098  0.38496  0.619E-01  0.163E+00  0.178E+02  5.0000  1.1118 
     90   14.8    12    19      0  0.791  0.98899  0.97006  0.38613  0.862E-01  0.187E+00  0.197E+02  5.0000  1.1112 
     91   15.5    12    19      0  0.804  0.98796  0.96929  0.38716  0.120E+00  0.216E+00  0.219E+02  5.0000  1.1107 
     92   16.0    11    20      0  0.816  0.98702  0.96844  0.38807  0.168E+00  0.249E+00  0.242E+02  5.0000  1.1102 
     93   16.5    11    20      0  0.829  0.98607  0.96802  0.38887  0.235E+00  0.288E+00  0.269E+02  5.0000  1.1098 
     94   17.1    11    20      0  0.843  0.98511  0.96756  0.38955  0.328E+00  0.334E+00  0.301E+02  5.0000  1.1094 
     95   17.6    10    20      0  0.856  0.98423  0.96719  0.39012  0.458E+00  0.385E+00  0.334E+02  5.0000  1.1091 
     96   18.1     9    20      0  0.869  0.98343  0.96689  0.39060  0.639E+00  0.438E+00  0.367E+02  5.0000  1.1088 
PYHYP_WROTE volumeMesh.xyz
     97   18.6    10    20      0  0.883  0.98252  0.96660  0.39099  0.890E+00  0.508E+00  0.411E+02  5.0000  1.1085 
     98   19.1     9    20      0  0.897  0.98172  0.96637  0.39130  0.124E+01  0.582E+00  0.455E+02  5.0000  1.1084 
     99   19.5     9    20      0  0.912  0.98094  0.96616  0.39150  0.172E+01  0.669E+00  0.507E+02  5.0000  1.1082 
#-------------------------------------------------------------------------------------------------------------------#
# Grid | CPU  | Sub | KSP | nAvg |  Sl  | Sensor | Sensor | Min     | Min     |  deltaS  | March    | cMax  | Ratio |
# Lvl  | Time | Its | Its |      |      | Max    | Min    | Quality | Volume  |          | Distance |       | kMax  |
#-------------------------------------------------------------------------------------------------------------------#
    100   19.9     8    20      0  0.925  0.98028  0.96601  0.39164  0.239E+01  0.759E+00  0.559E+02  5.0000  1.1081 
    101   20.4     9    20      0  0.941  0.97975  0.96588  0.39173  0.332E+01  0.878E+00  0.627E+02  5.0000  1.1081 
    102   20.8     8    20      0  0.956  0.97929  0.96579  0.39178  0.459E+01  0.100E+01  0.695E+02  5.0000  1.1080 
    103   21.1     7    20      0  0.969  0.97901  0.96574  0.39180  0.633E+01  0.113E+01  0.763E+02  5.0000  1.1079 
    104   21.5     8    20      0  0.985  0.97873  0.96570  0.39180  0.874E+01  0.129E+01  0.852E+02  5.0000  1.1079 
    105   21.9     7    20      0  1.000  0.97848  0.96568  0.39176  0.120E+02  0.146E+01  0.940E+02  5.0000  1.1078 
