WARNING 7: VSPAERO Viewer Not Found. 
	Expected here: /home/dafoamuser/dafoam/packages/miniconda3/lib/python3.10/site-packages/openvsp/vspviewer
WARNING 7: VSPAERO Viewer Not Found. 
	Expected here: /home/dafoamuser/dafoam/packages/miniconda3/lib/python3.10/site-packages/openvsp/vspviewer
WARNING 7: VSPAERO Viewer Not Found. 
	Expected here: /home/dafoamuser/dafoam/packages/miniconda3/lib/python3.10/site-packages/openvsp/vspviewer
WARNING 7: VSPAERO Viewer Not Found. 
	Expected here: /home/dafoamuser/dafoam/packages/miniconda3/lib/python3.10/site-packages/openvsp/vspviewer
 
-------------------------------------------------------------------------------
|                               DAFoam v5.0.0                                 |
-------------------------------------------------------------------------------
 
/*---------------------------------------------------------------------------*\
| =========                 |                                                 |
| \\      /  F ield         | OpenFOAM: The Open Source CFD Toolbox           |
|  \\    /   O peration     | Version:  2506                                  |
|   \\  /    A nd           | Website:  www.openfoam.com                      |
|    \\/     M anipulation  |                                                 |
\*---------------------------------------------------------------------------*/
Build  : _615aae61d7-20250627 OPENFOAM=2506 version=v2506
Arch   : "LSB;label=32;scalar=64"
Exec   : decomposePar
Date   : Jul 27 2026
Time   : 05:03:36
Host   : 63c1c30a3f2e
PID    : 407
I/O    : uncollated
Case   : /home/dafoamuser/mount/naca4412_wing_coarse
nProcs : 1
trapFpe: Floating point exception trapping enabled (FOAM_SIGFPE).
fileModificationChecking : Monitoring run-time modified files using timeStampMaster (fileModificationSkew 5, maxFileModificationPolls 20)
allowSystemOperations : Allowing user-supplied system call operations

// * * * * * * * * * * * * * * * * * * * * * * * * * * * * * * * * * * * * * //
Create time

Overriding DebugSwitches according to controlDict
    SolverPerformance 0;



Decomposing mesh



--> FOAM FATAL ERROR: (openfoam-2506)
Case is already decomposed with 4 domains, use the -force option or manually
remove processor directories before decomposing. e.g.,
    rm -rf /home/dafoamuser/mount/naca4412_wing_coarse/processor*


    From decomposePar
    in file decomposePar.C at line 645.

FOAM exiting


Unable to run decomposePar, the domain has been already decomposed?

I/O    : uncollated
Case   : /home/dafoamuser/mount/naca4412_wing_coarse
nProcs : 4
Hosts  :
(
    (63c1c30a3f2e 4)
)
Pstream initialized with:
    node communication : off [type=host] (4 ranks, 1 nodes)
    topology controls  : none
    consensus exchange : 0 (tuning: 0)
    exchange algorithm : 0
    commsType          : nonBlocking
    polling iterations : 0
Initializing mesh and runtime for DASolver
Create time

Overriding DebugSwitches according to controlDict
    SolverPerformance 0;

Create mesh for time = 0
Replacing wallDist.method meshWave -> meshWaveFrozen
DAOption created. DASolver initialized.
[3] UPstream::init : could not attach buffer
[0] [1] UPstream::init : could not attach buffer
[2] UPstream::init : could not attach buffer
UPstream::init : could not attach buffer
I/O    : uncollated
Case   : /home/dafoamuser/mount/naca4412_wing_coarse
nProcs : 4
Hosts  :
(
    (63c1c30a3f2e 4)
)
Pstream initialized with:
    node communication : off [type=host] (4 ranks, 1 nodes)
    topology controls  : none
    consensus exchange : 0 (tuning: 0)
    exchange algorithm : 0
    commsType          : nonBlocking
    polling iterations : 0
Initializing mesh and runtime for DASolver
Create time

Overriding DebugSwitches according to controlDict
    SolverPerformance 0;

Create mesh for time = 0
Replacing wallDist.method meshWave -> meshWaveFrozen
DAOption created. DASolver initialized.
Initializing fields for DASimpleFoam
Create simpleControl.

SIMPLE: no convergence criteria found. Calculations will run for 2000 steps.

Reading field p

Reading field U

Reading/calculating face flux field phi

Creating source term. 
Selecting incompressible transport model Newtonian
Selecting turbulence model type RAS
Selecting RAS turbulence model SpalartAllmaras
Selecting patchDistMethod meshWaveFrozen
ft2 term: inactive
No MRF models present

Turbulence model is incompressible
Adjoint States: 
4
(
U volVectorState
nuTilda modelState
phi surfaceScalarState
p volScalarState
)
Global Cells: 337334
Global Faces: 1081520
Global Xv: 1225455
Undecomposed points: 400828
Global Adjoint States: 2768190

SIMPLE: no convergence criteria found. Calculations will run for 2000 steps.

DACheckMesh Thresholds: 
maxNonOrth: 70
maxSkewness: 4
maxAspectRatio: 1000
maxIncorrectlyOrientedFaces: 0
    Adding all faces of patches: (body) ...
    Found matching patch body with 32970 faces
    Adding all faces of patches: (body) ...
    Found matching patch body with 32970 faces
Initializing fields for DASimpleFoam
Create simpleControl.

SIMPLE: no convergence criteria found. Calculations will run for 2000 steps.

Reading field p

Reading field U

Reading/calculating face flux field phi

Creating source term. 
Selecting incompressible transport model Newtonian
Selecting turbulence model type RAS
Selecting RAS turbulence model SpalartAllmaras
Selecting patchDistMethod meshWaveFrozen
ft2 term: inactive
No MRF models present

Turbulence model is incompressible
Adjoint States: 
4
(
U volVectorState
nuTilda modelState
phi surfaceScalarState
p volScalarState
)
Global Cells: 337334
Global Faces: 1081520
Global Xv: 1225455
Undecomposed points: 400828
Global Adjoint States: 2768190

SIMPLE: no convergence criteria found. Calculations will run for 2000 steps.

DACheckMesh Thresholds: 
maxNonOrth: 70
maxSkewness: 4
maxAspectRatio: 1000
maxIncorrectlyOrientedFaces: 0
    Adding all faces of patches: (body) ...
    Found matching patch body with 32970 faces
    Adding all faces of patches: (body) ...
    Found matching patch body with 32970 faces
Init solver done! ElapsedClockTime 2.000000 s
Init solver done! ElapsedCpuTime 2.370000 s
initState: 
6
(
nuTilda 4.500000000004942e-05
phi 0
U1 0
U2 0
p 0
U0 15.00000000001513
)
Setting up primal boundary conditions based on pyOptions: 
Setting primal boundary conditions...
Setting U = (15 0 0) at farfield
Setting primal boundary conditions...
Setting p = 0 at farfield
Setting primal boundary conditions...
Setting nuTilda = 4.5e-05 at farfield
Setting nut wall BC for body. BCType=nutUSpaldingWallFunction
Reading OpenFOAM mesh information...
I/O    : uncollated
Case   : /home/dafoamuser/mount/naca4412_wing_coarse
nProcs : 4
Hosts  :
(
    (63c1c30a3f2e 4)
)
Pstream initialized with:
    node communication : off [type=host] (4 ranks, 1 nodes)
    topology controls  : none
    consensus exchange : 0 (tuning: 0)
    exchange algorithm : 0
    commsType          : nonBlocking
    polling iterations : 0
Reading the OpenFOAM mesh..
Overriding DebugSwitches according to controlDict
    SolverPerformance 0;

Finalising parallel run
I/O    : uncollated
DAFoam option dictionary: 
{
    solverName      DASimpleFoam;
    primalMinResTol 1e-08;
    primalFuncStdTol
    {
        stdTol          -1;
        slopeTol        -1;
        funcNames       1 ( CD );
        nStepsFrac      0.2;
    }
    primalBC
    {
        U0
        {
            variable        U;
            patches         1 ( farfield );
            value           3 ( 15 0 0 );
        }
        p0
        {
            variable        p;
            patches         1 ( farfield );
            value           1 ( 0 );
        }
        nuTilda0
        {
            variable        nuTilda;
            patches         1 ( farfield );
            value           1 ( 4.5e-05 );
        }
        useWallFunction 1;
    }
    primalInitCondition
    {
    }
    normalizeStates
    {
        U               15;
        p               112.5;
        nuTilda         0.00045;
        phi             1;
    }
    function
    {
        CD
        {
            type            force;
            source          patchToFace;
            patches         1 ( body );
            directionMode   parallelToFlow;
            patchVelocityInputName patchV;
            scale           0.002962074340660765;
        }
        CL
        {
            type            force;
            source          patchToFace;
            patches         1 ( body );
            directionMode   normalToFlow;
            patchVelocityInputName patchV;
            scale           0.002962074340660765;
        }
    }
    inputInfo
    {
        aero_vol_coords
        {
            type            volCoord;
            components      2 ( solver function );
        }
        patchV
        {
            type            patchVelocity;
            patches         1 ( farfield );
            flowAxis        x;
            normalAxis      z;
            components      2 ( solver function );
        }
    }
    outputInfo
    {
    }
    designSurfaces  1 ( body );
    fvSource
    {
    }
    prepareCaseOnly 0;
    adjEqnSolMethod Krylov;
    dynamicMesh
    {
        active          0;
        mode            rotation;
        center          3 ( 0.25 0 0 );
        axis            z;
        omega           0.1;
        s               2;
        t0              0.35;
    }
    primalVarBounds
    {
        UMax            1000;
        UMin            -1000;
        pMax            50000;
        pMin            -50000;
        p_rghMax        50000;
        p_rghMin        -50000;
        eMax            55000;
        eMin            -220000;
        TMax            1000;
        TMin            100;
        hMax            200000;
        hMin            -200000;
        DMax            1e+16;
        DMin            -1e+16;
        rhoMax          5;
        rhoMin          0.2;
        nuTildaMax      1e+16;
        nuTildaMin      1e-16;
        kMax            1e+16;
        kMin            1e-16;
        omegaMax        1e+16;
        omegaMin        1e-16;
        epsilonMax      1e+16;
        epsilonMin      1e-16;
        ReThetatMax     1e+16;
        ReThetatMin     1e-16;
        gammaIntMax     1e+16;
        gammaIntMin     1e-16;
    }
    discipline      aero;
    adjPartDerivFDStep
    {
        State           1e-06;
    }
    transonicPCOption -1;
    unsteadyAdjoint
    {
        mode            None;
        PCMatPrecomputeInterval 100;
        PCMatUpdateInterval 1;
        reduceIO        1;
        additionalOutput 1 ( None );
        additionalOldTime 1 ( None );
        readZeroFields  1;
    }
    adjPCLag        10000;
    useAD
    {
        mode            reverse;
        dvName          None;
        seedIndex       -9999;
    }
    useConstrainHbyA 1;
    forceMeshWaveFrozen 1;
    useDdtCorr      0;
    regressionModel
    {
        active          0;
    }
    useMeanStates   0;
    solveLinearFunctionName None;
    printDAOptions  1;
    debug           0;
    writeJacobians  1 ( None );
    printInterval   100;
    printIntervalUnsteady 1;
    primalMinResTolDiff 100;
    adjUseColoring  1;
    adjEqnOption
    {
        globalPCIters   0;
        asmOverlap      1;
        localPCIters    1;
        jacMatReOrdering rcm;
        pcFillLevel     1;
        gmresMaxIters   1000;
        gmresRestart    1000;
        gmresRelTol     1e-06;
        gmresAbsTol     1e-14;
        gmresTolDiff    100;
        useNonZeroInitGuess 0;
        useMGSO         0;
        printInfo       1;
        fpMaxIters      1000;
        fpRelTol        1e-06;
        fpMinResTolDiff 100;
        fpPCUpwind      0;
        dynAdjustTol    0;
        KSPCalcEigen    0;
        KSPCalcSingularVal 0;
        readPCMat       0;
    }
    normalizeResiduals 11 ( URes pRes p_rghRes nuTildaRes phiRes TRes DRes kRes omegaRes epsilonRes alpha.waterRes );
    maxResConLv4JacPCMat
    {
        pRes            2;
        phiRes          1;
        URes            2;
        TRes            2;
        nuTildaRes      2;
        kRes            2;
        epsilonRes      2;
        omegaRes        2;
        p_rghRes        2;
        DRes            2;
        gammaIntRes     2;
        ReThetatRes     2;
        alpha.waterRes  2;
    }
    jacLowerBounds
    {
        dRdW            1e-30;
        dRdWPC          1e-30;
    }
    maxTractionBCIters 100;
    decomposeParDict
    {
        method          scotch;
        simpleCoeffs
        {
            n               3 ( 2 2 1 );
            delta           0.001;
        }
        kahipCoeffs
        {
            config          fast;
            imbalance       0.01;
        }
        preservePatches 1 ( None );
        singleProcessorFaceSets 1 ( None );
        args            1 ( None );
    }
    adjStateOrdering state;
    checkMeshThreshold
    {
        maxAspectRatio  1000;
        maxNonOrth      70;
        maxSkewness     4;
        maxIncorrectlyOrientedFaces 0;
    }
    writeDeformedFFDs 0;
    writeDeformedConstraints 0;
    writeAdjointFields 0;
    maxCorrectBCCalls 2;
    writeMinorIterations 0;
    primalMinIters  1;
    tensorflow
    {
        active          0;
    }
    wallDistanceMethod default;
    unsteadyCompOutput
    {
    }
}

pyDAFoam initialization done!
+----------------------------------------+
|          All IDWarp Options:           |
+----------------------------------------+
{'LdefFact': 1.0,
 'aExp': 3.0,
 'alpha': 0.25,
 'bExp': 5.0,
 'bucketSize': 8,
 'cornerAngle': 30.0,
 'errTol': 0.0005,
 'evalMode': 'fast',
 'fileType': 'OpenFOAM',
 'gridFile': '/home/dafoamuser/mount/naca4412_wing_coarse',
 'restartFile': None,
 'specifiedSurfaces': None,
 'symmTol': 1e-06,
 'symmetryPlanes': [],
 'symmetrySurfaces': None,
 'useRotations': True,
 'zeroCornerRotations': True}
I/O    : uncollated
Case   : /home/dafoamuser/mount/naca4412_wing_coarse
nProcs : 4
Hosts  :
(
    (63c1c30a3f2e 4)
)
Pstream initialized with:
    node communication : off [type=host] (4 ranks, 1 nodes)
    topology controls  : none
    consensus exchange : 0 (tuning: 0)
    exchange algorithm : 0
    commsType          : nonBlocking
    polling iterations : 0
Reading the OpenFOAM mesh..
Overriding DebugSwitches according to controlDict
    SolverPerformance 0;

#------------------------------#
 Total Volume Nodes :    408485 
#------------------------------#
Finalising parallel run
I/O    : uncollated
+-------------------- Symmetry Planes -------------------+
|           Point                        Normal          |
+--------------------------------------------------------+
#--------------------------------#
 Unique Surface Nodes :     33485 
#--------------------------------#
 Computing Denominator Estimate...
 Load Balancing...
 Finished Mesh Initialization.
OrderedDict([('body', [0]), ('farfield', [1]), ('procBoundary0to1', [2]), ('procBoundary0to2', [3]), ('procBoundary0to3', [4]), ('allSurfaces', [0, 1, 2, 3, 4]), ('allWalls', [0]), ('designSurfaces', [0])])
dRdWT Jacobian Free created!
/home/dafoamuser/dafoam/packages/miniconda3/lib/python3.10/site-packages/openmdao/core/component.py:140: OMDeprecationWarning:'scenario1.coupling.solver' <class DAFoamSolver>: It appears this component mixes distributed/non-distributed inputs and outputs, so it may break starting with OpenMDAO 3.25, where the convention used when passing data between distributed and non-distributed inputs and outputs within a matrix free component will change. See https://github.com/OpenMDAO/POEMs/blob/master/POEM_075.md for details.
/home/dafoamuser/dafoam/packages/miniconda3/lib/python3.10/site-packages/openmdao/core/component.py:140: OMDeprecationWarning:'scenario1.coupling.solver' <class DAFoamSolver>: It appears this component mixes distributed/non-distributed inputs and outputs, so it may break starting with OpenMDAO 3.25, where the convention used when passing data between distributed and non-distributed inputs and outputs within a matrix free component will change. See https://github.com/OpenMDAO/POEMs/blob/master/POEM_075.md for details.
/home/dafoamuser/dafoam/packages/miniconda3/lib/python3.10/site-packages/openmdao/core/component.py:140: OMDeprecationWarning:'scenario1.coupling.solver' <class DAFoamSolver>: It appears this component mixes distributed/non-distributed inputs and outputs, so it may break starting with OpenMDAO 3.25, where the convention used when passing data between distributed and non-distributed inputs and outputs within a matrix free component will change. See https://github.com/OpenMDAO/POEMs/blob/master/POEM_075.md for details.
/home/dafoamuser/dafoam/packages/miniconda3/lib/python3.10/site-packages/openmdao/core/component.py:140: OMDeprecationWarning:'scenario1.coupling.solver' <class DAFoamSolver>: It appears this component mixes distributed/non-distributed inputs and outputs, so it may break starting with OpenMDAO 3.25, where the convention used when passing data between distributed and non-distributed inputs and outputs within a matrix free component will change. See https://github.com/OpenMDAO/POEMs/blob/master/POEM_075.md for details.
/home/dafoamuser/dafoam/packages/miniconda3/lib/python3.10/site-packages/openmdao/core/component.py:140: OMDeprecationWarning:'scenario1.aero_post.functionals' <class DAFoamFunctions>: It appears this component mixes distributed/non-distributed inputs and outputs, so it may break starting with OpenMDAO 3.25, where the convention used when passing data between distributed and non-distributed inputs and outputs within a matrix free component will change. See https://github.com/OpenMDAO/POEMs/blob/master/POEM_075.md for details.
/home/dafoamuser/dafoam/packages/miniconda3/lib/python3.10/site-packages/openmdao/core/component.py:140: OMDeprecationWarning:'scenario1.aero_post.functionals' <class DAFoamFunctions>: It appears this component mixes distributed/non-distributed inputs and outputs, so it may break starting with OpenMDAO 3.25, where the convention used when passing data between distributed and non-distributed inputs and outputs within a matrix free component will change. See https://github.com/OpenMDAO/POEMs/blob/master/POEM_075.md for details.
/home/dafoamuser/dafoam/packages/miniconda3/lib/python3.10/site-packages/openmdao/core/component.py:140: OMDeprecationWarning:'scenario1.aero_post.functionals' <class DAFoamFunctions>: It appears this component mixes distributed/non-distributed inputs and outputs, so it may break starting with OpenMDAO 3.25, where the convention used when passing data between distributed and non-distributed inputs and outputs within a matrix free component will change. See https://github.com/OpenMDAO/POEMs/blob/master/POEM_075.md for details.
/home/dafoamuser/dafoam/packages/miniconda3/lib/python3.10/site-packages/openmdao/core/component.py:140: OMDeprecationWarning:'scenario1.aero_post.functionals' <class DAFoamFunctions>: It appears this component mixes distributed/non-distributed inputs and outputs, so it may break starting with OpenMDAO 3.25, where the convention used when passing data between distributed and non-distributed inputs and outputs within a matrix free component will change. See https://github.com/OpenMDAO/POEMs/blob/master/POEM_075.md for details.
Traceback (most recent call last):
  File "/home/dafoamuser/mount/naca4412_wing_coarse/runScript.py", line 193, in <module>
    prob.setup(mode="rev")
  File "/home/dafoamuser/dafoam/packages/miniconda3/lib/python3.10/site-packages/openmdao/core/problem.py", line 947, in setup
    model._setup(model_comm, mode, self._metadata)
  File "/home/dafoamuser/dafoam/packages/miniconda3/lib/python3.10/site-packages/openmdao/core/system.py", line 1461, in _setup
    self._configure()
  File "/home/dafoamuser/dafoam/packages/miniconda3/lib/python3.10/site-packages/openmdao/core/group.py", line 482, in _configure
    self.configure()
  File "/home/dafoamuser/mount/naca4412_wing_coarse/runScript.py", line 174, in configure
    self.geometry.nom_addLERadiusConstraints("rcon", leList, 2, [0.0, 0.0, 1.0], [-1.0, 0.0, 0.0])
  File "/home/dafoamuser/dafoam/packages/miniconda3/lib/python3.10/site-packages/pygeo/mphys/mphys_dvgeo.py", line 501, in nom_addLERadiusConstraints
    self.DVCon.addLERadiusConstraints(leList=leList, nSpan=nSpan, axis=axis, chordDir=chordDir, name=name)
  File "/home/dafoamuser/dafoam/packages/miniconda3/lib/python3.10/site-packages/pygeo/constraints/DVCon.py", line 937, in addLERadiusConstraints
    raise Error(
baseclasses.utils.error.Error: 
+------------------------------------------------------------------------------+
| Error: Leading edge radius points are too far from the leading edge point to |
| form a circle between the three points.                                      |
+------------------------------------------------------------------------------+

Traceback (most recent call last):
  File "/home/dafoamuser/mount/naca4412_wing_coarse/runScript.py", line 193, in <module>
    prob.setup(mode="rev")
  File "/home/dafoamuser/dafoam/packages/miniconda3/lib/python3.10/site-packages/openmdao/core/problem.py", line 947, in setup
    model._setup(model_comm, mode, self._metadata)
  File "/home/dafoamuser/dafoam/packages/miniconda3/lib/python3.10/site-packages/openmdao/core/system.py", line 1461, in _setup
    self._configure()
  File "/home/dafoamuser/dafoam/packages/miniconda3/lib/python3.10/site-packages/openmdao/core/group.py", line 482, in _configure
    self.configure()
  File "/home/dafoamuser/mount/naca4412_wing_coarse/runScript.py", line 174, in configure
Traceback (most recent call last):
  File "/home/dafoamuser/mount/naca4412_wing_coarse/runScript.py", line 193, in <module>
    self.geometry.nom_addLERadiusConstraints("rcon", leList, 2, [0.0, 0.0, 1.0], [-1.0, 0.0, 0.0])
  File "/home/dafoamuser/dafoam/packages/miniconda3/lib/python3.10/site-packages/pygeo/mphys/mphys_dvgeo.py", line 501, in nom_addLERadiusConstraints
    prob.setup(mode="rev")
  File "/home/dafoamuser/dafoam/packages/miniconda3/lib/python3.10/site-packages/openmdao/core/problem.py", line 947, in setup
    model._setup(model_comm, mode, self._metadata)
  File "/home/dafoamuser/dafoam/packages/miniconda3/lib/python3.10/site-packages/openmdao/core/system.py", line 1461, in _setup
    self.DVCon.addLERadiusConstraints(leList=leList, nSpan=nSpan, axis=axis, chordDir=chordDir, name=name)
  File "/home/dafoamuser/dafoam/packages/miniconda3/lib/python3.10/site-packages/pygeo/constraints/DVCon.py", line 937, in addLERadiusConstraints
    raise Error(
baseclasses.utils.error.Error: 
+------------------------------------------------------------------------------+
| Error: Leading edge radius points are too far from the leading edge point to |
| form a circle between the three points.                                      |
+------------------------------------------------------------------------------+

    self._configure()
  File "/home/dafoamuser/dafoam/packages/miniconda3/lib/python3.10/site-packages/openmdao/core/group.py", line 482, in _configure
    self.configure()
  File "/home/dafoamuser/mount/naca4412_wing_coarse/runScript.py", line 174, in configure
    self.geometry.nom_addLERadiusConstraints("rcon", leList, 2, [0.0, 0.0, 1.0], [-1.0, 0.0, 0.0])
  File "/home/dafoamuser/dafoam/packages/miniconda3/lib/python3.10/site-packages/pygeo/mphys/mphys_dvgeo.py", line 501, in nom_addLERadiusConstraints
    self.DVCon.addLERadiusConstraints(leList=leList, nSpan=nSpan, axis=axis, chordDir=chordDir, name=name)
  File "/home/dafoamuser/dafoam/packages/miniconda3/lib/python3.10/site-packages/pygeo/constraints/DVCon.py", line 937, in addLERadiusConstraints
    raise Error(
baseclasses.utils.error.Error: 
+------------------------------------------------------------------------------+
| Error: Leading edge radius points are too far from the leading edge point to |
| form a circle between the three points.                                      |
+------------------------------------------------------------------------------+

Traceback (most recent call last):
  File "/home/dafoamuser/mount/naca4412_wing_coarse/runScript.py", line 193, in <module>
    prob.setup(mode="rev")
  File "/home/dafoamuser/dafoam/packages/miniconda3/lib/python3.10/site-packages/openmdao/core/problem.py", line 947, in setup
    model._setup(model_comm, mode, self._metadata)
  File "/home/dafoamuser/dafoam/packages/miniconda3/lib/python3.10/site-packages/openmdao/core/system.py", line 1461, in _setup
    self._configure()
  File "/home/dafoamuser/dafoam/packages/miniconda3/lib/python3.10/site-packages/openmdao/core/group.py", line 482, in _configure
    self.configure()
  File "/home/dafoamuser/mount/naca4412_wing_coarse/runScript.py", line 174, in configure
    self.geometry.nom_addLERadiusConstraints("rcon", leList, 2, [0.0, 0.0, 1.0], [-1.0, 0.0, 0.0])
  File "/home/dafoamuser/dafoam/packages/miniconda3/lib/python3.10/site-packages/pygeo/mphys/mphys_dvgeo.py", line 501, in nom_addLERadiusConstraints
    self.DVCon.addLERadiusConstraints(leList=leList, nSpan=nSpan, axis=axis, chordDir=chordDir, name=name)
  File "/home/dafoamuser/dafoam/packages/miniconda3/lib/python3.10/site-packages/pygeo/constraints/DVCon.py", line 937, in addLERadiusConstraints
    raise Error(
baseclasses.utils.error.Error: 
+------------------------------------------------------------------------------+
| Error: Leading edge radius points are too far from the leading edge point to |
| form a circle between the three points.                                      |
+------------------------------------------------------------------------------+

Finalising parallel run
Finalising parallel run
--------------------------------------------------------------------------
Primary job  terminated normally, but 1 process returned
a non-zero exit code. Per user-direction, the job has been aborted.
--------------------------------------------------------------------------
--------------------------------------------------------------------------
mpirun detected that one or more processes exited with non-zero status, thus causing
the job to be terminated. The first process to do so was:

  Process name: [[40164,1],0]
  Exit code:    1
--------------------------------------------------------------------------
