===================================================================
CLAUSE 1 -- EVERY INSTRUMENT NAMED IN THE FROZEN TABLE EXISTS AT ITS STATED md5
  (L-579: a table that is TRUE AS WRITTEN about files that do not exist is how the
   defect survived; and the parent's own d6r2c_grade.py did not exist at its freeze.)
===================================================================
  EXISTS  d6r3_opt_runScript.py              d39ca376d44efe652548f7de39468996
  EXISTS  d6r3_p0_arm.sh                     4bab810a2e363f0c1e9f6dd4c423b967
  EXISTS  d6r3_run_arm.sh                    bd14e3c0f884610eeaaf7ba2b4705106
  EXISTS  d6r3_grade.py                      51bdf8ea7354de8d3346ed8956332453
  EXISTS  d6r3_prefreeze.sh                  2f6ea88387542545ced975116a688f18
  EXISTS  d6r3_inrun_guards.py               22757db8d9ec646172e416578c426ee6
  EXISTS  D6R3_INRUN_SELFTEST.json           9072291a0727d187f2aeab0980618423
  EXISTS  D6R3_GRADE_SELFTEST.json           4c5d2c75403d85b99514f808295aaf10
  EXISTS  D6R3_PREFREEZE_CLI.log             130b5773a796f43af12d684c1ea431b0
  EXISTS  D6R3_PRODUCER_DIFF.log             fb21850304f929e35aa3d5df42eabe5c
  EXISTS  dafoam_crm_tutorial_page.html      cf837d40aabf954e9d11f9a6ae6c8f00
  EXISTS  dafoam_crm_tutorial_page.txt       a536f12b9b71703c62932e0248fa672b

===================================================================
CLAUSE 2 -- THE PRE-FREEZE CHECK DRIVES THE CLI THE LAUNCHER EMITS, NOT THE FUNCTION
  (L-595/L-570: the FM9 grader's launcher emitted --log, the parser rejected it, and the
   frozen CLI path could only ever return NOT A RESULT while its selftest stayed green.)
===================================================================
-- SYNTHETIC: the selftests, on constructed inputs --
     D6R3_INRUN SELFTEST PASS
     wrote /dev/null
     D6R3_GRADE SELFTEST PASS
     wrote /dev/null
     in-run guards rc=0   grader rc=0

-- REAL ANCHORS: the same CLI driven against values MEASURED on this box, reported
   SEPARATELY from the synthetic case above --
     80.90429398          FOUND  O_mp worst as-run mesh (measured from O_mp_20260913T013230Z_226722.log)
     79.21261137          FOUND  FM10 worst as-run mesh (measured from FM10_20260913T163543Z_1546115.log)
     71.23798136          FOUND  present in BOTH logs' check blocks
     70.01418200          FOUND  smallest of O_mp's 76 over-70 values
     70.44640458682032    FOUND  the PUBLISHED mesh as freshly BUILT by this lane (checkMesh)
     66.32299475          FOUND  the MACH-wing as-extruded baseline, the only quotable 'Mesh OK.'
     0.753                FOUND  D6R2's own deformed-mesh ratio
     1.206                FOUND  D6R2's own fresh-mesh ratio
     0.1493               FOUND  FM10's measured lift excess
     103 of 109           FOUND  D6R2C's measured zero-component count at x0
     real anchors exercised: 10 found, 0 absent, 10 total
     0.02090                FOUND  the published baseline CD, dafoam_crm_tutorial_page.txt:131
     0.01932                FOUND  the published optimised CD, same line
     0.02090143421526141    FOUND  A6's independently MEASURED baseline for this case
     5.539e-4               FOUND  D6R2C's own measured final cl04 miss
     2.787e-3               FOUND  D6R2C's own measured final cl06 miss
     grader real anchors: 0 absent

-- the LAUNCHER-EMITTED argv, driven to rc, including its failing side --
     --selftest --json <path>  rc=0  (expect 0)
     <no args>                 rc=64  (expect 64, refuse not succeed)
     --log x (the FM9 class)   rc=2  (expect 2)
     grader --selftest         rc=0  (expect 0)
     grader --log x            rc=2  (expect 2)

===================================================================
CLAUSE 3 -- EVERY CHANNEL A GATE READS IS SHOWN TO HAVE A WRITER THAT RAN
  (primal_residual.json had FOUR readers, ZERO writers and ZERO such files anywhere on
   disk, and the default conv[p]=True stood for every condition.  STILL ON SANAA'S DESK.)
===================================================================
  CHANNEL                    WRITER                             STATUS
  opt_SLSQP.txt              pyOptSparse SLSQP, runScript.py:255 WRITER NAMED; existence asserted by the grader, which REFUSES when it is unreadable
  d6r3_run_record.json       d6r3_opt_runScript.py, rank-0 block WRITER IN THIS COMMIT
  force.dat                  OpenFOAM forces FO, staged by d6r3_run_arm.sh WRITER IN THIS COMMIT; guard 10 REFUSES when the viscous column is absent
  checkMesh log              d6r3_run_arm.sh / the solver's own check WRITER IN THIS COMMIT; guard 7 REFUSES a delegated verdict and requires measured quantities
  ledger.txt                 d6r3_run_arm.sh say()              WRITER IN THIS COMMIT
  the arm log                docker run redirect, d6r3_run_arm.sh WRITER IN THIS COMMIT

  NOT CLOSED HERE: no channel of this item is a primal_residual.json-class default-true
  channel, but the general referral stays open and is Sanaa's.

===================================================================
D6R3_PREFREEZE ALL THREE CLAUSES GREEN
===================================================================
