PUBLISHED /home/ubuntu/dafoam-tutorials/CRM_Wing/runScript.py  md5 0de915d21166a91a9a54b37ab11214cf  287 lines
PRODUCER  d6r3_opt_runScript.py  md5 d39ca376d44efe652548f7de39468996  398 lines

lines 1-32   imports/argparse/Input Parameters   : BYTE-IDENTICAL, carried over
lines 33-102 daOptions + meshOptions             : BYTE-IDENTICAL, carried over
lines 212-end OpenMDAO/driver/tasks              : BYTE-IDENTICAL except the TWO registered D1 edits

THE ONLY PUBLISHED LINES REPLACED (the Top class, lines 103-211, and two tail lines):
  published lines REMOVED : 73
  producer  lines ADDED   : 184

EVERY published line removed, verbatim, so a reader can see exactly what was replaced:
   -        # create the builder to initialize the DASolvers
   -        dafoam_builder = DAFoamBuilder(daOptions, meshOptions, scenario="aerodynamic")
   -        dafoam_builder.initialize(self.comm)
   -
   -        # add the mesh component
   -        self.add_subsystem("mesh", dafoam_builder.get_mesh_coordinate_subsystem())
   -
   -        # add the geometry component (FFD)
   -        self.add_subsystem("geometry", OM_DVGEOCOMP(file="FFD/wingFFD.xyz", type="ffd"))
   -
   -        # add a scenario (flow condition) for optimization, we pass the builder
   -        # to the scenario to actually run the flow and adjoint
   -        self.mphys_add_scenario("scenario1", ScenarioAerodynamic(aero_builder=dafoam_builder))
   -
   -        # need to manually connect the x_aero0 between the mesh and geometry components
   -        # here x_aero0 means the surface coordinates of structurally undeformed mesh
   -        self.connect("mesh.x_aero0", "geometry.x_aero_in")
   -        # need to manually connect the x_aero0 between the geometry component and the scenario1
   -        # scenario group
   -        self.connect("geometry.x_aero0", "scenario1.x_aero")
   -        # get the surface coordinates from the mesh component
   -        points = self.mesh.mphys_get_surface_mesh()
   -
   -        # add pointset to the geometry component
   -        self.geometry.nom_add_discipline_coords("aero", points)
   -
   -        # set the triangular points to the geometry component for geometric constraints
   -        tri_points = self.mesh.mphys_get_triangulated_surface()
   -        self.geometry.nom_setConstraintSurface(tri_points)
   -
   -        # Create reference axis for the twist variable
   -        nRefAxPts = self.geometry.nom_addRefAxis(name="wingAxis", xFraction=0.25, alignIndex="j")
   -
   -        # Set up global design variables. We dont change the root twist
   -        def twist(val, geo):
   -            for i in range(1, nRefAxPts):
   -                geo.rot_y["wingAxis"].coef[i] = -val[i - 1]
   -
   -        # add twist variable
   -        self.geometry.nom_addGlobalDV(dvName="twist", value=np.array([0] * (nRefAxPts - 1)), func=twist)
   -
   -        # select the FFD points to move
   -        pts = self.geometry.DVGeo.getLocalIndex(0)
   -        indexList = pts[:, :, :].flatten()
   -        PS = geo_utils.PointSelect("list", indexList)
   -        nShapes = self.geometry.nom_addLocalDV(dvName="shape", pointSelect=PS)
   -
   -        # setup the volume and thickness constraints
   -        # NOTE: the LE and TE lists are not parallel lines anymore, these two lists define lines that
   -        # are close to the leading and trailing edges while being completely within the wing surface
   -        leList = [[0.1, 0, 0.01], [7.5, 0, 13.9]]
   -        teList = [[4.9, 0, 0.01], [8.9, 0, 13.9]]
   -
   -        self.geometry.nom_addThicknessConstraints2D("thickcon", leList, teList, nSpan=25, nChord=30)
   -        self.geometry.nom_addVolumeConstraint("volcon", leList, teList, nSpan=25, nChord=30)
   -        self.geometry.nom_add_LETEConstraint("lecon", volID=0, faceID="iLow")
   -        self.geometry.nom_add_LETEConstraint("tecon", volID=0, faceID="iHigh")
   -        self.dvs.add_output("patchV", val=np.array([U0, aoa0]))
   -        # manually connect the dvs output to the geometry and scenario1
   -        self.connect("twist", "geometry.twist")
   -        self.connect("shape", "geometry.shape")
   -        self.connect("patchV", "scenario1.patchV")
   -
   -        # define the design variables
   -        self.add_design_var("patchV", lower=[U0, 0.0], upper=[U0, 10.0], scaler=0.1)
   -        self.add_objective("scenario1.aero_post.CD", scaler=1.0)
   -        self.add_constraint("scenario1.aero_post.CL", equals=CL_target, scaler=1.0)
   -        self.add_constraint("geometry.thickcon", lower=0.5, upper=3.0, scaler=1.0)
   -        self.add_constraint("geometry.volcon", lower=1.0, scaler=1.0)
   -        self.add_constraint("geometry.tecon", equals=0.0, scaler=1.0, linear=True)
   -        self.add_constraint("geometry.lecon", equals=0.0, scaler=1.0, linear=True)
   -optFuncs = OptFuncs(daOptions, prob)
   -    optFuncs.findFeasibleDesign(["scenario1.aero_post.CL"], ["patchV"], targets=[CL_target], designVarsComp=[1])
