CD: 0.03 final: 0.03
CL: 1.0 final: 1.0
CD: 0.03000001 final: 0.03000001
CL: 1.000001 final: 1.000001
CD: 0.03000002 final: 0.03000002
CL: 1.000002 final: 1.000002
CD: 0.03000003 final: 0.03000003
CL: 1.000003 final: 1.000003
CD: 0.03000004 final: 0.03000004
CL: 1.000004 final: 1.000004
CD: 0.03000005 final: 0.03000005
CL: 1.000005 final: 1.000005
CD: 0.03000006 final: 0.03000006
CL: 1.000006 final: 1.000006
CD: 0.03000007 final: 0.03000007
CL: 1.000007 final: 1.000007
CD: 0.03000008 final: 0.03000008
CL: 1.000008 final: 1.000008
CD: 0.03000009 final: 0.03000009
CL: 1.000009 final: 1.000009
CD: 0.0300001 final: 0.0300001
CL: 1.00001 final: 1.00001
CD: 0.03000011 final: 0.03000011
CL: 1.000011 final: 1.000011
