105856734609961
T initRes: 1.580203378311508e-05 finalRes: 7.374028257782892e-07 nIters: 3
nuTilda initRes: 0.0002614564911879648 finalRes: 5.932266261389097e-06 nIters: 2
TP1: 88.11785258584376 final: 88.11785258584376
TP2: 35.77314161918243 final: 35.77314161918243
HFX: 301.8125026486829 final: 301.8125026486829
yPlus min: 1.846391742630374 max: 55.32517358794916 mean: 23.6698982579684
ExecutionTime = 6.13 s  ClockTime = 6 s

Time = 400

U0 initRes: 1.790339144771088e-06 finalRes: 9.378665421124746e-08 nIters: 3
U1 initRes: 5.034159011401622e-06 finalRes: 3.861087977314586e-07 nIters: 3
U2 initRes: 1.202667711592399e-05 finalRes: 1.107815019703452e-06 nIters: 2
p initRes: 0.0002256657462419714 finalRes: 1.301035179393291e-05 nIters: 1
Time step continuity errors : sum local = 0.0002213363341468378
                                 global = -5.857110399195016e-08
                             cumulative = -0.105856793181065
T initRes: 1.580202678064735e-05 finalRes: 7.37383085985552e-07 nIters: 3
nuTilda initRes: 0.000261456464938757 finalRes: 5.93226741824996e-06 nIters: 2
TP1: 88.11785619549772 final: 88.11785619549772
TP2: 35.77314318934419 final: 35.77314318934419
HFX: 301.8125059222111 final: 301.8125059222111
yPlus min: 1.846392452771159 max: 55.32517434734196 mean: 23.66989862827468
ExecutionTime = 6.36 s  ClockTime = 6 s

Time = 500

U0 initRes: 1.790308437736427e-06 finalRes: 9.378605079577014e-08 nIters: 3
U1 initRes: 5.034184449331051e-06 finalRes: 3.861098271739437e-07 nIters: 3
U2 initRes: 1.202669834039655e-05 finalRes: 1.107812070128493e-06 nIters: 2
p initRes: 0.0002256656764801188 finalRes: 1.301030122785679e-05 nIters: 1
Time step continuity errors : sum local = 0.0002213354741457704
                                 global = -5.057661177100025e-08
                             cumulative = -0.1058568437576767
T initRes: 1.580202669541964e-05 finalRes: 7.373821581935016e-07 nIters: 3
nuTilda initRes: 0.0002614564821539615 finalRes: 5.932266482737463e-06 nIters: 2
TP1: 88.11785609284938 final: 88.11785609284938
TP2: 35.77314331023247 final: 35.77314331023247
HFX: 301.812506206621 final: 301.812506206621
yPlus min: 1.846392350732804 max: 55.32517442605972 mean: 23.66989866333053
ExecutionTime = 6.59 s  ClockTime = 7 s

Time = 600

U0 initRes: 1.79031148244255e-06 finalRes: 9.378614313499116e-08 nIters: 3
U1 initRes: 5.034182891391484e-06 finalRes: 3.861098160996863e-07 nIters: 3
U2 initRes: 1.202669764545757e-05 finalRes: 1.107812033644539e-06 nIters: 2
p initRes: 0.000225665685608707 finalRes: 1.301027561219642e-05 nIters: 1
Time step continuity errors : sum local = 0.0002213350382194311
                                 global = -5.379222576392167e-08
                             cumulative = -0.1058568975499025
T initRes: 1.580202665571366e-05 finalRes: 7.373821880903066e-07 nIters: 3
nuTilda initRes: 0.0002614564823201522 finalRes: 5.932266626048532e-06 nIters: 2
TP1: 88.11785603880233 final: 88.11785603880233
TP2: 35.77314326465276 final: 35.77314326465276
HFX: 301.8125061017159 final: 301.8125061017159
yPlus min: 1.846392358156951 max: 55.325174398295 mean: 23.66989865192306
ExecutionTime = 6.82 s  ClockTime = 7 s

Time = 700

U0 initRes: 1.790311446738935e-06 finalRes: 9.378614377405499e-08 nIters: 3
U1 initRes: 5.034182823749767e-06 finalRes: 3.861098143638554e-07 nIters: 3
U2 initRes: 1.2026697706789e-05 finalRes: 1.107812049572719e-06 nIters: 2
p initRes: 0.0002256656828026311 finalRes: 1.301027828571938e-05 nIters: 1
Time step continuity errors : sum local = 0.0002213350837997431
                                 global = -5.349437131799277e-08
                             cumulative = -0.1058569510442738
T initRes: 1.580202663038326e-05 finalRes: 7.373822036887333e-07 nIters: 3
nuTilda initRes: 0.0002614564823776375 finalRes: 5.932266642424017e-06 nIters: 2
TP1: 88.11785604859122 final: 88.11785604859122
TP2: 35.77314326889519 final: 35.77314326889519
HFX: 301.8125061113187 final: 301.8125061113187
yPlus min: 1.84639235891351 max: 55.3251744006516 mean: 23.66989865280308
ExecutionTime = 7.06 s  ClockTime = 7 s

Time = 800

U0 initRes: 1.790311397988182e-06 finalRes: 9.378614220777419e-08 nIters: 3
U1 initRes: 5.034182861868091e-06 finalRes: 3.86109814326582e-07 nIters: 3
U2 initRes: 1.202669766425036e-05 finalRes: 1.107812046665894e-06 nIters: 2
p initRes: 0.0002256656830353459 finalRes: 1.301027808785279e-05 nIters: 1
Time step continuity errors : sum local = 0.0002213350804122856
                                 global = -5.348232106787019e-08
                             cumulative = -0.1058570045265949
T initRes: 1.580202663384684e-05 finalRes: 7.373822014041237e-07 nIters: 3
nuTilda initRes: 0.0002614564823587086 finalRes: 5.932266637352487e-06 nIters: 2
TP1: 88.11785604817983 final: 88.11785604817983
TP2: 35.77314326907106 final: 35.77314326907106
HFX: 301.8125061119094 final: 301.8125061119094
yPlus min: 1.846392358670893 max: 55.32517440086512 mean: 23.66989865289148
ExecutionTime = 7.29 s  ClockTime = 7 s

Time = 900

U0 initRes: 1.79031140524817e-06 finalRes: 9.378614242793362e-08 nIters: 3
U1 initRes: 5.034182857418526e-06 finalRes: 3.861098143335733e-07 nIters: 3
U2 initRes: 1.20266976676907e-05 finalRes: 1.107812046701877e-06 nIters: 2
p initRes: 0.0002256656830331777 finalRes: 1.301027809621576e-05 nIters: 1
Time step continuity errors : sum local = 0.0002213350804863666
                                 global = -5.348987914379207e-08
                             cumulative = -0.105857058016474
T initRes: 1.580202663499221e-05 finalRes: 7.373822027125785e-07 nIters: 3
nuTilda initRes: 0.0002614564823593166 finalRes: 5.932266637727355e-06 nIters: 2
TP1: 88.11785604805155 final: 88.11785604805155
TP2: 35.77314326896255 final: 35.77314326896255
HFX: 301.8125061116339 final: 301.8125061116339
yPlus min: 1.846392358691801 max: 55.32517440078642 mean: 23.66989865286049
ExecutionTime = 7.52 s  ClockTime = 7 s

Time = 1000

U0 initRes: 1.790311405214534e-06 finalRes: 9.378614242296036e-08 nIters: 3
U1 initRes: 5.034182857295821e-06 finalRes: 3.861098143258343e-07 nIters: 3
U2 initRes: 1.202669766803242e-05 finalRes: 1.107812046816885e-06 nIters: 2
p initRes: 0.0002256656830343105 finalRes: 1.301027810017923e-05 nIters: 1
Time step continuity errors : sum local = 0.0002213350805839106
                                 global = -5.348895216728487e-08
                             cumulative = -0.1058571115054262
T initRes: 1.580202663256492e-05 finalRes: 7.373822019677251e-07 nIters: 3
nuTilda initRes: 0.0002614564823594132 finalRes: 5.932266637774146e-06 nIters: 2
TP1: 88.11785604807964 final: 88.11785604807964
TP2: 35.77314326897579 final: 35.77314326897579
HFX: 301.8125061116649 final: 301.8125061116649
yPlus min: 1.846392358693092 max: 55.32517440079453 mean: 23.66989865286361
ExecutionTime = 7.75 s  ClockTime = 8 s

End

Moving time 1000 to 0.0003
Printing Primal Residual Statistics.
U Residual Norm2: (25.54022770122383 24.00414269878326 10.61839926200493)
U Residual Mean: (0.0305840003693965 0.02709618052732867 0.01095825425277716)
U Residual Max: (13.58382221829045 10.92263063321535 8.378168788031012)
p Residual Norm2: 8.615052812364071
p Residual Mean: 0.01332002274325483
p Residual Max: 3.161984799109363
T Residual Norm2: 41.14365285023357
T Residual Mean: 0.04546636493921689
T Residual Max: 21.37514273430897
nuTilda Residual Norm2: 0.6510766216535382
nuTilda Residual Mean: 0.0004284475594477083
nuTilda Residual Max: 0.5276470868642923
phi Residual Norm2: 0.06462654867462041
phi Residual Mean: 2.564176586087784e-05
phi Residual Max: 0.04469513305123088
Total Residual Norm2: 55.75571614462207
 
 
SEQ_RESULT idx=16 delta=+1.0000000000e-04 OBJ.val=5.234471277910385e+01
DAInputVolCoord. 
Setting volume coordinates. 
Checking mesh quality for time = 1000
    Overall domain bounding box (-2.278536707381184e-10 -0.09450000000000007 -8.978830015825206e-07) (0.8444999999989887 0.09450000000000008 0.03750000000000003)
    Mesh has 3 geometric (non-empty/wedge) directions (1 1 1)
    Mesh has 3 solution (non-empty) directions (1 1 1)
    Boundary openness (1.395920817577776e-17 -1.003255437787411e-17 -7.877244572142937e-17) OK.
    Max cell openness = 4.372629603038908e-16 OK.
    Max aspect ratio = 69.08288552382443 OK.
    Minimum face area = 1.673067336746103e-06. Maximum face area = 0.001155838030817332.  Face area magnitudes OK.
    Min volume = 5.879968092322171e-09. Max volume = 1.309214573294009e-05.  Total volume = 0.00471983185470951.  Cell volumes OK.
    Mesh non-orthogonality Max: 3.512283126450411 average: 0.2800805799888105
    Non-orthogonality check OK.
    Face pyramids OK.
    Max skewness = 0.2181449020822691 OK.
    Coupled point location match (average 0) OK.

Mesh OK.

Running Primal Solver 004
Previous solution time 1000 not found and nothing deleted.
No finite volume options present

Starting time loop

Time = 1

U0 initRes: 2.172806815413382e-06 finalRes: 9.798739638077603e-08 nIters: 3
U1 initRes: 7.032883645433748e-06 finalRes: 4.131133246645646e-07 nIters: 3
U2 initRes: 2.375355202484469e-05 finalRes: 1.646423187988379e-06 nIters: 2
p initRes: 0.000287078600658698 finalRes: 2.642899293808434e-05 nIters: 1
Time step continuity errors : sum local = 0.0004496283086477807
                                 global = -4.104199507260436e-08
                             cumulative = -0.1058571525474213
T initRes: 1.678024488880507e-05 finalRes: 7.514343957393399e-07 nIters: 3
nuTilda initRes: 0.000206670665807098 finalRes: 6.54650678898427e-06 nIters: 2
TP1: 88.11785619675553 final: 88.11785619675553
TP2: 35.77314299426111 final: 35.77314299426111
HFX: 301.8119132423559 final: 301.8119132423559
yPlus min: 1.854349494674863 max: 55.32518782120042 mean: 23.6705357759188
ExecutionTime = 7.87 s  ClockTime = 8 s

Time = 100

U0 initRes: 1.898324281449824e-06 finalRes: 9.76270022692322e-08 nIters: 3
U1 initRes: 5.195325032484006e-06 finalRes: 3.878237203556307e-07 nIters: 3
U2 initRes: 1.273095328593091e-05 finalRes: 1.151155152717904e-06 nIters: 2
p initRes: 0.0002295837055592532 finalRes: 1.458564985165739e-05 nIters: 1
Time step continuity errors : sum local = 0.000248130667447562
                                 global = 1.171115986931808e-06
                             cumulative = -0.1058559814314343
T initRes: 1.590661547114871e-05 finalRes: 7.43015304985255e-07 nIters: 3
nuTilda initRes: 0.0002622095927031567 finalRes: 5.957709707164918e-06 nIters: 2
TP1: 88.11872958778794 final: 88.11872958778794
TP2: 35.77319343650584 final: 35.77319343650584
HFX: 301.8110656117888 final: 301.8110656117888
yPlus min: 1.845477810112946 max: 55.32487927458094 mean: 23.66986692979997
ExecutionTime = 8.09 s  ClockTime = 8 s

Time = 200

U0 initRes: 1.8051842091619e-06 finalRes: 9.337868972715447e-08 nIters: 3
U1 initRes: 5.031810674411208e-06 finalRes: 3.846268983079476e-07 nIters: 3
U2 initRes: 1.218205836281925e-05 finalRes: 1.12554801580711e-06 nIters: 2
p initRes: 0.0002264563201150489 finalRes: 1.327574850792029e-05 nIters: 1
Time step continuity errors : sum local = 0.0002258466717215453
                                 global = 1.859587499561333e-06
                             cumulative = -0.1058541218439348
T initRes: 1.583331143197934e-05 finalRes: 7.370753698226543e-07 nIters: 3
nuTilda initRes: 0.0002619817056042468 finalRes: 5.939435414698143e-06 nIters: 2
TP1: 88.11893783364816 final: 88.11893783364816
TP2: 35.77321123542848 final: 35.77321123542848
HFX: 301.8110179684136 final: 301.8110179684136
yPlus min: 1.845572688037175 max: 55.32492326241713 mean: 23.66988149271502
ExecutionTime = 8.33 s  ClockTime = 8 s

Time = 300

U0 initRes: 1.792599888817971e-06 finalRes: 9.317974833177307e-08 nIters: 3
U1 initRes: 5.017314261976421e-06 finalRes: 3.845505300127943e-07 nIters: 3
U2 initRes: 1.213092696619876e-05 finalRes: 1.122477653134583e-06 nIters: 2
p initRes: 0.0002259047022477214 finalRes: 1.309804506707997e-05 nIters: 1
Time step continuity errors : sum local = 0.0002228234644599745
                                 global = -1.645178466166612e-07
                             cumulative = -0.1058542863617814
T initRes: 1.582628877692224e-05 finalRes: 7.371467477101354e-07 nIters: 3
nuTilda initRes: 0.0002619681631198083 finalRes: 5.938657783474624e-06 nIters: 2
TP1: 88.1189051709637 final: 88.1189051709637
TP2: 35.77318698934834 final: 35.77318698934834
HFX: 301.8109441158248 final: 301.8109441158248
yPlus min: 1.845565064008867 max: 55.32490281834102 mean: 23.66987294845622
ExecutionTime = 8.56 s  ClockTime = 8 s

Time = 400

U0 initRes: 1.792490720776205e-06 finalRes: 9.317453290012337e-08 nIters: 3
U1 initRes: 5.017186219170198e-06 finalRes: 3.84550911518609e-07 nIters: 3
U2 initRes: 1.213053181777505e-05 finalRes: 1.122452236578244e-06 nIters: 2
p initRes: 0.0002258944603097914 finalRes: 1.309325020654865e-05 nIters: 1
Time step continuity errors : sum local = 0.0002227419017145261
                                 global = 1.31227836227244e-09
                             cumulative = -0.105854285049503
T initRes: 1.582625240719302e-05 finalRes: 7.371547043120532e-07 nIters: 3
nuTilda initRes: 0.0002619680456418799 finalRes: 5.93867260826357e-06 nIters: 2
TP1: 88.11891105959468 final: 88.11891105959468
TP2: 35.77318935202713 final: 35.77318935202713
HFX: 301.8109502806827 final: 301.8109502806827
yPlus min: 1.845565546607504 max: 55.32490441671327 mean: 23.66987353562375
ExecutionTime = 8.779999999999999 s  ClockTime = 9 s

Time = 500

U0 initRes: 1.792487461983607e-06 finalRes: 9.317473194150369e-08 nIters: 3
U1 initRes: 5.017194126278253e-06 finalRes: 3.845497983727752e-07 nIters: 3
U2 initRes: 1.213054969218959e-05 finalRes: 1.122455264564708e-06 nIters: 2
p initRes: 0.0002258940545252308 finalRes: 1.309315933134507e-05 nIters: 1
Time step continuity errors : sum local = 0.0002227403558550477
                                 global = -1.961233820209885e-09
                             cumulative = -0.1058542870107368
T initRes: 1.582624787734091e-05 finalRes: 7.3715449188269e-07 nIters: 3
nuTilda initRes: 0.000261968018276326 finalRes: 5.938668452791371e-06 nIters: 2
TP1: 88.1189106415582 final: 88.1189106415582
TP2: 35.77318930200734 final: 35.77318930200734
HFX: 301.8109503874493 final: 301.8109503874493
yPlus min: 1.845565454215757 max: 55.3249044644957 mean: 23.66987355642101
ExecutionTime = 9.02 s  ClockTime = 9 s

Time = 600

U0 initRes: 1.792487931712195e-06 finalRes: 9.317474493953674e-08 nIters: 3
U1 initRes: 5.017192390997993e-06 finalRes: 3.845499333137238e-07 nIters: 3
U2 initRes: 1.213054518341564e-05 finalRes: 1.122454616791958e-06 nIters: 2
p initRes: 0.0002258940978565267 finalRes: 1.309305168927845e-05 nIters: 1
Time step continuity errors : sum local = 0.0002227385243561508
                                 global = -4.916877013371073e-09
                             cumulative = -0.1058542919276139
T initRes: 1.582624790233189e-05 finalRes: 7.371545820462605e-07 nIters: 3
nuTilda initRes: 0.0002619680189147625 finalRes: 5.938668743574362e-06 nIters: 2
TP1: 88.11891060644044 final: 88.11891060644044
TP2: 35.77318926023341 final: 35.77318926023341
HFX: 301.8109502527585 final: 301.8109502527585
yPlus min: 1.845565464874919 max: 55.32490442729726 mean: 23.66987354161414
ExecutionTime = 9.25 s  ClockTime = 9 s

Time = 700

U0 initRes: 1.792487852488915e-06 finalRes: 9.31747389179791e-08 nIters: 3
U1 initRes: 5.01719248871194e-06 finalRes: 3.845499263977832e-07 nIters: 3
U2 initRes: 1.213054554967448e-05 finalRes: 1.122454677138199e-06 nIters: 2
p initRes: 0.0002258940777929044 finalRes: 1.309306484232779e-05 nIters: 1
Time step continuity errors : sum local = 0.0002227387481891024
                                 global = -4.303974637646783e-09
                             cumulative = -0.1058542962315885
T initRes: 1.582624795869412e-05 finalRes: 7.371545715600862e-07 nIters: 3
nuTilda initRes: 0.0002619680190738923 finalRes: 5.938668757120793e-06 nIters: 2
TP1: 88.11891062057605 final: 88.11891062057605
TP2: 35.77318926896986 final: 35.77318926896986
HFX: 301.8109502750977 final: 301.8109502750977
yPlus min: 1.845565464671066 max: 55.32490443303436 mean: 23.66987354387544
ExecutionTime = 9.470000000000001 s  ClockTime = 9 s

Time = 800

U0 initRes: 1.792487856084185e-06 finalRes: 9.317473954285837e-08 nIters: 3
U1 initRes: 5.017192507343645e-06 finalRes: 3.845499251779291e-07 nIters: 3
U2 initRes: 1.213054558314248e-05 finalRes: 1.122454680248284e-06 nIters: 2
p initRes: 0.0002258940790598489 finalRes: 1.309306407541583e-05 nIters: 1
Time step continuity errors : sum local = 0.0002227387351794108
                                 global = -4.353811284589284e-09
                             cumulative = -0.1058543005853998
T initRes: 1.58262479515661e-05 finalRes: 7.371545705892011e-07 nIters: 3
nuTilda initRes: 0.0002619680190400333 finalRes: 5.938668749702603e-06 nIters: 2
TP1: 88.11891061874688 final: 88.11891061874688
TP2: 35.7731892682555 final: 35.7731892682555
HFX: 301.8109502737172 final: 301.8109502737172
yPlus min: 1.845565464481841 max: 55.32490443272787 mean: 23.66987354376002
ExecutionTime = 9.699999999999999 s  ClockTime = 10 s

Time = 900

U0 initRes: 1.792487856737924e-06 finalRes: 9.317473953588363e-08 nIters: 3
U1 initRes: 5.017192501609241e-06 finalRes: 3.845499255001052e-07 nIters: 3
U2 initRes: 1.21305455702852e-05 finalRes: 1.122454678573843e-06 nIters: 2
p initRes: 0.0002258940792142606 finalRes: 1.309306394344621e-05 nIters: 1
Time step continuity errors : sum local = 0.0002227387329527593
                                 global = -4.356898876331068e-09
                             cumulative = -0.1058543049422987
T initRes: 1.582624795203087e-05 finalRes: 7.371545714748042e-07 nIters: 3
nuTilda initRes: 0.0002619680190423276 finalRes: 5.938668750694914e-06 nIters: 2
TP1: 88.11891061880279 final: 88.11891061880279
TP2: 35.77318926821188 final: 35.77318926821188
HFX: 301.8109502735335 final: 301.8109502735335
yPlus min: 1.845565464523988 max: 55.32490443267326 mean: 23.66987354373755
ExecutionTime = 9.93 s  ClockTime = 10 s

Time = 1000

U0 initRes: 1.792487856637897e-06 finalRes: 9.317473953527832e-08 nIters: 3
U1 initRes: 5.017192502360633e-06 finalRes: 3.845499254637986e-07 nIters: 3
U2 initRes: 1.213054557181681e-05 finalRes: 1.12245467883067e-06 nIters: 2
p initRes: 0.0002258940791640393 finalRes: 1.309306398258619e-05 nIters: 1
Time step continuity errors : sum local = 0.000222738733583116
                                 global = -4.355379678895189e-09
                             cumulative = -0.1058543092976783
T initRes: 1.58262479523856e-05 finalRes: 7.371545706430557e-07 nIters: 3
nuTilda initRes: 0.0002619680190426389 finalRes: 5.938668750678063e-06 nIters: 2
TP1: 88.11891061882793 final: 88.11891061882793
TP2: 35.77318926823354 final: 35.77318926823354
HFX: 301.8109502735928 final: 301.8109502735928
yPlus min: 1.845565464519282 max: 55.3249044326888 mean: 23.66987354374376
ExecutionTime = 10.16 s  ClockTime = 10 s

End

Moving time 1000 to 0.0004
Printing Primal Residual Statistics.
U Residual Norm2: (25.53652319007903 24.03269966917642 10.59242715489871)
U Residual Mean: (0.03067910882466141 0.02707906277514035 0.01097750457354184)
U Residual Max: (13.58689496173666 10.94065674009853 8.339625434387489)
p Residual Norm2: 8.627357045362153
p Residual Mean: 0.01332960592185929
p Residual Max: 3.163939020354514
T Residual Norm2: 41.19603720470325
T Residual Mean: 0.04552008687031272
T Residual Max: 21.38671835369759
nuTilda Residual Norm2: 0.6519634856654924
nuTilda Residual Mean: 0.0004286989563544355
nuTilda Residual Max: 0.5285028981691783
phi Residual Norm2: 0.0646289971712382
phi Residual Mean: 2.571412774520388e-05
phi Residual Max: 0.04467114082712632
Total Residual Norm2: 55.80195504918697
 
 
SEQ_RESULT idx=16 delta=-1.0000000000e-04 OBJ.val=5.234572135059438e+01
Finalising parallel run
Finalising parallel run
