e-07
                             cumulative = -0.1057829453061774
T initRes: 1.58073926817961e-05 finalRes: 7.366679282381832e-07 nIters: 3
nuTilda initRes: 0.0002616036321478396 finalRes: 5.933949592388218e-06 nIters: 2
TP1: 88.11591020389042 final: 88.11591020389042
TP2: 35.77310996163765 final: 35.77310996163765
HFX: 301.8126525120756 final: 301.8126525120756
yPlus min: 1.84547390401867 max: 55.32530114103387 mean: 23.66975455474486
ExecutionTime = 3.66 s  ClockTime = 4 s

Time = 400

U0 initRes: 1.789939168983312e-06 finalRes: 9.308984266477935e-08 nIters: 3
U1 initRes: 5.013916574812363e-06 finalRes: 3.842023404655979e-07 nIters: 3
U2 initRes: 1.211610718255199e-05 finalRes: 1.121420904569917e-06 nIters: 2
p initRes: 0.0002256978192786838 finalRes: 1.312482233207219e-05 nIters: 1
Time step continuity errors : sum local = 0.000223285618309092
                                 global = 4.130757275915369e-07
                             cumulative = -0.1057825322304499
T initRes: 1.580743123530902e-05 finalRes: 7.36658792510345e-07 nIters: 3
nuTilda initRes: 0.0002616035790826599 finalRes: 5.933930712249661e-06 nIters: 2
TP1: 88.11591082779279 final: 88.11591082779279
TP2: 35.7731099567033 final: 35.7731099567033
HFX: 301.8126527065433 final: 301.8126527065433
yPlus min: 1.845474354702806 max: 55.32530109155238 mean: 23.66975458756568
ExecutionTime = 3.9 s  ClockTime = 4 s

Time = 500

U0 initRes: 1.789933898188047e-06 finalRes: 9.308948643741817e-08 nIters: 3
U1 initRes: 5.013913743584913e-06 finalRes: 3.842023448565741e-07 nIters: 3
U2 initRes: 1.211611604539426e-05 finalRes: 1.121420072649831e-06 nIters: 2
p initRes: 0.0002256975245706473 finalRes: 1.312503644295708e-05 nIters: 1
Time step continuity errors : sum local = 0.0002232892605388502
                                 global = 4.08298291504501e-07
                             cumulative = -0.1057821239321583
T initRes: 1.580743086568602e-05 finalRes: 7.366586932041198e-07 nIters: 3
nuTilda initRes: 0.0002616035798172339 finalRes: 5.93393032655811e-06 nIters: 2
TP1: 88.11591083042342 final: 88.11591083042342
TP2: 35.77310988896279 final: 35.77310988896279
HFX: 301.8126525742086 final: 301.8126525742086
yPlus min: 1.845474390324282 max: 55.32530106394116 mean: 23.66975457649328
ExecutionTime = 4.13 s  ClockTime = 4 s

Time = 600

U0 initRes: 1.78993414806089e-06 finalRes: 9.308946330649538e-08 nIters: 3
U1 initRes: 5.013912837472618e-06 finalRes: 3.842022473341196e-07 nIters: 3
U2 initRes: 1.211611548378556e-05 finalRes: 1.121420090420368e-06 nIters: 2
p initRes: 0.0002256975154196615 finalRes: 1.312505357762836e-05 nIters: 1
Time step continuity errors : sum local = 0.000223289552010933
                                 global = 4.078311400667563e-07
                             cumulative = -0.1057817161010183
T initRes: 1.58074309163317e-05 finalRes: 7.366587135864801e-07 nIters: 3
nuTilda initRes: 0.0002616035796878447 finalRes: 5.933930254339631e-06 nIters: 2
TP1: 88.11591081744341 final: 88.11591081744341
TP2: 35.77310988128368 final: 35.77310988128368
HFX: 301.8126525663324 final: 301.8126525663324
yPlus min: 1.845474390554588 max: 55.32530106174152 mean: 23.66975457586634
ExecutionTime = 4.36 s  ClockTime = 4 s

Time = 700

U0 initRes: 1.789934188211701e-06 finalRes: 9.308945966977479e-08 nIters: 3
U1 initRes: 5.013912828547622e-06 finalRes: 3.842022407233906e-07 nIters: 3
U2 initRes: 1.211611548224325e-05 finalRes: 1.121420097085535e-06 nIters: 2
p initRes: 0.0002256975173138299 finalRes: 1.312505248774649e-05 nIters: 1
Time step continuity errors : sum local = 0.0002232895334863801
                                 global = 4.078699994100236e-07
                             cumulative = -0.1057813082310189
T initRes: 1.580743088980021e-05 finalRes: 7.366587187777675e-07 nIters: 3
nuTilda initRes: 0.0002616035796431755 finalRes: 5.933930259545448e-06 nIters: 2
TP1: 88.115910817329 final: 88.115910817329
TP2: 35.77310988169866 final: 35.77310988169866
HFX: 301.8126525682216 final: 301.8126525682216
yPlus min: 1.845474390350385 max: 55.32530106208857 mean: 23.66975457600824
ExecutionTime = 4.59 s  ClockTime = 5 s

Time = 800

U0 initRes: 1.789934191429676e-06 finalRes: 9.308946037261791e-08 nIters: 3
U1 initRes: 5.013912825625074e-06 finalRes: 3.842022413504506e-07 nIters: 3
U2 initRes: 1.2116115475798e-05 finalRes: 1.121420095127227e-06 nIters: 2
p initRes: 0.000225697517617945 finalRes: 1.312505215929191e-05 nIters: 1
Time step continuity errors : sum local = 0.0002232895278793024
                                 global = 4.078773462828564e-07
                             cumulative = -0.1057809003536726
T initRes: 1.58074308871182e-05 finalRes: 7.36658722252951e-07 nIters: 3
nuTilda initRes: 0.0002616035796382098 finalRes: 5.933930261016539e-06 nIters: 2
TP1: 88.11591081760658 final: 88.11591081760658
TP2: 35.77310988179745 final: 35.77310988179745
HFX: 301.8126525684193 final: 301.8126525684193
yPlus min: 1.845474390368714 max: 55.32530106211289 mean: 23.66975457601655
ExecutionTime = 4.83 s  ClockTime = 5 s

Time = 900

U0 initRes: 1.789934191287643e-06 finalRes: 9.308946052028274e-08 nIters: 3
U1 initRes: 5.013912825960633e-06 finalRes: 3.84202241516413e-07 nIters: 3
U2 initRes: 1.211611547627487e-05 finalRes: 1.121420094818828e-06 nIters: 2
p initRes: 0.0002256975176308473 finalRes: 1.312505213874175e-05 nIters: 1
Time step continuity errors : sum local = 0.0002232895275407636
                                 global = 4.078769225227842e-07
                             cumulative = -0.10578049247675
T initRes: 1.580743088544731e-05 finalRes: 7.366587197370926e-07 nIters: 3
nuTilda initRes: 0.0002616035796383068 finalRes: 5.933930261025175e-06 nIters: 2
TP1: 88.1159108176175 final: 88.1159108176175
TP2: 35.77310988179263 final: 35.77310988179263
HFX: 301.8126525683894 final: 301.8126525683894
yPlus min: 1.845474390369014 max: 55.32530106210357 mean: 23.6697545760131
ExecutionTime = 5.05 s  ClockTime = 5 s

Time = 1000

U0 initRes: 1.789934191344566e-06 finalRes: 9.308946051973704e-08 nIters: 3
U1 initRes: 5.013912826463098e-06 finalRes: 3.842022415265872e-07 nIters: 3
U2 initRes: 1.211611547651335e-05 finalRes: 1.121420094803173e-06 nIters: 2
p initRes: 0.0002256975176338816 finalRes: 1.312505213602805e-05 nIters: 1
Time step continuity errors : sum local = 0.0002232895275206631
                                 global = 4.078767811891165e-07
                             cumulative = -0.1057800845999689
T initRes: 1.580743088687348e-05 finalRes: 7.366587200345485e-07 nIters: 3
nuTilda initRes: 0.0002616035796384831 finalRes: 5.933930261016579e-06 nIters: 2
TP1: 88.11591081761145 final: 88.11591081761145
TP2: 35.77310988179083 final: 35.77310988179083
HFX: 301.8126525683841 final: 301.8126525683841
yPlus min: 1.845474390368409 max: 55.32530106210235 mean: 23.66975457601271
ExecutionTime = 5.28 s  ClockTime = 5 s

End

Moving time 1000 to 0.0002
Printing Primal Residual Statistics.
U Residual Norm2: (25.50595524999195 24.01283973353826 10.56889603174693)
U Residual Mean: (0.03066509719307242 0.02706824999784553 0.0109782180675226)
U Residual Max: (13.58718620680815 10.93016697033207 8.316654731012793)
p Residual Norm2: 8.623050980010163
p Residual Mean: 0.01332527705381414
p Residual Max: 3.166084703326613
T Residual Norm2: 41.13761850846083
T Residual Mean: 0.04549646133028334
T Residual Max: 21.32530403407036
nuTilda Residual Norm2: 0.650125152494908
nuTilda Residual Mean: 0.0004283342704654838
nuTilda Residual Max: 0.5264453162426133
phi Residual Norm2: 0.06460440089983475
phi Residual Mean: 2.571042479551241e-05
phi Residual Max: 0.04467132525946322
Total Residual Norm2: 55.73113393613212
 
 
WARM_RESULT idx=15 delta=+1.0000000000e-04 OBJ.val=5.234280093582062e+01
DAInputVolCoord. 
Setting volume coordinates. 
Checking mesh quality for time = 1000
    Overall domain bounding box (-1.271493253200587e-10 -0.09450000000000007 -6.075404750389809e-07) (0.8444999999189153 0.09450000000000008 0.03750000000000003)
    Mesh has 3 geometric (non-empty/wedge) directions (1 1 1)
    Mesh has 3 solution (non-empty) directions (1 1 1)
    Boundary openness (8.848924524755127e-18 -4.331978463910826e-18 -2.560390881372462e-17) OK.
    Max cell openness = 4.966928244666377e-16 OK.
    Max aspect ratio = 69.08288552462595 OK.
    Minimum face area = 1.67311552163178e-06. Maximum face area = 0.001155838018443531.  Face area magnitudes OK.
    Min volume = 5.879984957403279e-09. Max volume = 1.309214539048436e-05.  Total volume = 0.004719827226214643.  Cell volumes OK.
    Mesh non-orthogonality Max: 3.512283083347516 average: 0.2800796151258593
    Non-orthogonality check OK.
    Face pyramids OK.
    Max skewness = 0.2181525357484026 OK.
    Coupled point location match (average 0) OK.

Mesh OK.

Running Primal Solver 003
Previous solution time 1000 not found and nothing deleted.
No finite volume options present

Starting time loop

Time = 1

U0 initRes: 2.320705620903377e-06 finalRes: 2.310536701120545e-07 nIters: 2
U1 initRes: 6.571490113923587e-06 finalRes: 3.916110643905371e-07 nIters: 3
U2 initRes: 2.674773558956943e-05 finalRes: 1.386318629269957e-06 nIters: 2
p initRes: 0.0002999979176602106 finalRes: 2.402680149533087e-05 nIters: 2
Time step continuity errors : sum local = 0.0004087587083199238
                                 global = 3.094339553594759e-05
                             cumulative = -0.1057491412044329
T initRes: 1.688251477842364e-05 finalRes: 7.524392000935113e-07 nIters: 3
nuTilda initRes: 0.0002069106199306065 finalRes: 6.592540648381185e-06 nIters: 2
TP1: 88.12123474243577 final: 88.12123474243577
TP2: 35.77317792157175 final: 35.77317792157175
HFX: 301.8121704610716 final: 301.8121704610716
yPlus min: 1.853378373700517 max: 55.32545769102066 mean: 23.67041414451741
ExecutionTime = 5.39 s  ClockTime = 5 s

Time = 100

U0 initRes: 1.868165144706788e-06 finalRes: 9.753507490335762e-08 nIters: 3
U1 initRes: 5.136534067701929e-06 finalRes: 3.875527745593434e-07 nIters: 3
U2 initRes: 1.249800429848014e-05 finalRes: 1.135025361528135e-06 nIters: 2
p initRes: 0.0002284030626847725 finalRes: 1.398547250354877e-05 nIters: 1
Time step continuity errors : sum local = 0.0002379187984355713
                                 global = 1.202573871920628e-06
                             cumulative = -0.105747938630561
T initRes: 1.588133426729634e-05 finalRes: 7.410875409924459e-07 nIters: 3
nuTilda initRes: 0.000262035582619019 finalRes: 5.95324811831353e-06 nIters: 2
TP1: 88.12061567903037 final: 88.12061567903037
TP2: 35.77322912753694 final: 35.77322912753694
HFX: 301.8109607660233 final: 301.8109607660233
yPlus min: 1.846487275505339 max: 55.32480460576693 mean: 23.67001859983129
ExecutionTime = 5.63 s  ClockTime = 6 s

Time = 200

U0 initRes: 1.798349747413661e-06 finalRes: 9.399183913271955e-08 nIters: 3
U1 initRes: 5.044474651556798e-06 finalRes: 3.864892465651561e-07 nIters: 3
U2 initRes: 1.20630611995894e-05 finalRes: 1.110657050556779e-06 nIters: 2
p initRes: 0.0002260583462343319 finalRes: 1.318867740298061e-05 nIters: 1
Time step continuity errors : sum local = 0.000224363344283363
                                 global = -1.125167089052788e-06
                             cumulative = -0.1057490637976501
T initRes: 1.583055143546231e-05 finalRes: 7.379113717021104e-07 nIters: 3
nuTilda initRes: 0.0002618437763019508 finalRes: 5.93742158266184e-06 nIters: 2
TP1: 88.12080621414637 final: 88.12080621414637
TP2: 35.77320812032337 final: 35.77320812032337
HFX: 301.8107349689174 final: 301.8107349689174
yPlus min: 1.846484921737103 max: 55.32475394915256 mean: 23.67001480400368
ExecutionTime = 5.86 s  ClockTime = 6 s

Time = 300

U0 initRes: 1.794813210544209e-06 finalRes: 9.391634979779875e-08 nIters: 3
U1 initRes: 5.041463447711151e-06 finalRes: 3.865585733116348e-07 nIters: 3
U2 initRes: 1.204230817893989e-05 finalRes: 1.109125889073852e-06 nIters: 2
p initRes: 0.0002259149962722506 finalRes: 1.311046000659302e-05 nIters: 1
Time step continuity errors : sum local = 0.0002230327337053318
                                 global = 6.948896180260026e-08
                             cumulative = -0.1057489943086883
T initRes: 1.582579443758947e-05 finalRes: 7.379565429713881e-07 nIters: 3
nuTilda initRes: 0.0002618331953934367 finalRes: 5.937302865338067e-06 nIters: 2
TP1: 88.1208865489314 final: 88.1208865489314
TP2: 35.7732253117106 final: 35.7732253117106
HFX: 301.8107833772241 final: 301.8107833772241
yPlus min: 1.846498443287057 max: 55.32476669036862 mean: 23.67001867124368
ExecutionTime = 6.09 s  ClockTime = 6 s

Time = 400

U0 initRes: 1.794327701577055e-06 finalRes: 9.389886066757603e-08 nIters: 3
U1 initRes: 5.041433341928905e-06 finalRes: 3.865408827540968e-07 nIters: 3
U2 initRes: 1.204160700990119e-05 finalRes: 1.109079240703357e-06 nIters: 2
p initRes: 0.000225900725259709 finalRes: 1.309934366658888e-05 nIters: 1
Time step continuity errors : sum local = 0.0002228436199240476
                                 global = -3.009848020566607e-08
                             cumulative = -0.1057490244071685
T initRes: 1.582561529711267e-05 finalRes: 7.379679873715192e-07 nIters: 3
nuTilda initRes: 0.0002618326273834567 finalRes: 5.937175441296909e-06 nIters: 2
TP1: 88.12087873298302 final: 88.12087873298302
TP2: 35.77322388885141 final: 35.77322388885141
HFX: 301.8107825689148 final: 301.8107825689148
yPlus min: 1.846496497993858 max: 55.32476686965843 mean: 23.67001871041549
ExecutionTime = 6.33 s  ClockTime = 6 s

Time = 500

U0 initRes: 1.794358533274086e-06 finalRes: 9.389922677820885e-08 nIters: 3
U1 initRes: 5.041382613658253e-06 finalRes: 3.865413773786159e-07 nIters: 3
U2 initRes: 1.204160183032805e-05 finalRes: 1.109081780197143e-06 nIters: 2
p initRes: 0.0002258996074480538 finalRes: 1.309880880197247e-05 nIters: 1
Time step continuity errors : sum local = 0.0002228345198587628
                                 global = -5.104273026134452e-08
                             cumulative = -0.1057490754498987
T initRes: 1.582561430524747e-05 finalRes: 7.379695759353926e-07 nIters: 3
nuTilda initRes: 0.0002618326259328354 finalRes: 5.93717884264482e-06 nIters: 2
TP1: 88.12087910143799 final: 88.12087910143799
TP2: 35.77322358354011 final: 35.77322358354011
HFX: 301.8107816680637 final: 301.8107816680637
yPlus min: 1.846496796854193 max: 55.3247666048153 mean: 23.67001860083984
ExecutionTime = 6.56 s  ClockTime = 7 s

Time = 600

U0 initRes: 1.794353373667943e-06 finalRes: 9.389913448860167e-08 nIters: 3
U1 initRes: 5.041385000888273e-06 finalRes: 3.865411983365853e-07 nIters: 3
U2 initRes: 1.204160200575133e-05 finalRes: 1.109081937980392e-06 nIters: 2
p initRes: 0.0002258994541090685 finalRes: 1.30986485588407e-05 nIters: 1
Time step continuity errors : sum local = 0.0002228317941738432
                                 global = -4.53619704007238e-08
                             cumulative = -0.1057491208118691
T initRes: 1.582561425599386e-05 finalRes: 7.379694148247857e-07 nIters: 3
nuTilda initRes: 0.000261832624559795 finalRes: 5.937178321855998e-06 nIters: 2
TP1: 88.12087914706699 final: 88.12087914706699
TP2: 35.77322366485894 final: 35.77322366485894
HFX: 301.8107818825694 final: 301.8107818825694
yPlus min: 1.846496769063075 max: 55.32476666508103 mean: 23.67001862506693
ExecutionTime = 6.79 s  ClockTime = 7 s

Time = 700

U0 initRes: 1.794353849355455e-06 finalRes: 9.38991440603391e-08 nIters: 3
U1 initRes: 5.041384839085884e-06 finalRes: 3.865412223598162e-07 nIters: 3
U2 initRes: 1.204160211887005e-05 finalRes: 1.109081878883268e-06 nIters: 2
p initRes: 0.0002258994595351275 finalRes: 1.309865052862902e-05 nIters: 1
Time step continuity errors : sum local = 0.0002228318276214243
                                 global = -4.628990121463483e-08
                             cumulative = -0.1057491671017703
T initRes: 1.582561426676048e-05 finalRes: 7.379694161278881e-07 nIters: 3
nuTilda initRes: 0.0002618326247575883 finalRes: 5.937178350244406e-06 nIters: 2
TP1: 88.12087913081982 final: 88.12087913081982
TP2: 35.77322365162205 final: 35.77322365162205
HFX: 301.8107818489555 final: 301.8107818489555
yPlus min: 1.846496770985467 max: 55.32476665603233 mean: 23.67001862153189
ExecutionTime = 7.02 s  ClockTime = 7 s

Time = 800

U0 initRes: 1.794353824124378e-06 finalRes: 9.389914344755563e-08 nIters: 3
U1 initRes: 5.041384837449774e-06 finalRes: 3.865412206690117e-07 nIters: 3
U2 initRes: 1.204160211930536e-05 finalRes: 1.109081888270667e-06 nIters: 2
p initRes: 0.0002258994568612988 finalRes: 1.309864997473786e-05 nIters: 1
Time step continuity errors : sum local = 0.0002228318182658451
                                 global = -4.617484383401886e-08
                             cumulative = -0.1057492132766142
T initRes: 1.582561426607588e-05 finalRes: 7.379694170715836e-07 nIters: 3
nuTilda initRes: 0.0002618326247598769 finalRes: 5.937178351657705e-06 nIters: 2
TP1: 88.12087913370958 final: 88.12087913370958
TP2: 35.77322365325894 final: 35.77322365325894
HFX: 301.8107818529405 final: 301.8107818529405
yPlus min: 1.8464967710363 max: 55.324766657072 mean: 23.67001862192954
ExecutionTime = 7.25 s  ClockTime = 7 s

Time = 900

U0 initRes: 1.794353822080377e-06 finalRes: 9.389914344289965e-08 nIters: 3
U1 initRes: 5.041384841274099e-06 finalRes: 3.865412207131894e-07 nIters: 3
U2 initRes: 1.204160211867343e-05 finalRes: 1.109081887004115e-06 nIters: 2
p initRes: 0.0002258994570963848 finalRes: 1.309864994819956e-05 nIters: 1
Time step continuity errors : sum local = 0.0002228318177927736
                                 global = -4.618560350931023e-08
                             cumulative = -0.1057492594622177
T initRes: 1.582561426635614e-05 finalRes: 7.379694165548148e-07 nIters: 3
nuTilda initRes: 0.0002618326247578862 finalRes: 5.93717835085815e-06 nIters: 2
TP1: 88.12087913332289 final: 88.12087913332289
TP2: 35.77322365310632 final: 35.77322365310632
HFX: 301.8107818525917 final: 301.8107818525917
yPlus min: 1.846496770992915 max: 55.32476665698494 mean: 23.67001862189727
ExecutionTime = 7.48 s  ClockTime = 8 s

Time = 1000

U0 initRes: 1.794353822899988e-06 finalRes: 9.389914345414975e-08 nIters: 3
U1 initRes: 5.041384840498203e-06 finalRes: 3.865412207245638e-07 nIters: 3
U2 initRes: 1.204160211901744e-05 finalRes: 1.109081887160461e-06 nIters: 2
p initRes: 0.0002258994570843155 finalRes: 1.309864995996782e-05 nIters: 1
Time step continuity errors : sum local = 0.0002228318180003032
                                 global = -4.61850615691767e-08
                             cumulative = -0.1057493056472793
T initRes: 1.582561426525217e-05 finalRes: 7.379694167844488e-07 nIters: 3
nuTilda initRes: 0.0002618326247583062 finalRes: 5.937178351009732e-06 nIters: 2
TP1: 88.12087913336237 final: 88.12087913336237
TP2: 35.7732236531139 final: 35.7732236531139
HFX: 301.8107818526034 final: 301.8107818526034
yPlus min: 1.846496771001021 max: 55.32476665698735 mean: 23.67001862189793
ExecutionTime = 7.71 s  ClockTime = 8 s

End

Moving time 1000 to 0.0003
Printing Primal Residual Statistics.
U Residual Norm2: (25.57140099917991 24.02400201388473 10.64208278503822)
U Residual Mean: (0.03060599704952004 0.0271182142061385 0.01095929201332979)
U Residual Max: (13.58376449110276 10.93333627903661 8.401221888934588)
p Residual Norm2: 8.619113301851705
p Residual Mean: 0.01332473589462213
p Residual Max: 3.159671521795684
T Residual Norm2: 41.20212512161329
T Residual Mean: 0.04549323983691814
T Residual Max: 21.43616135238912
nuTilda Residual Norm2: 0.6529081707074531
nuTilda Residual Mean: 0.0004288241349705813
nuTilda Residual Max: 0.5296895140263984
phi Residual Norm2: 0.06464902128384738
phi Residual Mean: 2.56614581421463e-05
phi Residual Max: 0.04469160578607827
Total Residual Norm2: 55.82685594810233
 
 
WARM_RESULT idx=15 delta=-1.0000000000e-04 OBJ.val=5.234765548024846e+01
Finalising parallel run
Finalising parallel run
