            -1000;
        pMax            50000;
        pMin            -50000;
        p_rghMax        50000;
        p_rghMin        -50000;
        eMax            55000;
        eMin            -220000;
        TMax            1000;
        TMin            100;
        hMax            200000;
        hMin            -200000;
        DMax            1e+16;
        DMin            -1e+16;
        rhoMax          5;
        rhoMin          0.2;
        nuTildaMax      1e+16;
        nuTildaMin      1e-16;
        kMax            1e+16;
        kMin            1e-16;
        omegaMax        1e+16;
        omegaMin        1e-16;
        epsilonMax      1e+16;
        epsilonMin      1e-16;
        ReThetatMax     1e+16;
        ReThetatMin     1e-16;
        gammaIntMax     1e+16;
        gammaIntMin     1e-16;
    }
    discipline      aero;
    adjPartDerivFDStep
    {
        State           1e-06;
    }
    transonicPCOption -1;
    unsteadyAdjoint
    {
        mode            None;
        PCMatPrecomputeInterval 100;
        PCMatUpdateInterval 1;
        reduceIO        1;
        additionalOutput 1 ( None );
        additionalOldTime 1 ( None );
        readZeroFields  1;
    }
    adjPCLag        10000;
    useAD
    {
        mode            reverse;
        dvName          None;
        seedIndex       -9999;
    }
    useConstrainHbyA 1;
    forceMeshWaveFrozen 1;
    useDdtCorr      0;
    regressionModel
    {
        active          0;
    }
    useMeanStates   0;
    solveLinearFunctionName None;
    printDAOptions  1;
    debug           0;
    writeJacobians  1 ( None );
    printInterval   100;
    printIntervalUnsteady 1;
    primalMinResTolDiff 10000000;
    adjUseColoring  1;
    adjEqnOption
    {
        globalPCIters   0;
        asmOverlap      1;
        localPCIters    1;
        jacMatReOrdering natural;
        pcFillLevel     2;
        gmresMaxIters   3000;
        gmresRestart    3000;
        gmresRelTol     1e-05;
        gmresAbsTol     1e-14;
        gmresTolDiff    10000;
        useNonZeroInitGuess 0;
        useMGSO         0;
        printInfo       1;
        fpMaxIters      1000;
        fpRelTol        1e-06;
        fpMinResTolDiff 100;
        fpPCUpwind      0;
        dynAdjustTol    0;
        KSPCalcEigen    0;
        KSPCalcSingularVal 0;
        readPCMat       0;
    }
    normalizeResiduals 11 ( URes pRes p_rghRes nuTildaRes phiRes TRes DRes kRes omegaRes epsilonRes alpha.waterRes );
    maxResConLv4JacPCMat
    {
        pRes            2;
        phiRes          1;
        URes            2;
        TRes            2;
        nuTildaRes      2;
        kRes            2;
        epsilonRes      2;
        omegaRes        2;
        p_rghRes        2;
        DRes            2;
        gammaIntRes     2;
        ReThetatRes     2;
        alpha.waterRes  2;
    }
    jacLowerBounds
    {
        dRdW            1e-30;
        dRdWPC          1e-30;
    }
    maxTractionBCIters 100;
    decomposeParDict
    {
        method          scotch;
        simpleCoeffs
        {
            n               3 ( 2 2 1 );
            delta           0.001;
        }
        kahipCoeffs
        {
            config          fast;
            imbalance       0.01;
        }
        preservePatches 1 ( None );
        singleProcessorFaceSets 1 ( None );
        args            1 ( None );
    }
    adjStateOrdering cell;
    checkMeshThreshold
    {
        maxAspectRatio  1000;
        maxNonOrth      70;
        maxSkewness     4;
        maxIncorrectlyOrientedFaces 0;
    }
    writeDeformedFFDs 0;
    writeDeformedConstraints 0;
    writeAdjointFields 0;
    maxCorrectBCCalls 2;
    writeMinorIterations 1;
    primalMinIters  1;
    tensorflow
    {
        active          0;
    }
    wallDistanceMethod daCustom;
    unsteadyCompOutput
    {
    }
}

pyDAFoam initialization done!
+----------------------------------------+
|          All IDWarp Options:           |
+----------------------------------------+
{'LdefFact': 1.0,
 'aExp': 3.0,
 'alpha': 0.25,
 'bExp': 5.0,
 'bucketSize': 8,
 'cornerAngle': 30.0,
 'errTol': 0.0005,
 'evalMode': 'fast',
 'fileType': 'OpenFOAM',
 'gridFile': '/mnt/case',
 'restartFile': None,
 'specifiedSurfaces': None,
 'symmTol': 1e-06,
 'symmetryPlanes': [],
 'symmetrySurfaces': None,
 'useRotations': True,
 'zeroCornerRotations': True}
I/O    : uncollated
Case   : /mnt/case
nProcs : 4
Hosts  :
(
    (5e1b61b6c718 4)
)
Pstream initialized with:
    node communication : off [type=host] (4 ranks, 1 nodes)
    topology controls  : none
    consensus exchange : 0 (tuning: 0)
    exchange algorithm : 0
    commsType          : nonBlocking
    polling iterations : 0
Reading the OpenFOAM mesh..
Overriding DebugSwitches according to controlDict
    SolverPerformance 0;

Checking if we need to compress the mesh files
Checking if we need to compress the mesh files
#------------------------------#
 Total Volume Nodes :      6336 
#------------------------------#
Finalising parallel run
I/O    : uncollated
+-------------------- Symmetry Planes -------------------+
|           Point                        Normal          |
+--------------------------------------------------------+
#--------------------------------#
 Unique Surface Nodes :      1479 
#--------------------------------#
 Computing Denominator Estimate...
 Load Balancing...
 Finished Mesh Initialization.
OrderedDict([('inlet', [0]), ('outlet', [1]), ('procBoundary0to1', [2]), ('procBoundary0to2', [3]), ('sym', [4]), ('ubend', [5]), ('ubendup', [6]), ('allSurfaces', [0, 1, 2, 3, 4, 5, 6]), ('allWalls', [5, 6]), ('designSurfaces', [5])])
dRdWT Jacobian Free created!
/home/dafoamuser/dafoam/packages/miniconda3/lib/python3.10/site-packages/openmdao/core/component.py:140: OMDeprecationWarning:'scenario.aero_post.functionals' <class DAFoamFunctions>: It appears this component mixes distributed/non-distributed inputs and outputs, so it may break starting with OpenMDAO 3.25, where the convention used when passing data between distributed and non-distributed inputs and outputs within a matrix free component will change. See https://github.com/OpenMDAO/POEMs/blob/master/POEM_075.md for details.
/home/dafoamuser/dafoam/packages/miniconda3/lib/python3.10/site-packages/openmdao/core/component.py:140: OMDeprecationWarning:'scenario.aero_post.functionals' <class DAFoamFunctions>: It appears this component mixes distributed/non-distributed inputs and outputs, so it may break starting with OpenMDAO 3.25, where the convention used when passing data between distributed and non-distributed inputs and outputs within a matrix free component will change. See https://github.com/OpenMDAO/POEMs/blob/master/POEM_075.md for details.
/home/dafoamuser/dafoam/packages/miniconda3/lib/python3.10/site-packages/openmdao/core/component.py:140: OMDeprecationWarning:'scenario.aero_post.functionals' <class DAFoamFunctions>: It appears this component mixes distributed/non-distributed inputs and outputs, so it may break starting with OpenMDAO 3.25, where the convention used when passing data between distributed and non-distributed inputs and outputs within a matrix free component will change. See https://github.com/OpenMDAO/POEMs/blob/master/POEM_075.md for details.
/home/dafoamuser/dafoam/packages/miniconda3/lib/python3.10/site-packages/openmdao/core/component.py:140: OMDeprecationWarning:'scenario.aero_post.functionals' <class DAFoamFunctions>: It appears this component mixes distributed/non-distributed inputs and outputs, so it may break starting with OpenMDAO 3.25, where the convention used when passing data between distributed and non-distributed inputs and outputs within a matrix free component will change. See https://github.com/OpenMDAO/POEMs/blob/master/POEM_075.md for details.
DAInputVolCoord. 
Setting volume coordinates. 
Checking mesh quality for time = 0
    Overall domain bounding box (1.531656943236367e-38 -0.09450000000000007 -4.597572982954455e-06) (0.8445049030021742 0.09450000000000008 0.03750000000000003)
    Mesh has 3 geometric (non-empty/wedge) directions (1 1 1)
    Mesh has 3 solution (non-empty) directions (1 1 1)
    Boundary openness (1.515313439740468e-17 -3.199068441514043e-17 -1.023292448799798e-16) OK.
    Max cell openness = 4.093812143553891e-16 OK.
    Max aspect ratio = 69.08288552154964 OK.
    Minimum face area = 1.672850635518265e-06. Maximum face area = 0.001155838596843282.  Face area magnitudes OK.
    Min volume = 5.87896565480078e-09. Max volume = 1.309216823611781e-05.  Total volume = 0.004719850201541236.  Cell volumes OK.
    Mesh non-orthogonality Max: 3.512289277270721 average: 0.2802112050877261
    Non-orthogonality check OK.
    Face pyramids OK.
    Max skewness = 0.2185017458245953 OK.
    Coupled point location match (average 0) OK.

Mesh OK.

Running Primal Solver 001
Previous solution time -1e+10 not found and nothing deleted.
No finite volume options present

Starting time loop

Time = 1

U0 initRes: 0.9999999999944464 finalRes: 0.06362136941888905 nIters: 4
U1 initRes: 1 finalRes: 0.07970477791847391 nIters: 1
U2 initRes: 1 finalRes: 0.07708122830315875 nIters: 3
p initRes: 1 finalRes: 0.09797913003093392 nIters: 24
Time step continuity errors : sum local = 1.541656252443114
                                 global = -0.1986649576010524
                             cumulative = -0.1986649576010524
T initRes: 0.9999999999278719 finalRes: 0.08205132788937941 nIters: 4
nuTilda initRes: 0.9999999999999764 finalRes: 0.05247940569766883 nIters: 1
TP1: 2862.864258436231 final: 2862.864258436231
TP2: 9.194535031682841 final: 9.194535031682841
HFX: 587.2942450804903 final: 587.2942450804903
yPlus min: 16.55460239040893 max: 36.91568395550478 mean: 25.39963281352879
ExecutionTime = 0.52 s  ClockTime = 0 s

Time = 100

U0 initRes: 9.096683804631723e-05 finalRes: 5.206978782801796e-06 nIters: 3
U1 initRes: 0.0001110722545440881 finalRes: 1.083332267373799e-05 nIters: 2
U2 initRes: 0.000480413956749973 finalRes: 3.911812535904144e-05 nIters: 2
p initRes: 0.002064982312906844 finalRes: 0.0001497232711663562 nIters: 3
Time step continuity errors : sum local = 0.0025450989098718
                                 global = -0.0003230989807619403
                             cumulative = -0.1989880565818143
T initRes: 9.291880794466249e-05 finalRes: 5.666150030286789e-06 nIters: 3
nuTilda initRes: 0.0004612546796467809 finalRes: 3.276779764115139e-05 nIters: 2
TP1: 87.97316880960004 final: 87.97316880960004
TP2: 35.76329284003756 final: 35.76329284003756
HFX: 301.9491136741101 final: 301.9491136741101
yPlus min: 1.825569416659217 max: 55.34463333307772 mean: 23.6720064121834
ExecutionTime = 0.82 s  ClockTime = 1 s

Time = 200

U0 initRes: 7.888468370480275e-06 finalRes: 3.738865753908129e-07 nIters: 3
U1 initRes: 1.358370959952713e-05 finalRes: 6.856387374726076e-07 nIters: 3
U2 initRes: 4.842349486102594e-05 finalRes: 3.945104375136333e-06 nIters: 2
p initRes: 0.0003372433675648594 finalRes: 1.928872550595254e-05 nIters: 2
Time step continuity errors : sum local = 0.0003282424377092466
                                 global = 7.372779087843279e-06
                             cumulative = -0.1989806838027265
T initRes: 2.271640099462637e-05 finalRes: 1.026072112483016e-06 nIters: 3
nuTilda initRes: 0.000270506731143678 finalRes: 6.754414606088594e-06 nIters: 2
TP1: 88.1164800837016 final: 88.1164800837016
TP2: 35.77277897823711 final: 35.77277897823711
HFX: 301.8156014047318 final: 301.8156014047318
yPlus min: 1.851711855455157 max: 55.3250596929598 mean: 23.67100143891949
ExecutionTime = 1.06 s  ClockTime = 1 s

Time = 300

U0 initRes: 2.285134678749175e-06 finalRes: 1.099511248700588e-07 nIters: 3
U1 initRes: 5.733734469216125e-06 finalRes: 4.066964173550765e-07 nIters: 3
U2 initRes: 1.451694852500293e-05 finalRes: 1.230703379337165e-06 nIters: 2
p initRes: 0.0002375528429801798 finalRes: 1.796448608178798e-05 nIters: 1
Time step continuity errors : sum local = 0.0003056439146790801
                                 global = 4.025776953609551e-06
                             cumulative = -0.1989766580257729
T initRes: 1.618295080080825e-05 finalRes: 7.308829621508156e-07 nIters: 3
nuTilda initRes: 0.0002632415401267052 finalRes: 6.131311714526681e-06 nIters: 2
TP1: 88.11448207262072 final: 88.11448207262072
TP2: 35.77299548370103 final: 35.77299548370103
HFX: 301.8199408284054 final: 301.8199408284054
yPlus min: 1.850147414177103 max: 55.32629225387527 mean: 23.67014574332302
ExecutionTime = 1.3 s  ClockTime = 1 s

Time = 400

U0 initRes: 1.813027384616944e-06 finalRes: 8.918131221165912e-08 nIters: 3
U1 initRes: 5.059392349648893e-06 finalRes: 3.865318700530634e-07 nIters: 3
U2 initRes: 1.213303930037902e-05 finalRes: 1.107303475872501e-06 nIters: 2
p initRes: 0.0002255470932827125 finalRes: 1.32162250072681e-05 nIters: 1
Time step continuity errors : sum local = 0.0002248592474755681
                                 global = -1.328784810885822e-06
                             cumulative = -0.1989779868105838
T initRes: 1.578761377966819e-05 finalRes: 7.209496880423937e-07 nIters: 3
nuTilda initRes: 0.0002613876777982232 finalRes: 5.901873793543501e-06 nIters: 2
TP1: 88.11338423757589 final: 88.11338423757589
TP2: 35.77292475882726 final: 35.77292475882726
HFX: 301.8200867944169 final: 301.8200867944169
yPlus min: 1.849965788773598 max: 55.32636512028265 mean: 23.67016578725106
ExecutionTime = 1.52 s  ClockTime = 1 s

Time = 500

U0 initRes: 1.787783599871553e-06 finalRes: 8.810929959953947e-08 nIters: 3
U1 initRes: 5.021829918792484e-06 finalRes: 3.856343585946893e-07 nIters: 3
U2 initRes: 1.198889639135628e-05 finalRes: 1.103929071947191e-06 nIters: 2
p initRes: 0.0002247292940008477 finalRes: 1.278594080436128e-05 nIters: 1
Time step continuity errors : sum local = 0.0002175387284738214
                                 global = 2.494169488612853e-07
                             cumulative = -0.1989777373936349
T initRes: 1.575657556885783e-05 finalRes: 7.184012444447563e-07 nIters: 3
nuTilda initRes: 0.0002613465465128945 finalRes: 5.896875858029858e-06 nIters: 2
TP1: 88.11326241237087 final: 88.11326241237087
TP2: 35.77294423147787 final: 35.77294423147787
HFX: 301.820060884001 final: 301.820060884001
yPlus min: 1.849936624393524 max: 55.32635413219494 mean: 23.67016873627223
ExecutionTime = 1.76 s  ClockTime = 2 s

Time = 600

U0 initRes: 1.78787778450158e-06 finalRes: 8.806967573089363e-08 nIters: 3
U1 initRes: 5.021307513939958e-06 finalRes: 3.856713051980607e-07 nIters: 3
U2 initRes: 1.198843650673192e-05 finalRes: 1.103822838332107e-06 nIters: 2
p initRes: 0.000224664636778219 finalRes: 1.27382887481131e-05 nIters: 1
Time step continuity errors : sum local = 0.0002167279622204018
                                 global = -1.557898707616825e-07
                             cumulative = -0.1989778931835056
T initRes: 1.575626100428411e-05 finalRes: 7.182914295776172e-07 nIters: 3
nuTilda initRes: 0.0002613422746579623 finalRes: 5.896718437289418e-06 nIters: 2
TP1: 88.1132599485147 final: 88.1132599485147
TP2: 35.77293790702003 final: 35.77293790702003
HFX: 301.8200417080376 final: 301.8200417080376
yPlus min: 1.849941419175693 max: 55.32634757917099 mean: 23.67016654284529
ExecutionTime = 1.99 s  ClockTime = 2 s

Time = 700

U0 initRes: 1.787762215825067e-06 finalRes: 8.806772116246411e-08 nIters: 3
U1 initRes: 5.021256054677703e-06 finalRes: 3.856704251675462e-07 nIters: 3
U2 initRes: 1.198854381897347e-05 finalRes: 1.103820417701512e-06 nIters: 2
p initRes: 0.0002246621360452243 finalRes: 1.273591089309511e-05 nIters: 1
Time step continuity errors : sum local = 0.0002166875105127595
                                 global = -4.157948475728016e-08
                             cumulative = -0.1989779347629904
T initRes: 1.575625732066649e-05 finalRes: 7.182878815060161e-07 nIters: 3
nuTilda initRes: 0.0002613423635765237 finalRes: 5.896721044384502e-06 nIters: 2
TP1: 88.11326245255623 final: 88.11326245255623
TP2: 35.77293960048997 final: 35.77293960048997
HFX: 301.8200457059297 final: 301.8200457059297
yPlus min: 1.849941266989763 max: 55.32634867567207 mean: 23.67016696594259
ExecutionTime = 2.23 s  ClockTime = 2 s

Time = 800

U0 initRes: 1.787754539707106e-06 finalRes: 8.806775930195016e-08 nIters: 3
U1 initRes: 5.021255747301035e-06 finalRes: 3.856702539982109e-07 nIters: 3
U2 initRes: 1.198852605569566e-05 finalRes: 1.103818088969702e-06 nIters: 2
p initRes: 0.0002246619643216864 finalRes: 1.273603943860484e-05 nIters: 1
Time step continuity errors : sum local = 0.0002166896970443436
                                 global = -5.180503856803323e-08
                             cumulative = -0.198977986568029
T initRes: 1.575625512966764e-05 finalRes: 7.182883785795853e-07 nIters: 3
nuTilda initRes: 0.0002613423575777167 finalRes: 5.896719970493846e-06 nIters: 2
TP1: 88.11326210945622 final: 88.11326210945622
TP2: 35.77293945466297 final: 35.77293945466297
HFX: 301.8200454435166 final: 301.8200454435166
yPlus min: 1.849941228257551 max: 55.3263486173985 mean: 23.67016694140074
ExecutionTime = 2.46 s  ClockTime = 2 s

Time = 900

U0 initRes: 1.787757075300086e-06 finalRes: 8.806780898438644e-08 nIters: 3
U1 initRes: 5.021257067728539e-06 finalRes: 3.856703256324671e-07 nIters: 3
U2 initRes: 1.198852684226642e-05 finalRes: 1.103818277929321e-06 nIters: 2
p initRes: 0.0002246619631139128 finalRes: 1.273603402926263e-05 nIters: 1
Time step continuity errors : sum local = 0.0002166896049914425
                                 global = -5.27123757818103e-08
                             cumulative = -0.1989780392804047
T initRes: 1.57562552569331e-05 finalRes: 7.182884267952422e-07 nIters: 3
nuTilda initRes: 0.0002613423580129273 finalRes: 5.89672016897476e-06 nIters: 2
TP1: 88.11326211293934 final: 88.11326211293934
TP2: 35.77293944194179 final: 35.77293944194179
HFX: 301.8200454046519 final: 301.8200454046519
yPlus min: 1.849941236132968 max: 55.32634860534043 mean: 23.67016693641794
ExecutionTime = 2.69 s  ClockTime = 2 s

Time = 1000

U0 initRes: 1.78775682928348e-06 finalRes: 8.806780244699197e-08 nIters: 3
U1 initRes: 5.021256892930819e-06 finalRes: 3.856703143743366e-07 nIters: 3
U2 initRes: 1.198852667317516e-05 finalRes: 1.103818279308402e-06 nIters: 2
p initRes: 0.0002246619645713973 finalRes: 1.273603267694129e-05 nIters: 1
Time step continuity errors : sum local = 0.0002166895819777201
                                 global = -5.240981408077575e-08
                             cumulative = -0.1989780916902188
T initRes: 1.575625524877012e-05 finalRes: 7.182884293437473e-07 nIters: 3
nuTilda initRes: 0.0002613423579321642 finalRes: 5.89672015425336e-06 nIters: 2
TP1: 88.11326211900123 final: 88.11326211900123
TP2: 35.77293944621868 final: 35.77293944621868
HFX: 301.8200454155458 final: 301.8200454155458
yPlus min: 1.849941235755488 max: 55.3263486083815 mean: 23.67016693761568
ExecutionTime = 2.92 s  ClockTime = 3 s

End

Moving time 1000 to 0.0001
Printing Primal Residual Statistics.
U Residual Norm2: (24.92476133243049 24.00921711498621 10.57892510031486)
U Residual Mean: (0.03047726508654372 0.02715210708333543 0.01098377591375778)
U Residual Max: (12.96340558158612 10.89676355049495 8.323360477627787)
p Residual Norm2: 8.729234045828379
p Residual Mean: 0.01348177145585364
p Residual Max: 3.166692759846854
T Residual Norm2: 40.80203387958579
T Residual Mean: 0.04508959193541245
T Residual Max: 21.23064304493852
nuTilda Residual Norm2: 0.6452187398966626
nuTilda Residual Mean: 0.0004232009595332533
nuTilda Residual Max: 0.5227543686760273
phi Residual Norm2: 0.04589478942869402
phi Residual Mean: 2.243299345893722e-05
phi Residual Max: 0.02970031662517562
Total Residual Norm2: 55.23607335358811
 
 
PROBE_RESULT idx=16 delta=1.0000000000e-03 OBJ.val=5.234032267278256e+01 TP1=8.811326211900123e+01 TP2=3.577293944621868e+01
Finalising parallel run
Finalising parallel run
