
                             cumulative = -0.1058085087240146
T initRes: 1.58159071189302e-05 finalRes: 7.369046874951267e-07 nIters: 3
nuTilda initRes: 0.0002617563485266465 finalRes: 5.936032950948521e-06 nIters: 2
TP1: 88.11785363118362 final: 88.11785363118362
TP2: 35.77314205078323 final: 35.77314205078323
HFX: 301.8124968622462 final: 301.8124968622462
yPlus min: 1.846389959197275 max: 55.3251737834623 mean: 23.66989817408707
ExecutionTime = 3.72 s  ClockTime = 3 s

Time = 400

U0 initRes: 1.791239196995814e-06 finalRes: 9.317219043193885e-08 nIters: 3
U1 initRes: 5.015089280315226e-06 finalRes: 3.842958901445922e-07 nIters: 3
U2 initRes: 1.212359380954464e-05 finalRes: 1.12182768098454e-06 nIters: 2
p initRes: 0.0002257968865189353 finalRes: 1.312501030875906e-05 nIters: 1
Time step continuity errors : sum local = 0.0002232869622586607
                                 global = 4.078410559757245e-07
                             cumulative = -0.1058081008829587
T initRes: 1.581621645296168e-05 finalRes: 7.368678141620281e-07 nIters: 3
nuTilda initRes: 0.0002617566980132561 finalRes: 5.936010532845608e-06 nIters: 2
TP1: 88.11785437663541 final: 88.11785437663541
TP2: 35.77314333904211 final: 35.77314333904211
HFX: 301.8124977087904 final: 301.8124977087904
yPlus min: 1.846389176239444 max: 55.32517429959713 mean: 23.669898238865
ExecutionTime = 3.95 s  ClockTime = 4 s

Time = 500

U0 initRes: 1.791069470507087e-06 finalRes: 9.313802731817847e-08 nIters: 3
U1 initRes: 5.016088122077886e-06 finalRes: 3.843924924939185e-07 nIters: 3
U2 initRes: 1.212447017210521e-05 finalRes: 1.122417569357555e-06 nIters: 2
p initRes: 0.0002258009374859083 finalRes: 1.313099636170013e-05 nIters: 1
Time step continuity errors : sum local = 0.0002233887984859753
                                 global = 3.255516264384446e-07
                             cumulative = -0.1058077753313322
T initRes: 1.581602309545915e-05 finalRes: 7.369004812168884e-07 nIters: 3
nuTilda initRes: 0.0002617564908012803 finalRes: 5.936112625510122e-06 nIters: 2
TP1: 88.11785444109151 final: 88.11785444109151
TP2: 35.77314344250092 final: 35.77314344250092
HFX: 301.8124975555114 final: 301.8124975555114
yPlus min: 1.846390999913577 max: 55.32517455689405 mean: 23.6698983153771
ExecutionTime = 4.18 s  ClockTime = 4 s

Time = 600

U0 initRes: 1.791750399391377e-06 finalRes: 9.319259511763961e-08 nIters: 3
U1 initRes: 5.01665860191238e-06 finalRes: 3.843353769490023e-07 nIters: 3
U2 initRes: 1.212781251609549e-05 finalRes: 1.122202397383187e-06 nIters: 2
p initRes: 0.0002258091270698892 finalRes: 1.312337101575085e-05 nIters: 1
Time step continuity errors : sum local = 0.0002232590735093582
                                 global = 3.649180762741553e-07
                             cumulative = -0.1058074104132559
T initRes: 1.581619558142989e-05 finalRes: 7.3687954756304e-07 nIters: 3
nuTilda initRes: 0.0002617566580167313 finalRes: 5.93599733413758e-06 nIters: 2
TP1: 88.11785448957191 final: 88.11785448957191
TP2: 35.77314262680495 final: 35.77314262680495
HFX: 301.8124974851897 final: 301.8124974851897
yPlus min: 1.84638801476685 max: 55.32517436405636 mean: 23.66989825026834
ExecutionTime = 4.41 s  ClockTime = 4 s

Time = 700

U0 initRes: 1.790966172250541e-06 finalRes: 9.314226560073969e-08 nIters: 3
U1 initRes: 5.014736066617345e-06 finalRes: 3.843348015051119e-07 nIters: 3
U2 initRes: 1.212237752843011e-05 finalRes: 1.121947036459009e-06 nIters: 2
p initRes: 0.0002257886289753323 finalRes: 1.313196376518115e-05 nIters: 1
Time step continuity errors : sum local = 0.0002234052566258684
                                 global = 4.414002572496925e-07
                             cumulative = -0.1058069690129987
T initRes: 1.581616646298962e-05 finalRes: 7.368752614068634e-07 nIters: 3
nuTilda initRes: 0.0002617567367672451 finalRes: 5.936082091950515e-06 nIters: 2
TP1: 88.11785425500905 final: 88.11785425500905
TP2: 35.77314407110619 final: 35.77314407110619
HFX: 301.8124976336634 final: 301.8124976336634
yPlus min: 1.846391393234278 max: 55.32517429089226 mean: 23.66989824835137
ExecutionTime = 4.64 s  ClockTime = 4 s

Time = 800

U0 initRes: 1.79131155876724e-06 finalRes: 9.314455237757867e-08 nIters: 3
U1 initRes: 5.016822492240893e-06 finalRes: 3.84393528229543e-07 nIters: 3
U2 initRes: 1.21266736200621e-05 finalRes: 1.122467459741088e-06 nIters: 2
p initRes: 0.0002258072181930173 finalRes: 1.312790630785519e-05 nIters: 1
Time step continuity errors : sum local = 0.000223336228982305
                                 global = 3.322467546130252e-07
                             cumulative = -0.1058066367662441
T initRes: 1.581591936569081e-05 finalRes: 7.369057243268079e-07 nIters: 3
nuTilda initRes: 0.0002617563770964115 finalRes: 5.93607663130267e-06 nIters: 2
TP1: 88.11785452190398 final: 88.11785452190398
TP2: 35.77314350067654 final: 35.77314350067654
HFX: 301.8124974532526 final: 301.8124974532526
yPlus min: 1.846390116429256 max: 55.32517444360338 mean: 23.66989828760022
ExecutionTime = 4.87 s  ClockTime = 5 s

Time = 900

U0 initRes: 1.79153716936903e-06 finalRes: 9.31832211753409e-08 nIters: 3
U1 initRes: 5.015689448654587e-06 finalRes: 3.843071576266958e-07 nIters: 3
U2 initRes: 1.212525073241376e-05 finalRes: 1.121926096481391e-06 nIters: 2
p initRes: 0.0002258036400523386 finalRes: 1.312385653417123e-05 nIters: 1
Time step continuity errors : sum local = 0.0002232673333379966
                                 global = 3.790706122047894e-07
                             cumulative = -0.1058062576956319
T initRes: 1.581619744792489e-05 finalRes: 7.36874945685203e-07 nIters: 3
nuTilda initRes: 0.0002617566784391314 finalRes: 5.935999503672985e-06 nIters: 2
TP1: 88.11785466089151 final: 88.11785466089151
TP2: 35.77314289220961 final: 35.77314289220961
HFX: 301.812497427656 final: 301.812497427656
yPlus min: 1.846388424674875 max: 55.32517442340853 mean: 23.66989824209755
ExecutionTime = 5.11 s  ClockTime = 5 s

Time = 1000

U0 initRes: 1.790830295814025e-06 finalRes: 9.312997780941453e-08 nIters: 3
U1 initRes: 5.014781648754922e-06 finalRes: 3.843604567631843e-07 nIters: 3
U2 initRes: 1.212284484574198e-05 finalRes: 1.122194176230843e-06 nIters: 2
p initRes: 0.0002257911542324242 finalRes: 1.313207145028005e-05 nIters: 1
Time step continuity errors : sum local = 0.0002234070879309157
                                 global = 3.547148072376457e-07
                             cumulative = -0.1058059029808247
T initRes: 1.58160611175115e-05 finalRes: 7.368943516466428e-07 nIters: 3
nuTilda initRes: 0.0002617565378956061 finalRes: 5.936115555154471e-06 nIters: 2
TP1: 88.11785453165896 final: 88.11785453165896
TP2: 35.77314391912665 final: 35.77314391912665
HFX: 301.8124976278166 final: 301.8124976278166
yPlus min: 1.846392177280291 max: 55.32517441728295 mean: 23.66989829588663
ExecutionTime = 5.34 s  ClockTime = 5 s

End

Moving time 1000 to 0.0002
Printing Primal Residual Statistics.
U Residual Norm2: (25.51878685184339 24.02094395957409 10.57981179680454)
U Residual Mean: (0.03067399395378687 0.02707842836924286 0.01097931474555877)
U Residual Max: (13.58709557171951 10.9348626171282 8.327794315329321)
p Residual Norm2: 8.624641393954338
p Residual Mean: 0.01332779668223747
p Residual Max: 3.165169397347575
T Residual Norm2: 41.16316407887728
T Residual Mean: 0.04550368470275061
T Residual Max: 21.3550358214152
nuTilda Residual Norm2: 0.650997423103532
nuTilda Residual Mean: 0.0004284902915444103
nuTilda Residual Max: 0.5274331069569561
phi Residual Norm2: 0.06461452547014537
phi Residual Mean: 2.571087585795752e-05
phi Residual Max: 0.04467135247867451
Total Residual Norm2: 55.76168162452861
 
 
WARM_RESULT idx=16 delta=+1.0000000000e-04 OBJ.val=5.234471061253232e+01
DAInputVolCoord. 
Setting volume coordinates. 
Checking mesh quality for time = 1000
    Overall domain bounding box (-2.278536707381184e-10 -0.09450000000000007 -8.978830015825206e-07) (0.8444999999989887 0.09450000000000008 0.03750000000000003)
    Mesh has 3 geometric (non-empty/wedge) directions (1 1 1)
    Mesh has 3 solution (non-empty) directions (1 1 1)
    Boundary openness (1.395920817577776e-17 -1.003255437787411e-17 -7.877244572142937e-17) OK.
    Max cell openness = 4.372629603038908e-16 OK.
    Max aspect ratio = 69.08288552382443 OK.
    Minimum face area = 1.673067336746103e-06. Maximum face area = 0.001155838030817332.  Face area magnitudes OK.
    Min volume = 5.879968092322171e-09. Max volume = 1.309214573294009e-05.  Total volume = 0.00471983185470951.  Cell volumes OK.
    Mesh non-orthogonality Max: 3.512283126450411 average: 0.2800805799888105
    Non-orthogonality check OK.
    Face pyramids OK.
    Max skewness = 0.2181449020822691 OK.
    Coupled point location match (average 0) OK.

Mesh OK.

Running Primal Solver 003
Previous solution time 1000 not found and nothing deleted.
No finite volume options present

Starting time loop

Time = 1

U0 initRes: 2.174742830200245e-06 finalRes: 9.729002781781867e-08 nIters: 3
U1 initRes: 7.012308856368859e-06 finalRes: 4.113761022735554e-07 nIters: 3
U2 initRes: 2.384915495371005e-05 finalRes: 1.660301575050453e-06 nIters: 2
p initRes: 0.0002871477416430337 finalRes: 1.048440796855586e-05 nIters: 2
Time step continuity errors : sum local = 0.0001783679861162566
                                 global = -7.392738928110253e-08
                             cumulative = -0.1058059769082139
T initRes: 1.66743023103452e-05 finalRes: 7.487657946359261e-07 nIters: 3
nuTilda initRes: 0.0002067042313680863 finalRes: 6.568342270804817e-06 nIters: 2
TP1: 88.11787918987483 final: 88.11787918987483
TP2: 35.77314402151706 final: 35.77314402151706
HFX: 301.8118492729217 final: 301.8118492729217
yPlus min: 1.854241066396685 max: 55.32521237331318 mean: 23.67054111750494
ExecutionTime = 5.46 s  ClockTime = 5 s

Time = 100

U0 initRes: 1.858100208358766e-06 finalRes: 9.819299367505985e-08 nIters: 3
U1 initRes: 5.130722983084985e-06 finalRes: 3.87108700685481e-07 nIters: 3
U2 initRes: 1.24122836805964e-05 finalRes: 1.12844439687952e-06 nIters: 2
p initRes: 0.000227918398558371 finalRes: 1.388641434375903e-05 nIters: 1
Time step continuity errors : sum local = 0.0002362351755407728
                                 global = -1.680351728640743e-06
                             cumulative = -0.1058076572599426
T initRes: 1.586086261566307e-05 finalRes: 7.416428466680332e-07 nIters: 3
nuTilda initRes: 0.0002619025077388297 finalRes: 5.951874227410275e-06 nIters: 2
TP1: 88.11858325474792 final: 88.11858325474792
TP2: 35.77316012646612 final: 35.77316012646612
HFX: 301.8110649556468 final: 301.8110649556468
yPlus min: 1.845434083497523 max: 55.32494424096791 mean: 23.6698752688313
ExecutionTime = 5.68 s  ClockTime = 5 s

Time = 200

U0 initRes: 1.795867824058542e-06 finalRes: 9.387264644226401e-08 nIters: 3
U1 initRes: 5.039561956823416e-06 finalRes: 3.863543971071852e-07 nIters: 3
U2 initRes: 1.204114252164623e-05 finalRes: 1.108882753488749e-06 nIters: 2
p initRes: 0.0002259259651633348 finalRes: 1.320290102375442e-05 nIters: 1
Time step continuity errors : sum local = 0.0002246073576200328
                                 global = 1.16634860465693e-06
                             cumulative = -0.1058064909113379
T initRes: 1.581958280766816e-05 finalRes: 7.37750093887007e-07 nIters: 3
nuTilda initRes: 0.0002616844629900177 finalRes: 5.935426749686638e-06 nIters: 2
TP1: 88.11893424379659 final: 88.11893424379659
TP2: 35.77321029777886 final: 35.77321029777886
HFX: 301.8110029903669 final: 301.8110029903669
yPlus min: 1.845570038293028 max: 55.32491599650373 mean: 23.66987894999294
ExecutionTime = 5.91 s  ClockTime = 6 s

Time = 300

U0 initRes: 1.793870251036326e-06 finalRes: 9.384985536758964e-08 nIters: 3
U1 initRes: 5.038557093729261e-06 finalRes: 3.864501431212206e-07 nIters: 3
U2 initRes: 1.203108156066092e-05 finalRes: 1.108069078222033e-06 nIters: 2
p initRes: 0.0002258256781532534 finalRes: 1.31365193449326e-05 nIters: 1
Time step continuity errors : sum local = 0.0002234779702140073
                                 global = -2.348097867121962e-07
                             cumulative = -0.1058067257211246
T initRes: 1.581745947759704e-05 finalRes: 7.377163355605823e-07 nIters: 3
nuTilda initRes: 0.0002616767569247142 finalRes: 5.935071523186709e-06 nIters: 2
TP1: 88.11890827310356 final: 88.11890827310356
TP2: 35.77318747757485 final: 35.77318747757485
HFX: 301.8109534621366 final: 301.8109534621366
yPlus min: 1.845570478152421 max: 55.32490293963721 mean: 23.66987342448309
ExecutionTime = 6.15 s  ClockTime = 6 s

Time = 400

U0 initRes: 1.793764003203013e-06 finalRes: 9.38446613384794e-08 nIters: 3
U1 initRes: 5.038490276311595e-06 finalRes: 3.864415219979641e-07 nIters: 3
U2 initRes: 1.203078229841347e-05 finalRes: 1.108078533945286e-06 nIters: 2
p initRes: 0.0002258168542672431 finalRes: 1.312899628003313e-05 nIters: 1
Time step continuity errors : sum local = 0.0002233499942142485
                                 global = -9.451537616947685e-08
                             cumulative = -0.1058068202365008
T initRes: 1.581741269651778e-05 finalRes: 7.377312761185982e-07 nIters: 3
nuTilda initRes: 0.000261676705580711 finalRes: 5.935055068827213e-06 nIters: 2
TP1: 88.11891228698229 final: 88.11891228698229
TP2: 35.77318944499849 final: 35.77318944499849
HFX: 301.8109589341354 final: 301.8109589341354
yPlus min: 1.845570587975917 max: 55.32490438711675 mean: 23.66987393454742
ExecutionTime = 6.39 s  ClockTime = 6 s

Time = 500

U0 initRes: 1.793754720059424e-06 finalRes: 9.384423586857725e-08 nIters: 3
U1 initRes: 5.038492814218583e-06 finalRes: 3.864412503479006e-07 nIters: 3
U2 initRes: 1.203076831371738e-05 finalRes: 1.108077686718954e-06 nIters: 2
p initRes: 0.0002258164324973703 finalRes: 1.312857075328926e-05 nIters: 1
Time step continuity errors : sum local = 0.0002233427547667846
                                 global = -1.066896520984861e-07
                             cumulative = -0.1058069269261529
T initRes: 1.581741148457965e-05 finalRes: 7.377306750396485e-07 nIters: 3
nuTilda initRes: 0.0002616767063787717 finalRes: 5.935052941984165e-06 nIters: 2
TP1: 88.11891177461045 final: 88.11891177461045
TP2: 35.77318927129916 final: 35.77318927129916
HFX: 301.8109585461788 final: 301.8109585461788
yPlus min: 1.845570521950033 max: 55.32490429470538 mean: 23.66987390163966
ExecutionTime = 6.62 s  ClockTime = 6 s

Time = 600

U0 initRes: 1.793757657076172e-06 finalRes: 9.384437351831953e-08 nIters: 3
U1 initRes: 5.038491312959936e-06 finalRes: 3.864412860819526e-07 nIters: 3
U2 initRes: 1.20307710304262e-05 finalRes: 1.108077894569726e-06 nIters: 2
p initRes: 0.000225816397311007 finalRes: 1.312856342092423e-05 nIters: 1
Time step continuity errors : sum local = 0.0002233426300664986
                                 global = -1.065108214343113e-07
                             cumulative = -0.1058070334369743
T initRes: 1.581741169178641e-05 finalRes: 7.377307091618202e-07 nIters: 3
nuTilda initRes: 0.0002616767060384237 finalRes: 5.935053253281104e-06 nIters: 2
TP1: 88.11891181772094 final: 88.11891181772094
TP2: 35.77318927369901 final: 35.77318927369901
HFX: 301.8109585410899 final: 301.8109585410899
yPlus min: 1.845570535264097 max: 55.32490429172599 mean: 23.66987390028768
ExecutionTime = 6.85 s  ClockTime = 6 s

Time = 700

U0 initRes: 1.793757154434653e-06 finalRes: 9.384434837776001e-08 nIters: 3
U1 initRes: 5.038491534902477e-06 finalRes: 3.864412810557322e-07 nIters: 3
U2 initRes: 1.203077080624925e-05 finalRes: 1.1080778822325e-06 nIters: 2
p initRes: 0.0002258163902865321 finalRes: 1.3128559374436e-05 nIters: 1
Time step continuity errors : sum local = 0.0002233425611539124
                                 global = -1.063189477269332e-07
                             cumulative = -0.1058071397559221
T initRes: 1.581741168258213e-05 finalRes: 7.377307006132941e-07 nIters: 3
nuTilda initRes: 0.000261676706087508 finalRes: 5.935053217711122e-06 nIters: 2
TP1: 88.11891181722935 final: 88.11891181722935
TP2: 35.77318927646201 final: 35.77318927646201
HFX: 301.8109585489706 final: 301.8109585489706
yPlus min: 1.845570533559057 max: 55.32490429402003 mean: 23.66987390121814
ExecutionTime = 7.08 s  ClockTime = 7 s

Time = 800

U0 initRes: 1.793757212087986e-06 finalRes: 9.384435148062626e-08 nIters: 3
U1 initRes: 5.038491516376917e-06 finalRes: 3.86441282016364e-07 nIters: 3
U2 initRes: 1.203077082259319e-05 finalRes: 1.108077880798604e-06 nIters: 2
p initRes: 0.0002258163915157252 finalRes: 1.312855980673692e-05 nIters: 1
Time step continuity errors : sum local = 0.0002233425685909453
                                 global = -1.063630111588997e-07
                             cumulative = -0.1058072461189332
T initRes: 1.58174116812619e-05 finalRes: 7.377307009789459e-07 nIters: 3
nuTilda initRes: 0.0002616767060812213 finalRes: 5.93505322054879e-06 nIters: 2
TP1: 88.1189118166009 final: 88.1189118166009
TP2: 35.77318927583247 final: 35.77318927583247
HFX: 301.8109585473401 final: 301.8109585473401
yPlus min: 1.84557053370159 max: 55.32490429357242 mean: 23.66987390104125
ExecutionTime = 7.31 s  ClockTime = 7 s

Time = 900

U0 initRes: 1.793757208047545e-06 finalRes: 9.384435123993331e-08 nIters: 3
U1 initRes: 5.038491516898015e-06 finalRes: 3.864412819119034e-07 nIters: 3
U2 initRes: 1.203077082269224e-05 finalRes: 1.108077881208589e-06 nIters: 2
p initRes: 0.0002258163913414403 finalRes: 1.312855977958295e-05 nIters: 1
Time step continuity errors : sum local = 0.0002233425680326527
                                 global = -1.063567968812855e-07
                             cumulative = -0.1058073524757301
T initRes: 1.581741168320961e-05 finalRes: 7.377307012562253e-07 nIters: 3
nuTilda initRes: 0.0002616767060816465 finalRes: 5.935053220543916e-06 nIters: 2
TP1: 88.11891181674531 final: 88.11891181674531
TP2: 35.77318927592096 final: 35.77318927592096
HFX: 301.8109585475583 final: 301.8109585475583
yPlus min: 1.845570533699545 max: 55.32490429363006 mean: 23.66987390106354
ExecutionTime = 7.55 s  ClockTime = 7 s

Time = 1000

U0 initRes: 1.793757207977644e-06 finalRes: 9.384435123580062e-08 nIters: 3
U1 initRes: 5.038491517191685e-06 finalRes: 3.86441281912281e-07 nIters: 3
U2 initRes: 1.203077082266129e-05 finalRes: 1.108077881183682e-06 nIters: 2
p initRes: 0.0002258163913626524 finalRes: 1.312855977407861e-05 nIters: 1
Time step continuity errors : sum local = 0.000223342568046599
                                 global = -1.063574094889909e-07
                             cumulative = -0.1058074588331396
T initRes: 1.581741168150714e-05 finalRes: 7.377307012128062e-07 nIters: 3
nuTilda initRes: 0.0002616767060816468 finalRes: 5.935053220523988e-06 nIters: 2
TP1: 88.11891181672431 final: 88.11891181672431
TP2: 35.77318927591224 final: 35.77318927591224
HFX: 301.8109585475395 final: 301.8109585475395
yPlus min: 1.845570533699334 max: 55.32490429362506 mean: 23.66987390106167
ExecutionTime = 7.77 s  ClockTime = 7 s

End

Moving time 1000 to 0.0003
Printing Primal Residual Statistics.
U Residual Norm2: (25.55803712407584 24.01596246225556 10.63113334301241)
U Residual Mean: (0.03060687625398993 0.02711032469733477 0.01095971166989504)
U Residual Max: (13.58386075720148 10.9285736510702 8.39022427719776)
p Residual Norm2: 8.617649822607884
p Residual Mean: 0.01332356054623211
p Residual Max: 3.160673678171311
T Residual Norm2: 41.17678943820416
T Residual Mean: 0.04548602130388098
T Residual Max: 21.40680013272739
nuTilda Residual Norm2: 0.652044604495134
nuTilda Residual Mean: 0.0004286607741323244
nuTilda Residual Max: 0.5287166229213333
phi Residual Norm2: 0.06463840388592776
phi Residual Mean: 2.566821508835218e-05
phi Residual Max: 0.04469156320158783
Total Residual Norm2: 55.79625370913195
 
 
WARM_RESULT idx=16 delta=-1.0000000000e-04 OBJ.val=5.234572254081207e+01
Finalising parallel run
Finalising parallel run
