     -1000;
        pMax            50000;
        pMin            -50000;
        p_rghMax        50000;
        p_rghMin        -50000;
        eMax            55000;
        eMin            -220000;
        TMax            1000;
        TMin            100;
        hMax            200000;
        hMin            -200000;
        DMax            1e+16;
        DMin            -1e+16;
        rhoMax          5;
        rhoMin          0.2;
        nuTildaMax      1e+16;
        nuTildaMin      1e-16;
        kMax            1e+16;
        kMin            1e-16;
        omegaMax        1e+16;
        omegaMin        1e-16;
        epsilonMax      1e+16;
        epsilonMin      1e-16;
        ReThetatMax     1e+16;
        ReThetatMin     1e-16;
        gammaIntMax     1e+16;
        gammaIntMin     1e-16;
    }
    discipline      aero;
    adjPartDerivFDStep
    {
        State           1e-06;
    }
    transonicPCOption -1;
    unsteadyAdjoint
    {
        mode            None;
        PCMatPrecomputeInterval 100;
        PCMatUpdateInterval 1;
        reduceIO        1;
        additionalOutput 1 ( None );
        additionalOldTime 1 ( None );
        readZeroFields  1;
    }
    adjPCLag        10000;
    useAD
    {
        mode            reverse;
        dvName          None;
        seedIndex       -9999;
    }
    useConstrainHbyA 1;
    forceMeshWaveFrozen 1;
    useDdtCorr      0;
    regressionModel
    {
        active          0;
    }
    useMeanStates   0;
    solveLinearFunctionName None;
    printDAOptions  1;
    debug           0;
    writeJacobians  1 ( None );
    printInterval   100;
    printIntervalUnsteady 1;
    primalMinResTolDiff 10000000;
    adjUseColoring  1;
    adjEqnOption
    {
        globalPCIters   0;
        asmOverlap      1;
        localPCIters    1;
        jacMatReOrdering natural;
        pcFillLevel     2;
        gmresMaxIters   3000;
        gmresRestart    3000;
        gmresRelTol     1e-05;
        gmresAbsTol     1e-14;
        gmresTolDiff    10000;
        useNonZeroInitGuess 0;
        useMGSO         0;
        printInfo       1;
        fpMaxIters      1000;
        fpRelTol        1e-06;
        fpMinResTolDiff 100;
        fpPCUpwind      0;
        dynAdjustTol    0;
        KSPCalcEigen    0;
        KSPCalcSingularVal 0;
        readPCMat       0;
    }
    normalizeResiduals 11 ( URes pRes p_rghRes nuTildaRes phiRes TRes DRes kRes omegaRes epsilonRes alpha.waterRes );
    maxResConLv4JacPCMat
    {
        pRes            2;
        phiRes          1;
        URes            2;
        TRes            2;
        nuTildaRes      2;
        kRes            2;
        epsilonRes      2;
        omegaRes        2;
        p_rghRes        2;
        DRes            2;
        gammaIntRes     2;
        ReThetatRes     2;
        alpha.waterRes  2;
    }
    jacLowerBounds
    {
        dRdW            1e-30;
        dRdWPC          1e-30;
    }
    maxTractionBCIters 100;
    decomposeParDict
    {
        method          scotch;
        simpleCoeffs
        {
            n               3 ( 2 2 1 );
            delta           0.001;
        }
        kahipCoeffs
        {
            config          fast;
            imbalance       0.01;
        }
        preservePatches 1 ( None );
        singleProcessorFaceSets 1 ( None );
        args            1 ( None );
    }
    adjStateOrdering cell;
    checkMeshThreshold
    {
        maxAspectRatio  1000;
        maxNonOrth      70;
        maxSkewness     4;
        maxIncorrectlyOrientedFaces 0;
    }
    writeDeformedFFDs 0;
    writeDeformedConstraints 0;
    writeAdjointFields 0;
    maxCorrectBCCalls 2;
    writeMinorIterations 1;
    primalMinIters  1;
    tensorflow
    {
        active          0;
    }
    wallDistanceMethod daCustom;
    unsteadyCompOutput
    {
    }
}

pyDAFoam initialization done!
+----------------------------------------+
|          All IDWarp Options:           |
+----------------------------------------+
{'LdefFact': 1.0,
 'aExp': 3.0,
 'alpha': 0.25,
 'bExp': 5.0,
 'bucketSize': 8,
 'cornerAngle': 30.0,
 'errTol': 0.0005,
 'evalMode': 'fast',
 'fileType': 'OpenFOAM',
 'gridFile': '/mnt/case',
 'restartFile': None,
 'specifiedSurfaces': None,
 'symmTol': 1e-06,
 'symmetryPlanes': [],
 'symmetrySurfaces': None,
 'useRotations': True,
 'zeroCornerRotations': True}
I/O    : uncollated
Case   : /mnt/case
nProcs : 4
Hosts  :
(
    (fe3d94250754 4)
)
Pstream initialized with:
    node communication : off [type=host] (4 ranks, 1 nodes)
    topology controls  : none
    consensus exchange : 0 (tuning: 0)
    exchange algorithm : 0
    commsType          : nonBlocking
    polling iterations : 0
Reading the OpenFOAM mesh..
Overriding DebugSwitches according to controlDict
    SolverPerformance 0;

Checking if we need to compress the mesh files
Checking if we need to compress the mesh files
#------------------------------#
 Total Volume Nodes :      6336 
#------------------------------#
Finalising parallel run
I/O    : uncollated
+-------------------- Symmetry Planes -------------------+
|           Point                        Normal          |
+--------------------------------------------------------+
#--------------------------------#
 Unique Surface Nodes :      1479 
#--------------------------------#
 Computing Denominator Estimate...
 Load Balancing...
 Finished Mesh Initialization.
OrderedDict([('inlet', [0]), ('outlet', [1]), ('procBoundary0to1', [2]), ('procBoundary0to2', [3]), ('sym', [4]), ('ubend', [5]), ('ubendup', [6]), ('allSurfaces', [0, 1, 2, 3, 4, 5, 6]), ('allWalls', [5, 6]), ('designSurfaces', [5])])
dRdWT Jacobian Free created!
/home/dafoamuser/dafoam/packages/miniconda3/lib/python3.10/site-packages/openmdao/core/component.py:140: OMDeprecationWarning:'scenario.aero_post.functionals' <class DAFoamFunctions>: It appears this component mixes distributed/non-distributed inputs and outputs, so it may break starting with OpenMDAO 3.25, where the convention used when passing data between distributed and non-distributed inputs and outputs within a matrix free component will change. See https://github.com/OpenMDAO/POEMs/blob/master/POEM_075.md for details.
/home/dafoamuser/dafoam/packages/miniconda3/lib/python3.10/site-packages/openmdao/core/component.py:140: OMDeprecationWarning:'scenario.aero_post.functionals' <class DAFoamFunctions>: It appears this component mixes distributed/non-distributed inputs and outputs, so it may break starting with OpenMDAO 3.25, where the convention used when passing data between distributed and non-distributed inputs and outputs within a matrix free component will change. See https://github.com/OpenMDAO/POEMs/blob/master/POEM_075.md for details.
/home/dafoamuser/dafoam/packages/miniconda3/lib/python3.10/site-packages/openmdao/core/component.py:140: OMDeprecationWarning:'scenario.aero_post.functionals' <class DAFoamFunctions>: It appears this component mixes distributed/non-distributed inputs and outputs, so it may break starting with OpenMDAO 3.25, where the convention used when passing data between distributed and non-distributed inputs and outputs within a matrix free component will change. See https://github.com/OpenMDAO/POEMs/blob/master/POEM_075.md for details.
/home/dafoamuser/dafoam/packages/miniconda3/lib/python3.10/site-packages/openmdao/core/component.py:140: OMDeprecationWarning:'scenario.aero_post.functionals' <class DAFoamFunctions>: It appears this component mixes distributed/non-distributed inputs and outputs, so it may break starting with OpenMDAO 3.25, where the convention used when passing data between distributed and non-distributed inputs and outputs within a matrix free component will change. See https://github.com/OpenMDAO/POEMs/blob/master/POEM_075.md for details.
DAInputVolCoord. 
Setting volume coordinates. 
Checking mesh quality for time = 0
    Overall domain bounding box (1.502564277894145e-39 -0.09450000000000007 -4.597489806863289e-07) (0.8445004903002175 0.09450000000000008 0.03750000000000003)
    Mesh has 3 geometric (non-empty/wedge) directions (1 1 1)
    Mesh has 3 solution (non-empty) directions (1 1 1)
    Boundary openness (3.357630456478412e-18 -5.920127190149766e-18 5.490255695935076e-17) OK.
    Max cell openness = 5.729644671206027e-16 OK.
    Max aspect ratio = 69.08288552227486 OK.
    Minimum face area = 1.673090988189495e-06. Maximum face area = 0.001155838049816729.  Face area magnitudes OK.
    Min volume = 5.879883059653683e-09. Max volume = 1.309214826366245e-05.  Total volume = 0.004719835190614368.  Cell volumes OK.
    Mesh non-orthogonality Max: 3.512283476804352 average: 0.2800812335364288
    Non-orthogonality check OK.
    Face pyramids OK.
    Max skewness = 0.2181637113594896 OK.
    Coupled point location match (average 0) OK.

Mesh OK.

Running Primal Solver 001
Previous solution time -1e+10 not found and nothing deleted.
No finite volume options present

Starting time loop

Time = 1

U0 initRes: 0.9999999999940299 finalRes: 0.06362097676237558 nIters: 4
U1 initRes: 1 finalRes: 0.0797080977304732 nIters: 1
U2 initRes: 1 finalRes: 0.07771666797399959 nIters: 3
p initRes: 1 finalRes: 0.09798224533659429 nIters: 24
Time step continuity errors : sum local = 1.541631555588894
                                 global = -0.1986607611610227
                             cumulative = -0.1986607611610227
T initRes: 0.9999999999278142 finalRes: 0.08205186972272911 nIters: 4
nuTilda initRes: 0.9999999999999767 finalRes: 0.05247941625924688 nIters: 1
TP1: 2862.863804352198 final: 2862.863804352198
TP2: 9.194529293801978 final: 9.194529293801978
HFX: 587.2939514946279 final: 587.2939514946279
yPlus min: 16.55452551697639 max: 36.91548027096966 mean: 25.39956562303846
ExecutionTime = 0.5600000000000001 s  ClockTime = 0 s

Time = 100

U0 initRes: 9.169208683081207e-05 finalRes: 5.173138224873675e-06 nIters: 3
U1 initRes: 0.000109777449682882 finalRes: 1.0687498802295e-05 nIters: 2
U2 initRes: 0.000485846866674726 finalRes: 3.970290522064313e-05 nIters: 2
p initRes: 0.002082601983041293 finalRes: 0.0001577636262353273 nIters: 3
Time step continuity errors : sum local = 0.002681549548729947
                                 global = -0.0004391651112435235
                             cumulative = -0.1990999262722662
T initRes: 9.326600435391875e-05 finalRes: 5.687236221726815e-06 nIters: 3
nuTilda initRes: 0.000464797799718685 finalRes: 3.306929483741026e-05 nIters: 2
TP1: 87.97408183380125 final: 87.97408183380125
TP2: 35.7624443369796 final: 35.7624443369796
HFX: 301.9418705197285 final: 301.9418705197285
yPlus min: 1.815276168115725 max: 55.34390210338327 mean: 23.67168077042948
ExecutionTime = 0.86 s  ClockTime = 1 s

Time = 200

U0 initRes: 8.015128089412621e-06 finalRes: 3.71739176665317e-07 nIters: 3
U1 initRes: 1.387139523137682e-05 finalRes: 6.9191944253357e-07 nIters: 3
U2 initRes: 4.844995483537205e-05 finalRes: 3.930398010600795e-06 nIters: 2
p initRes: 0.0003392715203466612 finalRes: 1.582483002422037e-05 nIters: 2
Time step continuity errors : sum local = 0.0002692731498463969
                                 global = -3.963830323898366e-05
                             cumulative = -0.1991395645755052
T initRes: 2.276352255121201e-05 finalRes: 1.023741908580175e-06 nIters: 3
nuTilda initRes: 0.0002715198783139954 finalRes: 6.790455071304304e-06 nIters: 2
TP1: 88.11864683742799 final: 88.11864683742799
TP2: 35.77293397822354 final: 35.77293397822354
HFX: 301.8086792618504 final: 301.8086792618504
yPlus min: 1.848411291143714 max: 55.32391634108934 mean: 23.67089403857037
ExecutionTime = 1.09 s  ClockTime = 1 s

Time = 300

U0 initRes: 2.276086270633803e-06 finalRes: 1.093145267193455e-07 nIters: 3
U1 initRes: 5.712862298358895e-06 finalRes: 4.059130655631539e-07 nIters: 3
U2 initRes: 1.449865900151432e-05 finalRes: 1.228783805252675e-06 nIters: 2
p initRes: 0.0002379075630299 finalRes: 1.785119530991327e-05 nIters: 1
Time step continuity errors : sum local = 0.0003036881524016365
                                 global = -2.663169361880786e-08
                             cumulative = -0.1991395912071988
T initRes: 1.619419227443171e-05 finalRes: 7.307205978306485e-07 nIters: 3
nuTilda initRes: 0.0002640467426694841 finalRes: 6.124151561110535e-06 nIters: 2
TP1: 88.11883287421526 final: 88.11883287421526
TP2: 35.77317753056985 final: 35.77317753056985
HFX: 301.8129189486918 final: 301.8129189486918
yPlus min: 1.846369386962039 max: 55.32510454948118 mean: 23.6700309319682
ExecutionTime = 1.33 s  ClockTime = 1 s

Time = 400

U0 initRes: 1.816246005675766e-06 finalRes: 8.946637910263946e-08 nIters: 3
U1 initRes: 5.065381488094316e-06 finalRes: 3.875241574750556e-07 nIters: 3
U2 initRes: 1.214166140029211e-05 finalRes: 1.1101391170102e-06 nIters: 2
p initRes: 0.0002260702446064661 finalRes: 1.326344790685925e-05 nIters: 1
Time step continuity errors : sum local = 0.000225641425911643
                                 global = 1.0508668302807e-06
                             cumulative = -0.1991385403403685
T initRes: 1.582975672774913e-05 finalRes: 7.214874522714185e-07 nIters: 3
nuTilda initRes: 0.0002623092546991415 finalRes: 5.914328573151183e-06 nIters: 2
TP1: 88.11805046789284 final: 88.11805046789284
TP2: 35.77316961869899 final: 35.77316961869899
HFX: 301.8131708100647 final: 301.8131708100647
yPlus min: 1.846209612695175 max: 55.32518944245233 mean: 23.67005283394368
ExecutionTime = 1.56 s  ClockTime = 1 s

Time = 500

U0 initRes: 1.795994251164578e-06 finalRes: 8.853836130611325e-08 nIters: 3
U1 initRes: 5.03428578154267e-06 finalRes: 3.86542408084398e-07 nIters: 3
U2 initRes: 1.203268002219125e-05 finalRes: 1.107751579467797e-06 nIters: 2
p initRes: 0.0002252647538008965 finalRes: 1.281340653820111e-05 nIters: 1
Time step continuity errors : sum local = 0.0002179854077339898
                                 global = 3.695164440507401e-08
                             cumulative = -0.1991385033887241
T initRes: 1.580543678967517e-05 finalRes: 7.197956593168255e-07 nIters: 3
nuTilda initRes: 0.0002622732022227553 finalRes: 5.909405051593356e-06 nIters: 2
TP1: 88.11786323490033 final: 88.11786323490033
TP2: 35.77314570978398 final: 35.77314570978398
HFX: 301.8131365220434 final: 301.8131365220434
yPlus min: 1.846179749669226 max: 55.32517777820302 mean: 23.67005455179823
ExecutionTime = 1.79 s  ClockTime = 1 s

Time = 600

U0 initRes: 1.796208045298417e-06 finalRes: 8.848161677644115e-08 nIters: 3
U1 initRes: 5.033672973414786e-06 finalRes: 3.865819594318713e-07 nIters: 3
U2 initRes: 1.203207504639758e-05 finalRes: 1.10764085664227e-06 nIters: 2
p initRes: 0.0002252155896503524 finalRes: 1.277331231309368e-05 nIters: 1
Time step continuity errors : sum local = 0.0002173033039793591
                                 global = -1.981826896309897e-07
                             cumulative = -0.1991387015714137
T initRes: 1.580518997734399e-05 finalRes: 7.197142578348275e-07 nIters: 3
nuTilda initRes: 0.0002622685042854632 finalRes: 5.909272056625767e-06 nIters: 2
TP1: 88.11787218042625 final: 88.11787218042625
TP2: 35.77314217329085 final: 35.77314217329085
HFX: 301.8131212266101 final: 301.8131212266101
yPlus min: 1.846185784517387 max: 55.32517223657032 mean: 23.67005258107557
ExecutionTime = 2.02 s  ClockTime = 2 s

Time = 700

U0 initRes: 1.795984060990877e-06 finalRes: 8.847612492331845e-08 nIters: 3
U1 initRes: 5.033567363641529e-06 finalRes: 3.865768108782466e-07 nIters: 3
U2 initRes: 1.203203122072457e-05 finalRes: 1.107629738541093e-06 nIters: 2
p initRes: 0.0002252112534146615 finalRes: 1.277066904212357e-05 nIters: 1
Time step continuity errors : sum local = 0.0002172583428709254
                                 global = -3.209512580914534e-08
                             cumulative = -0.1991387336665395
T initRes: 1.580517849787951e-05 finalRes: 7.197131818593933e-07 nIters: 3
nuTilda initRes: 0.0002622685387720982 finalRes: 5.909265263209076e-06 nIters: 2
TP1: 88.11787516685581 final: 88.11787516685581
TP2: 35.77314456795197 final: 35.77314456795197
HFX: 301.8131274063953 final: 301.8131274063953
yPlus min: 1.846185398733622 max: 55.32517398448299 mean: 23.67005326416427
ExecutionTime = 2.25 s  ClockTime = 2 s

Time = 800

U0 initRes: 1.795983183453691e-06 finalRes: 8.847631277581846e-08 nIters: 3
U1 initRes: 5.033569774021017e-06 finalRes: 3.865769764952527e-07 nIters: 3
U2 initRes: 1.203202757184937e-05 finalRes: 1.107627710625766e-06 nIters: 2
p initRes: 0.0002252109673442019 finalRes: 1.277082416556155e-05 nIters: 1
Time step continuity errors : sum local = 0.0002172609808459039
                                 global = -5.291943380318528e-08
                             cumulative = -0.1991387865859733
T initRes: 1.580517727828546e-05 finalRes: 7.197132636792495e-07 nIters: 3
nuTilda initRes: 0.000262268536409076 finalRes: 5.909264614945866e-06 nIters: 2
TP1: 88.11787455168476 final: 88.11787455168476
TP2: 35.77314427383971 final: 35.77314427383971
HFX: 301.8131267372826 final: 301.8131267372826
yPlus min: 1.846185352759009 max: 55.32517381310201 mean: 23.67005319659676
ExecutionTime = 2.48 s  ClockTime = 2 s

Time = 900

U0 initRes: 1.795986766841605e-06 finalRes: 8.847637624062077e-08 nIters: 3
U1 initRes: 5.03357173107605e-06 finalRes: 3.865770647303867e-07 nIters: 3
U2 initRes: 1.203202768157066e-05 finalRes: 1.107628004741893e-06 nIters: 2
p initRes: 0.0002252109752828221 finalRes: 1.277080566063069e-05 nIters: 1
Time step continuity errors : sum local = 0.0002172606660657814
                                 global = -5.32256491839198e-08
                             cumulative = -0.1991388398116225
T initRes: 1.580517744171009e-05 finalRes: 7.197133462561461e-07 nIters: 3
nuTilda initRes: 0.0002622685369299999 finalRes: 5.909264889101133e-06 nIters: 2
TP1: 88.11787458757634 final: 88.11787458757634
TP2: 35.77314426926982 final: 35.77314426926982
HFX: 301.8131267182853 final: 301.8131267182853
yPlus min: 1.846185367397286 max: 55.32517380568846 mean: 23.67005319328112
ExecutionTime = 2.71 s  ClockTime = 2 s

Time = 1000

U0 initRes: 1.795986226347925e-06 finalRes: 8.847636423844985e-08 nIters: 3
U1 initRes: 5.033571389529623e-06 finalRes: 3.865770459428858e-07 nIters: 3
U2 initRes: 1.2032027539707e-05 finalRes: 1.107627992179688e-06 nIters: 2
p initRes: 0.0002252109767840193 finalRes: 1.277080485738462e-05 nIters: 1
Time step continuity errors : sum local = 0.0002172606524380906
                                 global = -5.279258318486408e-08
                             cumulative = -0.1991388926042057
T initRes: 1.580517742758932e-05 finalRes: 7.197133431800865e-07 nIters: 3
nuTilda initRes: 0.0002622685368496548 finalRes: 5.909264859504965e-06 nIters: 2
TP1: 88.11787459394871 final: 88.11787459394871
TP2: 35.7731442754514 final: 35.7731442754514
HFX: 301.8131267339509 final: 301.8131267339509
yPlus min: 1.846185365991813 max: 55.32517381013321 mean: 23.67005319505196
ExecutionTime = 2.94 s  ClockTime = 3 s

End

Moving time 1000 to 0.0001
Printing Primal Residual Statistics.
U Residual Norm2: (25.00526249837661 24.06287148037136 10.63637332164499)
U Residual Mean: (0.03053648642380077 0.02721148849469288 0.01098976884732606)
U Residual Max: (12.96261959055232 10.92253994559913 8.378381384099317)
p Residual Norm2: 8.741449325136665
p Residual Mean: 0.01349563952753506
p Residual Max: 3.16197691500057
T Residual Norm2: 40.95195591747833
T Residual Mean: 0.0451677063981054
T Residual Max: 21.37576843155585
nuTilda Residual Norm2: 0.6496570354358687
nuTilda Residual Mean: 0.0004241639222180143
nuTilda Residual Max: 0.527667127495456
phi Residual Norm2: 0.04598607677698904
phi Residual Mean: 2.247673361526251e-05
phi Residual Max: 0.02969815670936549
Total Residual Norm2: 55.41946564777541
 
 
PROBE_RESULT idx=16 delta=1.0000000000e-04 OBJ.val=5.234473031849731e+01 TP1=8.811787459394871e+01 TP2=3.577314427545140e+01
Finalising parallel run
Finalising parallel run
