WARNING 7: VSPAERO Viewer Not Found. 
	Expected here: /home/dafoamuser/dafoam/packages/miniconda3/lib/python3.10/site-packages/openvsp/vspviewer
WARNING 7: VSPAERO Viewer Not Found. 
	Expected here: /home/dafoamuser/dafoam/packages/miniconda3/lib/python3.10/site-packages/openvsp/vspviewer
WARNING 7: VSPAERO Viewer Not Found. 
	Expected here: /home/dafoamuser/dafoam/packages/miniconda3/lib/python3.10/site-packages/openvsp/vspviewer
WARNING 7: VSPAERO Viewer Not Found. 
	Expected here: /home/dafoamuser/dafoam/packages/miniconda3/lib/python3.10/site-packages/openvsp/vspviewer
 
-------------------------------------------------------------------------------
|                               DAFoam v5.0.0                                 |
-------------------------------------------------------------------------------
 
/*---------------------------------------------------------------------------*\
| =========                 |                                                 |
| \\      /  F ield         | OpenFOAM: The Open Source CFD Toolbox           |
|  \\    /   O peration     | Version:  2506                                  |
|   \\  /    A nd           | Website:  www.openfoam.com                      |
|    \\/     M anipulation  |                                                 |
\*---------------------------------------------------------------------------*/
Build  : _615aae61d7-20250627 OPENFOAM=2506 version=v2506
Arch   : "LSB;label=32;scalar=64"
Exec   : decomposePar
Date   : Jul 28 2026
Time   : 04:55:55
Host   : ip-172-31-43-247
PID    : 407
I/O    : uncollated
Case   : /home/dafoamuser/mount
nProcs : 1
trapFpe: Floating point exception trapping enabled (FOAM_SIGFPE).
fileModificationChecking : Monitoring run-time modified files using timeStampMaster (fileModificationSkew 5, maxFileModificationPolls 20)
allowSystemOperations : Allowing user-supplied system call operations

// * * * * * * * * * * * * * * * * * * * * * * * * * * * * * * * * * * * * * //
Create time

Overriding DebugSwitches according to controlDict
    SolverPerformance 0;



Decomposing mesh



--> FOAM FATAL ERROR: (openfoam-2506)
Case is already decomposed with 4 domains, use the -force option or manually
remove processor directories before decomposing. e.g.,
    rm -rf /home/dafoamuser/mount/processor*


    From decomposePar
    in file decomposePar.C at line 645.

FOAM exiting


Unable to run decomposePar, the domain has been already decomposed?

I/O    : uncollated
Case   : /home/dafoamuser/mount
nProcs : 4
Hosts  :
(
    (ip-172-31-43-247 4)
)
Pstream initialized with:
    node communication : off [type=host] (4 ranks, 1 nodes)
    topology controls  : none
    consensus exchange : 0 (tuning: 0)
    exchange algorithm : 0
    commsType          : nonBlocking
    polling iterations : 0
Initializing mesh and runtime for DASolver
Create time

Overriding DebugSwitches according to controlDict
    SolverPerformance 0;

Create mesh for time = 250
Replacing wallDist.method meshWave -> meshWaveFrozen
DAOption created. DASolver initialized.
[3] UPstream::init : could not attach buffer
[0] UPstream::init : could not attach buffer
[1] UPstream::init : could not attach buffer
[2] UPstream::init : could not attach buffer
I/O    : uncollated
Case   : /home/dafoamuser/mount
nProcs : 4
Hosts  :
(
    (ip-172-31-43-247 4)
)
Pstream initialized with:
    node communication : off [type=host] (4 ranks, 1 nodes)
    topology controls  : none
    consensus exchange : 0 (tuning: 0)
    exchange algorithm : 0
    commsType          : nonBlocking
    polling iterations : 0
Initializing mesh and runtime for DASolver
Create time

Overriding DebugSwitches according to controlDict
    SolverPerformance 0;

Create mesh for time = 250
Replacing wallDist.method meshWave -> meshWaveFrozen
DAOption created. DASolver initialized.
Initializing fields for DARhoSimpleCFoam
Create simpleControl.

SIMPLE: no convergence criteria found. Calculations will run for 1750 steps.

Reading thermophysical properties

Selecting thermodynamics package 
{
    mixture         pureMixture;
    specie          specie;
    equationOfState perfectGas;
    energy          sensibleInternalEnergy;
    thermo          hConst;
    type            hePsiThermo;
    transport       const;
}

[0] 
[0] 
[0] --> FOAM FATAL ERROR: (openfoam-2506[3] 
[3] 
[3] --> FOAM FATAL ERROR: (openfoam-)
[0] cannot find file "/home/dafoamuser/mount/processor0/250/p"
[0] 
[0]     From virtual Foam::autoPtr<Foam::ISstream> Foam::fileOperations::uncollatedFileOperation::readStream(Foam::regIOobject&, const Foam::fileName&, const Foam::word&, bool) const
[0] [1] 
[1] 
[1] [2] 
[2] 
[2] --> FOAM FATAL ERROR: (openfoam-2506)
[3] cannot find file "/home/dafoamuser/mount/processor3/250/p"
[3] 
[3]     From virtual Foam::autoPtr<Foam::ISstream> Foam::fileOperations::uncollatedFileOperation::readStream(Foam::regIOobject&, const Foam::fileName&, const Foam::word&, bool) const
[3]     in file global/fileOperations/uncollatedFileOperation/uncollatedFileOperation.C    in file global/fileOperations/uncollatedFileOperation/uncollatedFileOperation.C at line 629.
[0] 
FOAM parallel run exiting
[0] 
--> FOAM FATAL ERROR: (openfoam-2506)
[1] cannot find file "/home/dafoamuser/mount/processor1/250/p"
[1] 
[1]     From 2506)
[2] cannot find file "/home/dafoamuser/mount/processor2/250/p"
[2] 
[2]     From virtual Foam::autoPtr<Foam::ISstream> Foam::fileOperations::uncollatedFileOperation::readStream(Foam::regIOobject&, const Foam::fileName&, const Foam::word&, bool) const at line 629.
[3] 
FOAM parallel run exiting
[3] 
[3] 
[3] 
[2]     in file global/fileOperations/uncollatedFileOperation/uncollatedFileOperation.C at line 629.
[2] [0] 
[0] 
[0] --> FOAM FATAL IO ERROR: (openfoam-2506)
[0] cannot open file
virtual Foam::autoPtr<Foam::ISstream> Foam::fileOperations::uncollatedFileOperation::readStream(Foam::regIOobject&, const Foam::fileName&, const Foam::word&, bool) const
[1]     in file global/fileOperations/uncollatedFileOperation/uncollatedFileOperation.C at line 629.
[1] 
FOAM parallel run exiting
[1] 

[3] --> FOAM FATAL IO ERROR: (openfoam-2506)
[3] cannot open file
[3] 
[3] 
FOAM parallel run exiting
[2] 
[2] [0] 
[0]     From uncollatedFileOperation::readStream()
[0]     in file global/fileOperations/uncollatedFileOperation/uncollatedFileOperation.C at line 642.
[0] [1] 
[1] 
[1] --> FOAM FATAL IO ERROR:     From uncollatedFileOperation::readStream()
[3]     in file global/fileOperations/uncollatedFileOperation/uncollatedFileOperation.C at line 642.
[2] 
[2] --> FOAM FATAL IO ERROR: (openfoam-2506)
FOAM parallel run exiting
[0] 
[0] 
[0] 
[0] --> FOAM FATAL IO ERROR: (openfoam-2506)
[0] cannot open fileunexpected class name  expected volScalarField
    while reading object p
[0] 
[0] 
[2] cannot open file
[2] 
[2]     From uncollatedFileOperation::readStream()
[2]     in file global/fileOperations/uncollatedFileOperation/uncollatedFileOperation.C at line 642.
[2] 
FOAM parallel run exiting
(openfoam-2506)
[1] cannot open file
[1] 
[1]     From uncollatedFileOperation::readStream()
[1]     in file global/fileOperations/uncollatedFileOperation/uncollatedFileOperation.C at line 642.
[1] 
FOAM parallel run exiting
[1] 

[3] 
FOAM parallel run exiting
[3] 
[3] 
[3] 
[3] --> FOAM FATAL IO ERROR: (openfoam-2506)
[3] cannot open fileunexpected class name  expected volScalarField
    while reading object p
[3] 
[3]     From     From Foam::Istream& Foam::regIOobject::readStream(const Foam::word&, bool)
[0]     in file db/regIOobject/regIOobjectRead.C at line 156.
[0] 
FOAM parallel run exiting
[0] 
[0] 
[0] Foam::Istream& Foam::regIOobject::readStream(const Foam::word&, bool)
[3]     in file db/regIOobject/regIOobjectRead.C at line 156.
[3] 
FOAM parallel run exiting
[2] 
[2] 
[2] 
[2] --> FOAM FATAL IO ERROR: (openfoam-2506)[1] 
[1] 
[1] --> FOAM FATAL IO ERROR: (openfoam-2506)
[1] 
[0] --> FOAM FATAL IO ERROR: (openfoam-2506)
[0] cannot open fileunexpected class name  expected volScalarField
    while reading object pIstream not OK for reading dictionary 
[0] 
[0]     From [3] 
[3] 
[3] 
[3] --> FOAM FATAL IO ERROR: (openfoam-
[2] cannot open fileunexpected class name  expected volScalarField
    while reading object p
[2] 
[2]     From Foam::Istream& Foam::regIOobject::readStream(const Foam::word&, bool)
[2]     in file db/regIOobject/regIOobjectRead.C at line cannot open fileunexpected class name  expected volScalarField
    while reading object p
[1] 
[1]     From Foam::Istream& Foam::regIOobject::readStream(const Foam::word&, bool)
[1]     in file db/regIOobject/regIOobjectRead.C at line 156156.
[2] 
FOAM parallel run exiting
[2] bool Foam::dictionary::read(Foam::Istream&, bool)
[0]     in file db/dictionary/dictionaryIO.C at line 93.
[0] 
FOAM parallel run exiting
2506)
[3] cannot open fileunexpected class name  expected volScalarField
    while reading object pIstream not OK for reading dictionary 
[3] 
[3]     From .
[1] 
FOAM parallel run exiting
[1] 
[1] 
[1] 
[1] --> FOAM FATAL IO ERROR: (openfoam-2506)
[1] cannot open fileunexpected class name  expected volScalarField
    while reading object pIstream not OK for reading dictionary 
bool Foam::dictionary::read(Foam::Istream&, bool)
[3]     in file db/dictionary/dictionaryIO.C at line 93.
[3] 
FOAM parallel run exiting
[3] 

[2] 
[2] 
[2] --> FOAM FATAL IO ERROR: (openfoam-2506)
[2] cannot open fileunexpected class name  expected volScalarField
    while reading object pIstream not OK for reading dictionary 
[2] 
[2]     From bool Foam::dictionary::read(Foam::Istream&, bool)[0] 
[0] 
[0] 
[0] --> FOAM FATAL IO ERROR: (openfoam-2506)
[0] cannot open fileunexpected class name  expected volScalarField
    while reading object pIstream not OK for reading dictionary Entry 'dimensions' not found in dictionary 
[0] [1] 
[1]     From bool Foam::dictionary::read(Foam::Istream&, bool)
[1]     in file db/dictionary/dictionaryIO.C at line 93.
[1] 
FOAM parallel run exiting
[1] 

[0] 
[0]     From bool Foam::dimensionSet::readEntry(const Foam::word&, const Foam::dictionary&, Foam::IOobjectOption::readOption)
[0]     in file dimensionSet/dimensionSetIO.C at line 442.
[0] 
FOAM parallel run exiting
[3] 
[3] 
[3] --> FOAM FATAL IO ERROR: (openfoam-2506)
[3] cannot open fileunexpected class name  expected volScalarField
    while reading object pIstream not OK for reading dictionary Entry 'dimensions' not found in dictionary 
[3] 
[3] 
[3]     From 
[2]     in file db/dictionary/dictionaryIO.C at line 93.
[2] 
FOAM parallel run exiting
[2] 
[1] 
[1] 
[1] --> FOAM FATAL IO ERROR: [0] 
bool Foam::dimensionSet::readEntry(const Foam::word&, const Foam::dictionary&, Foam::IOobjectOption::readOption)
[3]     in file dimensionSet/dimensionSetIO.C at line 442.
[2] 
[2] 
[2] --> FOAM FATAL IO ERROR: (openfoam-2506)
[2] cannot open fileunexpected class name  expected volScalarField
    while reading object pIstream not OK for reading dictionary Entry 'dimensions' not found in dictionary 
[2] 
[2] 
[2]     From bool Foam::dimensionSet::readEntry(const Foam::word&, const Foam::dictionary&, Foam::IOobjectOption::readOption)
[2]     in file dimensionSet/dimensionSetIO.C[3] 
FOAM parallel run exiting
[3] 
[3] 
[3] 
[3] --> FOAM FATAL IO ERROR: (openfoam-2506)
[3] cannot open fileunexpected class name  expected volScalarField
    while reading object pIstream not OK for reading dictionary Entry 'dimensions' not found in dictionary 
Required entry 'internalField' missing in dictionary 
(openfoam-2506)
[1] cannot open fileunexpected class name  expected volScalarField
    while reading object pIstream not OK for reading dictionary Entry 'dimensions' not found in dictionary 
[1] 
[1] 
[1]     From bool Foam::dimensionSet::readEntry(const Foam::word&, const Foam::dictionary&, Foam::IOobjectOption::readOption)
[1]     in file dimensionSet/dimensionSetIO.C at line 442.
[0] 
[0] 
[0] --> FOAM FATAL IO ERROR: (openfoam-2506)
[0] cannot open fileunexpected class name  expected volScalarField
    while reading object pIstream not OK for reading dictionary Entry 'dimensions' not found in dictionary 
Required entry 'internalField' missing in dictionary 
[0] 
[0] 
[0]     From bool Foam::Field<Type>::assign(const Foam::word&, const Foam::dictionary&, Foam::label, Foam::IOobjectOption::readOption) [with Type = double; Foam::label = int]
[0]     in file /home/dockeruser/OpenFOAM/OpenFOAM-v2506/src/OpenFOAM/lnInclude/Field.C at line 442.
[2] 
FOAM parallel run exiting
[2] 
[3] 
[3] 
[3]     From bool Foam::Field<Type>::assign(const Foam::word&, const Foam::dictionary&, Foam::label, Foam::IOobjectOption::readOption) [with Type = double; Foam::label = int]
[3] [1] 
FOAM parallel run exiting
[1] 
[1] 
 at line 296.
[0] 
FOAM parallel run exiting
[0] 
[0] 
[0] 
[0] --> FOAM FATAL IO ERROR: [1] 
[1] --> FOAM FATAL IO ERROR: (openfoam-2506)
[1] cannot open fileunexpected class name  expected volScalarField
    while reading object pIstream not OK for reading dictionary Entry 'dimensions' not found in dictionary 
Required entry 'internalField' missing in dictionary 
[1] 
[2] 
[2] 
[2] --> FOAM FATAL IO ERROR: (openfoam-2506)
    in file /home/dockeruser/OpenFOAM/OpenFOAM-v2506/src/OpenFOAM/lnInclude/Field.C at line 296.
[3] 
FOAM parallel run exiting
[3] 
[3] 
[3] 
[3] --> FOAM FATAL IO ERROR: (openfoam-(openfoam-2506)
[0] cannot open fileunexpected class name  expected volScalarField
    while reading object pIstream not OK for reading dictionary Entry 'dimensions' not found in dictionary 
Required entry 'internalField' missing in dictionary 
Entry 'boundaryField' not found in dictionary 
[0] 
[0] 
[0]     From const Foam::dictionary& Foam::dictionary::subDict(const Foam::word&, Foam::keyType::option) const2506)
[3] cannot open fileunexpected class name  expected volScalarField
    while reading object pIstream not OK for reading dictionary Entry 'dimensions' not found in dictionary 
Required entry 'internalField' missing in dictionary 
Entry 'boundaryField' not found in dictionary 
[3] 
[3] 
[1] 
[1]     From bool Foam::Field<Type>::assign(const Foam::word&, const Foam::dictionary&, Foam::label, Foam::IOobjectOption::readOption) [with Type = double; Foam::label = int]
[1]     in file /home/dockeruser/OpenFOAM/OpenFOAM-v2506/src/OpenFOAM/lnInclude/Field.C at line 296.
[1] [2] cannot open fileunexpected class name  expected volScalarField
    while reading object pIstream not OK for reading dictionary Entry 'dimensions' not found in dictionary 
Required entry 'internalField' missing in dictionary 
[2] 
[2] 
[2]     From bool Foam::Field<Type>::assign(const Foam::word&, const Foam::dictionary&, Foam::label, Foam::IOobjectOption::readOption) [with Type = double; Foam::label = int]
[2]     in file /home/dockeruser/OpenFOAM/OpenFOAM-v2506/src/OpenFOAM/lnInclude/Field.C
[0]     in file db/dictionary/dictionary.C at line 457.
[0] 
FOAM parallel run exiting
[0] 
 at line 296.
[2] 
FOAM parallel run exiting
[2] 
[2] 
[2] 
[2] [3]     From const Foam::dictionary& Foam::dictionary::subDict(const Foam::word&, Foam::keyType::option) const
[3]     in file db/dictionary/dictionary.C at line 457.
[3] 
FOAM parallel run exiting
[3] 

FOAM parallel run exiting
[1] 
[1] 
[1] 
[1] --> FOAM FATAL IO ERROR: (openfoam-2506)
[1] cannot open fileunexpected class name  expected volScalarField
    while reading object pIstream not OK for reading dictionary Entry 'dimensions' not found in dictionary 
Required entry 'internalField' missing in dictionary 
Entry 'boundaryField' not found in dictionary 
[1] 
[1] 
[1]     From const Foam::dictionary& Foam::dictionary::subDict(const Foam::word&, Foam::keyType::option) const
[1]     in file db/dictionary/dictionary.C--> FOAM FATAL IO ERROR: (openfoam-2506)
[2] cannot open fileunexpected class name  expected volScalarField
    while reading object pIstream not OK for reading dictionary Entry 'dimensions' not found in dictionary 
Required entry 'internalField' missing in dictionary 
Entry 'boundaryField' not found in dictionary 
[2] 
[2] 
[2]     From [0]PETSC ERROR: ------------------------------------------------------------------------
[0]PETSC ERROR: Caught signal number 11 SEGV: Segmentation Violation, probably memory access out of range
 at line 457.
[1] 
FOAM parallel run exiting
[1] [3]PETSC ERROR: ------------------------------------------------------------------------
[3]PETSC ERROR: Caught signal number 11 SEGV: Segmentation Violation, probably memory access out of range
[3]PETSC ERROR: Try option -start_in_debugger or -on_error_attach_debugger
const Foam::dictionary& Foam::dictionary::subDict(const Foam::word&, Foam::keyType::option) const
[2]     in file db/dictionary/dictionary.C at line 457.
[2] 
FOAM parallel run exiting
[2] 

[3]PETSC ERROR: or see https://petsc.org/release/faq/#valgrind
[3]PETSC ERROR: or try http://valgrind.org on GNU/linux and Apple Mac OS X to find memory corruption errors
[3]PETSC ERROR: configure using --with-debugging=yes, recompile, link, and run 
[3]PETSC ERROR: to get more information on the crash.
[0]PETSC ERROR: Try option -start_in_debugger or -on_error_attach_debugger
[0]PETSC ERROR: or see https://petsc.org/release/faq/#valgrind
[0]PETSC ERROR: or try http://valgrind.org on GNU/linux and Apple Mac OS X to find memory corruption errors
[0]PETSC ERROR: configure using --with-debugging=yes, recompile, link, and run 
[0]PETSC ERROR: to get more information on the crash.
[1]PETSC ERROR: ------------------------------------------------------------------------
[1]PETSC ERROR: [2]PETSC ERROR: ------------------------------------------------------------------------
[2]PETSC ERROR: Caught signal number 11 SEGV: Segmentation Violation, probably memory access out of range
[2]PETSC ERROR: Try option -start_in_debugger or -on_error_attach_debugger
[2]PETSC ERROR: or see https://petsc.org/release/faq/#valgrind
[2]PETSC ERROR: or try http://valgrind.org on GNU/linux and Apple Mac OS X to find memory corruption errors
[2]PETSC ERROR: configure using --with-debugging=yes, recompile, link, and run 
Caught signal number 11 SEGV: Segmentation Violation, probably memory access out of range
[1]PETSC ERROR: Try option -start_in_debugger or -on_error_attach_debugger
[1]PETSC ERROR: or see https://petsc.org/release/faq/#valgrind
[1]PETSC ERROR: or try http://valgrind.org on GNU/linux and Apple Mac OS X to find memory corruption errors
[1]PETSC ERROR: configure using --with-debugging=yes, recompile, link, and run 
[1]PETSC ERROR: to get more information on the crash.
[0]PETSC ERROR: Run with -malloc_debug to check if memory corruption is causing the crash.
[3]PETSC ERROR: Run with -malloc_debug to check if memory corruption is causing the crash.
[2]PETSC ERROR: to get more information on the crash.
[2]PETSC ERROR: Run with -malloc_debug to check if memory corruption is causing the crash.
[1]PETSC ERROR: Run with -malloc_debug to check if memory corruption is causing the crash.
--------------------------------------------------------------------------
MPI_ABORT was invoked on rank 3 in communicator MPI_COMM_WORLD
with errorcode 59.

NOTE: invoking MPI_ABORT causes Open MPI to kill all MPI processes.
You may or may not see output from other processes, depending on
exactly when Open MPI kills them.
--------------------------------------------------------------------------
[ip-172-31-43-247:00001] 3 more processes have sent help message help-mpi-api.txt / mpi-abort
[ip-172-31-43-247:00001] Set MCA parameter "orte_base_help_aggregate" to 0 to see all help / error messages
