WARNING 7: VSPAERO Viewer Not Found. 
	Expected here: /home/dafoamuser/dafoam/packages/miniconda3/lib/python3.10/site-packages/openvsp/vspviewer
WARNING 7: VSPAERO Viewer Not Found. 
	Expected here: /home/dafoamuser/dafoam/packages/miniconda3/lib/python3.10/site-packages/openvsp/vspviewer
WARNING 7: VSPAERO Viewer Not Found. 
	Expected here: /home/dafoamuser/dafoam/packages/miniconda3/lib/python3.10/site-packages/openvsp/vspviewer
WARNING 7: VSPAERO Viewer Not Found. 
	Expected here: /home/dafoamuser/dafoam/packages/miniconda3/lib/python3.10/site-packages/openvsp/vspviewer
 
-------------------------------------------------------------------------------
|                               DAFoam v5.0.0                                 |
-------------------------------------------------------------------------------
 
/*---------------------------------------------------------------------------*\
| =========                 |                                                 |
| \\      /  F ield         | OpenFOAM: The Open Source CFD Toolbox           |
|  \\    /   O peration     | Version:  2506                                  |
|   \\  /    A nd           | Website:  www.openfoam.com                      |
|    \\/     M anipulation  |                                                 |
\*---------------------------------------------------------------------------*/
Build  : _615aae61d7-20250627 OPENFOAM=2506 version=v2506
Arch   : "LSB;label=32;scalar=64"
Exec   : decomposePar
Date   : Jul 28 2026
Time   : 04:56:36
Host   : ip-172-31-43-247
PID    : 407
I/O    : uncollated
Case   : /home/dafoamuser/mount
nProcs : 1
trapFpe: Floating point exception trapping enabled (FOAM_SIGFPE).
fileModificationChecking : Monitoring run-time modified files using timeStampMaster (fileModificationSkew 5, maxFileModificationPolls 20)
allowSystemOperations : Allowing user-supplied system call operations

// * * * * * * * * * * * * * * * * * * * * * * * * * * * * * * * * * * * * * //
Create time

Overriding DebugSwitches according to controlDict
    SolverPerformance 0;



Decomposing mesh

Create mesh

Calculating distribution of cells
Decomposition method scotch [4] (region region0)

Finished decomposition in 0.85 s

Calculating original mesh data

Distributing cells to processors

Distributing faces to processors

Distributing points to processors

Constructing processor meshes
Overriding DebugSwitches according to controlDict
    SolverPerformance 0;


Processor 0
    Number of cells = 145090
    Number of points = 153769
    Number of faces shared with processor 1 = 4253
    Number of faces shared with processor 2 = 3016
    Number of faces shared with processor 3 = 1017
    Number of processor patches = 3
    Number of processor faces = 8286
    Number of boundary faces = 8746
Overriding DebugSwitches according to controlDict
    SolverPerformance 0;


Processor 1
    Number of cells = 143326
    Number of points = 152177
    Number of faces shared with processor 0 = 4253
    Number of faces shared with processor 3 = 3682
    Number of processor patches = 2
    Number of processor faces = 7935
    Number of boundary faces = 9429
Overriding DebugSwitches according to controlDict
    SolverPerformance 0;


Processor 2
    Number of cells = 144560
    Number of points = 152269
    Number of faces shared with processor 0 = 3016
    Number of faces shared with processor 3 = 6552
    Number of processor patches = 2
    Number of processor faces = 9568
    Number of boundary faces = 5560
Overriding DebugSwitches according to controlDict
    SolverPerformance 0;


Processor 3
    Number of cells = 146096
    Number of points = 154687
    Number of faces shared with processor 0 = 1017
    Number of faces shared with processor 1 = 3682
    Number of faces shared with processor 2 = 6552
    Number of processor patches = 3
    Number of processor faces = 11251
    Number of boundary faces = 5609

Number of processor faces = 18520
Max number of cells = 146096 (0.9173297966401415% above average 144768)
Max number of processor patches = 3 (20% above average 2.5)
Max number of faces between processors = 11251 (21.50107991360691% above average 9260)

Time = 0

Processor 0: field transfer
Overriding DebugSwitches according to controlDict
    SolverPerformance 0;

Processor 1: field transfer
Overriding DebugSwitches according to controlDict
    SolverPerformance 0;

Processor 2: field transfer
Overriding DebugSwitches according to controlDict
    SolverPerformance 0;

Processor 3: field transfer
Overriding DebugSwitches according to controlDict
    SolverPerformance 0;


End

I/O    : uncollated
Case   : /home/dafoamuser/mount
nProcs : 4
Hosts  :
(
    (ip-172-31-43-247 4)
)
Pstream initialized with:
    node communication : off [type=host] (4 ranks, 1 nodes)
    topology controls  : none
    consensus exchange : 0 (tuning: 0)
    exchange algorithm : 0
    commsType          : nonBlocking
    polling iterations : 0
Initializing mesh and runtime for DASolver
Create time

Overriding DebugSwitches according to controlDict
    SolverPerformance 0;

Create mesh for time = 0
Replacing wallDist.method meshWave -> meshWaveFrozen
DAOption created. DASolver initialized.
[3] UPstream::init : could not attach buffer
[2] UPstream::init : could not attach buffer
[0] UPstream::init : could not attach buffer
[1] UPstream::init : could not attach buffer
I/O    : uncollated
Case   : /home/dafoamuser/mount
nProcs : 4
Hosts  :
(
    (ip-172-31-43-247 4)
)
Pstream initialized with:
    node communication : off [type=host] (4 ranks, 1 nodes)
    topology controls  : none
    consensus exchange : 0 (tuning: 0)
    exchange algorithm : 0
    commsType          : nonBlocking
    polling iterations : 0
Initializing mesh and runtime for DASolver
Create time

Overriding DebugSwitches according to controlDict
    SolverPerformance 0;

Create mesh for time = 0
Replacing wallDist.method meshWave -> meshWaveFrozen
DAOption created. DASolver initialized.
Initializing fields for DARhoSimpleCFoam
Create simpleControl.

SIMPLE: no convergence criteria found. Calculations will run for 1000 steps.

Reading thermophysical properties

Selecting thermodynamics package 
{
    mixture         pureMixture;
    specie          specie;
    equationOfState perfectGas;
    energy          sensibleInternalEnergy;
    thermo          hConst;
    type            hePsiThermo;
    transport       const;
}

Reading field U

Reading/calculating face flux field phi

Creating turbulence model

Selecting turbulence model type RAS
Selecting RAS turbulence model SpalartAllmaras
Selecting patchDistMethod meshWaveFrozen
ft2 term: inactive
Turbulence model is compressible
Adjoint States: 
5
(
U volVectorState
nuTilda modelState
phi surfaceScalarState
p volScalarState
T volScalarState
)
Global Cells: 579072
Global Faces: 1770408
Global Xv: 1838706
Undecomposed points: 593865
Global Adjoint States: 5244840

SIMPLE: no convergence criteria found. Calculations will run for 1000 steps.

DACheckMesh Thresholds: 
maxNonOrth: 75
maxSkewness: 5
maxAspectRatio: 2000
maxIncorrectlyOrientedFaces: 0
    Adding all faces of patches: (wing) ...
    Found matching patch wing with 11136 faces
    Adding all faces of patches: (wing) ...
    Found matching patch wing with 11136 faces
Initializing fields for DARhoSimpleCFoam
Create simpleControl.

SIMPLE: no convergence criteria found. Calculations will run for 1000 steps.

Reading thermophysical properties

Selecting thermodynamics package 
{
    mixture         pureMixture;
    specie          specie;
    equationOfState perfectGas;
    energy          sensibleInternalEnergy;
    thermo          hConst;
    type            hePsiThermo;
    transport       const;
}

Reading field U

Reading/calculating face flux field phi

Creating turbulence model

Selecting turbulence model type RAS
Selecting RAS turbulence model SpalartAllmaras
Selecting patchDistMethod meshWaveFrozen
ft2 term: inactive
Turbulence model is compressible
Adjoint States: 
5
(
U volVectorState
nuTilda modelState
phi surfaceScalarState
p volScalarState
T volScalarState
)
Global Cells: 579072
Global Faces: 1770408
Global Xv: 1838706
Undecomposed points: 593865
Global Adjoint States: 5244840

SIMPLE: no convergence criteria found. Calculations will run for 1000 steps.

DACheckMesh Thresholds: 
maxNonOrth: 75
maxSkewness: 5
maxAspectRatio: 2000
maxIncorrectlyOrientedFaces: 0
    Adding all faces of patches: (wing) ...
    Found matching patch wing with 11136 faces
    Adding all faces of patches: (wing) ...
    Found matching patch wing with 11136 faces
Init solver done! ElapsedClockTime 2.000000 s
Init solver done! ElapsedCpuTime 2.630000 s
initState: 
7
(
nuTilda 4.500000000005915e-05
phi 0
U1 0
U2 0
p 101325
T 300
U0 99.99999999980587
)
Setting up primal boundary conditions based on pyOptions: 
Setting primal boundary conditions...
Setting U = (295 0 0) at inout
Setting primal boundary conditions...
Setting p = 101325 at inout
Setting primal boundary conditions...
Setting T = 300 at inout
Setting primal boundary conditions...
Setting nuTilda = 4.5e-05 at inout
Setting nut wall BC for wing. BCType=nutUSpaldingWallFunction
Setting alphat wall BC for wingBCType=compressible::alphatWallFunction. Default Prt=0.85
Reading OpenFOAM mesh information...
I/O    : uncollated
Case   : /home/dafoamuser/mount
nProcs : 4
Hosts  :
(
    (ip-172-31-43-247 4)
)
Pstream initialized with:
    node communication : off [type=host] (4 ranks, 1 nodes)
    topology controls  : none
    consensus exchange : 0 (tuning: 0)
    exchange algorithm : 0
    commsType          : nonBlocking
    polling iterations : 0
Reading the OpenFOAM mesh..
Overriding DebugSwitches according to controlDict
    SolverPerformance 0;

Checking if we need to compress the mesh files
Checking if we need to compress the mesh files
Finalising parallel run
I/O    : uncollated
DAFoam option dictionary: 
{
    solverName      DARhoSimpleCFoam;
    primalMinResTol 1e-08;
    primalFuncStdTol
    {
        stdTol          -1;
        slopeTol        -1;
        funcNames       1 ( CD );
        nStepsFrac      0.2;
    }
    primalBC
    {
        U0
        {
            variable        U;
            patches         1 ( inout );
            value           3 ( 295 0 0 );
        }
        p0
        {
            variable        p;
            patches         1 ( inout );
            value           1 ( 101325 );
        }
        T0
        {
            variable        T;
            patches         1 ( inout );
            value           1 ( 300 );
        }
        nuTilda0
        {
            variable        nuTilda;
            patches         1 ( inout );
            value           1 ( 4.5e-05 );
        }
        useWallFunction 1;
    }
    primalInitCondition
    {
    }
    normalizeStates
    {
        U               295;
        p               101325;
        T               300;
        nuTilda         0.001;
        phi             1;
    }
    function
    {
        CD
        {
            type            force;
            source          patchToFace;
            patches         1 ( wing );
            directionMode   parallelToFlow;
            patchVelocityInputName patchV;
            scale           5.731899730660602e-06;
        }
        CL
        {
            type            force;
            source          patchToFace;
            patches         1 ( wing );
            directionMode   normalToFlow;
            patchVelocityInputName patchV;
            scale           5.731899730660602e-06;
        }
    }
    inputInfo
    {
        aero_vol_coords
        {
            type            volCoord;
            components      2 ( solver function );
        }
        patchV
        {
            type            patchVelocity;
            patches         1 ( inout );
            flowAxis        x;
            normalAxis      z;
            components      2 ( solver function );
        }
    }
    outputInfo
    {
    }
    designSurfaces  1 ( wing );
    fvSource
    {
    }
    prepareCaseOnly 0;
    adjEqnSolMethod Krylov;
    dynamicMesh
    {
        active          0;
        mode            rotation;
        center          3 ( 0.25 0 0 );
        axis            z;
        omega           0.1;
        s               2;
        t0              0.35;
    }
    primalVarBounds
    {
        UMax            1000;
        UMin            -1000;
        pMax            500000;
        pMin            20000;
        p_rghMax        500000;
        p_rghMin        20000;
        eMax            55000;
        eMin            -220000;
        TMax            1000;
        TMin            100;
        hMax            200000;
        hMin            -200000;
        DMax            1e+16;
        DMin            -1e+16;
        rhoMax          5;
        rhoMin          0.2;
        nuTildaMax      1e+16;
        nuTildaMin      1e-16;
        kMax            1e+16;
        kMin            1e-16;
        omegaMax        1e+16;
        omegaMin        1e-16;
        epsilonMax      1e+16;
        epsilonMin      1e-16;
        ReThetatMax     1e+16;
        ReThetatMin     1e-16;
        gammaIntMax     1e+16;
        gammaIntMin     1e-16;
    }
    discipline      aero;
    adjPartDerivFDStep
    {
        State           1e-06;
    }
    transonicPCOption 2;
    unsteadyAdjoint
    {
        mode            None;
        PCMatPrecomputeInterval 100;
        PCMatUpdateInterval 1;
        reduceIO        1;
        additionalOutput 1 ( None );
        additionalOldTime 1 ( None );
        readZeroFields  1;
    }
    adjPCLag        10000;
    useAD
    {
        mode            reverse;
        dvName          None;
        seedIndex       -9999;
    }
    useConstrainHbyA 1;
    forceMeshWaveFrozen 1;
    useDdtCorr      0;
    regressionModel
    {
        active          0;
    }
    useMeanStates   0;
    solveLinearFunctionName None;
    printDAOptions  1;
    debug           0;
    writeJacobians  1 ( None );
    printInterval   100;
    printIntervalUnsteady 1;
    primalMinResTolDiff 100;
    adjUseColoring  1;
    adjEqnOption
    {
        globalPCIters   0;
        asmOverlap      1;
        localPCIters    1;
        jacMatReOrdering natural;
        pcFillLevel     1;
        gmresMaxIters   2000;
        gmresRestart    2000;
        gmresRelTol     1e-06;
        gmresAbsTol     1e-14;
        gmresTolDiff    100;
        useNonZeroInitGuess 0;
        useMGSO         0;
        printInfo       1;
        fpMaxIters      1000;
        fpRelTol        1e-06;
        fpMinResTolDiff 100;
        fpPCUpwind      0;
        dynAdjustTol    0;
        KSPCalcEigen    0;
        KSPCalcSingularVal 0;
        readPCMat       0;
    }
    normalizeResiduals 11 ( URes pRes p_rghRes nuTildaRes phiRes TRes DRes kRes omegaRes epsilonRes alpha.waterRes );
    maxResConLv4JacPCMat
    {
        pRes            2;
        phiRes          1;
        URes            2;
        TRes            2;
        nuTildaRes      2;
        kRes            2;
        epsilonRes      2;
        omegaRes        2;
        p_rghRes        2;
        DRes            2;
        gammaIntRes     2;
        ReThetatRes     2;
        alpha.waterRes  2;
    }
    jacLowerBounds
    {
        dRdW            1e-30;
        dRdWPC          1e-30;
    }
    maxTractionBCIters 100;
    decomposeParDict
    {
        method          scotch;
        simpleCoeffs
        {
            n               3 ( 2 2 1 );
            delta           0.001;
        }
        kahipCoeffs
        {
            config          fast;
            imbalance       0.01;
        }
        preservePatches 1 ( None );
        singleProcessorFaceSets 1 ( None );
        args            1 ( None );
    }
    adjStateOrdering cell;
    checkMeshThreshold
    {
        maxAspectRatio  2000;
        maxNonOrth      75;
        maxSkewness     5;
        maxIncorrectlyOrientedFaces 0;
    }
    writeDeformedFFDs 0;
    writeDeformedConstraints 0;
    writeAdjointFields 0;
    maxCorrectBCCalls 2;
    writeMinorIterations 0;
    primalMinIters  1;
    tensorflow
    {
        active          0;
    }
    wallDistanceMethod default;
    unsteadyCompOutput
    {
    }
}

pyDAFoam initialization done!
+----------------------------------------+
|          All IDWarp Options:           |
+----------------------------------------+
{'LdefFact': 1.0,
 'aExp': 3.0,
 'alpha': 0.25,
 'bExp': 5.0,
 'bucketSize': 8,
 'cornerAngle': 30.0,
 'errTol': 0.0005,
 'evalMode': 'fast',
 'fileType': 'OpenFOAM',
 'gridFile': '/home/dafoamuser/mount',
 'restartFile': None,
 'specifiedSurfaces': None,
 'symmTol': 1e-06,
 'symmetryPlanes': [[[0.0, 0.0, 0.0], [0.0, 1.0, 0.0]]],
 'symmetrySurfaces': None,
 'useRotations': True,
 'zeroCornerRotations': True}
I/O    : uncollated
Case   : /home/dafoamuser/mount
nProcs : 4
Hosts  :
(
    (ip-172-31-43-247 4)
)
Pstream initialized with:
    node communication : off [type=host] (4 ranks, 1 nodes)
    topology controls  : none
    consensus exchange : 0 (tuning: 0)
    exchange algorithm : 0
    commsType          : nonBlocking
    polling iterations : 0
Reading the OpenFOAM mesh..
Overriding DebugSwitches according to controlDict
    SolverPerformance 0;

Checking if we need to compress the mesh files
Checking if we need to compress the mesh files
#------------------------------#
 Total Volume Nodes :    612902 
#------------------------------#
Finalising parallel run
I/O    : uncollated
+-------------------- Symmetry Planes -------------------+
|           Point                        Normal          |
| (  0.000   0.000   0.000)    (  0.000   1.000   0.000) |
+--------------------------------------------------------+
#--------------------------------#
 Unique Surface Nodes :     11205 
#--------------------------------#
 Computing Denominator Estimate...
 Load Balancing...
 Finished Mesh Initialization.
OrderedDict([('inout', [0]), ('procBoundary0to1', [1]), ('procBoundary0to2', [2]), ('procBoundary0to3', [3]), ('sym', [4]), ('wing', [5]), ('allSurfaces', [0, 1, 2, 3, 4, 5]), ('allWalls', [5]), ('designSurfaces', [5])])
dRdWT Jacobian Free created!
/home/dafoamuser/dafoam/packages/miniconda3/lib/python3.10/site-packages/openmdao/core/component.py:140: OMDeprecationWarning:'scenario1.coupling.solver' <class DAFoamSolver>: It appears this component mixes distributed/non-distributed inputs and outputs, so it may break starting with OpenMDAO 3.25, where the convention used when passing data between distributed and non-distributed inputs and outputs within a matrix free component will change. See https://github.com/OpenMDAO/POEMs/blob/master/POEM_075.md for details.
/home/dafoamuser/dafoam/packages/miniconda3/lib/python3.10/site-packages/openmdao/core/component.py:140: OMDeprecationWarning:'scenario1.coupling.solver' <class DAFoamSolver>: It appears this component mixes distributed/non-distributed inputs and outputs, so it may break starting with OpenMDAO 3.25, where the convention used when passing data between distributed and non-distributed inputs and outputs within a matrix free component will change. See https://github.com/OpenMDAO/POEMs/blob/master/POEM_075.md for details.
/home/dafoamuser/dafoam/packages/miniconda3/lib/python3.10/site-packages/openmdao/core/component.py:140: OMDeprecationWarning:'scenario1.coupling.solver' <class DAFoamSolver>: It appears this component mixes distributed/non-distributed inputs and outputs, so it may break starting with OpenMDAO 3.25, where the convention used when passing data between distributed and non-distributed inputs and outputs within a matrix free component will change. See https://github.com/OpenMDAO/POEMs/blob/master/POEM_075.md for details.
/home/dafoamuser/dafoam/packages/miniconda3/lib/python3.10/site-packages/openmdao/core/component.py:140: OMDeprecationWarning:'scenario1.coupling.solver' <class DAFoamSolver>: It appears this component mixes distributed/non-distributed inputs and outputs, so it may break starting with OpenMDAO 3.25, where the convention used when passing data between distributed and non-distributed inputs and outputs within a matrix free component will change. See https://github.com/OpenMDAO/POEMs/blob/master/POEM_075.md for details.
/home/dafoamuser/dafoam/packages/miniconda3/lib/python3.10/site-packages/openmdao/core/component.py:140: OMDeprecationWarning:'scenario1.aero_post.functionals' <class DAFoamFunctions>: It appears this component mixes distributed/non-distributed inputs and outputs, so it may break starting with OpenMDAO 3.25, where the convention used when passing data between distributed and non-distributed inputs and outputs within a matrix free component will change. See https://github.com/OpenMDAO/POEMs/blob/master/POEM_075.md for details.
/home/dafoamuser/dafoam/packages/miniconda3/lib/python3.10/site-packages/openmdao/core/component.py:140: OMDeprecationWarning:'scenario1.aero_post.functionals' <class DAFoamFunctions>: It appears this component mixes distributed/non-distributed inputs and outputs, so it may break starting with OpenMDAO 3.25, where the convention used when passing data between distributed and non-distributed inputs and outputs within a matrix free component will change. See https://github.com/OpenMDAO/POEMs/blob/master/POEM_075.md for details.
/home/dafoamuser/dafoam/packages/miniconda3/lib/python3.10/site-packages/openmdao/core/component.py:140: OMDeprecationWarning:'scenario1.aero_post.functionals' <class DAFoamFunctions>: It appears this component mixes distributed/non-distributed inputs and outputs, so it may break starting with OpenMDAO 3.25, where the convention used when passing data between distributed and non-distributed inputs and outputs within a matrix free component will change. See https://github.com/OpenMDAO/POEMs/blob/master/POEM_075.md for details.
/home/dafoamuser/dafoam/packages/miniconda3/lib/python3.10/site-packages/openmdao/core/component.py:140: OMDeprecationWarning:'scenario1.aero_post.functionals' <class DAFoamFunctions>: It appears this component mixes distributed/non-distributed inputs and outputs, so it may break starting with OpenMDAO 3.25, where the convention used when passing data between distributed and non-distributed inputs and outputs within a matrix free component will change. See https://github.com/OpenMDAO/POEMs/blob/master/POEM_075.md for details.
/home/dafoamuser/dafoam/packages/miniconda3/lib/python3.10/site-packages/openmdao/core/problem.py:1011: DerivativesWarning:Inefficient choice of derivative mode.  You chose 'rev' for a problem with 201 design variables and 753 response variables (objectives and nonlinear constraints).
/home/dafoamuser/dafoam/packages/miniconda3/lib/python3.10/site-packages/openmdao/core/problem.py:1011: DerivativesWarning:Inefficient choice of derivative mode.  You chose 'rev' for a problem with 201 design variables and 753 response variables (objectives and nonlinear constraints).
/home/dafoamuser/dafoam/packages/miniconda3/lib/python3.10/site-packages/openmdao/core/problem.py:1011: DerivativesWarning:Inefficient choice of derivative mode.  You chose 'rev' for a problem with 201 design variables and 753 response variables (objectives and nonlinear constraints).
/home/dafoamuser/dafoam/packages/miniconda3/lib/python3.10/site-packages/openmdao/core/problem.py:1011: DerivativesWarning:Inefficient choice of derivative mode.  You chose 'rev' for a problem with 201 design variables and 753 response variables (objectives and nonlinear constraints).
DAInputVolCoord. 
Setting volume coordinates. 
DAInputPatchVelocity. 
Setting UMag = 295 AoA = 2.11031707 degs at 1(inout)
Checking mesh quality for time = 0
    Overall domain bounding box (-81.59281351740499 0 -86.170004659725) (87.46190428521501 86.799746290374 86.865333416729)
    Mesh has 3 geometric (non-empty/wedge) directions (1 1 1)
    Mesh has 3 solution (non-empty) directions (1 1 1)
    Boundary openness (-1.244586764995424e-16 -3.832756469500799e-16 1.083538085793706e-16) OK.
    Max cell openness = 1.276930624030384e-14 OK.
    Max aspect ratio = 309.1236085970671 OK.
    Minimum face area = 1.734309440209083e-08. Maximum face area = 100.2302651555852.  Face area magnitudes OK.
    Min volume = 6.33529996899503e-12. Max volume = 155.2591161981915.  Total volume = 1318339.42313302.  Cell volumes OK.
    Mesh non-orthogonality Max: 70.44640458676524 average: 18.93314240676645
    Non-orthogonality check OK.
    Face pyramids OK.
    Max skewness = 3.323214959708735 OK.
    Coupled point location match (average 0) OK.

Mesh OK.

Running Primal Solver 001
Previous solution time -1e+10 not found and nothing deleted.

Starting time loop

Time = 1

U0 initRes: 0.9999999999999977 finalRes: 0.07933226811927739 nIters: 2
U1 initRes: 1 finalRes: 0.008440005320819238 nIters: 2
U2 initRes: 1 finalRes: 0.07933489730509881 nIters: 2
he initRes: 0.9999999998510803 finalRes: 0.0698919930709717 nIters: 2
p initRes: 0.999999999994407 finalRes: 0.09543551925669906 nIters: 22
Time step continuity errors : sum local = 0.08842368249442434
                                 global = -0.03378333587952639
                             cumulative = -0.03378333587952639
nuTilda initRes: 0.9999999999809399 finalRes: 0.04217280958000701 nIters: 2
Bounding nuTilda>1e-16
CD: 0.0402452345676245 final: 0.0402452345676245
CL: 0.005111139200644266 final: 0.005111139200644266
yPlus min: 6.519191313964408 max: 60.87655350819983 mean: 25.4889723272825
ExecutionTime = 14.16 s  ClockTime = 14 s

Time = 100

U0 initRes: 0.02969790421955651 finalRes: 0.002186978888238618 nIters: 3
U1 initRes: 0.005822449218890574 finalRes: 0.0003806609197099659 nIters: 3
U2 initRes: 0.02095520249305853 finalRes: 0.001293542303850669 nIters: 3
he initRes: 0.003095602251214302 finalRes: 0.0002809434638117453 nIters: 4
p initRes: 0.002503282794735623 finalRes: 0.0002461305628818403 nIters: 24
Time step continuity errors : sum local = 0.000684268541011053
                                 global = -4.066074900558015e-05
                             cumulative = -0.03382399662853197
nuTilda initRes: 5.696591499306417e-06 finalRes: 5.311157073546713e-07 nIters: 4
Bounding nuTilda>1e-16
CD: 0.03864382429624073 final: 0.03864382429624073
CL: 0.3411838398073669 final: 0.3411838398073669
yPlus min: 3.95024844728028 max: 73.53846645256461 mean: 31.08347831387416
ExecutionTime = 54.02 s  ClockTime = 54 s

Time = 200

U0 initRes: 0.000497897567547943 finalRes: 3.531717739287911e-05 nIters: 3
U1 initRes: 0.001425111459925709 finalRes: 0.0001388759649624932 nIters: 2
U2 initRes: 0.0009476195178897233 finalRes: 8.962971867131208e-05 nIters: 2
he initRes: 0.001635301587956636 finalRes: 0.0001148880769904994 nIters: 4
p initRes: 0.0007266603892830801 finalRes: 6.96843851001991e-05 nIters: 14
Time step continuity errors : sum local = 0.0001223474103180577
                                 global = 6.117613090316282e-07
                             cumulative = -0.03382338486722294
nuTilda initRes: 3.099223101068086e-06 finalRes: 2.87226796738351e-07 nIters: 6
Bounding nuTilda>1e-16
CD: 0.03117585080584735 final: 0.03117585080584735
CL: 0.40362227137906 final: 0.40362227137906
yPlus min: 1.93297106422774 max: 72.57338095142367 mean: 32.95805459783588
ExecutionTime = 92.48 s  ClockTime = 92 s

Time = 300

U0 initRes: 7.525909581847665e-05 finalRes: 6.687182475134838e-06 nIters: 2
U1 initRes: 0.0001613763599761271 finalRes: 1.374280070197022e-05 nIters: 3
U2 initRes: 0.0001294394663547052 finalRes: 1.08636430416303e-05 nIters: 3
he initRes: 0.0003244300518706283 finalRes: 3.123983170072286e-05 nIters: 3
p initRes: 0.0002516026181161523 finalRes: 2.376487092154403e-05 nIters: 13
Time step continuity errors : sum local = 2.450839838823274e-05
                                 global = -4.821085372059579e-07
                             cumulative = -0.03382386697576014
nuTilda initRes: 1.102501899382456e-06 finalRes: 9.576810686798015e-08 nIters: 5
Bounding nuTilda>1e-16
CD: 0.02248915990682303 final: 0.02248915990682303
CL: 0.4791134169837613 final: 0.4791134169837613
yPlus min: 7.01730002760593 max: 73.34278023017407 mean: 34.06733346927933
ExecutionTime = 131.17 s  ClockTime = 131 s

Time = 400

U0 initRes: 3.151089633258166e-05 finalRes: 2.298737635129173e-06 nIters: 3
U1 initRes: 6.539438790491413e-05 finalRes: 3.769575795224584e-06 nIters: 2
U2 initRes: 4.72067048296126e-05 finalRes: 2.917745931350083e-06 nIters: 2
he initRes: 0.0001165579362366695 finalRes: 9.037760523365538e-06 nIters: 4
p initRes: 9.497976661743414e-05 finalRes: 9.379353741409667e-06 nIters: 18
Time step continuity errors : sum local = 8.236088987308703e-06
                                 global = -8.858078452984066e-08
                             cumulative = -0.03382395555654467
nuTilda initRes: 3.981653358330515e-07 finalRes: 2.571993350419646e-08 nIters: 4
Bounding nuTilda>1e-16
CD: 0.02098850050994683 final: 0.02098850050994683
CL: 0.4974525740380885 final: 0.4974525740380885
yPlus min: 7.471592828073345 max: 73.80880444748831 mean: 34.5626577871955
ExecutionTime = 169.89 s  ClockTime = 170 s

Time = 500

U0 initRes: 9.679171570897439e-06 finalRes: 6.579680972072175e-07 nIters: 3
U1 initRes: 2.313834939165459e-05 finalRes: 1.825914158540617e-06 nIters: 2
U2 initRes: 1.565925928335297e-05 finalRes: 1.067994064207539e-06 nIters: 2
he initRes: 3.209028743009862e-05 finalRes: 2.615170233094648e-06 nIters: 3
p initRes: 2.73637314055227e-05 finalRes: 2.725892427140582e-06 nIters: 20
Time step continuity errors : sum local = 2.405573915077328e-06
                                 global = -2.150434755146731e-08
                             cumulative = -0.03382397706089222
nuTilda initRes: 1.656355644717091e-07 finalRes: 8.359780263692647e-09 nIters: 3
Bounding nuTilda>1e-16
CD: 0.0208449029298164 final: 0.0208449029298164
CL: 0.500169184225855 final: 0.500169184225855
yPlus min: 7.611343526532285 max: 73.81583579669915 mean: 34.5921174699626
ExecutionTime = 217.3 s  ClockTime = 217 s

Time = 600

U0 initRes: 2.226544486273787e-06 finalRes: 1.560225566522972e-07 nIters: 2
U1 initRes: 5.299461128142979e-06 finalRes: 3.935372780985162e-07 nIters: 3
U2 initRes: 3.690516561623658e-06 finalRes: 2.434934856596848e-07 nIters: 3
he initRes: 7.689826815776645e-06 finalRes: 4.869994060569814e-07 nIters: 3
p initRes: 7.163157767982832e-06 finalRes: 6.914196918019941e-07 nIters: 21
Time step continuity errors : sum local = 6.013410823670079e-07
                                 global = 3.72261691026468e-09
                             cumulative = -0.03382397333827531
nuTilda initRes: 1.3181985150166e-07 finalRes: 1.057060983253061e-08 nIters: 2
Bounding nuTilda>1e-16
CD: 0.02088300318018382 final: 0.02088300318018382
CL: 0.5001786622700883 final: 0.5001786622700883
yPlus min: 7.660795720026156 max: 73.83290004352075 mean: 34.5897955533476
ExecutionTime = 259.22 s  ClockTime = 259 s

Time = 700

U0 initRes: 5.586510108290484e-07 finalRes: 4.850592823015357e-08 nIters: 2
U1 initRes: 1.65041224206517e-06 finalRes: 1.027308106364315e-07 nIters: 3
U2 initRes: 9.557729626372625e-07 finalRes: 6.200424587899488e-08 nIters: 3
he initRes: 2.072590857579432e-06 finalRes: 2.045823191554579e-07 nIters: 3
p initRes: 3.670236030600881e-06 finalRes: 3.586702218087504e-07 nIters: 13
Time step continuity errors : sum local = 3.290293909372239e-07
                                 global = 2.276353151862708e-08
                             cumulative = -0.03382395057474379
nuTilda initRes: 1.264532001414601e-07 finalRes: 8.874952727833387e-09 nIters: 2
Bounding nuTilda>1e-16
CD: 0.02090107562010679 final: 0.02090107562010679
CL: 0.5000507542657709 final: 0.5000507542657709
yPlus min: 7.635512316296247 max: 73.8290152236936 mean: 34.58697493551855
ExecutionTime = 298.68 s  ClockTime = 299 s

Time = 800

U0 initRes: 1.77826085753482e-07 finalRes: 1.242671186237441e-08 nIters: 3
U1 initRes: 6.184751310596003e-07 finalRes: 2.962629318190589e-08 nIters: 2
U2 initRes: 3.361850383482008e-07 finalRes: 1.576935540196908e-08 nIters: 2
he initRes: 6.513536056588383e-07 finalRes: 4.956124949835223e-08 nIters: 4
p initRes: 1.581839557325216e-06 finalRes: 1.558919195774735e-07 nIters: 11
Time step continuity errors : sum local = 1.45261122353773e-07
                                 global = 5.410157407821267e-09
                             cumulative = -0.03382394516458639
nuTilda initRes: 1.218004677835647e-07 finalRes: 7.906398032497138e-09 nIters: 2
Bounding nuTilda>1e-16
CD: 0.02090260625462841 final: 0.02090260625462841
CL: 0.5000130745553835 final: 0.5000130745553835
yPlus min: 7.671746890342645 max: 73.82667047819508 mean: 34.58646410741921
ExecutionTime = 342.21 s  ClockTime = 342 s

Time = 900

U0 initRes: 5.256773577871676e-08 finalRes: 3.751549557423199e-09 nIters: 2
U1 initRes: 1.720217330990359e-07 finalRes: 1.571945985398661e-08 nIters: 2
U2 initRes: 9.736759272916136e-08 finalRes: 8.885431767729216e-09 nIters: 2
he initRes: 1.55451802843639e-07 finalRes: 1.433440534312647e-08 nIters: 2
p initRes: 4.302901986228914e-07 finalRes: 3.977827425629108e-08 nIters: 11
Time step continuity errors : sum local = 3.674287886594422e-08
                                 global = -4.298557253033814e-10
                             cumulative = -0.03382394559444211
nuTilda initRes: 1.20056874419319e-07 finalRes: 7.806603190704326e-09 nIters: 2
Bounding nuTilda>1e-16
CD: 0.02090180942133302 final: 0.02090180942133302
CL: 0.5000130615218661 final: 0.5000130615218661
yPlus min: 7.64754304525421 max: 73.82621418941837 mean: 34.5868270080041
ExecutionTime = 374.2 s  ClockTime = 374 s

Time = 1000

U0 initRes: 2.329009005138466e-08 finalRes: 1.742194091036054e-09 nIters: 2
U1 initRes: 3.004163067026288e-08 finalRes: 1.823763983190351e-09 nIters: 3
U2 initRes: 2.380868760913451e-08 finalRes: 1.53927642199333e-09 nIters: 3
he initRes: 4.658548854958758e-08 finalRes: 3.552058518763733e-09 nIters: 3
p initRes: 1.009350711521818e-07 finalRes: 9.878745080529403e-09 nIters: 9
Time step continuity errors : sum local = 8.643957172557698e-09
                                 global = -2.323222966875102e-10
                             cumulative = -0.03382394582676441
nuTilda initRes: 1.181681057385885e-07 finalRes: 7.485783071701252e-09 nIters: 2
Bounding nuTilda>1e-16
CD: 0.02090143421526141 final: 0.02090143421526141
CL: 0.5000146055201552 final: 0.5000146055201552
yPlus min: 7.650853477410649 max: 73.82622572813291 mean: 34.5866141415769
ExecutionTime = 403.99 s  ClockTime = 404 s

End

Printing Primal Residual Statistics.
U Residual Norm2: (9825746.041633999 4157172.438707694 6532035.818793524)
U Residual Mean: (568.997939382593 154.02916908494 247.683660722357)
U Residual Max: (823131.380859067 698504.5912050735 1076873.989404832)
p Residual Norm2: 263303.8258586535
p Residual Mean: 8.20523751958471
p Residual Max: 33033.10622944153
T Residual Norm2: 850899542.2772245
T Residual Mean: 63322.4701725208
T Residual Max: 138344296.7111584
nuTilda Residual Norm2: 17006.32299935754
nuTilda Residual Mean: 0.4563948634278258
nuTilda Residual Max: 2463.752275834524
phi Residual Norm2: 64.3969501231297
phi Residual Mean: 0.001656901520613501
phi Residual Max: 5.543056025679999
Total Residual Norm2: 850991536.6944678
 
 
Finalising parallel run
Finalising parallel run
