WARNING 7: VSPAERO Viewer Not Found. 
	Expected here: /home/dafoamuser/dafoam/packages/miniconda3/lib/python3.10/site-packages/openvsp/vspviewer
WARNING 7: VSPAERO Viewer Not Found. 
	Expected here: /home/dafoamuser/dafoam/packages/miniconda3/lib/python3.10/site-packages/openvsp/vspviewer
WARNING 7: VSPAERO Viewer Not Found. 
	Expected here: /home/dafoamuser/dafoam/packages/miniconda3/lib/python3.10/site-packages/openvsp/vspviewer
WARNING 7: VSPAERO Viewer Not Found. 
	Expected here: /home/dafoamuser/dafoam/packages/miniconda3/lib/python3.10/site-packages/openvsp/vspviewer
 
-------------------------------------------------------------------------------
|                               DAFoam v5.0.0                                 |
-------------------------------------------------------------------------------
 
/*---------------------------------------------------------------------------*\
| =========                 |                                                 |
| \\      /  F ield         | OpenFOAM: The Open Source CFD Toolbox           |
|  \\    /   O peration     | Version:  2506                                  |
|   \\  /    A nd           | Website:  www.openfoam.com                      |
|    \\/     M anipulation  |                                                 |
\*---------------------------------------------------------------------------*/
Build  : _615aae61d7-20250627 OPENFOAM=2506 version=v2506
Arch   : "LSB;label=32;scalar=64"
Exec   : decomposePar
Date   : Jul 28 2026
Time   : 01:10:42
Host   : ip-172-31-43-247
PID    : 407
I/O    : uncollated
Case   : /home/dafoamuser/mount/A5_ubend_pressureloss
nProcs : 1
trapFpe: Floating point exception trapping enabled (FOAM_SIGFPE).
fileModificationChecking : Monitoring run-time modified files using timeStampMaster (fileModificationSkew 5, maxFileModificationPolls 20)
allowSystemOperations : Allowing user-supplied system call operations

// * * * * * * * * * * * * * * * * * * * * * * * * * * * * * * * * * * * * * //
Create time

Overriding DebugSwitches according to controlDict
    SolverPerformance 0;



Decomposing mesh

Create mesh

Calculating distribution of cells
Decomposition method scotch [4] (region region0)

Finished decomposition in 0.01 s

Calculating original mesh data

Distributing cells to processors

Distributing faces to processors

Distributing points to processors

Constructing processor meshes
Overriding DebugSwitches according to controlDict
    SolverPerformance 0;


Processor 0
    Number of cells = 1200
    Number of points = 1584
    Number of faces shared with processor 1 = 104
    Number of faces shared with processor 2 = 96
    Number of processor patches = 2
    Number of processor faces = 200
    Number of boundary faces = 500
Overriding DebugSwitches according to controlDict
    SolverPerformance 0;


Processor 1
    Number of cells = 1200
    Number of points = 1584
    Number of faces shared with processor 0 = 104
    Number of processor patches = 1
    Number of processor faces = 104
    Number of boundary faces = 596
Overriding DebugSwitches according to controlDict
    SolverPerformance 0;


Processor 2
    Number of cells = 1200
    Number of points = 1584
    Number of faces shared with processor 0 = 96
    Number of faces shared with processor 3 = 104
    Number of processor patches = 2
    Number of processor faces = 200
    Number of boundary faces = 500
Overriding DebugSwitches according to controlDict
    SolverPerformance 0;


Processor 3
    Number of cells = 1200
    Number of points = 1584
    Number of faces shared with processor 2 = 104
    Number of processor patches = 1
    Number of processor faces = 104
    Number of boundary faces = 596

Number of processor faces = 304
Max number of cells = 1200 (0% above average 1200)
Max number of processor patches = 2 (33.33333333333334% above average 1.5)
Max number of faces between processors = 200 (31.57894736842105% above average 152)

Time = 0

Processor 0: field transfer
Overriding DebugSwitches according to controlDict
    SolverPerformance 0;

Processor 1: field transfer
Overriding DebugSwitches according to controlDict
    SolverPerformance 0;

Processor 2: field transfer
Overriding DebugSwitches according to controlDict
    SolverPerformance 0;

Processor 3: field transfer
Overriding DebugSwitches according to controlDict
    SolverPerformance 0;


End

I/O    : uncollated
Case   : /home/dafoamuser/mount/A5_ubend_pressureloss
nProcs : 4
Hosts  :
(
    (ip-172-31-43-247 4)
)
Pstream initialized with:
    node communication : off [type=host] (4 ranks, 1 nodes)
    topology controls  : none
    consensus exchange : 0 (tuning: 0)
    exchange algorithm : 0
    commsType          : nonBlocking
    polling iterations : 0
Initializing mesh and runtime for DASolver
Create time

Overriding DebugSwitches according to controlDict
    SolverPerformance 0;

Create mesh for time = 0
Replacing wallDist.method meshWave -> meshWaveFrozen
DAOption created. DASolver initialized.
[0] UPstream::init : could not attach buffer
[2] UPstream::init : could not attach buffer
[1] UPstream::init : could not attach buffer
[3] UPstream::init : could not attach buffer
I/O    : uncollated
Case   : /home/dafoamuser/mount/A5_ubend_pressureloss
nProcs : 4
Hosts  :
(
    (ip-172-31-43-247 4)
)
Pstream initialized with:
    node communication : off [type=host] (4 ranks, 1 nodes)
    topology controls  : none
    consensus exchange : 0 (tuning: 0)
    exchange algorithm : 0
    commsType          : nonBlocking
    polling iterations : 0
Initializing mesh and runtime for DASolver
Create time

Overriding DebugSwitches according to controlDict
    SolverPerformance 0;

Create mesh for time = 0
Replacing wallDist.method meshWave -> meshWaveFrozen
DAOption created. DASolver initialized.
Initializing fields for DASimpleFoam
Create simpleControl.

SIMPLE: no convergence criteria found. Calculations will run for 5000 steps.

Reading field p

Reading field U

Reading/calculating face flux field phi

Creating source term. 
Selecting incompressible transport model Newtonian
Selecting turbulence model type RAS
Selecting RAS turbulence model SpalartAllmaras
Selecting patchDistMethod meshWaveFrozen
ft2 term: inactive
No MRF models present

Reading field T

Reading field alphat

Turbulence model is incompressible
Adjoint States: 
5
(
U volVectorState
nuTilda modelState
phi surfaceScalarState
p volScalarState
T volScalarState
)
Global Cells: 4800
Global Faces: 15800
Global Xv: 19008
Undecomposed points: 5967
Global Adjoint States: 44600

SIMPLE: no convergence criteria found. Calculations will run for 5000 steps.

DACheckMesh Thresholds: 
maxNonOrth: 70
maxSkewness: 4
maxAspectRatio: 1000
maxIncorrectlyOrientedFaces: 0
    Adding all faces of patches: (inlet) ...
    Found matching patch inlet with 96 faces
    Adding all faces of patches: (outlet) ...
    Found matching patch outlet with 96 faces
    Adding all faces of patches: (ubend) ...
    Found matching patch ubend with 1232 faces
Initializing fields for DASimpleFoam
Create simpleControl.

SIMPLE: no convergence criteria found. Calculations will run for 5000 steps.

Reading field p

Reading field U

Reading/calculating face flux field phi

Creating source term. 
Selecting incompressible transport model Newtonian
Selecting turbulence model type RAS
Selecting RAS turbulence model SpalartAllmaras
Selecting patchDistMethod meshWaveFrozen
ft2 term: inactive
No MRF models present

Reading field T

Reading field alphat

Turbulence model is incompressible
Adjoint States: 
5
(
U volVectorState
nuTilda modelState
phi surfaceScalarState
p volScalarState
T volScalarState
)
Global Cells: 4800
Global Faces: 15800
Global Xv: 19008
Undecomposed points: 5967
Global Adjoint States: 44600

SIMPLE: no convergence criteria found. Calculations will run for 5000 steps.

DACheckMesh Thresholds: 
maxNonOrth: 70
maxSkewness: 4
maxAspectRatio: 1000
maxIncorrectlyOrientedFaces: 0
    Adding all faces of patches: (inlet) ...
    Found matching patch inlet with 96 faces
    Adding all faces of patches: (outlet) ...
    Found matching patch outlet with 96 faces
    Adding all faces of patches: (ubend) ...
    Found matching patch ubend with 1232 faces
Init solver done! ElapsedClockTime 0.000000 s
Init solver done! ElapsedCpuTime 0.270000 s
initState: 
7
(
nuTilda 0.001500000000000011
phi 0
U1 0
U2 0
p 0
T 293.1500000000029
U0 8.399999999999814
)
Setting up primal boundary conditions based on pyOptions: 
Setting nut wall BC for ubend. BCType=nutUSpaldingWallFunction
Setting nut wall BC for ubendup. BCType=nutUSpaldingWallFunction
Setting alphat wall BC for ubendBCType=incompressible::alphatWallFunction. Default Prt=0.85
Setting alphat wall BC for ubendupBCType=incompressible::alphatWallFunction. Default Prt=0.85
Reading OpenFOAM mesh information...
I/O    : uncollated
Case   : /home/dafoamuser/mount/A5_ubend_pressureloss
nProcs : 4
Hosts  :
(
    (ip-172-31-43-247 4)
)
Pstream initialized with:
    node communication : off [type=host] (4 ranks, 1 nodes)
    topology controls  : none
    consensus exchange : 0 (tuning: 0)
    exchange algorithm : 0
    commsType          : nonBlocking
    polling iterations : 0
Reading the OpenFOAM mesh..
Overriding DebugSwitches according to controlDict
    SolverPerformance 0;

Checking if we need to compress the mesh files
Checking if we need to compress the mesh files
Finalising parallel run
I/O    : uncollated
DAFoam option dictionary: 
{
    solverName      DASimpleFoam;
    primalMinResTol 1e-08;
    primalFuncStdTol
    {
        stdTol          -1;
        slopeTol        -1;
        funcNames       1 ( CD );
        nStepsFrac      0.2;
    }
    primalBC
    {
        useWallFunction 1;
    }
    primalInitCondition
    {
    }
    normalizeStates
    {
        U               8.4;
        p               35.28;
        nuTilda         0.001;
        phi             1;
        T               300;
    }
    function
    {
        TP1
        {
            type            totalPressure;
            source          patchToFace;
            patches         1 ( inlet );
            scale           1;
            addToAdjoint    1;
        }
        TP2
        {
            type            totalPressure;
            source          patchToFace;
            patches         1 ( outlet );
            scale           1;
            addToAdjoint    1;
        }
        HFX
        {
            type            wallHeatFlux;
            source          patchToFace;
            patches         1 ( ubend );
            scale           1;
            addToAdjoint    0;
        }
    }
    inputInfo
    {
        aero_vol_coords
        {
            type            volCoord;
            components      2 ( solver function );
        }
    }
    outputInfo
    {
        q_convect
        {
            type            thermalCouplingOutput;
            patches         1 ( ubend );
            components      1 ( thermalCoupling );
        }
    }
    designSurfaces  1 ( ubend );
    fvSource
    {
    }
    prepareCaseOnly 0;
    adjEqnSolMethod Krylov;
    dynamicMesh
    {
        active          0;
        mode            rotation;
        center          3 ( 0.25 0 0 );
        axis            z;
        omega           0.1;
        s               2;
        t0              0.35;
    }
    primalVarBounds
    {
        UMax            1000;
        UMin            -1000;
        pMax            50000;
        pMin            -50000;
        p_rghMax        50000;
        p_rghMin        -50000;
        eMax            55000;
        eMin            -220000;
        TMax            1000;
        TMin            100;
        hMax            200000;
        hMin            -200000;
        DMax            1e+16;
        DMin            -1e+16;
        rhoMax          5;
        rhoMin          0.2;
        nuTildaMax      1e+16;
        nuTildaMin      1e-16;
        kMax            1e+16;
        kMin            1e-16;
        omegaMax        1e+16;
        omegaMin        1e-16;
        epsilonMax      1e+16;
        epsilonMin      1e-16;
        ReThetatMax     1e+16;
        ReThetatMin     1e-16;
        gammaIntMax     1e+16;
        gammaIntMin     1e-16;
    }
    discipline      aero;
    adjPartDerivFDStep
    {
        State           1e-06;
    }
    transonicPCOption -1;
    unsteadyAdjoint
    {
        mode            None;
        PCMatPrecomputeInterval 100;
        PCMatUpdateInterval 1;
        reduceIO        1;
        additionalOutput 1 ( None );
        additionalOldTime 1 ( None );
        readZeroFields  1;
    }
    adjPCLag        10000;
    useAD
    {
        mode            reverse;
        dvName          None;
        seedIndex       -9999;
    }
    useConstrainHbyA 1;
    forceMeshWaveFrozen 1;
    useDdtCorr      0;
    regressionModel
    {
        active          0;
    }
    useMeanStates   0;
    solveLinearFunctionName None;
    printDAOptions  1;
    debug           0;
    writeJacobians  1 ( None );
    printInterval   100;
    printIntervalUnsteady 1;
    primalMinResTolDiff 10000000;
    adjUseColoring  1;
    adjEqnOption
    {
        globalPCIters   0;
        asmOverlap      1;
        localPCIters    1;
        jacMatReOrdering natural;
        pcFillLevel     2;
        gmresMaxIters   3000;
        gmresRestart    3000;
        gmresRelTol     1e-05;
        gmresAbsTol     1e-14;
        gmresTolDiff    10000;
        useNonZeroInitGuess 0;
        useMGSO         0;
        printInfo       1;
        fpMaxIters      1000;
        fpRelTol        1e-06;
        fpMinResTolDiff 100;
        fpPCUpwind      0;
        dynAdjustTol    0;
        KSPCalcEigen    0;
        KSPCalcSingularVal 0;
        readPCMat       0;
    }
    normalizeResiduals 11 ( URes pRes p_rghRes nuTildaRes phiRes TRes DRes kRes omegaRes epsilonRes alpha.waterRes );
    maxResConLv4JacPCMat
    {
        pRes            2;
        phiRes          1;
        URes            2;
        TRes            2;
        nuTildaRes      2;
        kRes            2;
        epsilonRes      2;
        omegaRes        2;
        p_rghRes        2;
        DRes            2;
        gammaIntRes     2;
        ReThetatRes     2;
        alpha.waterRes  2;
    }
    jacLowerBounds
    {
        dRdW            1e-30;
        dRdWPC          1e-30;
    }
    maxTractionBCIters 100;
    decomposeParDict
    {
        method          scotch;
        simpleCoeffs
        {
            n               3 ( 2 2 1 );
            delta           0.001;
        }
        kahipCoeffs
        {
            config          fast;
            imbalance       0.01;
        }
        preservePatches 1 ( None );
        singleProcessorFaceSets 1 ( None );
        args            1 ( None );
    }
    adjStateOrdering cell;
    checkMeshThreshold
    {
        maxAspectRatio  1000;
        maxNonOrth      70;
        maxSkewness     4;
        maxIncorrectlyOrientedFaces 0;
    }
    writeDeformedFFDs 0;
    writeDeformedConstraints 0;
    writeAdjointFields 0;
    maxCorrectBCCalls 2;
    writeMinorIterations 1;
    primalMinIters  1;
    tensorflow
    {
        active          0;
    }
    wallDistanceMethod daCustom;
    unsteadyCompOutput
    {
    }
}

pyDAFoam initialization done!
+----------------------------------------+
|          All IDWarp Options:           |
+----------------------------------------+
{'LdefFact': 1.0,
 'aExp': 3.0,
 'alpha': 0.25,
 'bExp': 5.0,
 'bucketSize': 8,
 'cornerAngle': 30.0,
 'errTol': 0.0005,
 'evalMode': 'fast',
 'fileType': 'OpenFOAM',
 'gridFile': '/home/dafoamuser/mount/A5_ubend_pressureloss',
 'restartFile': None,
 'specifiedSurfaces': None,
 'symmTol': 1e-06,
 'symmetryPlanes': [],
 'symmetrySurfaces': None,
 'useRotations': True,
 'zeroCornerRotations': True}
I/O    : uncollated
Case   : /home/dafoamuser/mount/A5_ubend_pressureloss
nProcs : 4
Hosts  :
(
    (ip-172-31-43-247 4)
)
Pstream initialized with:
    node communication : off [type=host] (4 ranks, 1 nodes)
    topology controls  : none
    consensus exchange : 0 (tuning: 0)
    exchange algorithm : 0
    commsType          : nonBlocking
    polling iterations : 0
Reading the OpenFOAM mesh..
Overriding DebugSwitches according to controlDict
    SolverPerformance 0;

Checking if we need to compress the mesh files
Checking if we need to compress the mesh files
#------------------------------#
 Total Volume Nodes :      6336 
#------------------------------#
Finalising parallel run
I/O    : uncollated
+-------------------- Symmetry Planes -------------------+
|           Point                        Normal          |
+--------------------------------------------------------+
#--------------------------------#
 Unique Surface Nodes :      1479 
#--------------------------------#
 Computing Denominator Estimate...
 Load Balancing...
 Finished Mesh Initialization.
OrderedDict([('inlet', [0]), ('outlet', [1]), ('procBoundary0to1', [2]), ('procBoundary0to2', [3]), ('sym', [4]), ('ubend', [5]), ('ubendup', [6]), ('allSurfaces', [0, 1, 2, 3, 4, 5, 6]), ('allWalls', [5, 6]), ('designSurfaces', [5])])
dRdWT Jacobian Free created!
/home/dafoamuser/dafoam/packages/miniconda3/lib/python3.10/site-packages/openmdao/core/component.py:140: OMDeprecationWarning:'scenario.aero_post.functionals' <class DAFoamFunctions>: It appears this component mixes distributed/non-distributed inputs and outputs, so it may break starting with OpenMDAO 3.25, where the convention used when passing data between distributed and non-distributed inputs and outputs within a matrix free component will change. See https://github.com/OpenMDAO/POEMs/blob/master/POEM_075.md for details.
/home/dafoamuser/dafoam/packages/miniconda3/lib/python3.10/site-packages/openmdao/core/component.py:140: OMDeprecationWarning:'scenario.aero_post.functionals' <class DAFoamFunctions>: It appears this component mixes distributed/non-distributed inputs and outputs, so it may break starting with OpenMDAO 3.25, where the convention used when passing data between distributed and non-distributed inputs and outputs within a matrix free component will change. See https://github.com/OpenMDAO/POEMs/blob/master/POEM_075.md for details.
/home/dafoamuser/dafoam/packages/miniconda3/lib/python3.10/site-packages/openmdao/core/component.py:140: OMDeprecationWarning:'scenario.aero_post.functionals' <class DAFoamFunctions>: It appears this component mixes distributed/non-distributed inputs and outputs, so it may break starting with OpenMDAO 3.25, where the convention used when passing data between distributed and non-distributed inputs and outputs within a matrix free component will change. See https://github.com/OpenMDAO/POEMs/blob/master/POEM_075.md for details.
/home/dafoamuser/dafoam/packages/miniconda3/lib/python3.10/site-packages/openmdao/core/component.py:140: OMDeprecationWarning:'scenario.aero_post.functionals' <class DAFoamFunctions>: It appears this component mixes distributed/non-distributed inputs and outputs, so it may break starting with OpenMDAO 3.25, where the convention used when passing data between distributed and non-distributed inputs and outputs within a matrix free component will change. See https://github.com/OpenMDAO/POEMs/blob/master/POEM_075.md for details.
DAInputVolCoord. 
Setting volume coordinates. 
Checking mesh quality for time = 0
    Overall domain bounding box (-1.338980954506319e-16 -0.09450000000000007 -3.272939177209413e-24) (0.8445000000000003 0.09450000000000008 0.03750000000000003)
    Mesh has 3 geometric (non-empty/wedge) directions (1 1 1)
    Mesh has 3 solution (non-empty) directions (1 1 1)
    Boundary openness (2.977902039679631e-18 -7.23690792612526e-18 2.512263050029231e-17) OK.
    Max cell openness = 3.581744559210832e-16 OK.
    Max aspect ratio = 69.08288552235946 OK.
    Minimum face area = 1.673117705410074e-06. Maximum face area = 0.001155837989117209.  Face area magnitudes OK.
    Min volume = 5.879985003004503e-09. Max volume = 1.30921460452209e-05.  Total volume = 0.004719833522667712.  Cell volumes OK.
    Mesh non-orthogonality Max: 3.51228284500386 average: 0.2800796231392331
    Non-orthogonality check OK.
    Face pyramids OK.
    Max skewness = 0.2181261527754675 OK.
    Coupled point location match (average 0) OK.

Mesh OK.

Running Primal Solver 001
Previous solution time -1e+10 not found and nothing deleted.
No finite volume options present

Starting time loop

Time = 1

U0 initRes: 0.999999999993625 finalRes: 0.06362093334606861 nIters: 4
U1 initRes: 1 finalRes: 0.07970846647818423 nIters: 1
U2 initRes: 1 finalRes: 0.07778807586327692 nIters: 3
p initRes: 1 finalRes: 0.08125324488434013 nIters: 26
Time step continuity errors : sum local = 1.278416044056911
                                 global = -0.1058401961208021
                             cumulative = -0.1058401961208021
T initRes: 0.9999999999276367 finalRes: 0.08208472175239952 nIters: 4
nuTilda initRes: 0.9999999999999765 finalRes: 0.05246326469319715 nIters: 1
TP1: 2869.524210823638 final: 2869.524210823638
TP2: 9.245003703993847 final: 9.245003703993847
HFX: 586.9417812202216 final: 586.9417812202216
yPlus min: 16.56446624375926 max: 36.88048803161515 mean: 25.38868016197397
ExecutionTime = 0.57 s  ClockTime = 0 s

Time = 100

U0 initRes: 9.202406875140982e-05 finalRes: 5.118957825958172e-06 nIters: 3
U1 initRes: 0.0001104587169681974 finalRes: 1.016124908971287e-05 nIters: 2
U2 initRes: 0.0004803222946248761 finalRes: 3.735669121473671e-05 nIters: 2
p initRes: 0.002132588946461159 finalRes: 0.000196369875688997 nIters: 2
Time step continuity errors : sum local = 0.003338043460226558
                                 global = 8.368757273744304e-05
                             cumulative = -0.1057565085480646
T initRes: 9.182674040726427e-05 finalRes: 5.721791150073213e-06 nIters: 3
nuTilda initRes: 0.0005025345537435747 finalRes: 3.606414657115051e-05 nIters: 2
TP1: 87.96005291968729 final: 87.96005291968729
TP2: 35.76444728119155 final: 35.76444728119155
HFX: 301.935514872785 final: 301.935514872785
yPlus min: 1.812237921143724 max: 55.34338712371321 mean: 23.67127602532325
ExecutionTime = 0.86 s  ClockTime = 1 s

Time = 200

U0 initRes: 8.895385050041853e-06 finalRes: 4.374465029914776e-07 nIters: 3
U1 initRes: 1.456248979632535e-05 finalRes: 7.3117164343603e-07 nIters: 3
U2 initRes: 5.326097242390036e-05 finalRes: 4.469657004065023e-06 nIters: 2
p initRes: 0.000352038146181074 finalRes: 2.01232503689339e-05 nIters: 2
Time step continuity errors : sum local = 0.0003424152326368483
                                 global = -5.185925626398346e-05
                             cumulative = -0.1058083678043286
T initRes: 2.339662990767521e-05 finalRes: 1.102657266093558e-06 nIters: 3
nuTilda initRes: 0.0002718152289599632 finalRes: 6.845334101130683e-06 nIters: 2
TP1: 88.12054694259008 final: 88.12054694259008
TP2: 35.77317367564675 final: 35.77317367564675
HFX: 301.80611068812 final: 301.80611068812
yPlus min: 1.848379726254269 max: 55.32355128126009 mean: 23.67080151289197
ExecutionTime = 1.11 s  ClockTime = 1 s

Time = 300

U0 initRes: 2.284824087884024e-06 finalRes: 1.172526178479813e-07 nIters: 3
U1 initRes: 5.772105408515241e-06 finalRes: 4.076127192946038e-07 nIters: 3
U2 initRes: 1.464665292615421e-05 finalRes: 1.245347677000796e-06 nIters: 2
p initRes: 0.0002373166802199214 finalRes: 1.681126725239221e-05 nIters: 1
Time step continuity errors : sum local = 0.0002859934261226287
                                 global = 1.385098542370665e-06
                             cumulative = -0.1058069827057863
T initRes: 1.62651222320315e-05 finalRes: 7.501361545174709e-07 nIters: 3
nuTilda initRes: 0.0002635516347566878 finalRes: 6.171253693454599e-06 nIters: 2
TP1: 88.11972134832153 final: 88.11972134832153
TP2: 35.77322393951975 final: 35.77322393951975
HFX: 301.8114737151074 final: 301.8114737151074
yPlus min: 1.846160241157321 max: 55.32496747883081 mean: 23.66985138579821
ExecutionTime = 1.35 s  ClockTime = 1 s

Time = 400

U0 initRes: 1.818263646134402e-06 finalRes: 9.492073070690592e-08 nIters: 3
U1 initRes: 5.080215130318044e-06 finalRes: 3.874165486712762e-07 nIters: 3
U2 initRes: 1.21890763551502e-05 finalRes: 1.112123572404705e-06 nIters: 2
p initRes: 0.0002265543086670557 finalRes: 1.347212170075161e-05 nIters: 1
Time step continuity errors : sum local = 0.0002291893303739499
                                 global = -1.318567197601618e-06
                             cumulative = -0.1058083012729839
T initRes: 1.584291513459084e-05 finalRes: 7.402640205711119e-07 nIters: 3
nuTilda initRes: 0.0002616108032925071 finalRes: 5.937713874841769e-06 nIters: 2
TP1: 88.11849246103276 final: 88.11849246103276
TP2: 35.77314575494255 final: 35.77314575494255
HFX: 301.8117605956641 final: 301.8117605956641
yPlus min: 1.846001126260245 max: 55.32504509228563 mean: 23.66988071008018
ExecutionTime = 1.59 s  ClockTime = 1 s

Time = 500

U0 initRes: 1.793665717834189e-06 finalRes: 9.383676426756468e-08 nIters: 3
U1 initRes: 5.040038560887625e-06 finalRes: 3.862613871798739e-07 nIters: 3
U2 initRes: 1.2030253586499e-05 finalRes: 1.108031101533168e-06 nIters: 2
p initRes: 0.0002258586403239825 finalRes: 1.318083618457838e-05 nIters: 1
Time step continuity errors : sum local = 0.0002242342796308374
                                 global = -2.064100808508062e-07
                             cumulative = -0.1058085076830647
T initRes: 1.58123070825863e-05 finalRes: 7.376724460673657e-07 nIters: 3
nuTilda initRes: 0.0002615715285587637 finalRes: 5.933776978917983e-06 nIters: 2
TP1: 88.11837268204582 final: 88.11837268204582
TP2: 35.77316326197865 final: 35.77316326197865
HFX: 301.8117360363483 final: 301.8117360363483
yPlus min: 1.845979500113432 max: 55.32504094584836 mean: 23.66988649805791
ExecutionTime = 1.83 s  ClockTime = 2 s

Time = 600

U0 initRes: 1.7934356777388e-06 finalRes: 9.380814361798418e-08 nIters: 3
U1 initRes: 5.039984968591228e-06 finalRes: 3.863185185088319e-07 nIters: 3
U2 initRes: 1.20305599407626e-05 finalRes: 1.107935309146154e-06 nIters: 2
p initRes: 0.000225766329062711 finalRes: 1.311836804061344e-05 nIters: 1
Time step continuity errors : sum local = 0.0002231715645951435
                                 global = -9.113882184464681e-08
                             cumulative = -0.1058085988218866
T initRes: 1.581223832995784e-05 finalRes: 7.375849841658637e-07 nIters: 3
nuTilda initRes: 0.0002615670650240055 finalRes: 5.933627887816844e-06 nIters: 2
TP1: 88.11838177212337 final: 88.11838177212337
TP2: 35.77316531829783 final: 35.77316531829783
HFX: 301.8117299854046 final: 301.8117299854046
yPlus min: 1.845981088966779 max: 55.32503896979964 mean: 23.66988593655861
ExecutionTime = 2.06 s  ClockTime = 2 s

Time = 700

U0 initRes: 1.793277521991261e-06 finalRes: 9.380192043687983e-08 nIters: 3
U1 initRes: 5.04000112916517e-06 finalRes: 3.863166360062916e-07 nIters: 3
U2 initRes: 1.203045119813533e-05 finalRes: 1.107926190221626e-06 nIters: 2
p initRes: 0.0002257628799284889 finalRes: 1.311454547264705e-05 nIters: 1
Time step continuity errors : sum local = 0.0002231065382420022
                                 global = -8.161968755899715e-09
                             cumulative = -0.1058086069838553
T initRes: 1.581222144792834e-05 finalRes: 7.37584969526843e-07 nIters: 3
nuTilda initRes: 0.0002615670410407442 finalRes: 5.93362005765603e-06 nIters: 2
TP1: 88.11838299467681 final: 88.11838299467681
TP2: 35.77316648953093 final: 35.77316648953093
HFX: 301.8117334698114 final: 301.8117334698114
yPlus min: 1.845980795770895 max: 55.32503992542955 mean: 23.66988631348844
ExecutionTime = 2.3 s  ClockTime = 2 s

Time = 800

U0 initRes: 1.793277222349885e-06 finalRes: 9.380197238958308e-08 nIters: 3
U1 initRes: 5.040003171068864e-06 finalRes: 3.863168011247159e-07 nIters: 3
U2 initRes: 1.20304519802597e-05 finalRes: 1.107925250289462e-06 nIters: 2
p initRes: 0.0002257625021210026 finalRes: 1.311469167878494e-05 nIters: 1
Time step continuity errors : sum local = 0.0002231090249741281
                                 global = -1.895002566006485e-08
                             cumulative = -0.105808625933881
T initRes: 1.581222049780872e-05 finalRes: 7.375848520433196e-07 nIters: 3
nuTilda initRes: 0.0002615670399124383 finalRes: 5.933619703782803e-06 nIters: 2
TP1: 88.11838265242606 final: 88.11838265242606
TP2: 35.77316633668674 final: 35.77316633668674
HFX: 301.8117331171117 final: 301.8117331171117
yPlus min: 1.845980775135639 max: 55.32503982877616 mean: 23.66988627638515
ExecutionTime = 2.53 s  ClockTime = 2 s

Time = 900

U0 initRes: 1.793280047352216e-06 finalRes: 9.380208511518969e-08 nIters: 3
U1 initRes: 5.040002487593085e-06 finalRes: 3.863168184349313e-07 nIters: 3
U2 initRes: 1.203045320789477e-05 finalRes: 1.107925386775479e-06 nIters: 2
p initRes: 0.0002257624939542488 finalRes: 1.31146789379517e-05 nIters: 1
Time step continuity errors : sum local = 0.00022310880819328
                                 global = -1.956148488836441e-08
                             cumulative = -0.1058086454953659
T initRes: 1.581222046810843e-05 finalRes: 7.375849009343347e-07 nIters: 3
nuTilda initRes: 0.0002615670400664444 finalRes: 5.933619848944701e-06 nIters: 2
TP1: 88.11838266580405 final: 88.11838266580405
TP2: 35.77316632783899 final: 35.77316632783899
HFX: 301.8117330861851 final: 301.8117330861851
yPlus min: 1.845980783947179 max: 55.32503982044285 mean: 23.6698862728373
ExecutionTime = 2.77 s  ClockTime = 3 s

Time = 1000

U0 initRes: 1.793279729957123e-06 finalRes: 9.380207119754897e-08 nIters: 3
U1 initRes: 5.040002539321696e-06 finalRes: 3.863168143646596e-07 nIters: 3
U2 initRes: 1.20304530859809e-05 finalRes: 1.107925388782497e-06 nIters: 2
p initRes: 0.0002257624979593885 finalRes: 1.311467703738508e-05 nIters: 1
Time step continuity errors : sum local = 0.0002231087758678128
                                 global = -1.92720766206034e-08
                             cumulative = -0.1058086647674425
T initRes: 1.581222048510997e-05 finalRes: 7.37584899132873e-07 nIters: 3
nuTilda initRes: 0.000261567040078234 finalRes: 5.933619839648875e-06 nIters: 2
TP1: 88.11838267130871 final: 88.11838267130871
TP2: 35.7731663319629 final: 35.7731663319629
HFX: 301.811733096976 final: 301.811733096976
yPlus min: 1.845980783374323 max: 55.32503982334294 mean: 23.66988627398884
ExecutionTime = 3 s  ClockTime = 3 s

Time = 1100

U0 initRes: 1.793279711337426e-06 finalRes: 9.380207062083231e-08 nIters: 3
U1 initRes: 5.040002547161697e-06 finalRes: 3.863168144487881e-07 nIters: 3
U2 initRes: 1.20304530723682e-05 finalRes: 1.107925385742289e-06 nIters: 2
p initRes: 0.0002257624973277646 finalRes: 1.311467751629753e-05 nIters: 1
Time step continuity errors : sum local = 0.0002231087840113245
                                 global = -1.929414812980103e-08
                             cumulative = -0.1058086840615906
T initRes: 1.581222048192033e-05 finalRes: 7.375848982656399e-07 nIters: 3
nuTilda initRes: 0.0002615670400726843 finalRes: 5.933619837868202e-06 nIters: 2
TP1: 88.11838267040773 final: 88.11838267040773
TP2: 35.77316633165029 final: 35.77316633165029
HFX: 301.8117330963177 final: 301.8117330963177
yPlus min: 1.845980783265542 max: 55.32503982317221 mean: 23.66988627392493
ExecutionTime = 3.26 s  ClockTime = 3 s

Time = 1200

U0 initRes: 1.793279719687834e-06 finalRes: 9.380207096105947e-08 nIters: 3
U1 initRes: 5.040002545200025e-06 finalRes: 3.863168145179642e-07 nIters: 3
U2 initRes: 1.203045307643648e-05 finalRes: 1.107925386067284e-06 nIters: 2
p initRes: 0.0002257624973227053 finalRes: 1.311467748730324e-05 nIters: 1
Time step continuity errors : sum local = 0.000223108783518697
                                 global = -1.929743509108121e-08
                             cumulative = -0.1058087033590257
T initRes: 1.581222048255681e-05 finalRes: 7.375848989248538e-07 nIters: 3
nuTilda initRes: 0.0002615670400729449 finalRes: 5.933619838257321e-06 nIters: 2
TP1: 88.11838267039877 final: 88.11838267039877
TP2: 35.77316633160318 final: 35.77316633160318
HFX: 301.8117330961765 final: 301.8117330961765
yPlus min: 1.845980783289717 max: 55.32503982313384 mean: 23.66988627390919
ExecutionTime = 3.51 s  ClockTime = 3 s

Time = 1300

U0 initRes: 1.793279719087008e-06 finalRes: 9.380207092613816e-08 nIters: 3
U1 initRes: 5.040002545250154e-06 finalRes: 3.863168145068502e-07 nIters: 3
U2 initRes: 1.20304530763261e-05 finalRes: 1.107925386088718e-06 nIters: 2
p initRes: 0.0002257624973401393 finalRes: 1.311467747257829e-05 nIters: 1
Time step continuity errors : sum local = 0.0002231087833886835
                                 global = -1.92966010625587e-08
                             cumulative = -0.1058087226556268
T initRes: 1.581222048306601e-05 finalRes: 7.375849007020043e-07 nIters: 3
nuTilda initRes: 0.0002615670400730198 finalRes: 5.93361983825232e-06 nIters: 2
TP1: 88.11838267041803 final: 88.11838267041803
TP2: 35.77316633161509 final: 35.77316633161509
HFX: 301.8117330962061 final: 301.8117330962061
yPlus min: 1.845980783289886 max: 55.32503982314181 mean: 23.66988627391235
ExecutionTime = 3.74 s  ClockTime = 4 s

Time = 1400

U0 initRes: 1.793279718986058e-06 finalRes: 9.380207092280546e-08 nIters: 3
U1 initRes: 5.040002545361344e-06 finalRes: 3.86316814514104e-07 nIters: 3
U2 initRes: 1.203045307632802e-05 finalRes: 1.10792538608331e-06 nIters: 2
p initRes: 0.000225762497333456 finalRes: 1.311467748540271e-05 nIters: 1
Time step continuity errors : sum local = 0.0002231087834531343
                                 global = -1.929663925095517e-08
                             cumulative = -0.105808741952266
T initRes: 1.581222048395478e-05 finalRes: 7.375848989957582e-07 nIters: 3
nuTilda initRes: 0.0002615670400730472 finalRes: 5.933619838251221e-06 nIters: 2
TP1: 88.11838267041578 final: 88.11838267041578
TP2: 35.77316633161453 final: 35.77316633161453
HFX: 301.8117330962059 final: 301.8117330962059
yPlus min: 1.845980783289671 max: 55.32503982314152 mean: 23.66988627391227
ExecutionTime = 3.98 s  ClockTime = 4 s

Time = 1500

U0 initRes: 1.793279718997153e-06 finalRes: 9.380207092110224e-08 nIters: 3
U1 initRes: 5.040002545289627e-06 finalRes: 3.863168145131003e-07 nIters: 3
U2 initRes: 1.203045307612716e-05 finalRes: 1.107925386076077e-06 nIters: 2
p initRes: 0.0002257624973365372 finalRes: 1.311467747886496e-05 nIters: 1
Time step continuity errors : sum local = 0.0002231087833957712
                                 global = -1.92966580187147e-08
                             cumulative = -0.105808761248924
T initRes: 1.58122204831338e-05 finalRes: 7.375848991970957e-07 nIters: 3
nuTilda initRes: 0.0002615670400730466 finalRes: 5.933619838234845e-06 nIters: 2
TP1: 88.11838267041543 final: 88.11838267041543
TP2: 35.77316633161428 final: 35.77316633161428
HFX: 301.8117330962047 final: 301.8117330962047
yPlus min: 1.845980783289127 max: 55.32503982314135 mean: 23.66988627391218
ExecutionTime = 4.22 s  ClockTime = 4 s

Time = 1600

U0 initRes: 1.793279718998079e-06 finalRes: 9.38020709261364e-08 nIters: 3
U1 initRes: 5.040002545353443e-06 finalRes: 3.863168145103928e-07 nIters: 3
U2 initRes: 1.203045307609288e-05 finalRes: 1.107925386072717e-06 nIters: 2
p initRes: 0.0002257624973399599 finalRes: 1.31146774782699e-05 nIters: 1
Time step continuity errors : sum local = 0.0002231087834157953
                                 global = -1.929664465908944e-08
                             cumulative = -0.1058087805455687
T initRes: 1.581222048248605e-05 finalRes: 7.375848987589102e-07 nIters: 3
nuTilda initRes: 0.0002615670400730327 finalRes: 5.933619838240572e-06 nIters: 2
TP1: 88.11838267041581 final: 88.11838267041581
TP2: 35.77316633161445 final: 35.77316633161445
HFX: 301.811733096206 final: 301.811733096206
yPlus min: 1.845980783289032 max: 55.32503982314147 mean: 23.66988627391222
ExecutionTime = 4.45 s  ClockTime = 4 s

Time = 1700

U0 initRes: 1.793279718995247e-06 finalRes: 9.380207091886384e-08 nIters: 3
U1 initRes: 5.040002545236847e-06 finalRes: 3.863168145021199e-07 nIters: 3
U2 initRes: 1.203045307591221e-05 finalRes: 1.107925386077284e-06 nIters: 2
p initRes: 0.0002257624973412632 finalRes: 1.311467748230678e-05 nIters: 1
Time step continuity errors : sum local = 0.0002231087834906967
                                 global = -1.929664939874565e-08
                             cumulative = -0.1058087998422181
T initRes: 1.581222048200739e-05 finalRes: 7.375849000764994e-07 nIters: 3
nuTilda initRes: 0.000261567040073024 finalRes: 5.933619838236805e-06 nIters: 2
TP1: 88.11838267041556 final: 88.11838267041556
TP2: 35.77316633161438 final: 35.77316633161438
HFX: 301.811733096206 final: 301.811733096206
yPlus min: 1.845980783288221 max: 55.32503982314143 mean: 23.66988627391221
ExecutionTime = 4.68 s  ClockTime = 4 s

Time = 1800

U0 initRes: 1.793279719060419e-06 finalRes: 9.380207092731224e-08 nIters: 3
U1 initRes: 5.040002545313273e-06 finalRes: 3.863168145027929e-07 nIters: 3
U2 initRes: 1.203045307609704e-05 finalRes: 1.107925386065781e-06 nIters: 2
p initRes: 0.0002257624973493846 finalRes: 1.311467747951933e-05 nIters: 1
Time step continuity errors : sum local = 0.0002231087834004323
                                 global = -1.929665058856776e-08
                             cumulative = -0.1058088191388687
T initRes: 1.581222048190396e-05 finalRes: 7.375848983532852e-07 nIters: 3
nuTilda initRes: 0.0002615670400730008 finalRes: 5.933619838249049e-06 nIters: 2
TP1: 88.11838267041593 final: 88.11838267041593
TP2: 35.77316633161438 final: 35.77316633161438
HFX: 301.8117330962057 final: 301.8117330962057
yPlus min: 1.845980783288104 max: 55.32503982314146 mean: 23.66988627391224
ExecutionTime = 4.92 s  ClockTime = 5 s

Time = 1900

U0 initRes: 1.793279718992336e-06 finalRes: 9.380207091998015e-08 nIters: 3
U1 initRes: 5.040002545241535e-06 finalRes: 3.863168145067636e-07 nIters: 3
U2 initRes: 1.203045307627452e-05 finalRes: 1.107925386076501e-06 nIters: 2
p initRes: 0.0002257624973437738 finalRes: 1.31146774809594e-05 nIters: 1
Time step continuity errors : sum local = 0.0002231087834112679
                                 global = -1.929665668452345e-08
                             cumulative = -0.1058088384355254
T initRes: 1.581222048094581e-05 finalRes: 7.375848994543669e-07 nIters: 3
nuTilda initRes: 0.000261567040072984 finalRes: 5.933619838255859e-06 nIters: 2
TP1: 88.1183826704153 final: 88.1183826704153
TP2: 35.77316633161428 final: 35.77316633161428
HFX: 301.8117330962058 final: 301.8117330962058
yPlus min: 1.845980783290028 max: 55.32503982314132 mean: 23.66988627391219
ExecutionTime = 5.15 s  ClockTime = 5 s

Time = 2000

U0 initRes: 1.793279719009323e-06 finalRes: 9.38020709255885e-08 nIters: 3
U1 initRes: 5.040002545308878e-06 finalRes: 3.863168145171683e-07 nIters: 3
U2 initRes: 1.203045307625035e-05 finalRes: 1.107925386084749e-06 nIters: 2
p initRes: 0.0002257624973387939 finalRes: 1.311467748122268e-05 nIters: 1
Time step continuity errors : sum local = 0.0002231087834200145
                                 global = -1.929665008027538e-08
                             cumulative = -0.1058088577321755
T initRes: 1.581222048323225e-05 finalRes: 7.375849002654288e-07 nIters: 3
nuTilda initRes: 0.0002615670400730063 finalRes: 5.933619838234342e-06 nIters: 2
TP1: 88.11838267041563 final: 88.11838267041563
TP2: 35.77316633161438 final: 35.77316633161438
HFX: 301.8117330962056 final: 301.8117330962056
yPlus min: 1.845980783289881 max: 55.32503982314145 mean: 23.6698862739122
ExecutionTime = 5.39 s  ClockTime = 5 s

Time = 2100

U0 initRes: 1.793279719006104e-06 finalRes: 9.380207092747592e-08 nIters: 3
U1 initRes: 5.040002545401577e-06 finalRes: 3.863168145042369e-07 nIters: 3
U2 initRes: 1.203045307621712e-05 finalRes: 1.107925386091741e-06 nIters: 2
p initRes: 0.0002257624973397937 finalRes: 1.311467748435116e-05 nIters: 1
Time step continuity errors : sum local = 0.0002231087834763288
                                 global = -1.929663649918993e-08
                             cumulative = -0.1058088770288119
T initRes: 1.581222048365565e-05 finalRes: 7.375848988598368e-07 nIters: 3
nuTilda initRes: 0.0002615670400730446 finalRes: 5.933619838249707e-06 nIters: 2
TP1: 88.11838267041601 final: 88.11838267041601
TP2: 35.77316633161458 final: 35.77316633161458
HFX: 301.8117330962065 final: 301.8117330962065
yPlus min: 1.845980783289138 max: 55.32503982314152 mean: 23.66988627391225
ExecutionTime = 5.64 s  ClockTime = 5 s

Time = 2200

U0 initRes: 1.793279719011848e-06 finalRes: 9.380207092596931e-08 nIters: 3
U1 initRes: 5.040002545383445e-06 finalRes: 3.863168145088511e-07 nIters: 3
U2 initRes: 1.203045307604247e-05 finalRes: 1.107925386059587e-06 nIters: 2
p initRes: 0.0002257624973361314 finalRes: 1.311467748067308e-05 nIters: 1
Time step continuity errors : sum local = 0.0002231087833994118
                                 global = -1.929664649245622e-08
                             cumulative = -0.1058088963254584
T initRes: 1.581222048207029e-05 finalRes: 7.375848981604342e-07 nIters: 3
nuTilda initRes: 0.0002615670400729994 finalRes: 5.933619838230075e-06 nIters: 2
TP1: 88.11838267041578 final: 88.11838267041578
TP2: 35.77316633161445 final: 35.77316633161445
HFX: 301.8117330962068 final: 301.8117330962068
yPlus min: 1.845980783288784 max: 55.32503982314148 mean: 23.66988627391222
ExecutionTime = 5.88 s  ClockTime = 6 s

Time = 2300

U0 initRes: 1.793279719005104e-06 finalRes: 9.380207092456718e-08 nIters: 3
U1 initRes: 5.040002545258915e-06 finalRes: 3.863168145142264e-07 nIters: 3
U2 initRes: 1.203045307628728e-05 finalRes: 1.107925386082054e-06 nIters: 2
p initRes: 0.0002257624973414542 finalRes: 1.311467747838918e-05 nIters: 1
Time step continuity errors : sum local = 0.0002231087834461001
                                 global = -1.929664622551562e-08
                             cumulative = -0.1058089156221047
T initRes: 1.581222048296521e-05 finalRes: 7.37584898581747e-07 nIters: 3
nuTilda initRes: 0.0002615670400729999 finalRes: 5.933619838238756e-06 nIters: 2
TP1: 88.11838267041577 final: 88.11838267041577
TP2: 35.77316633161445 final: 35.77316633161445
HFX: 301.8117330962055 final: 301.8117330962055
yPlus min: 1.845980783288536 max: 55.32503982314147 mean: 23.66988627391221
ExecutionTime = 6.12 s  ClockTime = 6 s

Time = 2400

U0 initRes: 1.793279719021304e-06 finalRes: 9.380207092612556e-08 nIters: 3
U1 initRes: 5.040002545316426e-06 finalRes: 3.863168145094317e-07 nIters: 3
U2 initRes: 1.203045307626886e-05 finalRes: 1.107925386062013e-06 nIters: 2
p initRes: 0.0002257624973417361 finalRes: 1.311467748176474e-05 nIters: 1
Time step continuity errors : sum local = 0.0002231087834253298
                                 global = -1.929665789478535e-08
                             cumulative = -0.1058089349187626
T initRes: 1.581222048358948e-05 finalRes: 7.375849003820892e-07 nIters: 3
nuTilda initRes: 0.0002615670400730058 finalRes: 5.933619838250417e-06 nIters: 2
TP1: 88.1183826704155 final: 88.1183826704155
TP2: 35.77316633161428 final: 35.77316633161428
HFX: 301.8117330962057 final: 301.8117330962057
yPlus min: 1.845980783288435 max: 55.32503982314137 mean: 23.66988627391217
ExecutionTime = 6.36 s  ClockTime = 6 s

Time = 2500

U0 initRes: 1.793279718997241e-06 finalRes: 9.380207092628939e-08 nIters: 3
U1 initRes: 5.040002545339544e-06 finalRes: 3.863168145067466e-07 nIters: 3
U2 initRes: 1.203045307610524e-05 finalRes: 1.107925386072837e-06 nIters: 2
p initRes: 0.0002257624973422882 finalRes: 1.311467748412688e-05 nIters: 1
Time step continuity errors : sum local = 0.0002231087834251979
                                 global = -1.929665501596139e-08
                             cumulative = -0.1058089542154176
T initRes: 1.581222048318703e-05 finalRes: 7.375848992719118e-07 nIters: 3
nuTilda initRes: 0.0002615670400730304 finalRes: 5.933619838243542e-06 nIters: 2
TP1: 88.1183826704154 final: 88.1183826704154
TP2: 35.77316633161433 final: 35.77316633161433
HFX: 301.8117330962048 final: 301.8117330962048
yPlus min: 1.845980783288923 max: 55.32503982314135 mean: 23.66988627391218
ExecutionTime = 6.59 s  ClockTime = 6 s

Time = 2600

U0 initRes: 1.793279719001284e-06 finalRes: 9.38020709293049e-08 nIters: 3
U1 initRes: 5.040002545312816e-06 finalRes: 3.863168145079525e-07 nIters: 3
U2 initRes: 1.203045307611136e-05 finalRes: 1.107925386076937e-06 nIters: 2
p initRes: 0.0002257624973459488 finalRes: 1.311467748195749e-05 nIters: 1
Time step continuity errors : sum local = 0.0002231087834478343
                                 global = -1.929664750425157e-08
                             cumulative = -0.1058089735120651
T initRes: 1.581222048260603e-05 finalRes: 7.375849006058919e-07 nIters: 3
nuTilda initRes: 0.0002615670400730074 finalRes: 5.933619838239169e-06 nIters: 2
TP1: 88.11838267041539 final: 88.11838267041539
TP2: 35.77316633161441 final: 35.77316633161441
HFX: 301.8117330962061 final: 301.8117330962061
yPlus min: 1.845980783289681 max: 55.32503982314142 mean: 23.66988627391221
ExecutionTime = 6.82 s  ClockTime = 7 s

Time = 2700

U0 initRes: 1.793279719058151e-06 finalRes: 9.380207092827342e-08 nIters: 3
U1 initRes: 5.040002545247147e-06 finalRes: 3.863168144950874e-07 nIters: 3
U2 initRes: 1.203045307629711e-05 finalRes: 1.107925386099322e-06 nIters: 2
p initRes: 0.000225762497337993 finalRes: 1.311467747954184e-05 nIters: 1
Time step continuity errors : sum local = 0.0002231087834347009
                                 global = -1.929666374615684e-08
                             cumulative = -0.1058089928087288
T initRes: 1.581222048266296e-05 finalRes: 7.375848990081008e-07 nIters: 3
nuTilda initRes: 0.0002615670400730603 finalRes: 5.933619838244217e-06 nIters: 2
TP1: 88.11838267041536 final: 88.11838267041536
TP2: 35.77316633161419 final: 35.77316633161419
HFX: 301.8117330962051 final: 301.8117330962051
yPlus min: 1.845980783289748 max: 55.32503982314137 mean: 23.66988627391216
ExecutionTime = 7.05 s  ClockTime = 7 s

Time = 2800

U0 initRes: 1.793279719004467e-06 finalRes: 9.380207092433649e-08 nIters: 3
U1 initRes: 5.040002545417133e-06 finalRes: 3.86316814505881e-07 nIters: 3
U2 initRes: 1.203045307632369e-05 finalRes: 1.107925386085146e-06 nIters: 2
p initRes: 0.000225762497342287 finalRes: 1.311467748098441e-05 nIters: 1
Time step continuity errors : sum local = 0.0002231087834526561
                                 global = -1.929665109564175e-08
                             cumulative = -0.1058090121053799
T initRes: 1.581222048353722e-05 finalRes: 7.375848997950656e-07 nIters: 3
nuTilda initRes: 0.000261567040073037 finalRes: 5.9336198382512e-06 nIters: 2
TP1: 88.1183826704155 final: 88.1183826704155
TP2: 35.77316633161438 final: 35.77316633161438
HFX: 301.8117330962058 final: 301.8117330962058
yPlus min: 1.845980783288377 max: 55.32503982314145 mean: 23.66988627391221
ExecutionTime = 7.28 s  ClockTime = 7 s

Time = 2900

U0 initRes: 1.793279719021952e-06 finalRes: 9.380207092880969e-08 nIters: 3
U1 initRes: 5.040002545382729e-06 finalRes: 3.863168145024479e-07 nIters: 3
U2 initRes: 1.203045307611488e-05 finalRes: 1.107925386072574e-06 nIters: 2
p initRes: 0.0002257624973444661 finalRes: 1.311467747891308e-05 nIters: 1
Time step continuity errors : sum local = 0.0002231087834079745
                                 global = -1.929665314495866e-08
                             cumulative = -0.1058090314020331
T initRes: 1.581222048299185e-05 finalRes: 7.375848985081359e-07 nIters: 3
nuTilda initRes: 0.0002615670400729766 finalRes: 5.933619838241895e-06 nIters: 2
TP1: 88.11838267041558 final: 88.11838267041558
TP2: 35.77316633161434 final: 35.77316633161434
HFX: 301.8117330962054 final: 301.8117330962054
yPlus min: 1.84598078328978 max: 55.3250398231414 mean: 23.66988627391221
ExecutionTime = 7.51 s  ClockTime = 7 s

Time = 3000

U0 initRes: 1.793279719024674e-06 finalRes: 9.380207092339123e-08 nIters: 3
U1 initRes: 5.040002545350406e-06 finalRes: 3.863168144998955e-07 nIters: 3
U2 initRes: 1.203045307611022e-05 finalRes: 1.107925386074344e-06 nIters: 2
p initRes: 0.0002257624973412561 finalRes: 1.311467748217809e-05 nIters: 1
Time step continuity errors : sum local = 0.0002231087834215962
                                 global = -1.929664711170827e-08
                             cumulative = -0.1058090506986802
T initRes: 1.581222048122073e-05 finalRes: 7.375848984281852e-07 nIters: 3
nuTilda initRes: 0.0002615670400729848 finalRes: 5.93361983825279e-06 nIters: 2
TP1: 88.11838267041583 final: 88.11838267041583
TP2: 35.77316633161445 final: 35.77316633161445
HFX: 301.8117330962062 final: 301.8117330962062
yPlus min: 1.845980783289547 max: 55.32503982314149 mean: 23.66988627391221
ExecutionTime = 7.74 s  ClockTime = 8 s

Time = 3100

U0 initRes: 1.793279719013663e-06 finalRes: 9.380207092360777e-08 nIters: 3
U1 initRes: 5.040002545245948e-06 finalRes: 3.863168145038544e-07 nIters: 3
U2 initRes: 1.203045307629344e-05 finalRes: 1.107925386087436e-06 nIters: 2
p initRes: 0.0002257624973380507 finalRes: 1.311467748203405e-05 nIters: 1
Time step continuity errors : sum local = 0.0002231087834506094
                                 global = -1.929664634479086e-08
                             cumulative = -0.1058090699953265
T initRes: 1.581222048293756e-05 finalRes: 7.375848994016786e-07 nIters: 3
nuTilda initRes: 0.000261567040072985 finalRes: 5.933619838245792e-06 nIters: 2
TP1: 88.11838267041578 final: 88.11838267041578
TP2: 35.77316633161443 final: 35.77316633161443
HFX: 301.8117330962067 final: 301.8117330962067
yPlus min: 1.845980783290132 max: 55.32503982314147 mean: 23.66988627391223
ExecutionTime = 8 s  ClockTime = 8 s

Time = 3200

U0 initRes: 1.793279718993182e-06 finalRes: 9.380207092873564e-08 nIters: 3
U1 initRes: 5.040002545290395e-06 finalRes: 3.863168145070533e-07 nIters: 3
U2 initRes: 1.203045307613785e-05 finalRes: 1.107925386095115e-06 nIters: 2
p initRes: 0.0002257624973406545 finalRes: 1.311467748224752e-05 nIters: 1
Time step continuity errors : sum local = 0.0002231087834245524
                                 global = -1.929664519932262e-08
                             cumulative = -0.1058090892919717
T initRes: 1.581222048134492e-05 finalRes: 7.375848991497801e-07 nIters: 3
nuTilda initRes: 0.0002615670400729829 finalRes: 5.933619838237002e-06 nIters: 2
TP1: 88.11838267041568 final: 88.11838267041568
TP2: 35.77316633161447 final: 35.77316633161447
HFX: 301.8117330962066 final: 301.8117330962066
yPlus min: 1.845980783289579 max: 55.32503982314146 mean: 23.66988627391222
ExecutionTime = 8.25 s  ClockTime = 8 s

Time = 3300

U0 initRes: 1.793279719006054e-06 finalRes: 9.380207092530665e-08 nIters: 3
U1 initRes: 5.04000254532348e-06 finalRes: 3.863168144996906e-07 nIters: 3
U2 initRes: 1.203045307639829e-05 finalRes: 1.107925386095002e-06 nIters: 2
p initRes: 0.0002257624973361709 finalRes: 1.311467747897962e-05 nIters: 1
Time step continuity errors : sum local = 0.0002231087834328678
                                 global = -1.929665418867589e-08
                             cumulative = -0.1058091085886259
T initRes: 1.581222048291687e-05 finalRes: 7.375848997484334e-07 nIters: 3
nuTilda initRes: 0.0002615670400730246 finalRes: 5.933619838251866e-06 nIters: 2
TP1: 88.11838267041553 final: 88.11838267041553
TP2: 35.77316633161433 final: 35.77316633161433
HFX: 301.811733096206 final: 301.811733096206
yPlus min: 1.845980783288773 max: 55.3250398231414 mean: 23.66988627391218
ExecutionTime = 8.48 s  ClockTime = 8 s

Time = 3400

U0 initRes: 1.793279719026576e-06 finalRes: 9.380207092616589e-08 nIters: 3
U1 initRes: 5.040002545326822e-06 finalRes: 3.863168145076562e-07 nIters: 3
U2 initRes: 1.20304530761357e-05 finalRes: 1.10792538606402e-06 nIters: 2
p initRes: 0.0002257624973368628 finalRes: 1.311467748007477e-05 nIters: 1
Time step continuity errors : sum local = 0.0002231087834335041
                                 global = -1.929664575215814e-08
                             cumulative = -0.1058091278852717
T initRes: 1.581222048160486e-05 finalRes: 7.375848996665969e-07 nIters: 3
nuTilda initRes: 0.0002615670400730281 finalRes: 5.933619838243235e-06 nIters: 2
TP1: 88.11838267041578 final: 88.11838267041578
TP2: 35.77316633161444 final: 35.77316633161444
HFX: 301.8117330962057 final: 301.8117330962057
yPlus min: 1.84598078328964 max: 55.32503982314147 mean: 23.66988627391223
ExecutionTime = 8.710000000000001 s  ClockTime = 9 s

Time = 3500

U0 initRes: 1.793279719023619e-06 finalRes: 9.380207092128835e-08 nIters: 3
U1 initRes: 5.040002545279595e-06 finalRes: 3.863168144982643e-07 nIters: 3
U2 initRes: 1.203045307629843e-05 finalRes: 1.107925386089061e-06 nIters: 2
p initRes: 0.0002257624973354045 finalRes: 1.311467748130711e-05 nIters: 1
Time step continuity errors : sum local = 0.0002231087834170421
                                 global = -1.929663974256174e-08
                             cumulative = -0.1058091471819114
T initRes: 1.581222048221243e-05 finalRes: 7.375848989932776e-07 nIters: 3
nuTilda initRes: 0.0002615670400730536 finalRes: 5.933619838230843e-06 nIters: 2
TP1: 88.11838267041587 final: 88.11838267041587
TP2: 35.77316633161453 final: 35.77316633161453
HFX: 301.8117330962064 final: 301.8117330962064
yPlus min: 1.845980783287536 max: 55.32503982314152 mean: 23.66988627391223
ExecutionTime = 8.949999999999999 s  ClockTime = 9 s

Time = 3600

U0 initRes: 1.793279719020972e-06 finalRes: 9.380207093015114e-08 nIters: 3
U1 initRes: 5.04000254529223e-06 finalRes: 3.863168145101733e-07 nIters: 3
U2 initRes: 1.203045307618653e-05 finalRes: 1.107925386086488e-06 nIters: 2
p initRes: 0.0002257624973432676 finalRes: 1.311467748125408e-05 nIters: 1
Time step continuity errors : sum local = 0.0002231087834586018
                                 global = -1.929665477133442e-08
                             cumulative = -0.1058091664785662
T initRes: 1.581222048285623e-05 finalRes: 7.37584900019429e-07 nIters: 3
nuTilda initRes: 0.0002615670400729882 finalRes: 5.93361983824421e-06 nIters: 2
TP1: 88.11838267041557 final: 88.11838267041557
TP2: 35.77316633161433 final: 35.77316633161433
HFX: 301.811733096206 final: 301.811733096206
yPlus min: 1.845980783288907 max: 55.32503982314139 mean: 23.66988627391221
ExecutionTime = 9.18 s  ClockTime = 9 s

Time = 3700

U0 initRes: 1.793279719048315e-06 finalRes: 9.380207092640521e-08 nIters: 3
U1 initRes: 5.040002545403815e-06 finalRes: 3.863168145147677e-07 nIters: 3
U2 initRes: 1.203045307616012e-05 finalRes: 1.107925386082371e-06 nIters: 2
p initRes: 0.0002257624973431609 finalRes: 1.311467748251834e-05 nIters: 1
Time step continuity errors : sum local = 0.0002231087834102907
                                 global = -1.929665032916178e-08
                             cumulative = -0.1058091857752165
T initRes: 1.581222048336658e-05 finalRes: 7.37584898363836e-07 nIters: 3
nuTilda initRes: 0.0002615670400730441 finalRes: 5.933619838241112e-06 nIters: 2
TP1: 88.11838267041553 final: 88.11838267041553
TP2: 35.77316633161438 final: 35.77316633161438
HFX: 301.8117330962056 final: 301.8117330962056
yPlus min: 1.845980783287961 max: 55.32503982314142 mean: 23.66988627391219
ExecutionTime = 9.42 s  ClockTime = 9 s

Time = 3800

U0 initRes: 1.793279719031913e-06 finalRes: 9.380207092244502e-08 nIters: 3
U1 initRes: 5.04000254525844e-06 finalRes: 3.863168144977386e-07 nIters: 3
U2 initRes: 1.203045307622644e-05 finalRes: 1.107925386080326e-06 nIters: 2
p initRes: 0.0002257624973430722 finalRes: 1.311467748159155e-05 nIters: 1
Time step continuity errors : sum local = 0.000223108783463491
                                 global = -1.929665614948837e-08
                             cumulative = -0.1058092050718727
T initRes: 1.581222048173658e-05 finalRes: 7.375848997649876e-07 nIters: 3
nuTilda initRes: 0.0002615670400730527 finalRes: 5.933619838246454e-06 nIters: 2
TP1: 88.11838267041551 final: 88.11838267041551
TP2: 35.77316633161433 final: 35.77316633161433
HFX: 301.8117330962057 final: 301.8117330962057
yPlus min: 1.845980783287659 max: 55.3250398231414 mean: 23.66988627391218
ExecutionTime = 9.66 s  ClockTime = 9 s

Time = 3900

U0 initRes: 1.79327971902996e-06 finalRes: 9.380207092578499e-08 nIters: 3
U1 initRes: 5.040002545330318e-06 finalRes: 3.86316814502048e-07 nIters: 3
U2 initRes: 1.203045307629493e-05 finalRes: 1.107925386085911e-06 nIters: 2
p initRes: 0.00022576249734265 finalRes: 1.311467747924218e-05 nIters: 1
Time step continuity errors : sum local = 0.000223108783409315
                                 global = -1.929664186758938e-08
                             cumulative = -0.1058092243685145
T initRes: 1.581222048297865e-05 finalRes: 7.375848985171744e-07 nIters: 3
nuTilda initRes: 0.0002615670400730625 finalRes: 5.933619838255763e-06 nIters: 2
TP1: 88.1183826704158 final: 88.1183826704158
TP2: 35.7731663316145 final: 35.7731663316145
HFX: 301.8117330962056 final: 301.8117330962056
yPlus min: 1.845980783288545 max: 55.32503982314147 mean: 23.66988627391223
ExecutionTime = 9.9 s  ClockTime = 10 s

Time = 4000

U0 initRes: 1.793279719044463e-06 finalRes: 9.380207092691269e-08 nIters: 3
U1 initRes: 5.040002545287718e-06 finalRes: 3.863168145033319e-07 nIters: 3
U2 initRes: 1.203045307625985e-05 finalRes: 1.107925386084741e-06 nIters: 2
p initRes: 0.000225762497343031 finalRes: 1.311467748212487e-05 nIters: 1
Time step continuity errors : sum local = 0.0002231087834211659
                                 global = -1.929665319205213e-08
                             cumulative = -0.1058092436651677
T initRes: 1.581222048228673e-05 finalRes: 7.375848986162768e-07 nIters: 3
nuTilda initRes: 0.0002615670400730739 finalRes: 5.933619838243679e-06 nIters: 2
TP1: 88.1183826704157 final: 88.1183826704157
TP2: 35.77316633161433 final: 35.77316633161433
HFX: 301.8117330962061 final: 301.8117330962061
yPlus min: 1.845980783288306 max: 55.32503982314141 mean: 23.6698862739122
ExecutionTime = 10.14 s  ClockTime = 10 s

Time = 4100

U0 initRes: 1.793279719062241e-06 finalRes: 9.380207092574086e-08 nIters: 3
U1 initRes: 5.040002545317522e-06 finalRes: 3.863168145003324e-07 nIters: 3
U2 initRes: 1.203045307607795e-05 finalRes: 1.107925386044029e-06 nIters: 2
p initRes: 0.0002257624973430217 finalRes: 1.311467748156972e-05 nIters: 1
Time step continuity errors : sum local = 0.0002231087834066739
                                 global = -1.929664737650794e-08
                             cumulative = -0.1058092629618151
T initRes: 1.581222048374866e-05 finalRes: 7.375848989723362e-07 nIters: 3
nuTilda initRes: 0.0002615670400730489 finalRes: 5.933619838239774e-06 nIters: 2
TP1: 88.11838267041578 final: 88.11838267041578
TP2: 35.77316633161441 final: 35.77316633161441
HFX: 301.8117330962058 final: 301.8117330962058
yPlus min: 1.845980783289543 max: 55.32503982314146 mean: 23.66988627391222
ExecutionTime = 10.4 s  ClockTime = 10 s

Time = 4200

U0 initRes: 1.793279719001123e-06 finalRes: 9.380207092317603e-08 nIters: 3
U1 initRes: 5.040002545289096e-06 finalRes: 3.863168145025508e-07 nIters: 3
U2 initRes: 1.203045307618029e-05 finalRes: 1.107925386071365e-06 nIters: 2
p initRes: 0.0002257624973375428 finalRes: 1.311467748460385e-05 nIters: 1
Time step continuity errors : sum local = 0.0002231087834294544
                                 global = -1.929665577348717e-08
                             cumulative = -0.1058092822584709
T initRes: 1.581222048154846e-05 finalRes: 7.375848976434761e-07 nIters: 3
nuTilda initRes: 0.0002615670400730044 finalRes: 5.933619838246907e-06 nIters: 2
TP1: 88.11838267041544 final: 88.11838267041544
TP2: 35.77316633161431 final: 35.77316633161431
HFX: 301.8117330962043 final: 301.8117330962043
yPlus min: 1.845980783287725 max: 55.32503982314141 mean: 23.66988627391217
ExecutionTime = 10.63 s  ClockTime = 10 s

Time = 4300

U0 initRes: 1.793279719024608e-06 finalRes: 9.380207092096795e-08 nIters: 3
U1 initRes: 5.040002545349832e-06 finalRes: 3.863168145051528e-07 nIters: 3
U2 initRes: 1.203045307617975e-05 finalRes: 1.107925386081912e-06 nIters: 2
p initRes: 0.00022576249733949 finalRes: 1.311467748454388e-05 nIters: 1
Time step continuity errors : sum local = 0.0002231087834125973
                                 global = -1.929665013924422e-08
                             cumulative = -0.105809301555121
T initRes: 1.581222048313067e-05 finalRes: 7.375848990824508e-07 nIters: 3
nuTilda initRes: 0.0002615670400730108 finalRes: 5.933619838251673e-06 nIters: 2
TP1: 88.11838267041576 final: 88.11838267041576
TP2: 35.77316633161439 final: 35.77316633161439
HFX: 301.8117330962061 final: 301.8117330962061
yPlus min: 1.84598078328919 max: 55.32503982314147 mean: 23.66988627391221
ExecutionTime = 10.86 s  ClockTime = 11 s

Time = 4400

U0 initRes: 1.793279719021431e-06 finalRes: 9.380207092743779e-08 nIters: 3
U1 initRes: 5.04000254522733e-06 finalRes: 3.863168145143275e-07 nIters: 3
U2 initRes: 1.203045307609086e-05 finalRes: 1.107925386066256e-06 nIters: 2
p initRes: 0.000225762497335468 finalRes: 1.311467748053019e-05 nIters: 1
Time step continuity errors : sum local = 0.0002231087833724146
                                 global = -1.929665230648129e-08
                             cumulative = -0.1058093208517733
T initRes: 1.581222048322191e-05 finalRes: 7.375848991486871e-07 nIters: 3
nuTilda initRes: 0.0002615670400729794 finalRes: 5.933619838253188e-06 nIters: 2
TP1: 88.11838267041556 final: 88.11838267041556
TP2: 35.77316633161436 final: 35.77316633161436
HFX: 301.8117330962051 final: 301.8117330962051
yPlus min: 1.845980783288722 max: 55.3250398231414 mean: 23.66988627391219
ExecutionTime = 11.11 s  ClockTime = 11 s

Time = 4500

U0 initRes: 1.793279719028273e-06 finalRes: 9.380207092793491e-08 nIters: 3
U1 initRes: 5.040002545374556e-06 finalRes: 3.863168145072246e-07 nIters: 3
U2 initRes: 1.203045307630187e-05 finalRes: 1.107925386083145e-06 nIters: 2
p initRes: 0.0002257624973443408 finalRes: 1.31146774784797e-05 nIters: 1
Time step continuity errors : sum local = 0.0002231087834658642
                                 global = -1.929664957979173e-08
                             cumulative = -0.1058093401484229
T initRes: 1.581222048171663e-05 finalRes: 7.375848980893117e-07 nIters: 3
nuTilda initRes: 0.0002615670400730286 finalRes: 5.933619838245331e-06 nIters: 2
TP1: 88.11838267041581 final: 88.11838267041581
TP2: 35.77316633161439 final: 35.77316633161439
HFX: 301.8117330962061 final: 301.8117330962061
yPlus min: 1.845980783287519 max: 55.32503982314141 mean: 23.66988627391221
ExecutionTime = 11.34 s  ClockTime = 11 s

Time = 4600

U0 initRes: 1.793279719016337e-06 finalRes: 9.380207092877421e-08 nIters: 3
U1 initRes: 5.040002545215712e-06 finalRes: 3.863168144963106e-07 nIters: 3
U2 initRes: 1.203045307598544e-05 finalRes: 1.107925386052617e-06 nIters: 2
p initRes: 0.000225762497337452 finalRes: 1.311467748441725e-05 nIters: 1
Time step continuity errors : sum local = 0.000223108783460721
                                 global = -1.929664844804466e-08
                             cumulative = -0.1058093594450714
T initRes: 1.581222048179786e-05 finalRes: 7.375848975199576e-07 nIters: 3
nuTilda initRes: 0.0002615670400730668 finalRes: 5.933619838245983e-06 nIters: 2
TP1: 88.11838267041558 final: 88.11838267041558
TP2: 35.77316633161441 final: 35.77316633161441
HFX: 301.8117330962051 final: 301.8117330962051
yPlus min: 1.84598078328849 max: 55.3250398231414 mean: 23.6698862739122
ExecutionTime = 11.58 s  ClockTime = 11 s

Time = 4700

U0 initRes: 1.793279719006935e-06 finalRes: 9.38020709248078e-08 nIters: 3
U1 initRes: 5.040002545300537e-06 finalRes: 3.863168145113558e-07 nIters: 3
U2 initRes: 1.203045307599211e-05 finalRes: 1.107925386049834e-06 nIters: 2
p initRes: 0.0002257624973394407 finalRes: 1.311467748443307e-05 nIters: 1
Time step continuity errors : sum local = 0.0002231087834342131
                                 global = -1.929664627547419e-08
                             cumulative = -0.1058093787417176
T initRes: 1.581222048250238e-05 finalRes: 7.37584900868129e-07 nIters: 3
nuTilda initRes: 0.0002615670400730401 finalRes: 5.933619838249823e-06 nIters: 2
TP1: 88.11838267041578 final: 88.11838267041578
TP2: 35.77316633161445 final: 35.77316633161445
HFX: 301.8117330962055 final: 301.8117330962055
yPlus min: 1.845980783288988 max: 55.32503982314146 mean: 23.66988627391221
ExecutionTime = 11.81 s  ClockTime = 12 s

Time = 4800

U0 initRes: 1.793279719004739e-06 finalRes: 9.380207092350405e-08 nIters: 3
U1 initRes: 5.040002545278657e-06 finalRes: 3.863168145110551e-07 nIters: 3
U2 initRes: 1.203045307632861e-05 finalRes: 1.107925386080035e-06 nIters: 2
p initRes: 0.0002257624973418568 finalRes: 1.311467748113489e-05 nIters: 1
Time step continuity errors : sum local = 0.0002231087834817046
                                 global = -1.929664704732822e-08
                             cumulative = -0.1058093980383647
T initRes: 1.581222048189628e-05 finalRes: 7.375848984298105e-07 nIters: 3
nuTilda initRes: 0.000261567040073025 finalRes: 5.933619838245011e-06 nIters: 2
TP1: 88.11838267041576 final: 88.11838267041576
TP2: 35.77316633161441 final: 35.77316633161441
HFX: 301.8117330962057 final: 301.8117330962057
yPlus min: 1.845980783288312 max: 55.32503982314147 mean: 23.66988627391221
ExecutionTime = 12.04 s  ClockTime = 12 s

Time = 4900

U0 initRes: 1.793279719007011e-06 finalRes: 9.380207092000479e-08 nIters: 3
U1 initRes: 5.040002545339412e-06 finalRes: 3.863168145099251e-07 nIters: 3
U2 initRes: 1.203045307632539e-05 finalRes: 1.107925386080516e-06 nIters: 2
p initRes: 0.000225762497344226 finalRes: 1.311467748283835e-05 nIters: 1
Time step continuity errors : sum local = 0.0002231087834690722
                                 global = -1.929665214136742e-08
                             cumulative = -0.1058094173350168
T initRes: 1.581222048304436e-05 finalRes: 7.375848992988586e-07 nIters: 3
nuTilda initRes: 0.0002615670400730437 finalRes: 5.933619838231089e-06 nIters: 2
TP1: 88.11838267041566 final: 88.11838267041566
TP2: 35.77316633161436 final: 35.77316633161436
HFX: 301.8117330962059 final: 301.8117330962059
yPlus min: 1.845980783289206 max: 55.32503982314141 mean: 23.66988627391221
ExecutionTime = 12.29 s  ClockTime = 12 s

Time = 5000

U0 initRes: 1.793279719050028e-06 finalRes: 9.380207092313727e-08 nIters: 3
U1 initRes: 5.040002545341139e-06 finalRes: 3.863168145119873e-07 nIters: 3
U2 initRes: 1.20304530763212e-05 finalRes: 1.107925386087229e-06 nIters: 2
p initRes: 0.0002257624973388346 finalRes: 1.311467748014564e-05 nIters: 1
Time step continuity errors : sum local = 0.0002231087834172727
                                 global = -1.929665546201254e-08
                             cumulative = -0.1058094366316723
T initRes: 1.581222048210593e-05 finalRes: 7.37584899530438e-07 nIters: 3
nuTilda initRes: 0.0002615670400730336 finalRes: 5.933619838247902e-06 nIters: 2
TP1: 88.11838267041541 final: 88.11838267041541
TP2: 35.77316633161431 final: 35.77316633161431
HFX: 301.8117330962049 final: 301.8117330962049
yPlus min: 1.845980783288595 max: 55.32503982314135 mean: 23.66988627391218
ExecutionTime = 12.52 s  ClockTime = 12 s

End

Moving time 5000 to 0.0001
Printing Primal Residual Statistics.
U Residual Norm2: (25.5491431619105 24.01010118354753 10.62473575730665)
U Residual Mean: (0.03059826031757352 0.02710979988825547 0.01096015251441546)
U Residual Max: (13.58402982841483 10.92561166831541 8.384136200090204)
p Residual Norm2: 8.616351311921258
p Residual Mean: 0.0133224190388218
p Residual Max: 3.161353609002373
T Residual Norm2: 41.16023525261317
T Residual Mean: 0.04547675585651012
T Residual Max: 21.39096724989422
nuTilda Residual Norm2: 0.6515608000147621
nuTilda Residual Mean: 0.0004285544075612547
nuTilda Residual Max: 0.5281822862275187
phi Residual Norm2: 0.06463130889383446
phi Residual Mean: 2.565915317674987e-05
phi Residual Max: 0.04469088502363832
Total Residual Norm2: 55.77601518329982
 
 
Finalising parallel run
Finalising parallel run
