WARNING 7: VSPAERO Viewer Not Found. 
	Expected here: /home/dafoamuser/dafoam/packages/miniconda3/lib/python3.10/site-packages/openvsp/vspviewer
WARNING 7: VSPAERO Viewer Not Found. 
	Expected here: /home/dafoamuser/dafoam/packages/miniconda3/lib/python3.10/site-packages/openvsp/vspviewer
WARNING 7: VSPAERO Viewer Not Found. 
	Expected here: /home/dafoamuser/dafoam/packages/miniconda3/lib/python3.10/site-packages/openvsp/vspviewer
WARNING 7: VSPAERO Viewer Not Found. 
	Expected here: /home/dafoamuser/dafoam/packages/miniconda3/lib/python3.10/site-packages/openvsp/vspviewer
 
-------------------------------------------------------------------------------
|                               DAFoam v5.0.0                                 |
-------------------------------------------------------------------------------
 
/*---------------------------------------------------------------------------*\
| =========                 |                                                 |
| \\      /  F ield         | OpenFOAM: The Open Source CFD Toolbox           |
|  \\    /   O peration     | Version:  2506                                  |
|   \\  /    A nd           | Website:  www.openfoam.com                      |
|    \\/     M anipulation  |                                                 |
\*---------------------------------------------------------------------------*/
Build  : _615aae61d7-20250627 OPENFOAM=2506 version=v2506
Arch   : "LSB;label=32;scalar=64"
Exec   : decomposePar
Date   : Jul 28 2026
Time   : 03:49:39
Host   : ip-172-31-43-247
PID    : 409
I/O    : uncollated
Case   : /home/dafoamuser/mount/A3-onera-m6-adjoint-vcoarse
nProcs : 1
trapFpe: Floating point exception trapping enabled (FOAM_SIGFPE).
fileModificationChecking : Monitoring run-time modified files using timeStampMaster (fileModificationSkew 5, maxFileModificationPolls 20)
allowSystemOperations : Allowing user-supplied system call operations

// * * * * * * * * * * * * * * * * * * * * * * * * * * * * * * * * * * * * * //
Create time

Overriding DebugSwitches according to controlDict
    SolverPerformance 0;



Decomposing mesh

Create mesh

Calculating distribution of cells
Decomposition method scotch [4] (region region0)

Finished decomposition in 0.04 s

Calculating original mesh data

Distributing cells to processors

Distributing faces to processors

Distributing points to processors

Constructing processor meshes
Overriding DebugSwitches according to controlDict
    SolverPerformance 0;


Processor 0
    Number of cells = 6240
    Number of points = 6936
    Number of faces shared with processor 1 = 390
    Number of faces shared with processor 2 = 390
    Number of processor patches = 2
    Number of processor faces = 780
    Number of boundary faces = 544
Overriding DebugSwitches according to controlDict
    SolverPerformance 0;


Processor 1
    Number of cells = 6240
    Number of points = 6936
    Number of faces shared with processor 0 = 390
    Number of processor patches = 1
    Number of processor faces = 390
    Number of boundary faces = 934
Overriding DebugSwitches according to controlDict
    SolverPerformance 0;


Processor 2
    Number of cells = 6240
    Number of points = 6936
    Number of faces shared with processor 0 = 390
    Number of faces shared with processor 3 = 390
    Number of processor patches = 2
    Number of processor faces = 780
    Number of boundary faces = 544
Overriding DebugSwitches according to controlDict
    SolverPerformance 0;


Processor 3
    Number of cells = 6240
    Number of points = 6936
    Number of faces shared with processor 2 = 390
    Number of processor patches = 1
    Number of processor faces = 390
    Number of boundary faces = 934

Number of processor faces = 1170
Max number of cells = 6240 (0% above average 6240)
Max number of processor patches = 2 (33.33333333333334% above average 1.5)
Max number of faces between processors = 780 (33.33333333333334% above average 585)

Time = 0


--> FOAM FATAL IO ERROR: (openfoam-2506)
Cannot find patchField entry for auto4

file: 0/T/boundaryField at line 26.

    From void Foam::GeometricBoundaryField<Type, PatchField, GeoMesh>::readField(const Internal&, const Foam::dictionary&) [with Type = double; PatchField = Foam::fvPatchField; GeoMesh = Foam::volMesh; Internal = Foam::DimensionedField<double, Foam::volMesh>]
    in file /home/dockeruser/OpenFOAM/OpenFOAM-v2506/src/OpenFOAM/lnInclude/GeometricBoundaryField.C at line 321.

FOAM exiting


Unable to run decomposePar, the domain has been already decomposed?

I/O    : uncollated
Case   : /home/dafoamuser/mount/A3-onera-m6-adjoint-vcoarse
nProcs : 4
Hosts  :
(
    (ip-172-31-43-247 4)
)
Pstream initialized with:
    node communication : off [type=host] (4 ranks, 1 nodes)
    topology controls  : none
    consensus exchange : 0 (tuning: 0)
    exchange algorithm : 0
    commsType          : nonBlocking
    polling iterations : 0
Initializing mesh and runtime for DASolver
Create time

Overriding DebugSwitches according to controlDict
    SolverPerformance 0;

Create mesh for time = 0
Replacing wallDist.method meshWave -> meshWaveFrozen
DAOption created. DASolver initialized.
[3] UPstream::init : could not attach buffer
[2] UPstream::init : could not attach buffer
[0] UPstream::init : could not attach buffer
[1] UPstream::init : could not attach buffer
I/O    : uncollated
Case   : /home/dafoamuser/mount/A3-onera-m6-adjoint-vcoarse
nProcs : 4
Hosts  :
(
    (ip-172-31-43-247 4)
)
Pstream initialized with:
    node communication : off [type=host] (4 ranks, 1 nodes)
    topology controls  : none
    consensus exchange : 0 (tuning: 0)
    exchange algorithm : 0
    commsType          : nonBlocking
    polling iterations : 0
Initializing mesh and runtime for DASolver
Create time

Overriding DebugSwitches according to controlDict
    SolverPerformance 0;

Create mesh for time = 0
Replacing wallDist.method meshWave -> meshWaveFrozen
DAOption created. DASolver initialized.
Initializing fields for DARhoSimpleCFoam
Create simpleControl.

SIMPLE: no convergence criteria found. Calculations will run for 1000 steps.

Reading thermophysical properties

Selecting thermodynamics package 
{
    mixture         pureMixture;
    specie          specie;
    equationOfState perfectGas;
    energy          sensibleInternalEnergy;
    thermo          hConst;
    type            hePsiThermo;
    transport       const;
}

[0] 
[0] 
[0] --> FOAM FATAL ERROR: (openfoam-2506)
[0] cannot find file "/home/dafoamuser/mount/A3-onera-m6-adjoint-vcoarse/processor0/0/p"
[0] 
[0]     From virtual Foam::autoPtr<Foam::ISstream> Foam::fileOperations::uncollatedFileOperation::readStream(Foam::regIOobject&, const Foam::fileName&, const Foam::word&, bool) const
[0] [1] 
[1] 
[1] --> FOAM FATAL ERROR: (openfoam-2506)    in file global/fileOperations/uncollatedFileOperation/uncollatedFileOperation.C at line 629.
[0] 
FOAM parallel run exiting
[3] 
[3] 
[3] --> FOAM FATAL ERROR: (openfoam-2506)
[3] cannot find file "/home/dafoamuser/mount/A3-onera-m6-adjoint-vcoarse/processor3/0/p"
[3] 
[3]     From virtual Foam::autoPtr<Foam::ISstream> Foam::fileOperations::uncollatedFileOperation::readStream(Foam::regIOobject&, const Foam::fileName&, const Foam::word&, bool) const
[1] cannot find file "/home/dafoamuser/mount/A3-onera-m6-adjoint-vcoarse/processor1/0/p"
[1] 
[1]     From virtual Foam::autoPtr<Foam::ISstream> Foam::fileOperations::uncollatedFileOperation::readStream(Foam::regIOobject&, const Foam::fileName&, const Foam::word&, bool) const
[1]     in file [0] 
[0] 
[0] 
[0] --> FOAM FATAL IO ERROR: (openfoam-2506
[3]     in file global/fileOperations/uncollatedFileOperation/uncollatedFileOperation.C at line 629.
[3] 
FOAM parallel run exiting
[3] global/fileOperations/uncollatedFileOperation/uncollatedFileOperation.C at line 629.
[1] 
FOAM parallel run exiting
[1] 
)
[0] cannot open file
[0] 
[0]     From 
uncollatedFileOperation::readStream()
[0]     in file global/fileOperations/uncollatedFileOperation/uncollatedFileOperation.C[3] 
[3] 
[3] --> FOAM FATAL IO ERROR: (openfoam-2506[1] 
[1] 
[1] --> FOAM FATAL IO ERROR: (openfoam-2506)
[1] )
[3] cannot open file
 at line 642.
[0] 
FOAM parallel run exiting
[0] 
[0] cannot open file
[1] 
[1]     From uncollatedFileOperation::readStream()
[1]     in file 
[0] 
[0] --> FOAM FATAL IO ERROR: (openfoam-2506)
[3] 
[3]     From uncollatedFileOperation::readStream()
[3]     in file global/fileOperations/uncollatedFileOperation/uncollatedFileOperation.C at line 642global/fileOperations/uncollatedFileOperation/uncollatedFileOperation.C at line 642.
[1] 
FOAM parallel run exiting
[1] 
.
[3] 
FOAM parallel run exiting
[3] 
[0] cannot open fileunexpected class name  expected volScalarField
    while reading object p
[0] 
[0]     From Foam::Istream& Foam::regIOobject::readStream(const Foam::word&, bool)
[0]     in file [2] 
[2] 
[2] --> FOAM FATAL ERROR: (openfoam-2506[1] 
[1] 
[1] --> FOAM FATAL IO ERROR: (openfoam-2506)
)
[2] cannot find file "/home/dafoamuser/mount/A3-onera-m6-adjoint-vcoarse/processor2/0/p"
[2] 
[3] 
[3] 
[3] --> FOAM FATAL IO ERROR: (openfoam-2506)
[3] cannot open fileunexpected class name  expected volScalarField
    while reading object p
[3] db/regIOobject/regIOobjectRead.C at line 156.
[0] 
FOAM parallel run exiting
[0] 
[0] 
[0] 
[1] cannot open fileunexpected class name  expected volScalarField
    while reading object p
[1] 
[1]     From Foam::Istream& Foam::regIOobject::readStream(const Foam::word&, bool)
[1]     in file db/regIOobject/regIOobjectRead.C at line 156.
[1] 
FOAM parallel run exiting
[1] 
[0] --> FOAM FATAL IO ERROR: (openfoam-2506)
[0] cannot open fileunexpected class name  expected volScalarField
    while reading object pIstream not OK for reading dictionary 
[0] 
[0]     From [2]     From virtual Foam::autoPtr<Foam::ISstream> Foam::fileOperations::uncollatedFileOperation::readStream(Foam::regIOobject&, const Foam::fileName&, const Foam::word&, bool) const
[2]     in file global/fileOperations/uncollatedFileOperation/uncollatedFileOperation.C at line 629.
[2] 
FOAM parallel run exiting
[2] 
[3]     From Foam::Istream& Foam::regIOobject::readStream(const Foam::word&, bool)
[3]     in file db/regIOobject/regIOobjectRead.C at line 156.
[3] 
FOAM parallel run exiting
[3] 
[3] 
[3] 
[3] --> FOAM FATAL IO ERROR: (openfoam-2506)
[3] cannot open fileunexpected class name  expected volScalarField
    while reading object pIstream not OK for reading dictionary 
[3] 
[1] 
[1] 
[1] --> FOAM FATAL IO ERROR: (openfoam-2506)
[1] cannot open fileunexpected class name  expected volScalarField
    while reading object pIstream not OK for reading dictionary 
[1] 
[1]     From bool Foam::dictionary::read(Foam::Istream&, bool)
[1] bool Foam::dictionary::read(Foam::Istream&, bool)
[0]     in file db/dictionary/dictionaryIO.C at line 93.
[0] 
FOAM parallel run exiting
[0] 

[3]     From bool Foam::dictionary::read(Foam::Istream&, bool)
[3]     in file db/dictionary/dictionaryIO.C    in file db/dictionary/dictionaryIO.C at line 93.
[1] [0] 
[0] 
[0] --> FOAM FATAL IO ERROR: (openfoam-2506)[2] 
[2] 
[2] --> FOAM FATAL IO ERROR: (openfoam-2506)
[2] cannot open file
[2] 
[2]     From 
[0] cannot open fileunexpected class name  expected volScalarField
    while reading object pIstream not OK for reading dictionary Entry 'dimensions' not found in dictionary 
[0] 
[0] 
[0]     From bool Foam::dimensionSet::readEntry(const Foam::word&, const Foam::dictionary&, Foam::IOobjectOption::readOption)
[0]     in file dimensionSet/dimensionSetIO.C at line  at line 93.
[3] 
FOAM parallel run exiting
[3] 
[3] 
[3] 
[3] --> FOAM FATAL IO ERROR: (openfoam-
FOAM parallel run exiting
[1] 
[1] 
[1] 
[1] --> FOAM FATAL IO ERROR: (openfoam-2506)
[1] uncollatedFileOperation::readStream()
[2]     in file global/fileOperations/uncollatedFileOperation/uncollatedFileOperation.C at line 642.
[2] 2506)
[3] cannot open fileunexpected class name  expected volScalarField
    while reading object pIstream not OK for reading dictionary Entry 'dimensions' not found in dictionary 
[3] 
[3] 
[3] 
FOAM parallel run exiting
[2] 
cannot open fileunexpected class name  expected volScalarField
    while reading object pIstream not OK for reading dictionary Entry 'dimensions' not found in dictionary 
[1] 
[1] 
[1]     From bool Foam::dimensionSet::readEntry(const Foam::word&, const Foam::dictionary&, Foam::IOobjectOption::readOption)
[1]     in file dimensionSet/dimensionSetIO.C at line 442.
[0] 
FOAM parallel run exiting
[0] 
[0] 
442.
[1] 
FOAM parallel run exiting
[1]     From bool Foam::dimensionSet::readEntry(const Foam::word&, const Foam::dictionary&, Foam::IOobjectOption::readOption)
[3]     in file dimensionSet/dimensionSetIO.C at line 442.
[3] [0] 
[0] --> FOAM FATAL IO ERROR: (openfoam-2506)
[0] cannot open fileunexpected class name  expected volScalarField
    while reading object pIstream not OK for reading dictionary Entry 'dimensions' not found in dictionary 
Required entry 'internalField' missing in dictionary 
[0] 
[2] 
[2] 
[2] --> FOAM FATAL IO ERROR: (openfoam-2506)
[2] cannot open fileunexpected class name  expected volScalarField
    while reading object p
[0] 
[0]     From bool Foam::Field<Type>::assign(const Foam::word&, const Foam::dictionary&, Foam::label, Foam::IOobjectOption::readOption) [with Type = double; Foam::label = int]

FOAM parallel run exiting
[3] 
[3] 
[3] 
[3] --> FOAM FATAL IO ERROR: (openfoam-
[1] 
[1] 
[1] --> FOAM FATAL IO ERROR: (openfoam-2506[2] 
[2]     From Foam::Istream& Foam::regIOobject::readStream(const Foam::word&, bool)
[2]     in file db/regIOobject/regIOobjectRead.C at line 156)
[1] cannot open fileunexpected class name  expected volScalarField
    while reading object pIstream not OK for reading dictionary Entry 'dimensions' not found in dictionary 
Required entry 'internalField' missing in dictionary 
[1] 
[1] 
[1]     From bool Foam::Field<Type>::assign(const Foam::word&, const Foam::dictionary&, Foam::label, Foam::IOobjectOption::readOption) [with Type = double; Foam::label = int][0]     in file /home/dockeruser/OpenFOAM/OpenFOAM-v2506/src/OpenFOAM/lnInclude/Field.C at line 296.
[0] 
FOAM parallel run exiting
[0] 
[0] 
2506)
[3] cannot open fileunexpected class name  expected volScalarField
    while reading object pIstream not OK for reading dictionary Entry 'dimensions' not found in dictionary 
Required entry 'internalField' missing in dictionary 
[3] 
[3] 
[3]     From bool Foam::Field<Type>::assign(const Foam::word&, const Foam::dictionary&, Foam::label, Foam::IOobjectOption::readOption) [with Type = double; Foam::label = int]
[3] .
[2] 
FOAM parallel run exiting
[2] 
[2] 
[2] 
[2] --> FOAM FATAL IO ERROR: (openfoam-2506    in file /home/dockeruser/OpenFOAM/OpenFOAM-v2506/src/OpenFOAM/lnInclude/Field.C at line 296.
[3] 
FOAM parallel run exiting
[3] 
[3] 
[1]     in file /home/dockeruser/OpenFOAM/OpenFOAM-v2506/src/OpenFOAM/lnInclude/Field.C at line 296.
[1] 
FOAM parallel run exiting
[1] 
[1] 
[0] 
[0] --> FOAM FATAL IO ERROR: (openfoam-2506)
[0] cannot open fileunexpected class name  expected volScalarField
    while reading object pIstream not OK for reading dictionary Entry 'dimensions' not found in dictionary 
Required entry 'internalField' missing in dictionary 
Entry 'boundaryField' not found in dictionary 
[0] 
[0] 
[0]     From const Foam::dictionary& Foam::dictionary::subDict(const Foam::word&, Foam::keyType::option) const
[0]     in file db/dictionary/dictionary.C at line 457)
[2] cannot open fileunexpected class name  expected volScalarField
    while reading object pIstream not OK for reading dictionary 
[2] 
[2]     From bool Foam::dictionary::read(Foam::Istream&, bool)

[3] 
[3] --> FOAM FATAL IO ERROR: (openfoam-2506)
[3] cannot open fileunexpected class name  expected volScalarField
    while reading object pIstream not OK for reading dictionary Entry 'dimensions' not found in dictionary 
Required entry 'internalField' missing in dictionary 
Entry 'boundaryField' not found in dictionary 
[3] 
[1] 
[1] --> FOAM FATAL IO ERROR: (openfoam-2506)
[1] cannot open fileunexpected class name  expected volScalarField
    while reading object pIstream not OK for reading dictionary Entry 'dimensions' not found in dictionary 
Required entry 'internalField' missing in dictionary 
Entry 'boundaryField' not found in dictionary 
[1] 
.
[0] 
FOAM parallel run exiting
[0] 
[2]     in file db/dictionary/dictionaryIO.C at line 93.
[3] 
[3]     From const Foam::dictionary& Foam::dictionary::subDict(const Foam::word&, Foam::keyType::option) const
[3] [1] 
[1]     From const Foam::dictionary& Foam::dictionary::subDict(const Foam::word&, Foam::keyType::option) const
[1]     in file db/dictionary/dictionary.C at line 457.
[1]     in file db/dictionary/dictionary.C at line 457.
[3] 
FOAM parallel run exiting
[3] 
[2] 
FOAM parallel run exiting
[2] 

FOAM parallel run exiting
[1] 
[2] 
[2] 
[2] --> FOAM FATAL IO ERROR: (openfoam-2506)[0]PETSC ERROR: ------------------------------------------------------------------------
[0]PETSC ERROR: Caught signal number 11 SEGV: Segmentation Violation, probably memory access out of range
[0]PETSC ERROR: Try option -start_in_debugger or -on_error_attach_debugger
[0]PETSC ERROR: or see https://petsc.org/release/faq/#valgrind
[0]PETSC ERROR: [1]PETSC ERROR: ------------------------------------------------------------------------
[1]PETSC ERROR: 
[2] cannot open fileunexpected class name  expected volScalarField
    while reading object pIstream not OK for reading dictionary Entry 'dimensions' not found in dictionary 
[2] 
[2] 
[2]     From [3]PETSC ERROR: ------------------------------------------------------------------------
[3]PETSC ERROR: Caught signal number 11 SEGV: Segmentation Violation, probably memory access out of range
[3]PETSC ERROR: Try option -start_in_debugger or -on_error_attach_debugger
[3]PETSC ERROR: or see https://petsc.org/release/faq/#valgrind
or try http://valgrind.org on GNU/linux and Apple Mac OS X to find memory corruption errors
[0]PETSC ERROR: configure using --with-debugging=yes, recompile, link, and run 
[0]PETSC ERROR: to get more information on the crash.
Caught signal number 11 SEGV: Segmentation Violation, probably memory access out of range
[1]PETSC ERROR: Try option -start_in_debugger or -on_error_attach_debugger
[1]PETSC ERROR: or see https://petsc.org/release/faq/#valgrind
bool Foam::dimensionSet::readEntry(const Foam::word&, const Foam::dictionary&, Foam::IOobjectOption::readOption)
[2]     in file dimensionSet/dimensionSetIO.C at line 442[3]PETSC ERROR: or try http://valgrind.org on GNU/linux and Apple Mac OS X to find memory corruption errors
[3]PETSC ERROR: configure using --with-debugging=yes, recompile, link, and run 
[3]PETSC ERROR: to get more information on the crash.
.
[2] 
FOAM parallel run exiting
[2] 
[1]PETSC ERROR: or try http://valgrind.org on GNU/linux and Apple Mac OS X to find memory corruption errors
[1]PETSC ERROR: configure using --with-debugging=yes, recompile, link, and run 
[1]PETSC ERROR: to get more information on the crash.
[2] 
[2] 
[2] --> FOAM FATAL IO ERROR: (openfoam-2506)
[2] cannot open fileunexpected class name  expected volScalarField
    while reading object pIstream not OK for reading dictionary Entry 'dimensions' not found in dictionary 
Required entry 'internalField' missing in dictionary 
[1]PETSC ERROR: Run with -malloc_debug to check if memory corruption is causing the crash.
[2] 
[2] 
[2]     From bool Foam::Field<Type>::assign(const Foam::word&, const Foam::dictionary&, Foam::label, Foam::IOobjectOption::readOption) [with Type = double; Foam::label = int][3]PETSC ERROR: Run with -malloc_debug to check if memory corruption is causing the crash.
[0]PETSC ERROR: Run with -malloc_debug to check if memory corruption is causing the crash.

[2]     in file /home/dockeruser/OpenFOAM/OpenFOAM-v2506/src/OpenFOAM/lnInclude/Field.C at line 296.
[2] 
FOAM parallel run exiting
[2] 
[2] 
[2] 
[2] --> FOAM FATAL IO ERROR: (openfoam-2506)
[2] cannot open fileunexpected class name  expected volScalarField
    while reading object pIstream not OK for reading dictionary Entry 'dimensions' not found in dictionary 
Required entry 'internalField' missing in dictionary 
Entry 'boundaryField' not found in dictionary 
[2] 
[2] 
[2]     From const Foam::dictionary& Foam::dictionary::subDict(const Foam::word&, Foam::keyType::option) const
[2]     in file db/dictionary/dictionary.C at line 457.
[2] 
FOAM parallel run exiting
[2] 
[2]PETSC ERROR: ------------------------------------------------------------------------
[2]PETSC ERROR: Caught signal number 11 SEGV: Segmentation Violation, probably memory access out of range
[2]PETSC ERROR: Try option -start_in_debugger or -on_error_attach_debugger
[2]PETSC ERROR: or see https://petsc.org/release/faq/#valgrind
[2]PETSC ERROR: or try http://valgrind.org on GNU/linux and Apple Mac OS X to find memory corruption errors
[2]PETSC ERROR: configure using --with-debugging=yes, recompile, link, and run 
[2]PETSC ERROR: to get more information on the crash.
[2]PETSC ERROR: Run with -malloc_debug to check if memory corruption is causing the crash.
--------------------------------------------------------------------------
MPI_ABORT was invoked on rank 3 in communicator MPI_COMM_WORLD
with errorcode 59.

NOTE: invoking MPI_ABORT causes Open MPI to kill all MPI processes.
You may or may not see output from other processes, depending on
exactly when Open MPI kills them.
--------------------------------------------------------------------------
[ip-172-31-43-247:00245] 3 more processes have sent help message help-mpi-api.txt / mpi-abort
[ip-172-31-43-247:00245] Set MCA parameter "orte_base_help_aggregate" to 0 to see all help / error messages
