WARNING 7: VSPAERO Viewer Not Found. 
	Expected here: /home/dafoamuser/dafoam/packages/miniconda3/lib/python3.10/site-packages/openvsp/vspviewer
WARNING 7: VSPAERO Viewer Not Found. 
	Expected here: /home/dafoamuser/dafoam/packages/miniconda3/lib/python3.10/site-packages/openvsp/vspviewer
WARNING 7: VSPAERO Viewer Not Found. 
	Expected here: /home/dafoamuser/dafoam/packages/miniconda3/lib/python3.10/site-packages/openvsp/vspviewer
WARNING 7: VSPAERO Viewer Not Found. 
	Expected here: /home/dafoamuser/dafoam/packages/miniconda3/lib/python3.10/site-packages/openvsp/vspviewer
 
-------------------------------------------------------------------------------
|                               DAFoam v5.0.0                                 |
-------------------------------------------------------------------------------
 
/*---------------------------------------------------------------------------*\
| =========                 |                                                 |
| \\      /  F ield         | OpenFOAM: The Open Source CFD Toolbox           |
|  \\    /   O peration     | Version:  2506                                  |
|   \\  /    A nd           | Website:  www.openfoam.com                      |
|    \\/     M anipulation  |                                                 |
\*---------------------------------------------------------------------------*/
Build  : _615aae61d7-20250627 OPENFOAM=2506 version=v2506
Arch   : "LSB;label=32;scalar=64"
Exec   : decomposePar
Date   : Jul 28 2026
Time   : 00:33:11
Host   : ip-172-31-43-247
PID    : 409
I/O    : uncollated
Case   : /home/dafoamuser/mount/A3-onera-m6-transonic
nProcs : 1
trapFpe: Floating point exception trapping enabled (FOAM_SIGFPE).
fileModificationChecking : Monitoring run-time modified files using timeStampMaster (fileModificationSkew 5, maxFileModificationPolls 20)
allowSystemOperations : Allowing user-supplied system call operations

// * * * * * * * * * * * * * * * * * * * * * * * * * * * * * * * * * * * * * //
Create time

Overriding DebugSwitches according to controlDict
    SolverPerformance 0;



Decomposing mesh

Create mesh

Calculating distribution of cells
Decomposition method scotch [4] (region region0)

Finished decomposition in 0.5600000000000001 s

Calculating original mesh data

Distributing cells to processors

Distributing faces to processors

Distributing points to processors

Constructing processor meshes
Overriding DebugSwitches according to controlDict
    SolverPerformance 0;


Processor 0
    Number of cells = 100738
    Number of points = 106847
    Number of faces shared with processor 1 = 3408
    Number of faces shared with processor 2 = 1680
    Number of faces shared with processor 3 = 1672
    Number of processor patches = 3
    Number of processor faces = 6760
    Number of boundary faces = 5212
Overriding DebugSwitches according to controlDict
    SolverPerformance 0;


Processor 1
    Number of cells = 99960
    Number of points = 106250
    Number of faces shared with processor 0 = 3408
    Number of faces shared with processor 2 = 1700
    Number of faces shared with processor 3 = 1751
    Number of processor patches = 3
    Number of processor faces = 6859
    Number of boundary faces = 5471
Overriding DebugSwitches according to controlDict
    SolverPerformance 0;


Processor 2
    Number of cells = 98844
    Number of points = 106605
    Number of faces shared with processor 0 = 1680
    Number of faces shared with processor 1 = 1700
    Number of faces shared with processor 3 = 4450
    Number of processor patches = 3
    Number of processor faces = 7830
    Number of boundary faces = 7404
Overriding DebugSwitches according to controlDict
    SolverPerformance 0;


Processor 3
    Number of cells = 99818
    Number of points = 105409
    Number of faces shared with processor 0 = 1672
    Number of faces shared with processor 1 = 1751
    Number of faces shared with processor 2 = 4450
    Number of processor patches = 3
    Number of processor faces = 7873
    Number of boundary faces = 3097

Number of processor faces = 14661
Max number of cells = 100738 (0.8994391025641025% above average 99840)
Max number of processor patches = 3 (0% above average 3)
Max number of faces between processors = 7873 (7.400586590273515% above average 7330.5)

Time = 0

Processor 0: field transfer
Overriding DebugSwitches according to controlDict
    SolverPerformance 0;

Processor 1: field transfer
Overriding DebugSwitches according to controlDict
    SolverPerformance 0;

Processor 2: field transfer
Overriding DebugSwitches according to controlDict
    SolverPerformance 0;

Processor 3: field transfer
Overriding DebugSwitches according to controlDict
    SolverPerformance 0;


End

I/O    : uncollated
Case   : /home/dafoamuser/mount/A3-onera-m6-transonic
nProcs : 4
Hosts  :
(
    (ip-172-31-43-247 4)
)
Pstream initialized with:
    node communication : off [type=host] (4 ranks, 1 nodes)
    topology controls  : none
    consensus exchange : 0 (tuning: 0)
    exchange algorithm : 0
    commsType          : nonBlocking
    polling iterations : 0
Initializing mesh and runtime for DASolver
Create time

Overriding DebugSwitches according to controlDict
    SolverPerformance 0;

Create mesh for time = 0
Replacing wallDist.method meshWave -> meshWaveFrozen
DAOption created. DASolver initialized.
[1] UPstream::init : could not attach buffer
[0] UPstream::init : could not attach buffer
[2] UPstream::init : could not attach buffer
[3] UPstream::init : could not attach buffer
I/O    : uncollated
Case   : /home/dafoamuser/mount/A3-onera-m6-transonic
nProcs : 4
Hosts  :
(
    (ip-172-31-43-247 4)
)
Pstream initialized with:
    node communication : off [type=host] (4 ranks, 1 nodes)
    topology controls  : none
    consensus exchange : 0 (tuning: 0)
    exchange algorithm : 0
    commsType          : nonBlocking
    polling iterations : 0
Initializing mesh and runtime for DASolver
Create time

Overriding DebugSwitches according to controlDict
    SolverPerformance 0;

Create mesh for time = 0
Replacing wallDist.method meshWave -> meshWaveFrozen
DAOption created. DASolver initialized.
Initializing fields for DARhoSimpleCFoam
Create simpleControl.

SIMPLE: no convergence criteria found. Calculations will run for 1000 steps.

Reading thermophysical properties

Selecting thermodynamics package 
{
    mixture         pureMixture;
    specie          specie;
    equationOfState perfectGas;
    energy          sensibleInternalEnergy;
    thermo          hConst;
    type            hePsiThermo;
    transport       const;
}

Reading field U

Reading/calculating face flux field phi

Creating turbulence model

Selecting turbulence model type RAS
Selecting RAS turbulence model SpalartAllmaras
Selecting patchDistMethod meshWaveFrozen
ft2 term: inactive
Turbulence model is compressible
Adjoint States: 
5
(
U volVectorState
nuTilda modelState
phi surfaceScalarState
p volScalarState
T volScalarState
)
Global Cells: 399360
Global Faces: 1223333
Global Xv: 1275333
Undecomposed points: 410085
Global Adjoint States: 3619493

SIMPLE: no convergence criteria found. Calculations will run for 1000 steps.

DACheckMesh Thresholds: 
maxNonOrth: 70
maxSkewness: 4
maxAspectRatio: 1000
maxIncorrectlyOrientedFaces: 0
    Adding all faces of patches: (wing) ...
    Found matching patch wing with 6240 faces
    Adding all faces of patches: (wing) ...
    Found matching patch wing with 6240 faces
Initializing fields for DARhoSimpleCFoam
Create simpleControl.

SIMPLE: no convergence criteria found. Calculations will run for 1000 steps.

Reading thermophysical properties

Selecting thermodynamics package 
{
    mixture         pureMixture;
    specie          specie;
    equationOfState perfectGas;
    energy          sensibleInternalEnergy;
    thermo          hConst;
    type            hePsiThermo;
    transport       const;
}

Reading field U

Reading/calculating face flux field phi

Creating turbulence model

Selecting turbulence model type RAS
Selecting RAS turbulence model SpalartAllmaras
Selecting patchDistMethod meshWaveFrozen
ft2 term: inactive
Turbulence model is compressible
Adjoint States: 
5
(
U volVectorState
nuTilda modelState
phi surfaceScalarState
p volScalarState
T volScalarState
)
Global Cells: 399360
Global Faces: 1223333
Global Xv: 1275333
Undecomposed points: 410085
Global Adjoint States: 3619493

SIMPLE: no convergence criteria found. Calculations will run for 1000 steps.

DACheckMesh Thresholds: 
maxNonOrth: 70
maxSkewness: 4
maxAspectRatio: 1000
maxIncorrectlyOrientedFaces: 0
    Adding all faces of patches: (wing) ...
    Found matching patch wing with 6240 faces
    Adding all faces of patches: (wing) ...
    Found matching patch wing with 6240 faces
Init solver done! ElapsedClockTime 2.000000 s
Init solver done! ElapsedCpuTime 1.970000 s
initState: 
7
(
nuTilda 4.500000000005303e-05
phi 0
U1 0
U2 0
p 101325
T 300
U0 99.99999999996531
)
Setting up primal boundary conditions based on pyOptions: 
Setting primal boundary conditions...
Setting U = (291.6 0 0) at inout
Setting primal boundary conditions...
Setting p = 101325 at inout
Setting primal boundary conditions...
Setting T = 300 at inout
Setting primal boundary conditions...
Setting nuTilda = 4.5e-05 at inout
Setting nut wall BC for wing. BCType=nutUSpaldingWallFunction
Setting alphat wall BC for wingBCType=compressible::alphatWallFunction. Default Prt=0.85
Reading OpenFOAM mesh information...
I/O    : uncollated
Case   : /home/dafoamuser/mount/A3-onera-m6-transonic
nProcs : 4
Hosts  :
(
    (ip-172-31-43-247 4)
)
Pstream initialized with:
    node communication : off [type=host] (4 ranks, 1 nodes)
    topology controls  : none
    consensus exchange : 0 (tuning: 0)
    exchange algorithm : 0
    commsType          : nonBlocking
    polling iterations : 0
Reading the OpenFOAM mesh..
Overriding DebugSwitches according to controlDict
    SolverPerformance 0;

Checking if we need to compress the mesh files
Checking if we need to compress the mesh files
Finalising parallel run
I/O    : uncollated
DAFoam option dictionary: 
{
    solverName      DARhoSimpleCFoam;
    primalMinResTol 1e-08;
    primalFuncStdTol
    {
        stdTol          -1;
        slopeTol        -1;
        funcNames       1 ( CD );
        nStepsFrac      0.2;
    }
    primalBC
    {
        U0
        {
            variable        U;
            patches         1 ( inout );
            value           3 ( 291.6 0 0 );
        }
        p0
        {
            variable        p;
            patches         1 ( inout );
            value           1 ( 101325 );
        }
        T0
        {
            variable        T;
            patches         1 ( inout );
            value           1 ( 300 );
        }
        nuTilda0
        {
            variable        nuTilda;
            patches         1 ( inout );
            value           1 ( 4.5e-05 );
        }
        useWallFunction 1;
    }
    primalInitCondition
    {
    }
    normalizeStates
    {
        U               291.6;
        p               101325;
        nuTilda         0.00045;
        phi             1;
        T               300;
    }
    function
    {
        CD
        {
            type            force;
            source          patchToFace;
            patches         1 ( wing );
            directionMode   parallelToFlow;
            patchVelocityInputName patchV;
            scale           3.105076605872807e-05;
        }
        CL
        {
            type            force;
            source          patchToFace;
            patches         1 ( wing );
            directionMode   normalToFlow;
            patchVelocityInputName patchV;
            scale           3.105076605872807e-05;
        }
    }
    inputInfo
    {
        aero_vol_coords
        {
            type            volCoord;
            components      2 ( solver function );
        }
        patchV
        {
            type            patchVelocity;
            patches         1 ( inout );
            flowAxis        x;
            normalAxis      y;
            components      2 ( solver function );
        }
    }
    outputInfo
    {
    }
    designSurfaces  1 ( wing );
    fvSource
    {
    }
    prepareCaseOnly 0;
    adjEqnSolMethod Krylov;
    dynamicMesh
    {
        active          0;
        mode            rotation;
        center          3 ( 0.25 0 0 );
        axis            z;
        omega           0.1;
        s               2;
        t0              0.35;
    }
    primalVarBounds
    {
        UMax            1000;
        UMin            -1000;
        pMax            500000;
        pMin            20000;
        p_rghMax        500000;
        p_rghMin        20000;
        eMax            55000;
        eMin            -220000;
        TMax            1000;
        TMin            100;
        hMax            200000;
        hMin            -200000;
        DMax            1e+16;
        DMin            -1e+16;
        rhoMax          5;
        rhoMin          0.2;
        nuTildaMax      1e+16;
        nuTildaMin      1e-16;
        kMax            1e+16;
        kMin            1e-16;
        omegaMax        1e+16;
        omegaMin        1e-16;
        epsilonMax      1e+16;
        epsilonMin      1e-16;
        ReThetatMax     1e+16;
        ReThetatMin     1e-16;
        gammaIntMax     1e+16;
        gammaIntMin     1e-16;
    }
    discipline      aero;
    adjPartDerivFDStep
    {
        State           1e-06;
    }
    transonicPCOption 2;
    unsteadyAdjoint
    {
        mode            None;
        PCMatPrecomputeInterval 100;
        PCMatUpdateInterval 1;
        reduceIO        1;
        additionalOutput 1 ( None );
        additionalOldTime 1 ( None );
        readZeroFields  1;
    }
    adjPCLag        5;
    useAD
    {
        mode            reverse;
        dvName          None;
        seedIndex       -9999;
    }
    useConstrainHbyA 1;
    forceMeshWaveFrozen 1;
    useDdtCorr      0;
    regressionModel
    {
        active          0;
    }
    useMeanStates   0;
    solveLinearFunctionName None;
    printDAOptions  1;
    debug           0;
    writeJacobians  1 ( None );
    printInterval   100;
    printIntervalUnsteady 1;
    primalMinResTolDiff 100;
    adjUseColoring  1;
    adjEqnOption
    {
        globalPCIters   0;
        asmOverlap      1;
        localPCIters    1;
        jacMatReOrdering natural;
        pcFillLevel     1;
        gmresMaxIters   1000;
        gmresRestart    1000;
        gmresRelTol     0.0001;
        gmresAbsTol     1e-14;
        gmresTolDiff    100;
        useNonZeroInitGuess 0;
        useMGSO         0;
        printInfo       1;
        fpMaxIters      1000;
        fpRelTol        1e-06;
        fpMinResTolDiff 100;
        fpPCUpwind      0;
        dynAdjustTol    0;
        KSPCalcEigen    0;
        KSPCalcSingularVal 0;
        readPCMat       0;
    }
    normalizeResiduals 11 ( URes pRes p_rghRes nuTildaRes phiRes TRes DRes kRes omegaRes epsilonRes alpha.waterRes );
    maxResConLv4JacPCMat
    {
        pRes            2;
        phiRes          1;
        URes            2;
        TRes            2;
        nuTildaRes      2;
        kRes            2;
        epsilonRes      2;
        omegaRes        2;
        p_rghRes        2;
        DRes            2;
        gammaIntRes     2;
        ReThetatRes     2;
        alpha.waterRes  2;
    }
    jacLowerBounds
    {
        dRdW            1e-30;
        dRdWPC          1e-30;
    }
    maxTractionBCIters 100;
    decomposeParDict
    {
        method          scotch;
        simpleCoeffs
        {
            n               3 ( 2 2 1 );
            delta           0.001;
        }
        kahipCoeffs
        {
            config          fast;
            imbalance       0.01;
        }
        preservePatches 1 ( None );
        singleProcessorFaceSets 1 ( None );
        args            1 ( None );
    }
    adjStateOrdering cell;
    checkMeshThreshold
    {
        maxAspectRatio  1000;
        maxNonOrth      70;
        maxSkewness     4;
        maxIncorrectlyOrientedFaces 0;
    }
    writeDeformedFFDs 0;
    writeDeformedConstraints 0;
    writeAdjointFields 0;
    maxCorrectBCCalls 2;
    writeMinorIterations 0;
    primalMinIters  1;
    tensorflow
    {
        active          0;
    }
    wallDistanceMethod default;
    unsteadyCompOutput
    {
    }
}

pyDAFoam initialization done!
+----------------------------------------+
|          All IDWarp Options:           |
+----------------------------------------+
{'LdefFact': 1.0,
 'aExp': 3.0,
 'alpha': 0.25,
 'bExp': 5.0,
 'bucketSize': 8,
 'cornerAngle': 30.0,
 'errTol': 0.0005,
 'evalMode': 'fast',
 'fileType': 'OpenFOAM',
 'gridFile': '/home/dafoamuser/mount/A3-onera-m6-transonic',
 'restartFile': None,
 'specifiedSurfaces': None,
 'symmTol': 1e-06,
 'symmetryPlanes': [[[0.0, 0.0, 0.0], [0.0, 0.0, 1.0]]],
 'symmetrySurfaces': None,
 'useRotations': True,
 'zeroCornerRotations': True}
I/O    : uncollated
Case   : /home/dafoamuser/mount/A3-onera-m6-transonic
nProcs : 4
Hosts  :
(
    (ip-172-31-43-247 4)
)
Pstream initialized with:
    node communication : off [type=host] (4 ranks, 1 nodes)
    topology controls  : none
    consensus exchange : 0 (tuning: 0)
    exchange algorithm : 0
    commsType          : nonBlocking
    polling iterations : 0
Reading the OpenFOAM mesh..
Overriding DebugSwitches according to controlDict
    SolverPerformance 0;

Checking if we need to compress the mesh files
Checking if we need to compress the mesh files
#------------------------------#
 Total Volume Nodes :    425111 
#------------------------------#
Finalising parallel run
I/O    : uncollated
+-------------------- Symmetry Planes -------------------+
|           Point                        Normal          |
| (  0.000   0.000   0.000)    (  0.000   0.000   1.000) |
+--------------------------------------------------------+
#--------------------------------#
 Unique Surface Nodes :      6309 
#--------------------------------#
 Computing Denominator Estimate...
 Load Balancing...
 Finished Mesh Initialization.
OrderedDict([('inout', [0]), ('procBoundary0to1', [1]), ('procBoundary0to2', [2]), ('procBoundary0to3', [3]), ('sym', [4]), ('wing', [5]), ('allSurfaces', [0, 1, 2, 3, 4, 5]), ('allWalls', [5]), ('designSurfaces', [5])])
dRdWT Jacobian Free created!
/home/dafoamuser/dafoam/packages/miniconda3/lib/python3.10/site-packages/openmdao/core/component.py:140: OMDeprecationWarning:'scenario1.coupling.solver' <class DAFoamSolver>: It appears this component mixes distributed/non-distributed inputs and outputs, so it may break starting with OpenMDAO 3.25, where the convention used when passing data between distributed and non-distributed inputs and outputs within a matrix free component will change. See https://github.com/OpenMDAO/POEMs/blob/master/POEM_075.md for details.
/home/dafoamuser/dafoam/packages/miniconda3/lib/python3.10/site-packages/openmdao/core/component.py:140: OMDeprecationWarning:'scenario1.coupling.solver' <class DAFoamSolver>: It appears this component mixes distributed/non-distributed inputs and outputs, so it may break starting with OpenMDAO 3.25, where the convention used when passing data between distributed and non-distributed inputs and outputs within a matrix free component will change. See https://github.com/OpenMDAO/POEMs/blob/master/POEM_075.md for details.
/home/dafoamuser/dafoam/packages/miniconda3/lib/python3.10/site-packages/openmdao/core/component.py:140: OMDeprecationWarning:'scenario1.coupling.solver' <class DAFoamSolver>: It appears this component mixes distributed/non-distributed inputs and outputs, so it may break starting with OpenMDAO 3.25, where the convention used when passing data between distributed and non-distributed inputs and outputs within a matrix free component will change. See https://github.com/OpenMDAO/POEMs/blob/master/POEM_075.md for details.
/home/dafoamuser/dafoam/packages/miniconda3/lib/python3.10/site-packages/openmdao/core/component.py:140: OMDeprecationWarning:'scenario1.coupling.solver' <class DAFoamSolver>: It appears this component mixes distributed/non-distributed inputs and outputs, so it may break starting with OpenMDAO 3.25, where the convention used when passing data between distributed and non-distributed inputs and outputs within a matrix free component will change. See https://github.com/OpenMDAO/POEMs/blob/master/POEM_075.md for details.
/home/dafoamuser/dafoam/packages/miniconda3/lib/python3.10/site-packages/openmdao/core/component.py:140: OMDeprecationWarning:'scenario1.aero_post.functionals' <class DAFoamFunctions>: It appears this component mixes distributed/non-distributed inputs and outputs, so it may break starting with OpenMDAO 3.25, where the convention used when passing data between distributed and non-distributed inputs and outputs within a matrix free component will change. See https://github.com/OpenMDAO/POEMs/blob/master/POEM_075.md for details.
/home/dafoamuser/dafoam/packages/miniconda3/lib/python3.10/site-packages/openmdao/core/component.py:140: OMDeprecationWarning:'scenario1.aero_post.functionals' <class DAFoamFunctions>: It appears this component mixes distributed/non-distributed inputs and outputs, so it may break starting with OpenMDAO 3.25, where the convention used when passing data between distributed and non-distributed inputs and outputs within a matrix free component will change. See https://github.com/OpenMDAO/POEMs/blob/master/POEM_075.md for details.
/home/dafoamuser/dafoam/packages/miniconda3/lib/python3.10/site-packages/openmdao/core/component.py:140: OMDeprecationWarning:'scenario1.aero_post.functionals' <class DAFoamFunctions>: It appears this component mixes distributed/non-distributed inputs and outputs, so it may break starting with OpenMDAO 3.25, where the convention used when passing data between distributed and non-distributed inputs and outputs within a matrix free component will change. See https://github.com/OpenMDAO/POEMs/blob/master/POEM_075.md for details.
/home/dafoamuser/dafoam/packages/miniconda3/lib/python3.10/site-packages/openmdao/core/component.py:140: OMDeprecationWarning:'scenario1.aero_post.functionals' <class DAFoamFunctions>: It appears this component mixes distributed/non-distributed inputs and outputs, so it may break starting with OpenMDAO 3.25, where the convention used when passing data between distributed and non-distributed inputs and outputs within a matrix free component will change. See https://github.com/OpenMDAO/POEMs/blob/master/POEM_075.md for details.
DAInputVolCoord. 
Setting volume coordinates. 
DAInputPatchVelocity. 
Setting UMag = 291.6 AoA = 3.06 degs at 1(inout)
Checking mesh quality for time = 0
    Overall domain bounding box (-10.512442307523 -12.688487525162 0) (12.902349851415 12.688526502469 11.973684056198)
    Mesh has 3 geometric (non-empty/wedge) directions (1 1 1)
    Mesh has 3 solution (non-empty) directions (1 1 1)
    Boundary openness (3.553351941550874e-16 -3.363942871295955e-17 4.258441041813921e-16) OK.
    Max cell openness = 5.376632720909306e-15 OK.
    Max aspect ratio = 222.3549331116175 OK.
    Minimum face area = 2.671349215700889e-08. Maximum face area = 1.565278461502211.  Face area magnitudes OK.
    Min volume = 3.093202451517e-11. Max volume = 0.3755486475199804.  Total volume = 3684.894689032514.  Cell volumes OK.
    Mesh non-orthogonality Max: 61.15806658905959 average: 13.65165917373235
    Non-orthogonality check OK.
    Face pyramids OK.
    Max skewness = 1.440805583601462 OK.
    Coupled point location match (average 0) OK.

Mesh OK.

Running Primal Solver 001
Previous solution time -1e+10 not found and nothing deleted.

Starting time loop

Time = 1

U0 initRes: 0.9999999999999982 finalRes: 0.06790210260285867 nIters: 3
U1 initRes: 1 finalRes: 0.0679242998266632 nIters: 3
U2 initRes: 1 finalRes: 0.01949991524913004 nIters: 2
he initRes: 0.9999999998931284 finalRes: 0.05927250814590648 nIters: 3
p initRes: 0.9999999999985837 finalRes: 0.09251773079691844 nIters: 7
Time step continuity errors : sum local = 0.9062629351742102
                                 global = -0.6147066498042859
                             cumulative = -0.6147066498042859
nuTilda initRes: 0.999999999972934 finalRes: 0.08126375806868986 nIters: 2
CD: 0.03985860793765508 final: 0.03985860793765508
CL: -0.0003760794469821749 final: -0.0003760794469821749
yPlus min: 6.701968048826549 max: 57.54263110341159 mean: 21.19790387696199
ExecutionTime = 10.7 s  ClockTime = 10 s

Time = 100

U0 initRes: 0.0004078968294748083 finalRes: 3.073014820416234e-05 nIters: 2
U1 initRes: 0.00147663901599566 finalRes: 9.534291918331563e-05 nIters: 3
U2 initRes: 0.001329073868371557 finalRes: 9.298683316235701e-05 nIters: 3
he initRes: 0.001206383724487952 finalRes: 0.0001070393989558849 nIters: 3
p initRes: 0.002829214856776064 finalRes: 0.0002747903751295413 nIters: 6
Time step continuity errors : sum local = 0.001887291487320938
                                 global = -0.0002338349610650392
                             cumulative = -0.6149404847653509
nuTilda initRes: 2.516991322741985e-05 finalRes: 1.801228175793849e-06 nIters: 4
CD: 0.02423595783075399 final: 0.02423595783075399
CL: 0.2273678002156392 final: 0.2273678002156392
yPlus min: 2.007824768093307 max: 82.29111528978366 mean: 26.86941359077512
ExecutionTime = 28.57 s  ClockTime = 28 s

Time = 200

U0 initRes: 8.753894776944597e-05 finalRes: 6.976460681054027e-06 nIters: 2
U1 initRes: 0.0002411565133458336 finalRes: 2.24939776338756e-05 nIters: 2
U2 initRes: 0.0003246546613096671 finalRes: 2.024911448128849e-05 nIters: 3
he initRes: 0.0002821533275395934 finalRes: 2.279722774280842e-05 nIters: 3
p initRes: 0.0007564448863484523 finalRes: 7.49281352629558e-05 nIters: 6
Time step continuity errors : sum local = 0.0003522422465570934
                                 global = -2.891010228377539e-05
                             cumulative = -0.6149693948676347
nuTilda initRes: 2.178043907501713e-05 finalRes: 1.557249652260866e-06 nIters: 5
CD: 0.0189032349177169 final: 0.0189032349177169
CL: 0.2421193957662286 final: 0.2421193957662286
yPlus min: 6.053184147643136 max: 99.53638349980974 mean: 32.63040277399651
ExecutionTime = 46.3 s  ClockTime = 46 s

Time = 300

U0 initRes: 1.811696565295967e-05 finalRes: 1.390485087050034e-06 nIters: 2
U1 initRes: 7.557693720704692e-05 finalRes: 4.919195372303854e-06 nIters: 4
U2 initRes: 0.0001106705238411354 finalRes: 1.106537816890845e-05 nIters: 3
he initRes: 6.69339499262653e-05 finalRes: 5.603000174932249e-06 nIters: 3
p initRes: 0.0001678729007336795 finalRes: 1.502868559302647e-05 nIters: 6
Time step continuity errors : sum local = 6.909803563546463e-05
                                 global = -1.211268419729482e-06
                             cumulative = -0.6149706061360544
nuTilda initRes: 3.283470290826954e-06 finalRes: 2.088008088326256e-07 nIters: 4
CD: 0.02217501210202729 final: 0.02217501210202729
CL: 0.2983872461996631 final: 0.2983872461996631
yPlus min: 3.457939618266813 max: 102.9082048681806 mean: 33.668904052188
ExecutionTime = 63.81 s  ClockTime = 63 s

Time = 400

U0 initRes: 2.637004139242582e-06 finalRes: 1.880941602670515e-07 nIters: 2
U1 initRes: 1.076635464215627e-05 finalRes: 7.046023954546522e-07 nIters: 4
U2 initRes: 1.535920811908252e-05 finalRes: 1.01893663955947e-06 nIters: 4
he initRes: 9.919535275536807e-06 finalRes: 7.696931396917591e-07 nIters: 3
p initRes: 2.409389281558239e-05 finalRes: 2.243959388731915e-06 nIters: 6
Time step continuity errors : sum local = 1.065008198228732e-05
                                 global = 1.953903072042613e-08
                             cumulative = -0.6149705865970236
nuTilda initRes: 1.373103566625888e-06 finalRes: 9.314110016193087e-08 nIters: 3
CD: 0.02283859434447891 final: 0.02283859434447891
CL: 0.3101940630208821 final: 0.3101940630208821
yPlus min: 5.663637964285774 max: 103.3781763075913 mean: 33.73714726963988
ExecutionTime = 80.95 s  ClockTime = 80 s

Time = 500

U0 initRes: 5.342905208151366e-07 finalRes: 3.831004921357706e-08 nIters: 2
U1 initRes: 2.520202662000986e-06 finalRes: 1.693350778249102e-07 nIters: 4
U2 initRes: 3.536706111281278e-06 finalRes: 2.439860410211353e-07 nIters: 4
he initRes: 1.900827619769879e-06 finalRes: 1.215215574345625e-07 nIters: 3
p initRes: 4.747451816848629e-06 finalRes: 4.148102216342428e-07 nIters: 6
Time step continuity errors : sum local = 2.002959848308496e-06
                                 global = 5.704277616115342e-08
                             cumulative = -0.6149705295542475
nuTilda initRes: 1.096510010104228e-06 finalRes: 5.463210668661397e-08 nIters: 3
CD: 0.02296577462037046 final: 0.02296577462037046
CL: 0.3124290098670732 final: 0.3124290098670732
yPlus min: 5.431578808907777 max: 103.4888760748844 mean: 33.75868890585498
ExecutionTime = 97.97 s  ClockTime = 97 s

Time = 600

U0 initRes: 1.874859191955209e-07 finalRes: 1.517952214502871e-08 nIters: 2
U1 initRes: 5.877266706558641e-07 finalRes: 3.840292422714128e-08 nIters: 4
U2 initRes: 8.080978758791805e-07 finalRes: 5.399173269114052e-08 nIters: 4
he initRes: 5.823721935134856e-07 finalRes: 3.178785427867053e-08 nIters: 3
p initRes: 1.27092138820751e-06 finalRes: 1.102723085397269e-07 nIters: 5
Time step continuity errors : sum local = 5.274850554140112e-07
                                 global = 1.415118005167654e-08
                             cumulative = -0.6149705154030675
nuTilda initRes: 1.03019703838683e-06 finalRes: 4.267152566696283e-08 nIters: 3
CD: 0.0229955626161174 final: 0.0229955626161174
CL: 0.312963649672407 final: 0.312963649672407
yPlus min: 5.324433680501576 max: 103.5106039045819 mean: 33.76719071123074
ExecutionTime = 114.68 s  ClockTime = 114 s

Time = 700

U0 initRes: 1.240200044116645e-07 finalRes: 1.098487731083863e-08 nIters: 2
U1 initRes: 1.879033367012924e-07 finalRes: 1.64491084845698e-08 nIters: 3
U2 initRes: 2.521296048710715e-07 finalRes: 2.219782630470743e-08 nIters: 3
he initRes: 3.406983199617121e-07 finalRes: 3.24180362371911e-08 nIters: 2
p initRes: 5.657388492515416e-07 finalRes: 5.627546315972509e-08 nIters: 3
Time step continuity errors : sum local = 2.603037821718279e-07
                                 global = 2.578797817020732e-09
                             cumulative = -0.6149705128242696
nuTilda initRes: 1.020569403856747e-06 finalRes: 4.08447194944025e-08 nIters: 3
CD: 0.02300153117376863 final: 0.02300153117376863
CL: 0.3130770796187487 final: 0.3130770796187487
yPlus min: 5.220824857309986 max: 103.5160324794987 mean: 33.76917541931108
ExecutionTime = 130.73 s  ClockTime = 130 s

Time = 800

U0 initRes: 1.118535495963664e-07 finalRes: 1.016439319315267e-08 nIters: 2
U1 initRes: 1.012723202315972e-07 finalRes: 6.430720142358053e-09 nIters: 3
U2 initRes: 1.310943082681683e-07 finalRes: 8.034657480229831e-09 nIters: 3
he initRes: 2.876073336066746e-07 finalRes: 2.553030412747e-08 nIters: 2
p initRes: 4.316912684357176e-07 finalRes: 3.585293786230017e-08 nIters: 3
Time step continuity errors : sum local = 1.627587789637601e-07
                                 global = 1.078230261214384e-09
                             cumulative = -0.6149705117460393
nuTilda initRes: 1.01721224174138e-06 finalRes: 4.030904351030076e-08 nIters: 3
CD: 0.02300293512543311 final: 0.02300293512543311
CL: 0.3131048521340566 final: 0.3131048521340566
yPlus min: 5.252450719608859 max: 103.5174162823812 mean: 33.76921028468663
ExecutionTime = 146.12 s  ClockTime = 145 s

Time = 900

U0 initRes: 1.09025669397036e-07 finalRes: 9.967305079159756e-09 nIters: 2
U1 initRes: 8.054533575689974e-08 finalRes: 4.066932707447821e-09 nIters: 3
U2 initRes: 1.024723047627791e-07 finalRes: 9.222045977794293e-09 nIters: 2
he initRes: 2.769155524572538e-07 finalRes: 2.407358866773836e-08 nIters: 2
p initRes: 3.95886079669033e-07 finalRes: 3.082158973604948e-08 nIters: 3
Time step continuity errors : sum local = 1.38643936610525e-07
                                 global = 4.972081378081579e-10
                             cumulative = -0.6149705112488312
nuTilda initRes: 1.017886361160515e-06 finalRes: 4.008600790345178e-08 nIters: 3
CD: 0.0230034185220467 final: 0.0230034185220467
CL: 0.3131124758734818 final: 0.3131124758734818
yPlus min: 5.308889807159132 max: 103.517893020355 mean: 33.76953426661458
ExecutionTime = 161.36 s  ClockTime = 161 s

Time = 1000

U0 initRes: 1.089373738098638e-07 finalRes: 9.984992269191124e-09 nIters: 2
U1 initRes: 7.26782826244193e-08 finalRes: 6.845916045012681e-09 nIters: 2
U2 initRes: 9.361344307879955e-08 finalRes: 7.54208885636287e-09 nIters: 2
he initRes: 2.742619661282561e-07 finalRes: 2.373546420968667e-08 nIters: 2
p initRes: 3.756027049409773e-07 finalRes: 3.394669300543127e-08 nIters: 2
Time step continuity errors : sum local = 1.524662272275856e-07
                                 global = 1.817402108109516e-10
                             cumulative = -0.614970511067091
nuTilda initRes: 1.025618023087809e-06 finalRes: 4.027507832295813e-08 nIters: 3
CD: 0.02300364504821543 final: 0.02300364504821543
CL: 0.313114776734195 final: 0.313114776734195
yPlus min: 5.218009678060089 max: 103.5179940001763 mean: 33.77034536347779
ExecutionTime = 176.11 s  ClockTime = 175 s

Traceback (most recent call last):
  File "/home/dafoamuser/dafoam/packages/miniconda3/lib/python3.10/site-packages/openmdao/core/system.py", line 2927, in _call_user_function
    yield
  File "/home/dafoamuser/dafoam/packages/miniconda3/lib/python3.10/site-packages/openmdao/core/implicitcomponent.py", line 150, in _solve_nonlinear
    self.solve_nonlinear(self._inputs, self._outputs)
  File "/home/dafoamuser/dafoam/packages/miniconda3/lib/python3.10/site-packages/dafoam/mphys/mphys_dafoam.py", line 345, in solve_nonlinear
    raise AnalysisError("Primal solution failed!")
openmdao.core.analysis_error.AnalysisError: Primal solution failed!

During handling of the above exception, another exception occurred:

Traceback (most recent call last):
  File "/home/dafoamuser/mount/A3-onera-m6-transonic/runScript.py", line 259, in <module>
    prob.run_model()
  File "/home/dafoamuser/dafoam/packages/miniconda3/lib/python3.10/site-packages/openmdao/core/problem.py", line 629, in run_model
    self.model.run_solve_nonlinear()
  File "/home/dafoamuser/dafoam/packages/miniconda3/lib/python3.10/site-packages/openmdao/core/system.py", line 4684, in run_solve_nonlinear
    self._solve_nonlinear()
  File "/home/dafoamuser/dafoam/packages/miniconda3/lib/python3.10/site-packages/openmdao/core/group.py", line 2532, in _solve_nonlinear
    self._nonlinear_solver._solve_with_cache_check()
  File "/home/dafoamuser/dafoam/packages/miniconda3/lib/python3.10/site-packages/openmdao/solvers/nonlinear/nonlinear_runonce.py", line 26, in _solve_with_cache_check
    self.solve()  # don't use caching
  File "/home/dafoamuser/dafoam/packages/miniconda3/lib/python3.10/site-packages/openmdao/solvers/nonlinear/nonlinear_runonce.py", line 45, in solve
    self._gs_iter()
  File "/home/dafoamuser/dafoam/packages/miniconda3/lib/python3.10/site-packages/openmdao/solvers/solver.py", line 804, in _gs_iter
    raise err
  File "/home/dafoamuser/dafoam/packages/miniconda3/lib/python3.10/site-packages/openmdao/solvers/solver.py", line 800, in _gs_iter
    subsys._solve_nonlinear()
  File "/home/dafoamuser/dafoam/packages/miniconda3/lib/python3.10/site-packages/mphys/scenario.py", line 65, in _solve_nonlinear
    return super()._solve_nonlinear()
  File "/home/dafoamuser/dafoam/packages/miniconda3/lib/python3.10/site-packages/openmdao/core/group.py", line 2532, in _solve_nonlinear
    self._nonlinear_solver._solve_with_cache_check()
  File "/home/dafoamuser/dafoam/packages/miniconda3/lib/python3.10/site-packages/openmdao/solvers/nonlinear/nonlinear_runonce.py", line 26, in _solve_with_cache_check
    self.solve()  # don't use caching
  File "/home/dafoamuser/dafoam/packages/miniconda3/lib/python3.10/site-packages/openmdao/solvers/nonlinear/nonlinear_runonce.py", line 45, in solve
    self._gs_iter()
  File "/home/dafoamuser/dafoam/packages/miniconda3/lib/python3.10/site-packages/openmdao/solvers/solver.py", line 804, in _gs_iter
    raise err
  File "/home/dafoamuser/dafoam/packages/miniconda3/lib/python3.10/site-packages/openmdao/solvers/solver.py", line 800, in _gs_iter
    subsys._solve_nonlinear()
  File "/home/dafoamuser/dafoam/packages/miniconda3/lib/python3.10/site-packages/openmdao/core/group.py", line 2532, in _solve_nonlinear
    self._nonlinear_solver._solve_with_cache_check()
  File "/home/dafoamuser/dafoam/packages/miniconda3/lib/python3.10/site-packages/openmdao/solvers/nonlinear/nonlinear_runonce.py", line 26, in _solve_with_cache_check
    self.solve()  # don't use caching
  File "/home/dafoamuser/dafoam/packages/miniconda3/lib/python3.10/site-packages/openmdao/solvers/nonlinear/nonlinear_runonce.py", line 45, in solve
    self._gs_iter()
  File "/home/dafoamuser/dafoam/packages/miniconda3/lib/python3.10/site-packages/openmdao/solvers/solver.py", line 804, in _gs_iter
    raise err
  File "/home/dafoamuser/dafoam/packages/miniconda3/lib/python3.10/site-packages/openmdao/solvers/solver.py", line 800, in _gs_iter
    subsys._solve_nonlinear()
  File "/home/dafoamuser/dafoam/packages/miniconda3/lib/python3.10/site-packages/openmdao/core/implicitcomponent.py", line 128, in _solve_nonlinear
    with self._call_user_function('solve_nonlinear'):
  File "/home/dafoamuser/dafoam/packages/miniconda3/lib/python3.10/contextlib.py", line 153, in __exit__
    self.gen.throw(typ, value, traceback)
  File "/home/dafoamuser/dafoam/packages/miniconda3/lib/python3.10/site-packages/openmdao/core/system.py", line 2933, in _call_user_function
    raise err_type(
  File "/home/dafoamuser/dafoam/packages/miniconda3/lib/python3.10/site-packages/openmdao/core/system.py", line 2927, in _call_user_function
    yield
  File "/home/dafoamuser/dafoam/packages/miniconda3/lib/python3.10/site-packages/openmdao/core/implicitcomponent.py", line 150, in _solve_nonlinear
    self.solve_nonlinear(self._inputs, self._outputs)
  File "/home/dafoamuser/dafoam/packages/miniconda3/lib/python3.10/site-packages/dafoam/mphys/mphys_dafoam.py", line 345, in solve_nonlinear
    raise AnalysisError("Primal solution failed!")
openmdao.core.analysis_error.AnalysisError: 'scenario1.coupling.solver' <class DAFoamSolver>: Error calling solve_nonlinear(), Primal solution failed!
End

********************************************
Primal min residual 1.025618023087809e-06
did not satisfy the prescribed tolerance 1e-08
Primal solution failed!
********************************************
Traceback (most recent call last):
  File "/home/dafoamuser/dafoam/packages/miniconda3/lib/python3.10/site-packages/openmdao/core/system.py", line 2927, in _call_user_function
    yield
  File "/home/dafoamuser/dafoam/packages/miniconda3/lib/python3.10/site-packages/openmdao/core/implicitcomponent.py", line 150, in _solve_nonlinear
    self.solve_nonlinear(self._inputs, self._outputs)
  File "/home/dafoamuser/dafoam/packages/miniconda3/lib/python3.10/site-packages/dafoam/mphys/mphys_dafoam.py", line 345, in solve_nonlinear
    raise AnalysisError("Primal solution failed!")
openmdao.core.analysis_error.AnalysisError: Primal solution failed!

During handling of the above exception, another exception occurred:

Traceback (most recent call last):
  File "/home/dafoamuser/mount/A3-onera-m6-transonic/runScript.py", line 259, in <module>
    prob.run_model()
  File "/home/dafoamuser/dafoam/packages/miniconda3/lib/python3.10/site-packages/openmdao/core/problem.py", line 629, in run_model
    self.model.run_solve_nonlinear()
  File "/home/dafoamuser/dafoam/packages/miniconda3/lib/python3.10/site-packages/openmdao/core/system.py", line 4684, in run_solve_nonlinear
    self._solve_nonlinear()
  File "/home/dafoamuser/dafoam/packages/miniconda3/lib/python3.10/site-packages/openmdao/core/group.py", line 2532, in _solve_nonlinear
    self._nonlinear_solver._solve_with_cache_check()
  File "/home/dafoamuser/dafoam/packages/miniconda3/lib/python3.10/site-packages/openmdao/solvers/nonlinear/nonlinear_runonce.py", line 26, in _solve_with_cache_check
    self.solve()  # don't use caching
  File "/home/dafoamuser/dafoam/packages/miniconda3/lib/python3.10/site-packages/openmdao/solvers/nonlinear/nonlinear_runonce.py", line 45, in solve
    self._gs_iter()
  File "/home/dafoamuser/dafoam/packages/miniconda3/lib/python3.10/site-packages/openmdao/solvers/solver.py", line 804, in _gs_iter
    raise err
  File "/home/dafoamuser/dafoam/packages/miniconda3/lib/python3.10/site-packages/openmdao/solvers/solver.py", line 800, in _gs_iter
    subsys._solve_nonlinear()
  File "/home/dafoamuser/dafoam/packages/miniconda3/lib/python3.10/site-packages/mphys/scenario.py", line 65, in _solve_nonlinear
    return super()._solve_nonlinear()
  File "/home/dafoamuser/dafoam/packages/miniconda3/lib/python3.10/site-packages/openmdao/core/group.py", line 2532, in _solve_nonlinear
    self._nonlinear_solver._solve_with_cache_check()
  File "/home/dafoamuser/dafoam/packages/miniconda3/lib/python3.10/site-packages/openmdao/solvers/nonlinear/nonlinear_runonce.py", line 26, in _solve_with_cache_check
    self.solve()  # don't use caching
  File "/home/dafoamuser/dafoam/packages/miniconda3/lib/python3.10/site-packages/openmdao/solvers/nonlinear/nonlinear_runonce.py", line 45, in solve
    self._gs_iter()
  File "/home/dafoamuser/dafoam/packages/miniconda3/lib/python3.10/site-packages/openmdao/solvers/solver.py", line 804, in _gs_iter
    raise err
  File "/home/dafoamuser/dafoam/packages/miniconda3/lib/python3.10/site-packages/openmdao/solvers/solver.py", line 800, in _gs_iter
    subsys._solve_nonlinear()
  File "/home/dafoamuser/dafoam/packages/miniconda3/lib/python3.10/site-packages/openmdao/core/group.py", line 2532, in _solve_nonlinear
    self._nonlinear_solver._solve_with_cache_check()
  File "/home/dafoamuser/dafoam/packages/miniconda3/lib/python3.10/site-packages/openmdao/solvers/nonlinear/nonlinear_runonce.py", line 26, in _solve_with_cache_check
    self.solve()  # don't use caching
  File "/home/dafoamuser/dafoam/packages/miniconda3/lib/python3.10/site-packages/openmdao/solvers/nonlinear/nonlinear_runonce.py", line 45, in solve
    self._gs_iter()
  File "/home/dafoamuser/dafoam/packages/miniconda3/lib/python3.10/site-packages/openmdao/solvers/solver.py", line 804, in _gs_iter
    raise err
  File "/home/dafoamuser/dafoam/packages/miniconda3/lib/python3.10/site-packages/openmdao/solvers/solver.py", line 800, in _gs_iter
    subsys._solve_nonlinear()
  File "/home/dafoamuser/dafoam/packages/miniconda3/lib/python3.10/site-packages/openmdao/core/implicitcomponent.py", line 128, in _solve_nonlinear
    with self._call_user_function('solve_nonlinear'):
  File "/home/dafoamuser/dafoam/packages/miniconda3/lib/python3.10/contextlib.py", line 153, in __exit__
    self.gen.throw(typ, value, traceback)
  File "/home/dafoamuser/dafoam/packages/miniconda3/lib/python3.10/site-packages/openmdao/core/system.py", line 2933, in _call_user_function
    raise err_type(
  File "/home/dafoamuser/dafoam/packages/miniconda3/lib/python3.10/site-packages/openmdao/core/system.py", line 2927, in _call_user_function
    yield
  File "/home/dafoamuser/dafoam/packages/miniconda3/lib/python3.10/site-packages/openmdao/core/implicitcomponent.py", line 150, in _solve_nonlinear
    self.solve_nonlinear(self._inputs, self._outputs)
  File "/home/dafoamuser/dafoam/packages/miniconda3/lib/python3.10/site-packages/dafoam/mphys/mphys_dafoam.py", line 345, in solve_nonlinear
    raise AnalysisError("Primal solution failed!")
openmdao.core.analysis_error.AnalysisError: 'scenario1.coupling.solver' <class DAFoamSolver>: Error calling solve_nonlinear(), Primal solution failed!
Traceback (most recent call last):
  File "/home/dafoamuser/dafoam/packages/miniconda3/lib/python3.10/site-packages/openmdao/core/system.py", line 2927, in _call_user_function
    yield
  File "/home/dafoamuser/dafoam/packages/miniconda3/lib/python3.10/site-packages/openmdao/core/implicitcomponent.py", line 150, in _solve_nonlinear
    self.solve_nonlinear(self._inputs, self._outputs)
  File "/home/dafoamuser/dafoam/packages/miniconda3/lib/python3.10/site-packages/dafoam/mphys/mphys_dafoam.py", line 345, in solve_nonlinear
    raise AnalysisError("Primal solution failed!")
openmdao.core.analysis_error.AnalysisError: Primal solution failed!

During handling of the above exception, another exception occurred:

Traceback (most recent call last):
  File "/home/dafoamuser/mount/A3-onera-m6-transonic/runScript.py", line 259, in <module>
    prob.run_model()
  File "/home/dafoamuser/dafoam/packages/miniconda3/lib/python3.10/site-packages/openmdao/core/problem.py", line 629, in run_model
    self.model.run_solve_nonlinear()
  File "/home/dafoamuser/dafoam/packages/miniconda3/lib/python3.10/site-packages/openmdao/core/system.py", line 4684, in run_solve_nonlinear
    self._solve_nonlinear()
  File "/home/dafoamuser/dafoam/packages/miniconda3/lib/python3.10/site-packages/openmdao/core/group.py", line 2532, in _solve_nonlinear
    self._nonlinear_solver._solve_with_cache_check()
  File "/home/dafoamuser/dafoam/packages/miniconda3/lib/python3.10/site-packages/openmdao/solvers/nonlinear/nonlinear_runonce.py", line 26, in _solve_with_cache_check
    self.solve()  # don't use caching
  File "/home/dafoamuser/dafoam/packages/miniconda3/lib/python3.10/site-packages/openmdao/solvers/nonlinear/nonlinear_runonce.py", line 45, in solve
    self._gs_iter()
  File "/home/dafoamuser/dafoam/packages/miniconda3/lib/python3.10/site-packages/openmdao/solvers/solver.py", line 804, in _gs_iter
    raise err
  File "/home/dafoamuser/dafoam/packages/miniconda3/lib/python3.10/site-packages/openmdao/solvers/solver.py", line 800, in _gs_iter
    subsys._solve_nonlinear()
  File "/home/dafoamuser/dafoam/packages/miniconda3/lib/python3.10/site-packages/mphys/scenario.py", line 65, in _solve_nonlinear
    return super()._solve_nonlinear()
  File "/home/dafoamuser/dafoam/packages/miniconda3/lib/python3.10/site-packages/openmdao/core/group.py", line 2532, in _solve_nonlinear
    self._nonlinear_solver._solve_with_cache_check()
  File "/home/dafoamuser/dafoam/packages/miniconda3/lib/python3.10/site-packages/openmdao/solvers/nonlinear/nonlinear_runonce.py", line 26, in _solve_with_cache_check
    self.solve()  # don't use caching
  File "/home/dafoamuser/dafoam/packages/miniconda3/lib/python3.10/site-packages/openmdao/solvers/nonlinear/nonlinear_runonce.py", line 45, in solve
    self._gs_iter()
  File "/home/dafoamuser/dafoam/packages/miniconda3/lib/python3.10/site-packages/openmdao/solvers/solver.py", line 804, in _gs_iter
    raise err
  File "/home/dafoamuser/dafoam/packages/miniconda3/lib/python3.10/site-packages/openmdao/solvers/solver.py", line 800, in _gs_iter
    subsys._solve_nonlinear()
  File "/home/dafoamuser/dafoam/packages/miniconda3/lib/python3.10/site-packages/openmdao/core/group.py", line 2532, in _solve_nonlinear
    self._nonlinear_solver._solve_with_cache_check()
  File "/home/dafoamuser/dafoam/packages/miniconda3/lib/python3.10/site-packages/openmdao/solvers/nonlinear/nonlinear_runonce.py", line 26, in _solve_with_cache_check
    self.solve()  # don't use caching
  File "/home/dafoamuser/dafoam/packages/miniconda3/lib/python3.10/site-packages/openmdao/solvers/nonlinear/nonlinear_runonce.py", line 45, in solve
    self._gs_iter()
  File "/home/dafoamuser/dafoam/packages/miniconda3/lib/python3.10/site-packages/openmdao/solvers/solver.py", line 804, in _gs_iter
    raise err
  File "/home/dafoamuser/dafoam/packages/miniconda3/lib/python3.10/site-packages/openmdao/solvers/solver.py", line 800, in _gs_iter
    subsys._solve_nonlinear()
  File "/home/dafoamuser/dafoam/packages/miniconda3/lib/python3.10/site-packages/openmdao/core/implicitcomponent.py", line 128, in _solve_nonlinear
    with self._call_user_function('solve_nonlinear'):
  File "/home/dafoamuser/dafoam/packages/miniconda3/lib/python3.10/contextlib.py", line 153, in __exit__
    self.gen.throw(typ, value, traceback)
  File "/home/dafoamuser/dafoam/packages/miniconda3/lib/python3.10/site-packages/openmdao/core/system.py", line 2933, in _call_user_function
    raise err_type(
  File "/home/dafoamuser/dafoam/packages/miniconda3/lib/python3.10/site-packages/openmdao/core/system.py", line 2927, in _call_user_function
    yield
  File "/home/dafoamuser/dafoam/packages/miniconda3/lib/python3.10/site-packages/openmdao/core/implicitcomponent.py", line 150, in _solve_nonlinear
    self.solve_nonlinear(self._inputs, self._outputs)
  File "/home/dafoamuser/dafoam/packages/miniconda3/lib/python3.10/site-packages/dafoam/mphys/mphys_dafoam.py", line 345, in solve_nonlinear
    raise AnalysisError("Primal solution failed!")
openmdao.core.analysis_error.AnalysisError: 'scenario1.coupling.solver' <class DAFoamSolver>: Error calling solve_nonlinear(), Primal solution failed!
Traceback (most recent call last):
  File "/home/dafoamuser/dafoam/packages/miniconda3/lib/python3.10/site-packages/openmdao/core/system.py", line 2927, in _call_user_function
    yield
  File "/home/dafoamuser/dafoam/packages/miniconda3/lib/python3.10/site-packages/openmdao/core/implicitcomponent.py", line 150, in _solve_nonlinear
    self.solve_nonlinear(self._inputs, self._outputs)
  File "/home/dafoamuser/dafoam/packages/miniconda3/lib/python3.10/site-packages/dafoam/mphys/mphys_dafoam.py", line 345, in solve_nonlinear
    raise AnalysisError("Primal solution failed!")
openmdao.core.analysis_error.AnalysisError: Primal solution failed!

During handling of the above exception, another exception occurred:

Traceback (most recent call last):
  File "/home/dafoamuser/mount/A3-onera-m6-transonic/runScript.py", line 259, in <module>
    prob.run_model()
  File "/home/dafoamuser/dafoam/packages/miniconda3/lib/python3.10/site-packages/openmdao/core/problem.py", line 629, in run_model
    self.model.run_solve_nonlinear()
  File "/home/dafoamuser/dafoam/packages/miniconda3/lib/python3.10/site-packages/openmdao/core/system.py", line 4684, in run_solve_nonlinear
    self._solve_nonlinear()
  File "/home/dafoamuser/dafoam/packages/miniconda3/lib/python3.10/site-packages/openmdao/core/group.py", line 2532, in _solve_nonlinear
    self._nonlinear_solver._solve_with_cache_check()
  File "/home/dafoamuser/dafoam/packages/miniconda3/lib/python3.10/site-packages/openmdao/solvers/nonlinear/nonlinear_runonce.py", line 26, in _solve_with_cache_check
    self.solve()  # don't use caching
  File "/home/dafoamuser/dafoam/packages/miniconda3/lib/python3.10/site-packages/openmdao/solvers/nonlinear/nonlinear_runonce.py", line 45, in solve
    self._gs_iter()
  File "/home/dafoamuser/dafoam/packages/miniconda3/lib/python3.10/site-packages/openmdao/solvers/solver.py", line 804, in _gs_iter
    raise err
  File "/home/dafoamuser/dafoam/packages/miniconda3/lib/python3.10/site-packages/openmdao/solvers/solver.py", line 800, in _gs_iter
    subsys._solve_nonlinear()
  File "/home/dafoamuser/dafoam/packages/miniconda3/lib/python3.10/site-packages/mphys/scenario.py", line 65, in _solve_nonlinear
    return super()._solve_nonlinear()
  File "/home/dafoamuser/dafoam/packages/miniconda3/lib/python3.10/site-packages/openmdao/core/group.py", line 2532, in _solve_nonlinear
    self._nonlinear_solver._solve_with_cache_check()
  File "/home/dafoamuser/dafoam/packages/miniconda3/lib/python3.10/site-packages/openmdao/solvers/nonlinear/nonlinear_runonce.py", line 26, in _solve_with_cache_check
    self.solve()  # don't use caching
  File "/home/dafoamuser/dafoam/packages/miniconda3/lib/python3.10/site-packages/openmdao/solvers/nonlinear/nonlinear_runonce.py", line 45, in solve
    self._gs_iter()
  File "/home/dafoamuser/dafoam/packages/miniconda3/lib/python3.10/site-packages/openmdao/solvers/solver.py", line 804, in _gs_iter
    raise err
  File "/home/dafoamuser/dafoam/packages/miniconda3/lib/python3.10/site-packages/openmdao/solvers/solver.py", line 800, in _gs_iter
    subsys._solve_nonlinear()
  File "/home/dafoamuser/dafoam/packages/miniconda3/lib/python3.10/site-packages/openmdao/core/group.py", line 2532, in _solve_nonlinear
    self._nonlinear_solver._solve_with_cache_check()
  File "/home/dafoamuser/dafoam/packages/miniconda3/lib/python3.10/site-packages/openmdao/solvers/nonlinear/nonlinear_runonce.py", line 26, in _solve_with_cache_check
    self.solve()  # don't use caching
  File "/home/dafoamuser/dafoam/packages/miniconda3/lib/python3.10/site-packages/openmdao/solvers/nonlinear/nonlinear_runonce.py", line 45, in solve
    self._gs_iter()
  File "/home/dafoamuser/dafoam/packages/miniconda3/lib/python3.10/site-packages/openmdao/solvers/solver.py", line 804, in _gs_iter
    raise err
  File "/home/dafoamuser/dafoam/packages/miniconda3/lib/python3.10/site-packages/openmdao/solvers/solver.py", line 800, in _gs_iter
    subsys._solve_nonlinear()
  File "/home/dafoamuser/dafoam/packages/miniconda3/lib/python3.10/site-packages/openmdao/core/implicitcomponent.py", line 128, in _solve_nonlinear
    with self._call_user_function('solve_nonlinear'):
  File "/home/dafoamuser/dafoam/packages/miniconda3/lib/python3.10/contextlib.py", line 153, in __exit__
    self.gen.throw(typ, value, traceback)
  File "/home/dafoamuser/dafoam/packages/miniconda3/lib/python3.10/site-packages/openmdao/core/system.py", line 2933, in _call_user_function
    raise err_type(
  File "/home/dafoamuser/dafoam/packages/miniconda3/lib/python3.10/site-packages/openmdao/core/system.py", line 2927, in _call_user_function
    yield
  File "/home/dafoamuser/dafoam/packages/miniconda3/lib/python3.10/site-packages/openmdao/core/implicitcomponent.py", line 150, in _solve_nonlinear
    self.solve_nonlinear(self._inputs, self._outputs)
  File "/home/dafoamuser/dafoam/packages/miniconda3/lib/python3.10/site-packages/dafoam/mphys/mphys_dafoam.py", line 345, in solve_nonlinear
    raise AnalysisError("Primal solution failed!")
openmdao.core.analysis_error.AnalysisError: 'scenario1.coupling.solver' <class DAFoamSolver>: Error calling solve_nonlinear(), Primal solution failed!
Finalising parallel run
Finalising parallel run
--------------------------------------------------------------------------
Primary job  terminated normally, but 1 process returned
a non-zero exit code. Per user-direction, the job has been aborted.
--------------------------------------------------------------------------
--------------------------------------------------------------------------
mpirun detected that one or more processes exited with non-zero status, thus causing
the job to be terminated. The first process to do so was:

  Process name: [[11676,1],1]
  Exit code:    1
--------------------------------------------------------------------------
