/*---------------------------------------------------------------------------*\
| =========                 |                                                 |
| \\      /  F ield         | OpenFOAM: The Open Source CFD Toolbox           |
|  \\    /   O peration     | Version:  2606                                  |
|   \\  /    A nd           | Website:  www.openfoam.com                      |
|    \\/     M anipulation  |                                                 |
\*---------------------------------------------------------------------------*/
Build  : _481094f-20260618 OPENFOAM=2606 version=2606
Arch   : "LSB;label=32;scalar=64"
Exec   : checkMesh
Date   : Aug 10 2026
Time   : 19:19:41
Host   : ip-172-31-43-247
PID    : 414118
I/O    : uncollated
Case   : /home/ubuntu/certonomous-runs/w1-bump-nasa-grids/medium
nProcs : 1
trapFpe: Floating point exception trapping enabled (FOAM_SIGFPE).
memory pool : not available
fileModificationChecking : Monitoring run-time modified files using timeStampMaster (fileModificationSkew 5, maxFileModificationPolls 20)

--> FOAM Warning : allowSystemOperations : Allowing user-supplied system call operations.
                   This can be a security risk if running untrusted cases
                   through e.g. 'coded' on-the-fly-compilation functionality.

// * * * * * * * * * * * * * * * * * * * * * * * * * * * * * * * * * * * * * //
Create time

Create mesh for time = 0

Check mesh...

Time = 0

Mesh stats 
    points:           28674
    internal points:  0
    faces:            56576
    internal faces:   27904
    cells:            14080
    faces per cell:   6
    boundary patches: 6
    point zones:      0
    face zones:       0
    cell zones:       0

Overall number of cells of each type:
    hexahedra:     14080
    prisms:        0
    wedges:        0
    pyramids:      0
    tet wedges:    0
    tetrahedra:    0
    polyhedra:     0

Checking topology...
    Boundary definition OK.
    Cell to face addressing OK.
    Point usage OK.
    Upper triangular ordering OK.
    Face vertices OK.
    Number of regions: 1 (OK).

Checking patch topology for multiply connected surfaces...
    Patch               Faces    Points     Surface topology
    inlet               80       162      ok (non-closed singly connected)  
    outlet              80       162      ok (non-closed singly connected)  
    top                 176      354      ok (non-closed singly connected)  
    bump                80       162      ok (non-closed singly connected)  
    bottomSym           96       196      ok (non-closed singly connected)  
    frontAndBack        28160    28674    ok (non-closed singly connected)  
    ".*"                28672    28674    ok (closed singly connected)      


Checking faceZone topology for multiply connected surfaces...
    No faceZones found.

Checking basic cellZone addressing...
    No cellZones found.

Checking basic pointZone addressing...
    No pointZones found.

Checking geometry...
    Overall domain bounding box (-25 0 0) (26.5 5 1)
    Mesh has 2 geometric (non-empty/wedge) directions (1 1 0)
    Mesh has 2 solution (non-empty) directions (1 1 0)
    All edges aligned with or perpendicular to non-empty directions.
    Boundary openness (-7.072460328e-19 -3.111578383e-17 -8.846783084e-16) OK.
 ***High aspect ratio cells found, Max aspect ratio: 5210.246297, number of cells 1090
  <<Writing 1090 cells with high aspect ratio to set highAspectRatioCells
    Minimum face area = 2.642371249e-08. Maximum face area = 3.417314107.  Face area magnitudes OK.
    Min volume = 2.642371249e-08. Max volume = 1.355337373.  Total volume = 257.4831316.  Cell volumes OK.
    Mesh non-orthogonality Max: 30.21892253 average: 4.203309651
    Non-orthogonality check OK.
    Face pyramids OK.
    Max skewness = 0.1322182066 OK.
    Coupled point location match (average 0) OK.

Failed 1 mesh checks.

End

