# flatspot_width.py
# run 2026-08-01T06:51:12Z on ip-172-31-43-247
# python Python 3.12.3, numpy 2.5.1

guard half-width in angle: 1.490116e-08 rad
AD (shipped reverse, branch 0) returns exactly: 0.0
true derivative of the smooth map            : 1.0

   h          axisMag at v2+h*d    branch      FD           agrees with
  ----------------------------------------------------------------------
  1.0e-03    1.000000e-03         live(1)     0.9999995000  truth
  1.0e-05    1.000000e-05         live(1)     1.0000000414  truth
  1.0e-07    1.000000e-07         live(1)     0.9884312124  neither
  1.0e-08    1.000000e-08         guard(0)    0.0000000000  AD
  2.0e-08    2.000000e-08         live(1)     1.0536712128  neither
  1.6e-08    1.600000e-08         live(1)     0.0000000000  AD
  1.5e-08    1.500000e-08         live(1)     0.0000000000  AD
  1.4e-08    1.400000e-08         guard(0)    0.0000000000  AD
  1.0e-09    1.000000e-09         guard(0)    0.0000000000  AD
  1.0e-11    1.000000e-11         guard(0)    0.0000000000  AD

=== the same flat spot, but embedded in an O(1) displacement term ===
(what the real warp finite-differences: rotation term + Xu displacement)
   h        FD of (rotation + 1.0*displacement)   roundoff floor eps*|f|/h
  1e-06      2.000044449303         2.20e-10
  1e-08      1.000000000000         2.20e-08
  1e-09      1.000000000000         2.20e-07
  1e-10      1.000000000000         2.20e-06
