# regime2_mechanism.py
# run 2026-08-02T08:27:46Z on ip-172-31-43-247
# python Python 3.12.3, numpy 2.5.1

PART A -- which line carries the second regime?
v1 = z, v2 tilted by theta about y, same fixed random mib as regime2_vs_angle.py.
Relative error of ||v2b|| against the true derivative of the smooth map.

  V1  = denominator only   (sqrt(1-arg^2) -> axisMag/(magv1*magv2))
  V1b = angle only         (acos(arg) -> atan2(axisMag/(magv1*magv2), arg))
  V2  = both

  theta       branch     V0 shipped   V1 denom only  V1b angle only  V2 both        V3 singfree
  ----------------------------------------------------------------------------------------------------
  1e-01       live(1)   2.100e-12    2.100e-12      2.101e-12       2.101e-12      2.101e-12
  1e-02       live(1)   1.355e-12    1.350e-12      1.308e-12       1.304e-12      1.305e-12
  1e-03       live(1)   1.254e-11    6.810e-12      1.053e-11       8.424e-13      8.470e-13
  1e-04       live(1)   2.317e-09    2.191e-09      7.542e-10       7.907e-13      7.164e-13
  1e-05       live(1)   4.138e-08    3.456e-08      2.276e-08       3.417e-12      1.060e-12
  1e-06       live(1)   6.658e-05    5.561e-05      3.661e-05       1.974e-10      1.538e-12
  1e-07       live(1)   3.998e-04    3.339e-04      2.199e-04       7.221e-10      1.710e-12
  5e-08       live(1)   1.161e-02    9.663e-03      6.436e-03       3.083e-09      2.229e-12
  3e-08       live(1)   6.603e-03    5.504e-03      3.647e-03       1.077e-09      1.041e-12
  2e-08       live(1)   5.286e-02    4.483e-02      2.801e-02       4.844e-09      1.068e-12
  1e-08       guard(0)  1.000e+00    1.000e+00      1.000e+00       1.000e+00      9.296e-13
  0e+00       guard(0)  1.000e+00    1.000e+00      1.000e+00       1.000e+00      6.331e-13

PART B -- the cancellation itself, measured without any derivative.
1 - arg**2 as the shipped code forms it, against sin(theta)**2 exactly.

  theta       1-arg**2 computed      sin(theta)**2 exact     rel err     ulps in arg
  ----------------------------------------------------------------------------------------
  1e-01       9.9667110793790759e-03 9.9667110793791851e-03  1.097e-14   2.25e+13
  1e-02       9.9996666711121840e-05 9.9996666711110795e-05  1.105e-13   2.25e+11
  1e-03       9.9999966662878137e-07 9.9999966666671108e-07  3.793e-11   2.25e+09
  1e-04       9.9999999392252903e-09 9.9999999666666680e-09  2.744e-09   2.25e+07
  1e-05       1.0000000827403710e-10 9.9999999996666673e-11  8.277e-08   2.25e+05
  1e-06       9.9986685597741598e-13 9.9999999999966656e-13  1.331e-04   2.25e+03
  1e-07       9.9920072216264089e-15 9.9999999999999653e-15  7.993e-04   2.25e+01
  5e-08       2.4424906541753444e-15 2.4999999999999976e-15  2.300e-02   5.50e+00
  3e-08       8.8817841970012523e-16 8.9999999999999944e-16  1.314e-02   2.00e+00
  2e-08       4.4408920985006262e-16 4.0000000000000004e-16  1.102e-01   1.00e+00
  1e-08       0.0000000000000000e+00 1.0000000000000001e-16  1.000e+00   0.00e+00

PART C -- and the substitute is accurate: axisMag/(magv1*magv2) vs sin(theta).

  theta       axisMag/(|v1||v2|)      sin(theta) exact        rel err
  --------------------------------------------------------------------------
  1e-01       9.9833416646828155e-02  9.9833416646828155e-02  0.000e+00
  1e-02       9.9998333341666645e-03  9.9998333341666645e-03  0.000e+00
  1e-03       9.9999983333334168e-04  9.9999983333334168e-04  0.000e+00
  1e-04       9.9999999833333343e-05  9.9999999833333343e-05  0.000e+00
  1e-05       9.9999999998333335e-06  9.9999999998333335e-06  0.000e+00
  1e-06       9.9999999999983351e-07  9.9999999999983330e-07  2.118e-16
  1e-07       9.9999999999999837e-08  9.9999999999999823e-08  1.323e-16
  5e-08       4.9999999999999991e-08  4.9999999999999978e-08  2.647e-16
  3e-08       3.0000000000000004e-08  2.9999999999999991e-08  4.412e-16
  2e-08       2.0000000000000027e-08  2.0000000000000000e-08  1.323e-15
  1e-08       1.0000000000000050e-08  1.0000000000000000e-08  4.963e-15

PART D -- does the substitution survive a general orientation, not just
the one tilt plane above? 200 random (v1, mib, tilt axis) draws per angle;
worst relative error over the draws.

  theta       n live   V0 shipped     V1 denom only   V2 both         V2 improvement
  ----------------------------------------------------------------------------------------
  1e-04       200      3.526e-08      2.479e-08       1.692e-11       2.08e+03x
  1e-05       200      3.289e-06      3.278e-06       2.978e-11       1.1e+05x
  1e-06       200      3.999e-04      2.641e-04       4.563e-10       8.76e+05x
  1e-07       200      3.548e-02      2.274e-02       2.802e-09       1.27e+07x
  5e-08       200      1.696e-01      1.504e-01       7.874e-09       2.15e+07x
  3e-08       200      5.313e-01      4.938e-01       1.452e-08       3.66e+07x
  2e-08       200      1.000e+00      1.000e+00       9.998e-01       1x

PART E -- what the angle change does to the PRIMAL.
A fix that moves the forward warp is a different mesh, not a fix. Mi built
with acos(arg) against Mi built with atan2(axisMag/(|v1||v2|), arg),
max |difference| over the whole 3x3, 500 random pairs per angle.

  theta       max|Mi_acos - Mi_atan2|   as ulps of 1.0
  --------------------------------------------------------
  1e+00       2.220e-16                 1.0
  1e-01       2.734e-15                 12.3
  1e-02       3.154e-14                 142.0
  1e-04       3.440e-12                 15490.8
  1e-06       2.848e-10                 1282844.1
  1e-07       2.999e-09                 13506000.7
  5e-08       5.286e-09                 23808113.6
  2e-08       1.997e-08                 89944906.3
