S1 FIML finite-difference CLIP AUDIT — primary evidence
Generated 2026-08-01 UTC. Re-run of 12 of the 34 archived FD points under the
identical campaign protocol (runScript_S1.py, `rm -rf c1/processor*` cold reset,
4 MPI ranks, dafoam/opt-packages:latest) with ONE change: daOptions printInterval
1 instead of DAFoam's default 100. DAFoam gates its `Bounding` message on
printInterval, so the archived logs under logs/fd_points/ report clipping from 1%
of their iterations. Full re-run logs (21 MB, regenerable, not committed):
/home/ubuntu/certonomous-runs/S1-fiml/ramp_kw_clipcheck/fdlogs/

Every objective below is BIT-IDENTICAL to the archived run, and every iteration
count matches, which is what establishes that printInterval changed only printing.

==============================================================================
POINT base_a
  printInterval (re-run)     : 1
  OBJ UFieldVar (re-run)     : 1.3816040076915038e-02
  OBJ UFieldVar (archived)   : 1.3816040076915038e-02   -> BIT-IDENTICAL
  final iteration (re-run)   : 1833
  final iteration (archived) : 1833   -> match
  Bounding events logged     : re-run 20   archived 0
  clip window                : iterations 40..56 of 1833  (clip-free over final 96.9%)
      10 x Bounding U<1000
       6 x Bounding U>-1000
       4 x Bounding p>-50000
  every event, as `iteration: message`:
    40: Bounding U<1000
    41: Bounding U<1000
    41: Bounding U<1000
    42: Bounding U<1000
    42: Bounding U>-1000
    42: Bounding p>-50000
    42: Bounding U<1000
    42: Bounding U>-1000
    43: Bounding U>-1000
    43: Bounding p>-50000
    43: Bounding U>-1000
    44: Bounding U<1000
    44: Bounding p>-50000
    44: Bounding U<1000
    45: Bounding U<1000
    48: Bounding U>-1000
    49: Bounding p>-50000
    54: Bounding U>-1000
    56: Bounding U<1000
    56: Bounding U<1000
==============================================================================
POINT base_b
  printInterval (re-run)     : 1
  OBJ UFieldVar (re-run)     : 1.3816040076915038e-02
  OBJ UFieldVar (archived)   : 1.3816040076915038e-02   -> BIT-IDENTICAL
  final iteration (re-run)   : 1833
  final iteration (archived) : 1833   -> match
  Bounding events logged     : re-run 20   archived 0
  clip window                : iterations 40..56 of 1833  (clip-free over final 96.9%)
      10 x Bounding U<1000
       6 x Bounding U>-1000
       4 x Bounding p>-50000
  every event, as `iteration: message`:
    40: Bounding U<1000
    41: Bounding U<1000
    41: Bounding U<1000
    42: Bounding U<1000
    42: Bounding U>-1000
    42: Bounding p>-50000
    42: Bounding U<1000
    42: Bounding U>-1000
    43: Bounding U>-1000
    43: Bounding p>-50000
    43: Bounding U>-1000
    44: Bounding U<1000
    44: Bounding p>-50000
    44: Bounding U<1000
    45: Bounding U<1000
    48: Bounding U>-1000
    49: Bounding p>-50000
    54: Bounding U>-1000
    56: Bounding U<1000
    56: Bounding U<1000
==============================================================================
POINT dirg_p_0.001
  printInterval (re-run)     : 1
  OBJ UFieldVar (re-run)     : 1.3823467297330421e-02
  OBJ UFieldVar (archived)   : 1.3823467297330421e-02   -> BIT-IDENTICAL
  final iteration (re-run)   : 3291
  final iteration (archived) : 3291   -> match
  Bounding events logged     : re-run 144   archived 0
  clip window                : iterations 36..142 of 3291  (clip-free over final 95.7%)
      53 x Bounding U<1000
      41 x Bounding p>-50000
      31 x Bounding U>-1000
      19 x Bounding p<50000
  every event, as `iteration: message`:
    36: Bounding U<1000
    37: Bounding U<1000
    37: Bounding U>-1000
    37: Bounding p>-50000
    37: Bounding U<1000
    37: Bounding U>-1000
    38: Bounding p<50000
    38: Bounding p>-50000
    39: Bounding U<1000
    39: Bounding U>-1000
    39: Bounding U>-1000
    40: Bounding U<1000
    40: Bounding U>-1000
    41: Bounding p<50000
    42: Bounding U<1000
    43: Bounding U>-1000
    43: Bounding p>-50000
    43: Bounding U>-1000
    44: Bounding U<1000
    44: Bounding p>-50000
    44: Bounding U<1000
    45: Bounding U<1000
    45: Bounding U>-1000
    45: Bounding p>-50000
    45: Bounding U<1000
    45: Bounding U>-1000
    46: Bounding U<1000
    46: Bounding p>-50000
    46: Bounding U<1000
    47: Bounding p>-50000
    48: Bounding U<1000
    48: Bounding p>-50000
    48: Bounding U<1000
    49: Bounding U<1000
    49: Bounding U>-1000
    49: Bounding p>-50000
    49: Bounding U<1000
    50: Bounding p>-50000
    51: Bounding U<1000
    51: Bounding p>-50000
    51: Bounding U<1000
    52: Bounding p>-50000
    53: Bounding U<1000
    53: Bounding U>-1000
    53: Bounding p>-50000
    53: Bounding U<1000
    54: Bounding p>-50000
    55: Bounding U<1000
    55: Bounding p<50000
    55: Bounding p>-50000
    55: Bounding U<1000
    56: Bounding U<1000
    56: Bounding U>-1000
    56: Bounding p>-50000
    56: Bounding U<1000
    57: Bounding U<1000
    57: Bounding U>-1000
    57: Bounding p>-50000
    57: Bounding U<1000
    57: Bounding U>-1000
    58: Bounding U<1000
    58: Bounding p>-50000
    58: Bounding U<1000
    59: Bounding U<1000
    59: Bounding U>-1000
    59: Bounding p>-50000
    59: Bounding U<1000
    59: Bounding U>-1000
    60: Bounding U>-1000
    60: Bounding p>-50000
    60: Bounding U>-1000
    61: Bounding p<50000
    61: Bounding p>-50000
    62: Bounding U>-1000
    62: Bounding p<50000
    63: Bounding U<1000
    64: Bounding U<1000
    64: Bounding p>-50000
    65: Bounding p>-50000
    66: Bounding p>-50000
    67: Bounding U>-1000
    67: Bounding p>-50000
    102: Bounding U<1000
    102: Bounding U<1000
    103: Bounding U<1000
    105: Bounding U>-1000
    105: Bounding U>-1000
    106: Bounding p<50000
    107: Bounding p<50000
    108: Bounding U<1000
    108: Bounding U<1000
    109: Bounding U>-1000
    109: Bounding p>-50000
    109: Bounding U>-1000
    110: Bounding U<1000
    110: Bounding p>-50000
    110: Bounding U<1000
    111: Bounding U<1000
    111: Bounding p<50000
    111: Bounding p>-50000
    111: Bounding U<1000
    112: Bounding U<1000
    112: Bounding p<50000
    112: Bounding p>-50000
    113: Bounding U>-1000
    113: Bounding p<50000
    113: Bounding U>-1000
    114: Bounding U>-1000
    114: Bounding U>-1000
    115: Bounding U<1000
    115: Bounding U>-1000
    115: Bounding p<50000
    115: Bounding U<1000
    116: Bounding p>-50000
    117: Bounding U<1000
    118: Bounding U<1000
    118: Bounding p>-50000
    119: Bounding p<50000
    119: Bounding p>-50000
    120: Bounding U<1000
    120: Bounding p<50000
    120: Bounding p>-50000
    121: Bounding p>-50000
    122: Bounding U>-1000
    122: Bounding U>-1000
    123: Bounding p<50000
    124: Bounding p<50000
    131: Bounding p<50000
    132: Bounding p<50000
    133: Bounding U<1000
    133: Bounding U<1000
    134: Bounding U<1000
    134: Bounding p>-50000
    134: Bounding U<1000
    135: Bounding U<1000
    135: Bounding p>-50000
    136: Bounding p>-50000
    137: Bounding p>-50000
    138: Bounding p<50000
    138: Bounding p>-50000
    139: Bounding p<50000
    139: Bounding p>-50000
    141: Bounding U<1000
    142: Bounding p>-50000
==============================================================================
POINT dirg_m_0.001
  printInterval (re-run)     : 1
  OBJ UFieldVar (re-run)     : 1.3808613803551745e-02
  OBJ UFieldVar (archived)   : 1.3808613803551745e-02   -> BIT-IDENTICAL
  final iteration (re-run)   : 1815
  final iteration (archived) : 1815   -> match
  Bounding events logged     : re-run 203   archived 0
  clip window                : iterations 31..90 of 1815  (clip-free over final 95.0%)
      72 x Bounding U<1000
      60 x Bounding U>-1000
      46 x Bounding p>-50000
      25 x Bounding p<50000
  every event, as `iteration: message`:
    31: Bounding U>-1000
    33: Bounding U<1000
    33: Bounding U<1000
    34: Bounding U<1000
    34: Bounding U>-1000
    34: Bounding p>-50000
    34: Bounding U<1000
    35: Bounding U>-1000
    35: Bounding p>-50000
    35: Bounding U>-1000
    36: Bounding U<1000
    36: Bounding U>-1000
    36: Bounding p>-50000
    36: Bounding U<1000
    37: Bounding U<1000
    37: Bounding U>-1000
    37: Bounding p>-50000
    37: Bounding U<1000
    37: Bounding U>-1000
    38: Bounding p>-50000
    39: Bounding U<1000
    39: Bounding U>-1000
    39: Bounding p>-50000
    39: Bounding U<1000
    39: Bounding U>-1000
    40: Bounding U<1000
    40: Bounding U>-1000
    40: Bounding p<50000
    40: Bounding p>-50000
    40: Bounding U<1000
    40: Bounding U>-1000
    41: Bounding U<1000
    41: Bounding U>-1000
    41: Bounding p>-50000
    41: Bounding U<1000
    41: Bounding U>-1000
    42: Bounding U<1000
    42: Bounding p>-50000
    42: Bounding U<1000
    43: Bounding U<1000
    43: Bounding U>-1000
    43: Bounding p>-50000
    43: Bounding U>-1000
    44: Bounding p>-50000
    45: Bounding U<1000
    45: Bounding p>-50000
    47: Bounding U>-1000
    47: Bounding U>-1000
    48: Bounding U<1000
    48: Bounding U>-1000
    48: Bounding p<50000
    49: Bounding p<50000
    49: Bounding p>-50000
    50: Bounding U<1000
    50: Bounding U<1000
    51: Bounding U>-1000
    51: Bounding p<50000
    51: Bounding p>-50000
    51: Bounding U>-1000
    52: Bounding p<50000
    52: Bounding p>-50000
    53: Bounding U<1000
    53: Bounding p<50000
    53: Bounding p>-50000
    53: Bounding U<1000
    54: Bounding U<1000
    54: Bounding U>-1000
    54: Bounding p<50000
    54: Bounding p>-50000
    54: Bounding U<1000
    54: Bounding U>-1000
    55: Bounding U<1000
    55: Bounding U>-1000
    55: Bounding p<50000
    55: Bounding p>-50000
    55: Bounding U<1000
    55: Bounding U>-1000
    56: Bounding U<1000
    56: Bounding U>-1000
    56: Bounding p<50000
    56: Bounding p>-50000
    56: Bounding U<1000
    56: Bounding U>-1000
    57: Bounding U<1000
    57: Bounding U>-1000
    57: Bounding p<50000
    57: Bounding p>-50000
    57: Bounding U>-1000
    58: Bounding U<1000
    58: Bounding p<50000
    58: Bounding p>-50000
    58: Bounding U<1000
    59: Bounding U<1000
    59: Bounding p>-50000
    59: Bounding U<1000
    60: Bounding U<1000
    60: Bounding U>-1000
    60: Bounding p>-50000
    60: Bounding U<1000
    60: Bounding U>-1000
    61: Bounding U<1000
    61: Bounding U>-1000
    61: Bounding p<50000
    61: Bounding p>-50000
    61: Bounding U>-1000
    62: Bounding U<1000
    62: Bounding U>-1000
    62: Bounding p<50000
    62: Bounding p>-50000
    62: Bounding U<1000
    63: Bounding U<1000
    63: Bounding U>-1000
    63: Bounding p<50000
    63: Bounding p>-50000
    63: Bounding U<1000
    63: Bounding U>-1000
    64: Bounding U<1000
    64: Bounding U>-1000
    64: Bounding U<1000
    64: Bounding U>-1000
    65: Bounding U>-1000
    65: Bounding p<50000
    65: Bounding p>-50000
    65: Bounding U>-1000
    66: Bounding U<1000
    66: Bounding U>-1000
    66: Bounding p<50000
    66: Bounding p>-50000
    66: Bounding U<1000
    66: Bounding U>-1000
    67: Bounding U<1000
    67: Bounding U>-1000
    67: Bounding p<50000
    67: Bounding p>-50000
    67: Bounding U<1000
    67: Bounding U>-1000
    68: Bounding U<1000
    68: Bounding U>-1000
    68: Bounding p<50000
    68: Bounding p>-50000
    68: Bounding U<1000
    69: Bounding U<1000
    69: Bounding U>-1000
    69: Bounding p<50000
    69: Bounding p>-50000
    69: Bounding U<1000
    70: Bounding U<1000
    70: Bounding U>-1000
    70: Bounding p>-50000
    70: Bounding U<1000
    71: Bounding U<1000
    71: Bounding p>-50000
    71: Bounding U<1000
    72: Bounding U<1000
    72: Bounding U>-1000
    72: Bounding p>-50000
    72: Bounding U<1000
    72: Bounding U>-1000
    73: Bounding U>-1000
    73: Bounding p<50000
    73: Bounding p>-50000
    73: Bounding U>-1000
    74: Bounding U>-1000
    74: Bounding p<50000
    74: Bounding p>-50000
    74: Bounding U>-1000
    75: Bounding U<1000
    75: Bounding U>-1000
    75: Bounding p<50000
    75: Bounding p>-50000
    75: Bounding U<1000
    75: Bounding U>-1000
    76: Bounding U<1000
    76: Bounding U>-1000
    76: Bounding p<50000
    76: Bounding p>-50000
    76: Bounding U>-1000
    77: Bounding U<1000
    77: Bounding p<50000
    77: Bounding U<1000
    78: Bounding U<1000
    78: Bounding U<1000
    79: Bounding U<1000
    79: Bounding p>-50000
    79: Bounding U<1000
    80: Bounding U<1000
    80: Bounding U>-1000
    80: Bounding p>-50000
    80: Bounding U<1000
    80: Bounding U>-1000
    81: Bounding U>-1000
    81: Bounding p>-50000
    81: Bounding U>-1000
    82: Bounding U<1000
    82: Bounding p>-50000
    82: Bounding U<1000
    83: Bounding p>-50000
    84: Bounding p>-50000
    85: Bounding U<1000
    85: Bounding p>-50000
    85: Bounding U<1000
    86: Bounding p>-50000
    90: Bounding p<50000
==============================================================================
POINT dirg_p_0.0001
  printInterval (re-run)     : 1
  OBJ UFieldVar (re-run)     : 1.3816783010325821e-02
  OBJ UFieldVar (archived)   : 1.3816783010325821e-02   -> BIT-IDENTICAL
  final iteration (re-run)   : 1910
  final iteration (archived) : 1910   -> match
  Bounding events logged     : re-run 27   archived 0
  clip window                : iterations 37..55 of 1910  (clip-free over final 97.1%)
      15 x Bounding U<1000
      12 x Bounding U>-1000
  every event, as `iteration: message`:
    37: Bounding U>-1000
    38: Bounding U>-1000
    39: Bounding U<1000
    39: Bounding U<1000
    41: Bounding U>-1000
    43: Bounding U<1000
    45: Bounding U<1000
    45: Bounding U>-1000
    45: Bounding U<1000
    45: Bounding U>-1000
    46: Bounding U<1000
    46: Bounding U<1000
    47: Bounding U<1000
    47: Bounding U>-1000
    47: Bounding U<1000
    47: Bounding U>-1000
    48: Bounding U>-1000
    48: Bounding U>-1000
    49: Bounding U<1000
    49: Bounding U<1000
    50: Bounding U<1000
    50: Bounding U>-1000
    50: Bounding U<1000
    50: Bounding U>-1000
    54: Bounding U>-1000
    55: Bounding U<1000
    55: Bounding U<1000
==============================================================================
POINT dirg_m_0.0001
  printInterval (re-run)     : 1
  OBJ UFieldVar (re-run)     : 1.3815297529667142e-02
  OBJ UFieldVar (archived)   : 1.3815297529667142e-02   -> BIT-IDENTICAL
  final iteration (re-run)   : 1879
  final iteration (archived) : 1879   -> match
  Bounding events logged     : re-run 13   archived 0
  clip window                : iterations 34..43 of 1879  (clip-free over final 97.7%)
       8 x Bounding U>-1000
       5 x Bounding U<1000
  every event, as `iteration: message`:
    34: Bounding U>-1000
    34: Bounding U>-1000
    36: Bounding U>-1000
    36: Bounding U>-1000
    37: Bounding U<1000
    37: Bounding U<1000
    41: Bounding U<1000
    41: Bounding U>-1000
    42: Bounding U<1000
    42: Bounding U>-1000
    42: Bounding U<1000
    42: Bounding U>-1000
    43: Bounding U>-1000
==============================================================================
POINT dirr_p_0.001
  printInterval (re-run)     : 1
  OBJ UFieldVar (re-run)     : 1.3815972955104720e-02
  OBJ UFieldVar (archived)   : 1.3815972955104720e-02   -> BIT-IDENTICAL
  final iteration (re-run)   : 2164
  final iteration (archived) : 2164   -> match
  Bounding events logged     : re-run 43   archived 0
  clip window                : iterations 35..54 of 2164  (clip-free over final 97.5%)
      14 x Bounding U<1000
      12 x Bounding U>-1000
      10 x Bounding p>-50000
       7 x Bounding p<50000
  every event, as `iteration: message`:
    35: Bounding p<50000
    36: Bounding p<50000
    37: Bounding U<1000
    37: Bounding p>-50000
    37: Bounding U<1000
    38: Bounding p>-50000
    39: Bounding p>-50000
    40: Bounding U>-1000
    40: Bounding U>-1000
    44: Bounding U<1000
    44: Bounding U<1000
    45: Bounding U<1000
    45: Bounding U>-1000
    45: Bounding p>-50000
    45: Bounding U<1000
    45: Bounding U>-1000
    46: Bounding U<1000
    46: Bounding U>-1000
    46: Bounding p>-50000
    46: Bounding U>-1000
    47: Bounding U<1000
    47: Bounding U>-1000
    47: Bounding p<50000
    47: Bounding U<1000
    47: Bounding U>-1000
    48: Bounding U<1000
    48: Bounding p<50000
    48: Bounding U<1000
    49: Bounding U<1000
    49: Bounding U>-1000
    49: Bounding p<50000
    49: Bounding p>-50000
    49: Bounding U<1000
    49: Bounding U>-1000
    50: Bounding U>-1000
    50: Bounding p<50000
    50: Bounding p>-50000
    50: Bounding U>-1000
    51: Bounding p<50000
    51: Bounding p>-50000
    52: Bounding p>-50000
    53: Bounding p>-50000
    54: Bounding U<1000
==============================================================================
POINT dirr_m_0.001
  printInterval (re-run)     : 1
  OBJ UFieldVar (re-run)     : 1.3816107739599284e-02
  OBJ UFieldVar (archived)   : 1.3816107739599284e-02   -> BIT-IDENTICAL
  final iteration (re-run)   : 2066
  final iteration (archived) : 2066   -> match
  Bounding events logged     : re-run 26   archived 0
  clip window                : iterations 27..54 of 2066  (clip-free over final 97.4%)
      12 x Bounding U>-1000
      10 x Bounding U<1000
       4 x Bounding p>-50000
  every event, as `iteration: message`:
    27: Bounding U>-1000
    27: Bounding U>-1000
    29: Bounding U<1000
    30: Bounding U<1000
    30: Bounding U>-1000
    30: Bounding U>-1000
    31: Bounding U<1000
    31: Bounding U>-1000
    31: Bounding U>-1000
    34: Bounding U>-1000
    41: Bounding U<1000
    41: Bounding U<1000
    42: Bounding U<1000
    43: Bounding U>-1000
    45: Bounding U<1000
    45: Bounding U>-1000
    46: Bounding U<1000
    47: Bounding U<1000
    47: Bounding U<1000
    48: Bounding U>-1000
    48: Bounding p>-50000
    48: Bounding U>-1000
    49: Bounding p>-50000
    50: Bounding p>-50000
    51: Bounding p>-50000
    54: Bounding U>-1000
==============================================================================
POINT comp1290_p_0.001
  printInterval (re-run)     : 1
  OBJ UFieldVar (re-run)     : 1.3817932976973112e-02
  OBJ UFieldVar (archived)   : 1.3817932976973112e-02   -> BIT-IDENTICAL
  final iteration (re-run)   : 1977
  final iteration (archived) : 1977   -> match
  Bounding events logged     : re-run 3   archived 0
  clip window                : iterations 38..43 of 1977  (clip-free over final 97.8%)
       2 x Bounding p>-50000
       1 x Bounding U<1000
  every event, as `iteration: message`:
    38: Bounding p>-50000
    39: Bounding p>-50000
    43: Bounding U<1000
==============================================================================
POINT comp1290_m_0.001
  printInterval (re-run)     : 1
  OBJ UFieldVar (re-run)     : 1.3814146956982194e-02
  OBJ UFieldVar (archived)   : 1.3814146956982194e-02   -> BIT-IDENTICAL
  final iteration (re-run)   : 2040
  final iteration (archived) : 2040   -> match
  Bounding events logged     : re-run 97   archived 0
  clip window                : iterations 41..93 of 2040  (clip-free over final 95.4%)
      28 x Bounding U>-1000
      27 x Bounding U<1000
      22 x Bounding p<50000
      20 x Bounding p>-50000
  every event, as `iteration: message`:
    41: Bounding U<1000
    42: Bounding U>-1000
    42: Bounding U>-1000
    43: Bounding U<1000
    43: Bounding U>-1000
    43: Bounding U<1000
    43: Bounding U>-1000
    44: Bounding U<1000
    44: Bounding U>-1000
    44: Bounding U<1000
    44: Bounding U>-1000
    45: Bounding U<1000
    45: Bounding U>-1000
    45: Bounding p<50000
    45: Bounding p>-50000
    45: Bounding U<1000
    45: Bounding U>-1000
    46: Bounding U>-1000
    46: Bounding p<50000
    46: Bounding p>-50000
    46: Bounding U>-1000
    47: Bounding U<1000
    47: Bounding U>-1000
    47: Bounding U<1000
    47: Bounding U>-1000
    48: Bounding U>-1000
    48: Bounding p<50000
    48: Bounding p>-50000
    48: Bounding U>-1000
    49: Bounding U<1000
    49: Bounding U>-1000
    49: Bounding p<50000
    49: Bounding p>-50000
    49: Bounding U<1000
    50: Bounding U<1000
    50: Bounding p<50000
    50: Bounding p>-50000
    51: Bounding U<1000
    51: Bounding U>-1000
    51: Bounding p<50000
    51: Bounding U<1000
    52: Bounding U<1000
    52: Bounding U>-1000
    52: Bounding U<1000
    52: Bounding U>-1000
    53: Bounding U<1000
    53: Bounding U>-1000
    53: Bounding p>-50000
    54: Bounding U>-1000
    54: Bounding p>-50000
    54: Bounding U>-1000
    55: Bounding U>-1000
    55: Bounding p<50000
    55: Bounding U>-1000
    56: Bounding U>-1000
    56: Bounding p<50000
    56: Bounding U>-1000
    57: Bounding U<1000
    57: Bounding U>-1000
    57: Bounding p<50000
    58: Bounding U<1000
    58: Bounding p<50000
    58: Bounding p>-50000
    58: Bounding U<1000
    59: Bounding U<1000
    59: Bounding p>-50000
    59: Bounding U<1000
    60: Bounding U<1000
    60: Bounding p>-50000
    61: Bounding p<50000
    61: Bounding p>-50000
    62: Bounding p<50000
    64: Bounding p<50000
    64: Bounding p>-50000
    65: Bounding p>-50000
    66: Bounding p>-50000
    67: Bounding U<1000
    68: Bounding p<50000
    69: Bounding p<50000
    70: Bounding U<1000
    71: Bounding p>-50000
    72: Bounding p>-50000
    73: Bounding p<50000
    74: Bounding p<50000
    75: Bounding p<50000
    79: Bounding p>-50000
    81: Bounding p<50000
    82: Bounding p<50000
    84: Bounding U<1000
    84: Bounding U<1000
    85: Bounding p>-50000
    86: Bounding p>-50000
    87: Bounding U>-1000
    87: Bounding U>-1000
    89: Bounding p<50000
    90: Bounding p<50000
    93: Bounding p>-50000
==============================================================================
POINT comp1254_p_0.001
  printInterval (re-run)     : 1
  OBJ UFieldVar (re-run)     : 1.3814171027823122e-02
  OBJ UFieldVar (archived)   : 1.3814171027823122e-02   -> BIT-IDENTICAL
  final iteration (re-run)   : 2625
  final iteration (archived) : 2625   -> match
  Bounding events logged     : re-run 93   archived 3
  clip window                : iterations 69..102 of 2625  (clip-free over final 96.1%)
      31 x Bounding U>-1000
      30 x Bounding U<1000
      18 x Bounding p>-50000
      14 x Bounding p<50000
  every event, as `iteration: message`:
    69: Bounding U>-1000
    69: Bounding U>-1000
    70: Bounding U<1000
    70: Bounding U<1000
    71: Bounding U>-1000
    71: Bounding p<50000
    71: Bounding U>-1000
    72: Bounding U<1000
    72: Bounding U<1000
    73: Bounding U<1000
    73: Bounding U>-1000
    73: Bounding U<1000
    73: Bounding U>-1000
    74: Bounding U<1000
    74: Bounding U>-1000
    74: Bounding p<50000
    74: Bounding p>-50000
    74: Bounding U<1000
    74: Bounding U>-1000
    75: Bounding U<1000
    75: Bounding U>-1000
    75: Bounding p>-50000
    75: Bounding U<1000
    75: Bounding U>-1000
    76: Bounding U<1000
    76: Bounding U>-1000
    76: Bounding p<50000
    76: Bounding p>-50000
    76: Bounding U<1000
    76: Bounding U>-1000
    77: Bounding p<50000
    77: Bounding p>-50000
    78: Bounding U<1000
    78: Bounding p>-50000
    78: Bounding U<1000
    79: Bounding U<1000
    79: Bounding U>-1000
    79: Bounding p>-50000
    79: Bounding U<1000
    79: Bounding U>-1000
    80: Bounding U<1000
    80: Bounding U>-1000
    80: Bounding p<50000
    80: Bounding p>-50000
    80: Bounding U<1000
    80: Bounding U>-1000
    81: Bounding p<50000
    81: Bounding p>-50000
    82: Bounding U>-1000
    82: Bounding U>-1000
    83: Bounding U<1000
    83: Bounding U>-1000
    83: Bounding p<50000
    83: Bounding U<1000
    83: Bounding U>-1000
    84: Bounding U<1000
    84: Bounding U>-1000
    84: Bounding p<50000
    85: Bounding p<50000
    85: Bounding p>-50000
    85: Bounding U>-1000
    86: Bounding U<1000
    86: Bounding U>-1000
    86: Bounding p<50000
    86: Bounding U<1000
    87: Bounding U<1000
    87: Bounding U>-1000
    87: Bounding p<50000
    87: Bounding U<1000
    88: Bounding p<50000
    88: Bounding p>-50000
    89: Bounding p<50000
    89: Bounding p>-50000
    90: Bounding U<1000
    90: Bounding p>-50000
    91: Bounding U<1000
    91: Bounding U>-1000
    91: Bounding U<1000
    91: Bounding U>-1000
    92: Bounding p>-50000
    93: Bounding p>-50000
    94: Bounding U<1000
    94: Bounding p>-50000
    95: Bounding p>-50000
    96: Bounding U>-1000
    96: Bounding p>-50000
    96: Bounding U>-1000
    97: Bounding U>-1000
    97: Bounding p>-50000
    100: Bounding U<1000
    100: Bounding U>-1000
    100: Bounding U>-1000
    102: Bounding p<50000
==============================================================================
POINT comp1254_m_0.001
  printInterval (re-run)     : 1
  OBJ UFieldVar (re-run)     : 1.3817913025369282e-02
  OBJ UFieldVar (archived)   : 1.3817913025369282e-02   -> BIT-IDENTICAL
  final iteration (re-run)   : 2001
  final iteration (archived) : 2001   -> match
  Bounding events logged     : re-run 0   archived 0
  clip window                : none — this point is genuinely clip-free
==============================================================================
TOTAL Bounding events over the 12 re-audited points: 689
Archived logs recorded 3 of these for the same 12 runs (comp1254_p_0.001 only).
All events fall in iterations 27..142 of runs 1815..3291 iterations long.
