10:42:04 30058212
10:42:06 29449276
10:42:08 28841868
10:42:10 28139836
10:42:12 28148720
10:42:14 28161536
10:42:17 28172108
10:42:19 28180520
10:42:21 26563788
10:42:23 26396232
10:42:25 26398172
10:42:27 25944404
10:42:29 25912760
10:42:31 25913928
10:42:33 25402924
10:42:35 25404900
10:42:37 25407940
10:42:39 25409716
10:42:41 25411088
10:42:43 25411232
10:42:45 25409720
10:42:47 25410224
10:42:49 25410476
10:42:51 25407764
10:42:53 25415316
10:42:55 25438308
10:42:57 25446976
10:42:59 25451268
10:43:01 25455872
10:43:03 25456524
10:43:05 25457096
10:43:07 25456364
10:43:09 25456672
10:43:11 25453832
10:43:13 25454244
10:43:15 25454588
10:43:17 25455872
10:43:19 26267284
10:43:21 25199416
10:43:23 24686840
10:43:25 24268468
10:43:27 24237528
10:43:29 24226076
10:43:31 24214348
10:43:33 24214440
10:43:35 24215272
10:43:37 23950976
10:43:39 23295312
10:43:41 23297912
10:43:43 25041532
10:43:45 24376656
10:43:47 24125984
10:43:49 24145568
10:43:51 24171288
10:43:53 24183988
10:43:55 24190180
10:43:57 24200368
10:43:59 24213548
10:44:01 24361688
10:44:03 23275412
10:44:05 23280748
10:44:07 24538520
10:44:09 23635464
10:44:11 23175104
10:44:13 18989276
10:44:15 28713156
10:44:17 28731688
10:44:19 28753988
10:44:21 28767712
10:44:23 30077324
10:44:25 30081460
10:44:27 30087224
10:44:29 30090172
10:44:31 30092680
10:44:33 30094764
10:44:35 30096932
10:44:37 30097080
10:44:39 30097648
10:44:41 30097776
10:44:43 30102284
