/*---------------------------------------------------------------------------*\
| =========                 |                                                 |
| \\      /  F ield         | OpenFOAM: The Open Source CFD Toolbox           |
|  \\    /   O peration     | Version:  2506                                  |
|   \\  /    A nd           | Website:  www.openfoam.com                      |
|    \\/     M anipulation  |                                                 |
\*---------------------------------------------------------------------------*/
Build  : _615aae61d7-20250627 OPENFOAM=2506 version=v2506
Arch   : "LSB;label=32;scalar=64"
Exec   : checkMesh
Date   : Aug 28 2026
Time   : 02:17:43
Host   : 1eb616e1c4e8
PID    : 275
I/O    : uncollated
Case   : /mnt/MESH
nProcs : 1
trapFpe: Floating point exception trapping enabled (FOAM_SIGFPE).
fileModificationChecking : Monitoring run-time modified files using timeStampMaster (fileModificationSkew 5, maxFileModificationPolls 20)
allowSystemOperations : Allowing user-supplied system call operations

// * * * * * * * * * * * * * * * * * * * * * * * * * * * * * * * * * * * * * //
Create time

Overriding DebugSwitches according to controlDict
    SolverPerformance 0;

Create mesh for time = 0

Check mesh...

Time = 0

Mesh stats 
    points:           8316
    internal points:  0
    faces:            16254
    internal faces:   7938
    cells:            4032
    faces per cell:   6
    boundary patches: 4
    point zones:      0
    face zones:       0
    cell zones:       0

Overall number of cells of each type:
    hexahedra:     4032
    prisms:        0
    wedges:        0
    pyramids:      0
    tet wedges:    0
    tetrahedra:    0
    polyhedra:     0

Checking topology...
    Boundary definition OK.
    Cell to face addressing OK.
    Point usage OK.
    Upper triangular ordering OK.
    Face vertices OK.
    Number of regions: 1 (OK).

Checking patch topology for multiply connected surfaces...
    Patch               Faces    Points     Surface topology
    symmetry1           4032     4158     ok (non-closed singly connected)  
    symmetry2           4032     4158     ok (non-closed singly connected)  
    wing                126      252      ok (non-closed singly connected)  
    inout               126      252      ok (non-closed singly connected)  
    ".*"                8316     8316     ok (closed singly connected)      


Checking faceZone topology for multiply connected surfaces...
    No faceZones found.

Checking basic cellZone addressing...
    No cellZones found.

Checking basic pointZone addressing...
    No pointZones found.

Checking geometry...
    Overall domain bounding box (-17.369559929341 -18.580929029828 0) (18.728089747328 18.580929008908 0.1)
    Mesh has 3 geometric (non-empty/wedge) directions (1 1 1)
    Mesh has 3 solution (non-empty) directions (1 1 1)
    Boundary openness (-3.998195603750372e-19 -8.111093540395221e-20 -4.094991961573703e-16) OK.
    Max cell openness = 2.579745906518884e-16 OK.
    Max aspect ratio = 97.87218721638968 OK.
    Minimum face area = 2.254099143164102e-06. Maximum face area = 4.224820321497278.  Face area magnitudes OK.
    Min volume = 2.254099144856799e-07. Max volume = 0.422482032106397.  Total volume = 105.2804018655528.  Cell volumes OK.
    Mesh non-orthogonality Max: 22.74891598092357 average: 2.547934581917016
    Non-orthogonality check OK.
    Face pyramids OK.
    Max skewness = 1.432464754648138 OK.
    Coupled point location match (average 0) OK.

Mesh OK.

End

