Matplotlib is building the font cache; this may take a moment.
WARNING 7: VSPAERO Viewer Not Found. 
	Expected here: /home/dafoamuser/dafoam/packages/miniconda3/lib/python3.10/site-packages/openvsp/vspviewer
#--------------------#
 Total Nodes:   46762 
 Unique Nodes:  44681 
 Total Faces:   44544 
#--------------------#
 Normal orientation check ...
 Normals are consistent!
 Determining topology ...
 Topology complete.
#--------------------#
Grid Ratio:  1.0534 
#--------------------#
#-------------------------------------------------------------------------------------------------------------------#
# Grid | CPU  | Sub | KSP | nAvg |  Sl  | Sensor | Sensor | Min     | Min     |  deltaS  | March    | cMax  | Ratio |
# Lvl  | Time | Its | Its |      |      | Max    | Min    | Quality | Volume  |          | Distance |       | kMax  |
#-------------------------------------------------------------------------------------------------------------------#
      2    1.0     2     5      0  0.127  1.01014  0.16610  0.07911  0.967E-12  0.530E-04  0.102E-03  0.5721  0.0000 
      3    1.3     2     5      0  0.142  1.00900  0.18893  0.11282  0.160E-11  0.563E-04  0.209E-03  0.4786  1.3350 
      4    1.7     2     5      0  0.152  1.00863  0.22340  0.25005  0.314E-11  0.597E-04  0.323E-03  0.4023  1.2406 
      5    1.9     2     5      0  0.159  1.00839  0.26511  0.34537  0.543E-11  0.633E-04  0.445E-03  0.3574  1.1767 
      6    2.2     2     5      0  0.165  1.00821  0.31085  0.37828  0.864E-11  0.672E-04  0.573E-03  0.3274  1.1438 
      7    2.5     2     5      0  0.170  1.00810  0.35771  0.39901  0.130E-10  0.713E-04  0.710E-03  0.3024  1.1164 
      8    2.7     2     5      0  0.175  1.00828  0.40345  0.41269  0.187E-10  0.756E-04  0.854E-03  0.2815  1.0982 
      9    2.9     2     5      0  0.180  1.00857  0.44666  0.42221  0.259E-10  0.802E-04  0.101E-02  0.2640  1.0900 
     10    3.2     2     5      0  0.184  1.00990  0.48617  0.42917  0.348E-10  0.851E-04  0.117E-02  0.2496  1.0857 
     11    3.4     2     5      0  0.188  1.01153  0.52120  0.43450  0.458E-10  0.903E-04  0.134E-02  0.2506  1.0818 
     12    3.7     2     5      0  0.191  1.01333  0.55302  0.43873  0.582E-10  0.958E-04  0.153E-02  0.2511  1.0789 
     13    4.0     2     5      0  0.195  1.01544  0.58120  0.44218  0.708E-10  0.102E-03  0.172E-02  0.2511  1.0761 
     14    4.1     1     5      0  0.196  1.01610  0.59812  0.44518  0.852E-10  0.105E-03  0.182E-02  0.2510  1.0736 
     15    4.4     2     5      0  0.200  1.01914  0.61369  0.44682  0.103E-09  0.111E-03  0.204E-02  0.2506  1.0852 
     16    4.6     2     5      0  0.203  1.02138  0.63446  0.44915  0.122E-09  0.118E-03  0.226E-02  0.2499  1.0692 
     17    4.9     2     5      0  0.206  1.02360  0.65278  0.45117  0.144E-09  0.125E-03  0.250E-02  0.2490  1.0677 
     18    5.1     2     5      0  0.209  1.02574  0.66895  0.45297  0.167E-09  0.133E-03  0.275E-02  0.2480  1.0661 
     19    5.4     2     5      0  0.212  1.02769  0.68327  0.45457  0.194E-09  0.141E-03  0.302E-02  0.2469  1.0649 
     20    5.5     1     5      0  0.213  1.02816  0.69165  0.45603  0.224E-09  0.145E-03  0.316E-02  0.2463  1.0643 
     21    5.8     2     5      0  0.216  1.03050  0.70073  0.45699  0.260E-09  0.154E-03  0.346E-02  0.2453  1.0708 
     22    6.1     2     5      0  0.219  1.03162  0.71215  0.45826  0.299E-09  0.163E-03  0.377E-02  0.2445  1.0632 
     23    6.4     2     5      0  0.222  1.03227  0.72253  0.45942  0.342E-09  0.173E-03  0.410E-02  0.2436  1.0629 
     24    6.7     2     5      0  0.225  1.03248  0.73194  0.46050  0.392E-09  0.184E-03  0.445E-02  0.2428  1.0626 
     25    7.0     2     5      0  0.227  1.03431  0.74039  0.46150  0.447E-09  0.195E-03  0.483E-02  0.2477  1.0623 
     26    7.2     1     6      0  0.229  1.03525  0.74502  0.46247  0.509E-09  0.201E-03  0.502E-02  0.2524  1.0619 
     27    7.6     2     6      0  0.231  1.03816  0.74942  0.46313  0.583E-09  0.213E-03  0.543E-02  0.2616  1.0661 
     28    8.0     2     6      0  0.234  1.04033  0.75559  0.46397  0.662E-09  0.226E-03  0.586E-02  0.2704  1.0612 
     29    8.3     2     6      0  0.237  1.04224  0.76153  0.46477  0.751E-09  0.240E-03  0.632E-02  0.2787  1.0612 
     30    8.6     2     6      0  0.239  1.04383  0.76724  0.46534  0.851E-09  0.254E-03  0.680E-02  0.2866  1.0612 
     31    8.7     1     6      0  0.241  1.04421  0.77042  0.46586  0.963E-09  0.262E-03  0.706E-02  0.2904  1.0612 
     32    9.0     2     6      0  0.243  1.04684  0.77429  0.46624  0.109E-08  0.278E-03  0.759E-02  0.2976  1.0642 
     33    9.5     2     6      0  0.246  1.04931  0.77888  0.46670  0.123E-08  0.295E-03  0.815E-02  0.3045  1.0609 
     34    9.9     2     6      0  0.249  1.05149  0.78219  0.46714  0.137E-08  0.313E-03  0.875E-02  0.3114  1.0609 
     35   10.2     2     6      0  0.251  1.05328  0.78542  0.46754  0.153E-08  0.332E-03  0.939E-02  0.3178  1.0609 
     36   10.4     1     6      0  0.252  1.05378  0.78707  0.46794  0.170E-08  0.341E-03  0.972E-02  0.3208  1.0608 
     37   10.7     2     6      0  0.255  1.05537  0.79007  0.46824  0.190E-08  0.362E-03  0.104E-01  0.3265  1.0632 
     38   10.9     2     6      0  0.258  1.05580  0.79312  0.46858  0.212E-08  0.384E-03  0.111E-01  0.3319  1.0605 
     39   11.3     2     6      0  0.260  1.05531  0.79608  0.46890  0.236E-08  0.408E-03  0.119E-01  0.3371  1.0603 
     40   11.6     2     6      0  0.263  1.05417  0.79897  0.46920  0.263E-08  0.433E-03  0.128E-01  0.3420  1.0601 
     41   11.7     1     6      0  0.264  1.05313  0.80042  0.46950  0.292E-08  0.446E-03  0.132E-01  0.3479  1.0598 
     42   12.0     2     6      0  0.267  1.05065  0.80307  0.46971  0.325E-08  0.473E-03  0.141E-01  0.3613  1.0612 
     43   12.3     2     6      0  0.270  1.04697  0.80574  0.46995  0.362E-08  0.502E-03  0.151E-01  0.3747  1.0590 
     44   12.5     2     6      0  0.272  1.04381  0.80833  0.47017  0.400E-08  0.532E-03  0.161E-01  0.3880  1.0587 
     45   12.8     2     6      0  0.275  1.04097  0.81080  0.47018  0.439E-08  0.564E-03  0.171E-01  0.4013  1.0582 
     46   13.0     1     6      0  0.276  1.04205  0.81197  0.46987  0.482E-08  0.581E-03  0.177E-01  0.4079  1.0578 
     47   13.3     2     6      0  0.279  1.04414  0.81414  0.46944  0.531E-08  0.617E-03  0.189E-01  0.4218  1.0584 
     48   13.7     2     6      0  0.282  1.04606  0.81633  0.46908  0.585E-08  0.654E-03  0.201E-01  0.4357  1.0569 
     49   14.0     2     6      0  0.284  1.04773  0.81848  0.46873  0.645E-08  0.694E-03  0.215E-01  0.4497  1.0568 
#-------------------------------------------------------------------------------------------------------------------#
# Grid | CPU  | Sub | KSP | nAvg |  Sl  | Sensor | Sensor | Min     | Min     |  deltaS  | March    | cMax  | Ratio |
# Lvl  | Time | Its | Its |      |      | Max    | Min    | Quality | Volume  |          | Distance |       | kMax  |
#-------------------------------------------------------------------------------------------------------------------#
     50   14.2     1     6      0  0.286  1.04843  0.81955  0.46841  0.710E-08  0.715E-03  0.222E-01  0.4569  1.0571 
     51   14.5     2     6      0  0.288  1.04953  0.82157  0.46806  0.786E-08  0.759E-03  0.236E-01  0.4715  1.0574 
     52   14.9     2     6      0  0.291  1.05007  0.82356  0.46774  0.869E-08  0.805E-03  0.252E-01  0.4862  1.0572 
     53   15.2     2     6      0  0.294  1.05147  0.82552  0.46743  0.962E-08  0.854E-03  0.268E-01  0.5009  1.0572 
     54   15.5     1     6      0  0.295  1.05203  0.82650  0.46713  0.106E-07  0.879E-03  0.276E-01  0.5084  1.0572 
     55   15.8     2     6      0  0.298  1.05270  0.82838  0.46686  0.117E-07  0.933E-03  0.294E-01  0.5237  1.0575 
     56   16.1     2     6      0  0.301  1.05256  0.83025  0.46659  0.129E-07  0.990E-03  0.313E-01  0.5390  1.0569 
     57   16.4     2     6      0  0.304  1.05148  0.83208  0.46633  0.142E-07  0.105E-02  0.333E-01  0.5553  1.0566 
     58   16.7     2     6      0  0.307  1.04931  0.83388  0.46608  0.156E-07  0.111E-02  0.355E-01  0.5720  1.0564 
     59   16.9     1     6      0  0.308  1.04779  0.83477  0.46588  0.173E-07  0.115E-02  0.366E-01  0.5805  1.0566 
     60   17.2     2     6      0  0.311  1.04550  0.83651  0.46566  0.191E-07  0.122E-02  0.389E-01  0.5976  1.0567 
     61   17.7     2     6      0  0.314  1.04628  0.83823  0.46545  0.212E-07  0.129E-02  0.414E-01  0.6150  1.0566 
     62   18.0     2     6      0  0.317  1.04658  0.83992  0.46527  0.234E-07  0.137E-02  0.440E-01  0.6326  1.0566 
     63   18.2     1     6      0  0.318  1.04672  0.84075  0.46511  0.257E-07  0.141E-02  0.454E-01  0.6415  1.0566 
     64   18.5     2     6      0  0.321  1.04735  0.84240  0.46497  0.284E-07  0.150E-02  0.482E-01  0.6597  1.0566 
     65   18.9     2     6      0  0.324  1.04778  0.84402  0.46482  0.313E-07  0.159E-02  0.513E-01  0.6782  1.0563 
     66   19.2     2     7      0  0.327  1.04788  0.84561  0.46470  0.345E-07  0.168E-02  0.545E-01  0.6974  1.0565 
     67   19.5     2     7      0  0.330  1.04722  0.84719  0.46459  0.381E-07  0.179E-02  0.579E-01  0.7179  1.0566 
     68   19.6     1     7      0  0.331  1.04657  0.84796  0.46454  0.419E-07  0.184E-02  0.597E-01  0.7282  1.0569 
     69   19.9     2     7      0  0.335  1.04506  0.84950  0.46443  0.463E-07  0.195E-02  0.634E-01  0.7491  1.0572 
     70   20.2     2     7      0  0.338  1.04283  0.85102  0.46436  0.510E-07  0.207E-02  0.674E-01  0.7703  1.0570 
     71   20.5     2     7      0  0.341  1.03966  0.85251  0.46429  0.563E-07  0.220E-02  0.716E-01  0.7918  1.0571 
     72   20.6     1     7      0  0.342  1.03772  0.85325  0.46427  0.621E-07  0.226E-02  0.738E-01  0.8027  1.0574 
     73   20.9     2     7      0  0.345  1.03559  0.85472  0.46423  0.686E-07  0.240E-02  0.784E-01  0.8249  1.0578 
     74   21.3     2     7      0  0.348  1.03610  0.85617  0.46419  0.757E-07  0.255E-02  0.833E-01  0.8476  1.0575 
     75   21.7     2     8      0  0.352  1.03745  0.85733  0.46416  0.835E-07  0.270E-02  0.885E-01  0.8706  1.0576 
     76   21.9     1     8      0  0.353  1.03832  0.85776  0.46418  0.922E-07  0.279E-02  0.912E-01  0.8822  1.0578 
     77   22.2     2     8      0  0.356  1.03998  0.85866  0.46417  0.102E-06  0.295E-02  0.968E-01  0.9056  1.0582 
     78   22.6     2     8      0  0.360  1.04126  0.85956  0.46416  0.113E-06  0.313E-02  0.103E+00  0.9293  1.0576 
     79   22.9     2     8      0  0.363  1.04211  0.86041  0.46414  0.125E-06  0.333E-02  0.109E+00  0.9533  1.0575 
     80   23.1     1     8      0  0.365  1.04231  0.86084  0.46415  0.138E-06  0.343E-02  0.113E+00  0.9654  1.0575 
     81   23.4     2     9      0  0.368  1.04376  0.86172  0.46417  0.152E-06  0.363E-02  0.119E+00  1.0056  1.0580 
     82   23.7     2     9      0  0.371  1.04583  0.86261  0.46407  0.169E-06  0.386E-02  0.127E+00  1.0574  1.0574 
     83   24.1     2     9      0  0.374  1.04767  0.86352  0.46375  0.187E-06  0.409E-02  0.135E+00  1.1109  1.0572 
     84   24.3     1     9      0  0.376  1.04848  0.86397  0.46343  0.207E-06  0.421E-02  0.139E+00  1.1383  1.0572 
     85   24.7     2    10      0  0.380  1.04986  0.86492  0.46279  0.230E-06  0.447E-02  0.147E+00  1.1946  1.0574 
     86   25.1     2    10      0  0.383  1.05077  0.86588  0.46201  0.255E-06  0.474E-02  0.156E+00  1.2524  1.0571 
     87   25.6     2    10      0  0.386  1.05129  0.86687  0.46127  0.282E-06  0.503E-02  0.166E+00  1.3124  1.0570 
     88   26.1     2    10      0  0.390  1.05138  0.86789  0.46055  0.313E-06  0.534E-02  0.176E+00  1.3739  1.0572 
     89   26.4     1    11      0  0.392  1.05173  0.86841  0.45988  0.348E-06  0.550E-02  0.182E+00  1.4054  1.0576 
     90   26.8     2    11      0  0.395  1.05456  0.86908  0.45921  0.387E-06  0.583E-02  0.193E+00  1.4781  1.0575 
     91   27.3     2    11      0  0.399  1.05710  0.86960  0.45857  0.430E-06  0.619E-02  0.205E+00  1.5542  1.0576 
     92   27.8     2    12      0  0.402  1.05922  0.87015  0.45796  0.478E-06  0.656E-02  0.217E+00  1.6324  1.0577 
     93   28.1     1    12      0  0.404  1.06008  0.87044  0.45738  0.531E-06  0.676E-02  0.224E+00  1.6722  1.0579 
     94   28.5     2    12      0  0.408  1.06130  0.87106  0.45683  0.591E-06  0.717E-02  0.237E+00  1.7543  1.0577 
     95   29.0     2    13      0  0.411  1.06176  0.87173  0.45630  0.658E-06  0.761E-02  0.252E+00  1.8388  1.0575 
     96   29.6     2    13      0  0.415  1.06363  0.87246  0.45580  0.733E-06  0.807E-02  0.267E+00  1.9270  1.0572 
     97   29.9     1    13      0  0.417  1.06476  0.87284  0.45533  0.816E-06  0.831E-02  0.275E+00  1.9721  1.0572 
     98   30.5     2    14      0  0.421  1.06647  0.87352  0.45489  0.909E-06  0.882E-02  0.292E+00  2.0630  1.0571 
     99   31.0     2    14      0  0.424  1.06730  0.87419  0.45447  0.101E-05  0.936E-02  0.310E+00  2.1547  1.0568 
#-------------------------------------------------------------------------------------------------------------------#
# Grid | CPU  | Sub | KSP | nAvg |  Sl  | Sensor | Sensor | Min     | Min     |  deltaS  | March    | cMax  | Ratio |
# Lvl  | Time | Its | Its |      |      | Max    | Min    | Quality | Volume  |          | Distance |       | kMax  |
#-------------------------------------------------------------------------------------------------------------------#
    100   31.5     2    14      0  0.428  1.06711  0.87494  0.45408  0.113E-05  0.993E-02  0.329E+00  2.2468  1.0567 
    101   31.8     1    14      0  0.430  1.06661  0.87535  0.45371  0.126E-05  0.102E-01  0.339E+00  2.2928  1.0566 
    102   32.4     2    15      0  0.434  1.06485  0.87624  0.45339  0.140E-05  0.108E-01  0.360E+00  2.3842  1.0567 
    103   32.9     2    15      0  0.438  1.06212  0.87721  0.45306  0.156E-05  0.115E-01  0.382E+00  2.4745  1.0567 
    104   33.3     2    15      0  0.442  1.06211  0.87826  0.45276  0.173E-05  0.122E-01  0.405E+00  2.5638  1.0566 
    105   33.9     2    16      0  0.446  1.06182  0.87937  0.45248  0.191E-05  0.130E-01  0.430E+00  2.6514  1.0566 
    106   34.2     1    16      0  0.448  1.06138  0.87994  0.45224  0.212E-05  0.133E-01  0.443E+00  2.6946  1.0570 
    107   34.7     2    16      0  0.452  1.06002  0.88110  0.45201  0.235E-05  0.142E-01  0.470E+00  2.7793  1.0567 
    108   35.2     2    17      0  0.456  1.06080  0.88209  0.45179  0.261E-05  0.150E-01  0.499E+00  2.8616  1.0567 
    109   35.7     2    17      0  0.460  1.06110  0.88312  0.45158  0.289E-05  0.159E-01  0.529E+00  2.9413  1.0567 
    110   36.0     1    17      0  0.462  1.06096  0.88364  0.45141  0.320E-05  0.164E-01  0.545E+00  2.9803  1.0569 
    111   36.5     2    17      0  0.466  1.06021  0.88472  0.45123  0.355E-05  0.174E-01  0.579E+00  3.0560  1.0566 
    112   37.0     2    18      0  0.470  1.05907  0.88576  0.45107  0.394E-05  0.185E-01  0.614E+00  3.1289  1.0567 
    113   37.5     2    18      0  0.474  1.05919  0.88672  0.45091  0.438E-05  0.196E-01  0.651E+00  3.1984  1.0567 
    114   37.8     1    18      0  0.477  1.05905  0.88720  0.45080  0.487E-05  0.202E-01  0.671E+00  3.2320  1.0569 
    115   38.3     2    18      0  0.481  1.05848  0.88821  0.45068  0.542E-05  0.214E-01  0.712E+00  3.2971  1.0568 
    116   38.8     2    18      0  0.485  1.05770  0.88921  0.45057  0.604E-05  0.227E-01  0.755E+00  3.3597  1.0569 
    117   39.4     2    19      0  0.489  1.05790  0.89022  0.45046  0.673E-05  0.241E-01  0.802E+00  3.4193  1.0570 
    118   39.6     1    19      0  0.492  1.05800  0.89069  0.45039  0.751E-05  0.248E-01  0.826E+00  3.4479  1.0573 
    119   40.1     2    19      0  0.496  1.05812  0.89161  0.45033  0.838E-05  0.263E-01  0.876E+00  3.5031  1.0576 
    120   40.7     2    19      0  0.500  1.05831  0.89251  0.45026  0.936E-05  0.279E-01  0.929E+00  3.5555  1.0578 
    121   41.2     2    19      0  0.505  1.05942  0.89337  0.45019  0.105E-04  0.296E-01  0.986E+00  3.6052  1.0581 
    122   41.5     1    20      0  0.507  1.05999  0.89378  0.45014  0.117E-04  0.305E-01  0.102E+01  3.6296  1.0585 
    123   42.1     2    20      0  0.512  1.06130  0.89453  0.45012  0.131E-04  0.324E-01  0.108E+01  3.6741  1.0589 
    124   42.8     2    20      0  0.516  1.06357  0.89523  0.45007  0.146E-04  0.344E-01  0.114E+01  3.7170  1.0590 
    125   43.5     2    20      0  0.521  1.06624  0.89586  0.45002  0.164E-04  0.364E-01  0.121E+01  3.7577  1.0591 
    126   43.8     1    20      0  0.523  1.06794  0.89612  0.44999  0.183E-04  0.375E-01  0.125E+01  3.7777  1.0593 
    127   44.4     2    21      0  0.528  1.07183  0.89663  0.44999  0.205E-04  0.398E-01  0.133E+01  3.8159  1.0598 
    128   45.2     2    21      0  0.532  1.07650  0.89702  0.44997  0.227E-04  0.423E-01  0.141E+01  3.8516  1.0595 
    129   45.8     2    21      0  0.537  1.08195  0.89733  0.44995  0.251E-04  0.448E-01  0.149E+01  3.9133  1.0596 
    130   46.4     2    21      0  0.542  1.08759  0.89755  0.44993  0.279E-04  0.476E-01  0.158E+01  4.2413  1.0596 
    131   46.7     1    21      0  0.544  1.09053  0.89762  0.44995  0.309E-04  0.490E-01  0.163E+01  4.4196  1.0602 
    132   47.5     2    22      0  0.549  1.09646  0.89773  0.44995  0.344E-04  0.520E-01  0.173E+01  4.8090  1.0599 
    133   48.2     2    21      0  0.554  1.10219  0.89811  0.44983  0.383E-04  0.525E-01  0.183E+01  5.0000  1.0607 
    134   48.7     2    20      0  0.558  1.10054  0.90589  0.44918  0.431E-04  0.510E-01  0.193E+01  5.0000  1.0664 
    135   49.3     2    19      0  0.563  1.09875  0.91259  0.44855  0.486E-04  0.495E-01  0.203E+01  5.0000  1.0684 
    136   49.9     2    18      0  0.566  1.09680  0.91821  0.44797  0.548E-04  0.480E-01  0.212E+01  5.0000  1.0679 
    137   50.5     3    16      0  0.572  1.09440  0.92574  0.44743  0.620E-04  0.460E-01  0.226E+01  5.0000  1.0671 
    138   51.0     2    16      0  0.575  1.09254  0.93011  0.44695  0.702E-04  0.447E-01  0.235E+01  5.0000  1.0674 
    139   51.8     3    15      0  0.580  1.09018  0.93598  0.44651  0.796E-04  0.428E-01  0.247E+01  5.0000  1.0663 
    140   52.6     3    15      0  0.584  1.08746  0.94109  0.44612  0.897E-04  0.411E-01  0.259E+01  5.0000  1.0659 
    141   53.8     4    15      0  0.589  1.08385  0.94692  0.44578  0.995E-04  0.389E-01  0.275E+01  5.0000  1.0654 
    142   54.8     4    15      0  0.593  1.08032  0.95185  0.44548  0.111E-03  0.370E-01  0.290E+01  5.0000  1.0645 
    143   55.9     4    15      0  0.598  1.07676  0.95607  0.44522  0.123E-03  0.352E-01  0.303E+01  5.0000  1.0638 
    144   57.3     5    15      0  0.602  1.07214  0.96054  0.44500  0.137E-03  0.332E-01  0.320E+01  5.0000  1.0633 
    145   58.9     6    15      0  0.607  1.06677  0.96493  0.44482  0.153E-03  0.311E-01  0.339E+01  5.0000  1.0632 
    146   60.7     6    16      0  0.612  1.06076  0.96851  0.44469  0.171E-03  0.293E-01  0.356E+01  5.0000  1.0640 
    147   62.7     7    16      0  0.617  1.05476  0.97192  0.44459  0.190E-03  0.275E-01  0.375E+01  5.0000  1.0643 
    148   64.8     7    17      0  0.621  1.05196  0.97468  0.44454  0.211E-03  0.260E-01  0.393E+01  5.0000  1.0654 
    149   67.5     9    17      0  0.626  1.05046  0.97752  0.44452  0.235E-03  0.244E-01  0.415E+01  5.0000  1.0663 
#-------------------------------------------------------------------------------------------------------------------#
# Grid | CPU  | Sub | KSP | nAvg |  Sl  | Sensor | Sensor | Min     | Min     |  deltaS  | March    | cMax  | Ratio |
# Lvl  | Time | Its | Its |      |      | Max    | Min    | Quality | Volume  |          | Distance |       | kMax  |
#-------------------------------------------------------------------------------------------------------------------#
    150   70.4     9    18      0  0.631  1.04979  0.97978  0.44453  0.259E-03  0.231E-01  0.436E+01  5.0000  1.0676 
    151   73.7    11    19      0  0.636  1.04841  0.98195  0.44456  0.285E-03  0.219E-01  0.460E+01  5.0000  1.0691 
    152   77.4    12    19      0  0.641  1.04717  0.98375  0.44463  0.311E-03  0.209E-01  0.485E+01  5.0000  1.0709 
    153   80.5    13    19      0  0.646  1.04577  0.98525  0.44471  0.338E-03  0.201E-01  0.511E+01  5.0000  1.0728 
    154   84.5    14    20      0  0.651  1.04400  0.98643  0.44482  0.367E-03  0.196E-01  0.537E+01  5.0000  1.0748 
    155   88.5    15    21      0  0.656  1.04195  0.98720  0.44495  0.400E-03  0.193E-01  0.566E+01  5.0000  1.0766 
    156   92.9    16    21      0  0.661  1.03950  0.98778  0.44509  0.440E-03  0.193E-01  0.596E+01  5.0000  1.0782 
    157   98.2    17    22      0  0.666  1.03785  0.98821  0.44524  0.488E-03  0.195E-01  0.628E+01  5.0000  1.0794 
    158  104.5    18    22      0  0.672  1.03630  0.98854  0.44540  0.548E-03  0.200E-01  0.662E+01  5.0000  1.0801 
    159  109.9    18    22      0  0.677  1.03486  0.98876  0.44558  0.622E-03  0.207E-01  0.698E+01  5.0000  1.0803 
    160  115.5    18    22      0  0.682  1.03327  0.98890  0.44577  0.713E-03  0.217E-01  0.735E+01  5.0000  1.0801 
    161  120.4    18    22      0  0.688  1.03130  0.98899  0.44597  0.826E-03  0.229E-01  0.774E+01  5.0000  1.0794 
    162  126.2    18    22      0  0.693  1.02905  0.98842  0.44618  0.964E-03  0.243E-01  0.815E+01  5.0000  1.0786 
    163  131.9    18    22      0  0.699  1.02656  0.98763  0.44641  0.113E-02  0.260E-01  0.859E+01  5.0000  1.0780 
    164  136.4    17    22      0  0.704  1.02394  0.98695  0.44665  0.133E-02  0.279E-01  0.904E+01  5.0000  1.0771 
    165  142.1    18    22      0  0.710  1.02114  0.98635  0.44691  0.157E-02  0.301E-01  0.954E+01  5.0000  1.0759 
    166  147.2    16    22      0  0.715  1.01861  0.98584  0.44718  0.186E-02  0.325E-01  0.100E+02  5.0000  1.0743 
    167  152.6    17    22      0  0.721  1.01601  0.98529  0.44746  0.221E-02  0.354E-01  0.106E+02  5.0000  1.0728 
    168  156.8    15    22      0  0.726  1.01390  0.98480  0.44776  0.262E-02  0.383E-01  0.111E+02  5.0000  1.0710 
    169  161.8    16    22      0  0.732  1.01180  0.98429  0.44807  0.311E-02  0.418E-01  0.118E+02  5.0000  1.0693 
    170  166.5    15    22      0  0.738  1.01001  0.98373  0.44838  0.370E-02  0.456E-01  0.124E+02  5.0000  1.0676 
    171  171.5    14    22      0  0.744  1.00852  0.98324  0.44870  0.439E-02  0.496E-01  0.130E+02  5.0000  1.0660 
    172  176.1    14    22      0  0.750  1.00717  0.98280  0.44898  0.522E-02  0.541E-01  0.137E+02  5.0000  1.0645 
    173  179.9    13    22      0  0.755  1.00605  0.98241  0.44909  0.620E-02  0.588E-01  0.145E+02  5.0000  1.0631 
    174  183.5    13    22      0  0.761  1.00502  0.98206  0.44921  0.736E-02  0.641E-01  0.152E+02  5.0000  1.0620 
    175  187.5    12    22      0  0.767  1.00415  0.98175  0.44932  0.874E-02  0.696E-01  0.160E+02  5.0000  1.0610 
    176  191.2    13    22      0  0.773  1.00325  0.98142  0.44943  0.104E-01  0.763E-01  0.169E+02  5.0000  1.0600 
    177  194.8    11    22      0  0.779  1.00254  0.98115  0.44954  0.123E-01  0.826E-01  0.178E+02  5.0000  1.0593 
    178  198.5    12    22      0  0.786  1.00180  0.98088  0.44964  0.146E-01  0.902E-01  0.188E+02  5.0000  1.0586 
    179  201.6    11    22      0  0.792  1.00114  0.98064  0.44974  0.173E-01  0.981E-01  0.198E+02  5.0000  1.0580 
    180  204.8    10    22      0  0.798  1.00056  0.98043  0.44985  0.205E-01  0.106E+00  0.208E+02  5.0000  1.0575 
    181  208.2    11    22      0  0.804  0.99994  0.98021  0.44994  0.243E-01  0.116E+00  0.220E+02  5.0000  1.0570 
    182  211.4    10    22      0  0.811  0.99939  0.98002  0.45004  0.288E-01  0.125E+00  0.232E+02  5.0000  1.0567 
    183  214.5     9    22      0  0.816  0.99890  0.97986  0.45013  0.342E-01  0.135E+00  0.243E+02  5.0000  1.0564 
    184  217.6    10    22      0  0.823  0.99837  0.97969  0.45021  0.404E-01  0.147E+00  0.257E+02  5.0000  1.0561 
    185  220.2     9    22      0  0.829  0.99789  0.97954  0.45030  0.479E-01  0.158E+00  0.270E+02  5.0000  1.0559 
    186  222.9     9    22      0  0.836  0.99741  0.97939  0.45038  0.566E-01  0.171E+00  0.285E+02  5.0000  1.0557 
    187  225.3     9    22      0  0.843  0.99694  0.97924  0.45045  0.670E-01  0.185E+00  0.300E+02  5.0000  1.0555 
    188  227.5     8    22      0  0.849  0.99653  0.97911  0.45053  0.792E-01  0.199E+00  0.315E+02  5.0000  1.0553 
    189  230.0     9    22      0  0.856  0.99610  0.97898  0.45060  0.936E-01  0.216E+00  0.333E+02  5.0000  1.0551 
    190  233.1     8    22      0  0.863  0.99571  0.97887  0.45066  0.111E+00  0.232E+00  0.351E+02  5.0000  1.0550 
    191  236.1     8    22      0  0.869  0.99532  0.97877  0.45073  0.131E+00  0.250E+00  0.370E+02  5.0000  1.0548 
    192  239.1     8    22      0  0.876  0.99490  0.97868  0.45080  0.154E+00  0.269E+00  0.390E+02  5.0000  1.0546 
    193  241.7     7    22      0  0.883  0.99453  0.97861  0.45086  0.182E+00  0.288E+00  0.409E+02  5.0000  1.0545 
PYHYP_WROTE volumeMesh.xyz
    194  244.3     8    22      0  0.890  0.99407  0.97853  0.45093  0.215E+00  0.311E+00  0.432E+02  5.0000  1.0544 
    195  246.9     7    22      0  0.897  0.99367  0.97847  0.45100  0.254E+00  0.333E+00  0.454E+02  5.0000  1.0543 
    196  249.7     7    22      0  0.904  0.99326  0.97842  0.45108  0.299E+00  0.356E+00  0.478E+02  5.0000  1.0542 
    197  252.1     8    22      0  0.912  0.99283  0.97837  0.45116  0.353E+00  0.386E+00  0.507E+02  5.0000  1.0541 
    198  254.1     7    22      0  0.919  0.99248  0.97833  0.45124  0.417E+00  0.414E+00  0.534E+02  5.0000  1.0541 
    199  255.7     6    22      0  0.925  0.99218  0.97830  0.45133  0.491E+00  0.440E+00  0.559E+02  5.0000  1.0541 
#-------------------------------------------------------------------------------------------------------------------#
# Grid | CPU  | Sub | KSP | nAvg |  Sl  | Sensor | Sensor | Min     | Min     |  deltaS  | March    | cMax  | Ratio |
# Lvl  | Time | Its | Its |      |      | Max    | Min    | Quality | Volume  |          | Distance |       | kMax  |
#-------------------------------------------------------------------------------------------------------------------#
    200  257.8     7    22      0  0.933  0.99184  0.97827  0.45142  0.578E+00  0.472E+00  0.590E+02  5.0000  1.0540 
    201  259.8     7    22      0  0.940  0.99152  0.97825  0.45152  0.681E+00  0.508E+00  0.624E+02  5.0000  1.0540 
    202  261.6     6    22      0  0.947  0.99125  0.97824  0.45162  0.803E+00  0.540E+00  0.654E+02  5.0000  1.0540 
    203  263.6     7    22      0  0.955  0.99095  0.97823  0.45173  0.945E+00  0.581E+00  0.693E+02  5.0000  1.0540 
    204  265.4     6    22      0  0.962  0.99071  0.97822  0.45185  0.111E+01  0.619E+00  0.728E+02  5.0000  1.0540 
    205  267.1     6    22      0  0.970  0.99047  0.97822  0.45197  0.131E+01  0.660E+00  0.765E+02  5.0000  1.0539 
    206  269.3     6    22      0  0.977  0.99026  0.97821  0.45210  0.154E+01  0.704E+00  0.805E+02  5.0000  1.0539 
    207  271.4     6    22      0  0.985  0.99005  0.97822  0.45224  0.181E+01  0.751E+00  0.848E+02  5.0000  1.0539 
    208  273.6     6    22      0  0.992  0.98985  0.97822  0.45238  0.214E+01  0.802E+00  0.893E+02  5.0000  1.0539 
    209  275.8     6    22      0  1.000  0.98969  0.97823  0.45253  0.251E+01  0.856E+00  0.942E+02  5.0000  1.0539 
