2026-09-12 07:02:00.943210: I tensorflow/core/util/port.cc:110] oneDNN custom operations are on. You may see slightly different numerical results due to floating-point round-off errors from different computation orders. To turn them off, set the environment variable `TF_ENABLE_ONEDNN_OPTS=0`.
2026-09-12 07:02:00.964907: I tensorflow/core/util/port.cc:110] oneDNN custom operations are on. You may see slightly different numerical results due to floating-point round-off errors from different computation orders. To turn them off, set the environment variable `TF_ENABLE_ONEDNN_OPTS=0`.
2026-09-12 07:02:00.983565: I tensorflow/core/util/port.cc:110] oneDNN custom operations are on. You may see slightly different numerical results due to floating-point round-off errors from different computation orders. To turn them off, set the environment variable `TF_ENABLE_ONEDNN_OPTS=0`.
2026-09-12 07:02:00.984962: I tensorflow/core/util/port.cc:110] oneDNN custom operations are on. You may see slightly different numerical results due to floating-point round-off errors from different computation orders. To turn them off, set the environment variable `TF_ENABLE_ONEDNN_OPTS=0`.
2026-09-12 07:02:01.084589: I tensorflow/core/util/port.cc:110] oneDNN custom operations are on. You may see slightly different numerical results due to floating-point round-off errors from different computation orders. To turn them off, set the environment variable `TF_ENABLE_ONEDNN_OPTS=0`.
2026-09-12 07:02:01.078406: I tensorflow/core/util/port.cc:110] oneDNN custom operations are on. You may see slightly different numerical results due to floating-point round-off errors from different computation orders. To turn them off, set the environment variable `TF_ENABLE_ONEDNN_OPTS=0`.
2026-09-12 07:02:01.081830: I tensorflow/core/util/port.cc:110] oneDNN custom operations are on. You may see slightly different numerical results due to floating-point round-off errors from different computation orders. To turn them off, set the environment variable `TF_ENABLE_ONEDNN_OPTS=0`.
2026-09-12 07:02:01.096141: I tensorflow/core/util/port.cc:110] oneDNN custom operations are on. You may see slightly different numerical results due to floating-point round-off errors from different computation orders. To turn them off, set the environment variable `TF_ENABLE_ONEDNN_OPTS=0`.
2026-09-12 07:02:01.625089: I tensorflow/core/platform/cpu_feature_guard.cc:182] This TensorFlow binary is optimized to use avai2026-09-12 07:02:01.625410: I tensorflow/core/platform/cpu_feature_guard.cc:182] This TensorFlow binary is optimized to use available CPU instructions in performance-critical operations.
To enable the following instructions: AVX2 AVX512F AVX512_VNNI AVX512_BF16 FMA, in other operations, rebuild TensorFlow with the appropriate compiler flags.
2026-09-12 07:02:01.625733: I tensorflow/core/platform/cpu_feature_guard.cc:182] This TensorFlow binary is optimized to use avai2026-09-12 07:02:01.625480: I tensorflow/core/platform/cpu_feature_guard.cc:182] This TensorFlow binary is optimized to use available CPU instructions in performance-critical operations.
To enable the following instructions: AVX2 AVX512F AVX512_VNNI AVX512_BF16 FMA, in other operations, rebuild TensorFlow with the appropriate compiler flags.
lable CPU instructions in performance-critical operations.
To enable the following instructions: AVX2 AVX512F AVX512_VNNI AVX512_BF16 FMA, in other operations, rebuild TensorFlow with the appropriate compiler flags.
2026-09-12 07:02:01.626825: I tensorflow/core/platform/cpu_feature_guard.cc:182] This TensorFlow binary is optimized to use available CPU instructions in performance-critical operations.
To enable the following instructions: AVX2 AVX512F AVX512_VNNI AVX512_BF16 FMA, in other operations, rebuild TensorFlow with the appropriate compiler flags.
2026-09-12 07:02:01.627390: I tensorflow/core/platform/cpu_feature_guard.cc:182] This TensorFlow binary is optimized to use available CPU instructions in performance-critical operations.
To enable the following instructions: AVX2 AVX512F AVX512_VNNI AVX512_BF16 FMA, in other operations, rebuild TensorFlow with the appropriate compiler flags.
lable CPU instructions in performance-critical operations.
To enable the following instructions: AVX2 AVX512F AVX512_VNNI AVX512_BF16 FMA, in other operations, rebuild TensorFlow with the appropriate compiler flags.
2026-09-12 07:02:01.628738: I tensorflow/core/platform/cpu_feature_guard.cc:182] This TensorFlow binary is optimized to use available CPU instructions in performance-critical operations.
To enable the following instructions: AVX2 AVX512F AVX512_VNNI AVX512_BF16 FMA, in other operations, rebuild TensorFlow with the appropriate compiler flags.
2026-09-12 07:02:01.629834: I tensorflow/core/platform/cpu_feature_guard.cc:182] This TensorFlow binary is optimized to use available CPU instructions in performance-critical operations.
To enable the following instructions: AVX2 AVX512F AVX512_VNNI AVX512_BF16 FMA, in other operations, rebuild TensorFlow with the appropriate compiler flags.
WARNING 7: VSPAERO Viewer Not Found. 
	Expected here: /home/dafoamuser/dafoam/packages/miniconda3/lib/python3.10/site-packages/openvsp/vspviewer
WARNING 7: VSPAERO Viewer Not Found. 
	Expected here: /home/dafoamuser/dafoam/packages/miniconda3/lib/python3.10/site-packages/openvsp/vspviewer
WARNING 7: VSPAERO Viewer Not Found. 
	Expected here: /home/dafoamuser/dafoam/packages/miniconda3/lib/python3.10/site-packages/openvsp/vspviewer
WARNING 7: VSPAERO Viewer Not Found. 
	Expected here: /home/dafoamuser/dafoam/packages/miniconda3/lib/python3.10/site-packages/openvsp/vspviewer
WARNING 7: VSPAERO Viewer Not Found. 
	Expected here: /home/dafoamuser/dafoam/packages/miniconda3/lib/python3.10/site-packages/openvsp/vspviewer
WARNING 7: VSPAERO Viewer Not Found. 
	Expected here: /home/dafoamuser/dafoam/packages/miniconda3/lib/python3.10/site-packages/openvsp/vspviewer
WARNING 7: VSPAERO Viewer Not Found. 
	Expected here: /home/dafoamuser/dafoam/packages/miniconda3/lib/python3.10/site-packages/openvsp/vspviewer
WARNING 7: VSPAERO Viewer Not Found. 
	Expected here: /home/dafoamuser/dafoam/packages/miniconda3/lib/python3.10/site-packages/openvsp/vspviewer
 
-------------------------------------------------------------------------------
|                               DAFoam v5.0.0                                 |
-------------------------------------------------------------------------------
 
/*---------------------------------------------------------------------------*\
| =========                 |                                                 |
| \\      /  F ield         | OpenFOAM: The Open Source CFD Toolbox           |
|  \\    /   O peration     | Version:  2506                                  |
|   \\  /    A nd           | Website:  www.openfoam.com                      |
|    \\/     M anipulation  |                                                 |
\*---------------------------------------------------------------------------*/
Build  : _615aae61d7-20250627 OPENFOAM=2506 version=v2506
Arch   : "LSB;label=32;scalar=64"
Exec   : decomposePar
Date   : Sep 12 2026
Time   : 07:02:37
Host   : a7863473e8b4
PID    : 556
I/O    : uncollated
Case   : /home/ubuntu/certonomous-runs/_probe_L2_nonorth
nProcs : 1
trapFpe: Floating point exception trapping enabled (FOAM_SIGFPE).
fileModificationChecking : Monitoring run-time modified files using timeStampMaster (fileModificationSkew 5, maxFileModificationPolls 20)
allowSystemOperations : Allowing user-supplied system call operations

// * * * * * * * * * * * * * * * * * * * * * * * * * * * * * * * * * * * * * //
Create time



Decomposing mesh



--> FOAM FATAL ERROR: (openfoam-2506)
Case is already decomposed with 8 domains, use the -force option or manually
remove processor directories before decomposing. e.g.,
    rm -rf /home/ubuntu/certonomous-runs/_probe_L2_nonorth/processor*


    From decomposePar
    in file decomposePar.C at line 645.

FOAM exiting


Unable to run decomposePar, the domain has been already decomposed?

I/O    : uncollated
Case   : /home/ubuntu/certonomous-runs/_probe_L2_nonorth
nProcs : 8
Hosts  :
(
    (a7863473e8b4 8)
)
Pstream initialized with:
    node communication : off [type=host] (8 ranks, 1 nodes)
    topology controls  : none
    consensus exchange : 0 (tuning: 0)
    exchange algorithm : 0
    commsType          : nonBlocking
    polling iterations : 0
Initializing mesh and runtime for DASolver
Create time

Create mesh for time = 0
Replacing wallDist.method meshWave -> meshWaveFrozen
DAOption created. DASolver initialized.
[2] UPstream::init : could not attach buffer
[0] UPstream::init : could not attach buffer
[1] UPstream::init : could not attach buffer
[4] UPstream::init : could not attach buffer
[3] UPstream::init : could not attach buffer
[6] UPstream::init : could not attach buffer
[5] UPstream::init : could not attach buffer
[7] UPstream::init : could not attach buffer
I/O    : uncollated
Case   : /home/ubuntu/certonomous-runs/_probe_L2_nonorth
nProcs : 8
Hosts  :
(
    (a7863473e8b4 8)
)
Pstream initialized with:
    node communication : off [type=host] (8 ranks, 1 nodes)
    topology controls  : none
    consensus exchange : 0 (tuning: 0)
    exchange algorithm : 0
    commsType          : nonBlocking
    polling iterations : 0
Initializing mesh and runtime for DASolver
Create time

Create mesh for time = 0
Replacing wallDist.method meshWave -> meshWaveFrozen
DAOption created. DASolver initialized.
Initializing fields for DARhoSimpleCFoam
Create simpleControl.

SIMPLE: no convergence criteria found. Calculations will run for 2 steps.

Reading thermophysical properties

Selecting thermodynamics package 
{
    mixture         pureMixture;
    specie          specie;
    equationOfState perfectGas;
    energy          sensibleInternalEnergy;
    thermo          hConst;
    type            hePsiThermo;
    transport       const;
}

Reading field U

Reading/calculating face flux field phi

Creating turbulence model

Selecting turbulence model type RAS
Selecting RAS turbulence model SpalartAllmaras
Selecting patchDistMethod meshWaveFrozen
ft2 term: inactive
Turbulence model is compressible
Adjoint States: 
5
(
U volVectorState
nuTilda modelState
phi surfaceScalarState
p volScalarState
T volScalarState
)
Global Cells: 798720
Global Faces: 2452214
Global Xv: 2568033
Undecomposed points: 828201
Global Adjoint States: 7244534

SIMPLE: no convergence criteria found. Calculations will run for 2 steps.

DACheckMesh Thresholds: 
maxNonOrth: 70
maxSkewness: 4
maxAspectRatio: 1000
maxIncorrectlyOrientedFaces: 0
    Adding all faces of patches: (wing) ...
    Found matching patch wing with 24960 faces
    Adding all faces of patches: (wing) ...
    Found matching patch wing with 24960 faces
Initializing fields for DARhoSimpleCFoam
Create simpleControl.

SIMPLE: no convergence criteria found. Calculations will run for 2 steps.

Reading thermophysical properties

Selecting thermodynamics package 
{
    mixture         pureMixture;
    specie          specie;
    equationOfState perfectGas;
    energy          sensibleInternalEnergy;
    thermo          hConst;
    type            hePsiThermo;
    transport       const;
}

Reading field U

Reading/calculating face flux field phi

Creating turbulence model

Selecting turbulence model type RAS
Selecting RAS turbulence model SpalartAllmaras
Selecting patchDistMethod meshWaveFrozen
ft2 term: inactive
Turbulence model is compressible
Adjoint States: 
5
(
U volVectorState
nuTilda modelState
phi surfaceScalarState
p volScalarState
T volScalarState
)
Global Cells: 798720
Global Faces: 2452214
Global Xv: 2568033
Undecomposed points: 828201
Global Adjoint States: 7244534

SIMPLE: no convergence criteria found. Calculations will run for 2 steps.

DACheckMesh Thresholds: 
maxNonOrth: 70
maxSkewness: 4
maxAspectRatio: 1000
maxIncorrectlyOrientedFaces: 0
    Adding all faces of patches: (wing) ...
    Found matching patch wing with 24960 faces
    Adding all faces of patches: (wing) ...
    Found matching patch wing with 24960 faces
Init solver done! ElapsedClockTime 50.000000 s
Init solver done! ElapsedCpuTime 14.610000 s
initState: 
7
(
nuTilda 4.5e-05
phi 0
U1 0
U2 0
p 101325
T 300
U0 100
)
Setting up primal boundary conditions based on pyOptions: 
Setting primal boundary conditions...
Setting U = (291.1842312 15.56610073 0) at inout
Setting primal boundary conditions...
Setting p = 101325 at inout
Setting primal boundary conditions...
Setting T = 300 at inout
Setting primal boundary conditions...
Setting nuTilda = 4.5e-05 at inout
Setting nut wall BC for wing. BCType=nutUSpaldingWallFunction
Setting alphat wall BC for wingBCType=compressible::alphatWallFunction. Default Prt=0.85
Reading OpenFOAM mesh information...
I/O    : uncollated
Case   : /home/ubuntu/certonomous-runs/_probe_L2_nonorth
nProcs : 8
Hosts  :
(
    (a7863473e8b4 8)
)
Pstream initialized with:
    node communication : off [type=host] (8 ranks, 1 nodes)
    topology controls  : none
    consensus exchange : 0 (tuning: 0)
    exchange algorithm : 0
    commsType          : nonBlocking
    polling iterations : 0
Reading the OpenFOAM mesh..
Checking if we need to compress the mesh files
Checking if we need to compress the mesh files
Finalising parallel run
DAFoam option dictionary: 
{
    solverName      DARhoSimpleCFoam;
    primalMinResTol 1e-08;
    primalFuncStdTol
    {
        stdTol          -1;
        slopeTol        -1;
        funcNames       1 ( CD );
        nStepsFrac      0.2;
    }
    primalBC
    {
        U0
        {
            variable        U;
            patches         1 ( inout );
            value           3 ( 291.1842312 15.56610073 0 );
        }
        p0
        {
            variable        p;
            patches         1 ( inout );
            value           1 ( 101325 );
        }
        T0
        {
            variable        T;
            patches         1 ( inout );
            value           1 ( 300 );
        }
        nuTilda0
        {
            variable        nuTilda;
            patches         1 ( inout );
            value           1 ( 4.5e-05 );
        }
        useWallFunction 1;
    }
    primalInitCondition
    {
    }
    normalizeStates
    {
    }
    function
    {
        CD
        {
            type            force;
            source          patchToFace;
            patches         1 ( wing );
            directionMode   parallelToFlow;
            patchVelocityInputName patchV;
            scale           3.105076606e-05;
        }
        CL
        {
            type            force;
            source          patchToFace;
            patches         1 ( wing );
            directionMode   normalToFlow;
            patchVelocityInputName patchV;
            scale           3.105076606e-05;
        }
    }
    inputInfo
    {
        patchV
        {
            type            patchVelocity;
            patches         1 ( inout );
            flowAxis        x;
            normalAxis      y;
            components      2 ( solver function );
        }
    }
    outputInfo
    {
    }
    designSurfaces  1 ( wing );
    fvSource
    {
    }
    prepareCaseOnly 0;
    adjEqnSolMethod Krylov;
    dynamicMesh
    {
        active          0;
        mode            rotation;
        center          3 ( 0.25 0 0 );
        axis            z;
        omega           0.1;
        s               2;
        t0              0.35;
    }
    primalVarBounds
    {
        UMax            1000;
        UMin            -1000;
        pMax            500000;
        pMin            20000;
        p_rghMax        500000;
        p_rghMin        20000;
        eMax            55000;
        eMin            -220000;
        TMax            1000;
        TMin            100;
        hMax            200000;
        hMin            -200000;
        DMax            1e+16;
        DMin            -1e+16;
        rhoMax          5;
        rhoMin          0.2;
        nuTildaMax      1e+16;
        nuTildaMin      1e-16;
        kMax            1e+16;
        kMin            1e-16;
        omegaMax        1e+16;
        omegaMin        1e-16;
        epsilonMax      1e+16;
        epsilonMin      1e-16;
        ReThetatMax     1e+16;
        ReThetatMin     1e-16;
        gammaIntMax     1e+16;
        gammaIntMin     1e-16;
    }
    discipline      aero;
    adjPartDerivFDStep
    {
        State           1e-06;
    }
    transonicPCOption -1;
    unsteadyAdjoint
    {
        mode            None;
        PCMatPrecomputeInterval 100;
        PCMatUpdateInterval 1;
        reduceIO        1;
        additionalOutput 1 ( None );
        additionalOldTime 1 ( None );
        readZeroFields  1;
    }
    adjPCLag        10000;
    useAD
    {
        mode            reverse;
        dvName          None;
        seedIndex       -9999;
    }
    useConstrainHbyA 1;
    forceMeshWaveFrozen 1;
    useDdtCorr      0;
    regressionModel
    {
        active          0;
    }
    useMeanStates   0;
    solveLinearFunctionName None;
    printDAOptions  1;
    debug           0;
    writeJacobians  1 ( None );
    printInterval   1;
    printIntervalUnsteady 1;
    primalMinResTolDiff 100;
    adjUseColoring  1;
    adjEqnOption
    {
        globalPCIters   0;
        asmOverlap      1;
        localPCIters    1;
        jacMatReOrdering rcm;
        pcFillLevel     1;
        gmresMaxIters   1000;
        gmresRestart    1000;
        gmresRelTol     1e-06;
        gmresAbsTol     1e-14;
        gmresTolDiff    100;
        useNonZeroInitGuess 0;
        useMGSO         0;
        printInfo       1;
        fpMaxIters      1000;
        fpRelTol        1e-06;
        fpMinResTolDiff 100;
        fpPCUpwind      0;
        dynAdjustTol    0;
        KSPCalcEigen    0;
        KSPCalcSingularVal 0;
        readPCMat       0;
    }
    normalizeResiduals 11 ( URes pRes p_rghRes nuTildaRes phiRes TRes DRes kRes omegaRes epsilonRes alpha.waterRes );
    maxResConLv4JacPCMat
    {
        pRes            2;
        phiRes          1;
        URes            2;
        TRes            2;
        nuTildaRes      2;
        kRes            2;
        epsilonRes      2;
        omegaRes        2;
        p_rghRes        2;
        DRes            2;
        gammaIntRes     2;
        ReThetatRes     2;
        alpha.waterRes  2;
    }
    jacLowerBounds
    {
        dRdW            1e-30;
        dRdWPC          1e-30;
    }
    maxTractionBCIters 100;
    decomposeParDict
    {
        method          scotch;
        simpleCoeffs
        {
            n               3 ( 2 2 1 );
            delta           0.001;
        }
        kahipCoeffs
        {
            config          fast;
            imbalance       0.01;
        }
        preservePatches 1 ( None );
        singleProcessorFaceSets 1 ( None );
        args            1 ( None );
    }
    adjStateOrdering state;
    checkMeshThreshold
    {
        maxAspectRatio  1000;
        maxNonOrth      70;
        maxSkewness     4;
        maxIncorrectlyOrientedFaces 0;
    }
    writeDeformedFFDs 0;
    writeDeformedConstraints 0;
    writeAdjointFields 0;
    maxCorrectBCCalls 2;
    writeMinorIterations 0;
    primalMinIters  1;
    tensorflow
    {
        active          0;
    }
    wallDistanceMethod default;
    unsteadyCompOutput
    {
    }
}

pyDAFoam initialization done!
DAInputPatchVelocity. 
Setting UMag = 291.6 AoA = 3.06 degs at 1(inout)
I/O    : uncollated
Running Primal Solver 001
Previous solution time -1e+10 not found and nothing deleted.

Starting time loop

Time = 1

smoothSolver:  Solving for Ux, Initial residual = 1, Final residual = 0.06348000125, No Iterations 2
smoothSolver:  Solving for Uy, Initial residual = 1, Final residual = 0.05459710227, No Iterations 2
smoothSolver:  Solving for Uz, Initial residual = 1, Final residual = 0.004861098671, No Iterations 2
U0 initRes: 1 finalRes: 0.06348000125 nIters: 2
U1 initRes: 1 finalRes: 0.05459710227 nIters: 2
U2 initRes: 1 finalRes: 0.004861098671 nIters: 2
smoothSolver:  Solving for e, Initial residual = 1, Final residual = 0.05257286813, No Iterations 2
he initRes: 1 finalRes: 0.05257286813 nIters: 2
GAMG:  Solving for p, Initial residual = 1, Final residual = 0.0997595679, No Iterations 28
p initRes: 1 finalRes: 0.0997595679 nIters: 28
GAMG:  Solving for p, Initial residual = 0.1301986746, Final residual = 0.01300257882, No Iterations 105
p initRes: 0.1301986746 finalRes: 0.01300257882 nIters: 105
GAMG:  Solving for p, Initial residual = 0.01688384007, Final residual = 0.001681036524, No Iterations 157
p initRes: 0.01688384007 finalRes: 0.001681036524 nIters: 157
Time step continuity errors : sum local = 0.4097004062
                                 global = -0.2525542657
                             cumulative = -0.2525542657
smoothSolver:  Solving for nuTilda, Initial residual = 1, Final residual = 0.09218742469, No Iterations 2
nuTilda initRes: 1 finalRes: 0.09218742469 nIters: 2
Bounding nuTilda>1e-16
CD: 0.09819689029 final: 0.09819689029
CL: 0.004214499684 final: 0.004214499684
yPlus min: 7.287785791 max: 96.65880727 mean: 31.244299
ExecutionTime = 248.66 s  ClockTime = 775 s

Time = 2

smoothSolver:  Solving for Ux, Initial residual = 0.1460641052, Final residual = 0.01417294215, No Iterations 2
smoothSolver:  Solving for Uy, Initial residual = 0.2468374699, Final residual = 0.007983387988, No Iterations 2
smoothSolver:  Solving for Uz, Initial residual = 0.2546182356, Final residual = 0.005912185581, No Iterations 2
U0 initRes: 0.1460641052 finalRes: 0.01417294215 nIters: 2
U1 initRes: 0.2468374699 finalRes: 0.007983387988 nIters: 2
U2 initRes: 0.2546182356 finalRes: 0.005912185581 nIters: 2
smoothSolver:  Solving for e, Initial residual = 0.206964769, Final residual = 0.01759168565, No Iterations 2
he initRes: 0.206964769 finalRes: 0.01759168565 nIters: 2
GAMG:  Solving for p, Initial residual = 0.07925674606, Final residual = 0.007912982916, No Iterations 77
p initRes: 0.07925674606 finalRes: 0.007912982916 nIters: 77
GAMG:  Solving for p, Initial residual = 0.04923134357, Final residual = 0.004919445036, No Iterations 122
p initRes: 0.04923134357 finalRes: 0.004919445036 nIters: 122
GAMG:  Solving for p, Initial residual = 0.018443296, Final residual = 0.001829268377, No Iterations 125
p initRes: 0.018443296 finalRes: 0.001829268377 nIters: 125
Time step continuity errors : sum local = 0.05254761073
                                 global = 0.004649763489
                             cumulative = -0.2479045022
smoothSolver:  Solving for nuTilda, Initial residual = 0.0199248466, Final residual = 0.001619066863, No Iterations 2
nuTilda initRes: 0.0199248466 finalRes: 0.001619066863 nIters: 2
Bounding nuTilda>1e-16
CD: 0.03457501092 final: 0.03457501092
CL: 0.004130987747 final: 0.004130987747
yPlus min: 7.120098331 max: 74.56089572 mean: 22.70463708
ExecutionTime = 430.66 s  ClockTime = 1241 s

End

********************************************
Primal min residual 0.2468374699
did not satisfy the prescribed tolerance 1e-08
Primal solution failed!
********************************************
A3GC_PRIMAL_DONE L2
A3GC_FUNC CD = 0.034575010920636834
A3GC_FUNC CL = 0.0041309877470192546
Finalising parallel run
Finalising parallel run
