Time = 1200

smoothSolver:  Solving for Ux, Initial residual = 4.535545243e-06, Final residual = 2.115700862e-07, No Iterations 2
smoothSolver:  Solving for Uy, Initial residual = 2.211272434e-05, Final residual = 2.176790313e-06, No Iterations 2
smoothSolver:  Solving for Uz, Initial residual = 5.429502547e-05, Final residual = 2.783232364e-06, No Iterations 2
U0 initRes: 4.535545243e-06 finalRes: 2.115700862e-07 nIters: 2
U1 initRes: 2.211272434e-05 finalRes: 2.176790313e-06 nIters: 2
U2 initRes: 5.429502547e-05 finalRes: 2.783232364e-06 nIters: 2
smoothSolver:  Solving for e, Initial residual = 1.658314369e-05, Final residual = 8.343132771e-07, No Iterations 2
he initRes: 1.658314369e-05 finalRes: 8.343132771e-07 nIters: 2
GAMG:  Solving for p, Initial residual = 0.0009938679755, Final residual = 9.888178904e-05, No Iterations 16
p initRes: 0.0009938679755 finalRes: 9.888178904e-05 nIters: 16
Time step continuity errors : sum local = 0.0002454449223
                                 global = 4.562742652e-05
                             cumulative = -0.1548762042
smoothSolver:  Solving for nuTilda, Initial residual = 7.339276711e-07, Final residual = 5.770294627e-08, No Iterations 2
nuTilda initRes: 7.339276711e-07 finalRes: 5.770294627e-08 nIters: 2
Bounding nuTilda>1e-16
CD: 0.0223975424 final: 0.0223975424
CL: 0.3136916297 final: 0.3136916297
yPlus min: 2.412620209 max: 99.89066454 mean: 32.71186787
ExecutionTime = 7846.81 s  ClockTime = 20165 s

smoothSolver:  Solving for Ux, Initial residual = 4.543780474e-06, Final residual = 2.125730567e-07, No Iterations 2
smoothSolver:  Solving for Uy, Initial residual = 2.215556381e-05, Final residual = 1.394250687e-06, No Iterations 3
smoothSolver:  Solving for Uz, Initial residual = 5.429188241e-05, Final residual = 2.818437949e-06, No Iterations 2
smoothSolver:  Solving for e, Initial residual = 1.678697974e-05, Final residual = 9.141811898e-07, No Iterations 2
GAMG:  Solving for p, Initial residual = 0.001024254795, Final residual = 0.0001004712562, No Iterations 15
smoothSolver:  Solving for nuTilda, Initial residual = 7.324238873e-07, Final residual = 5.760988219e-08, No Iterations 2
smoothSolver:  Solving for Ux, Initial residual = 4.541495366e-06, Final residual = 2.158220504e-07, No Iterations 2
smoothSolver:  Solving for Uy, Initial residual = 2.182097205e-05, Final residual = 2.034641513e-06, No Iterations 2
smoothSolver:  Solving for Uz, Initial residual = 5.447280121e-05, Final residual = 2.90312212e-06, No Iterations 2
smoothSolver:  Solving for e, Initial residual = 1.661562793e-05, Final residual = 8.41719677e-07, No Iterations 2
GAMG:  Solving for p, Initial residual = 0.0009941404711, Final residual = 9.837628153e-05, No Iterations 16
smoothSolver:  Solving for nuTilda, Initial residual = 7.2764333e-07, Final residual = 5.736555233e-08, No Iterations 2
smoothSolver:  Solving for Ux, Initial residual = 4.538719193e-06, Final residual = 2.138509284e-07, No Iterations 2
smoothSolver:  Solving for Uy, Initial residual = 2.187743486e-05, Final residual = 2.095274574e-06, No Iterations 2
smoothSolver:  Solving for Uz, Initial residual = 5.427077447e-05, Final residual = 2.808248042e-06, No Iterations 2
smoothSolver:  Solving for e, Initial residual = 1.673577951e-05, Final residual = 9.063710804e-07, No Iterations 2
GAMG:  Solving for p, Initial residual = 0.001021095925, Final residual = 9.987300022e-05, No Iterations 15
smoothSolver:  Solving for nuTilda, Initial residual = 7.297502822e-07, Final residual = 5.71106253e-08, No Iterations 2
smoothSolver:  Solving for Ux, Initial residual = 4.523048551e-06, Final residual = 2.105205428e-07, No Iterations 2
smoothSolver:  Solving for Uy, Initial residual = 2.203947521e-05, Final residual = 2.138512676e-06, No Iterations 2
smoothSolver:  Solving for Uz, Initial residual = 5.415830418e-05, Final residual = 2.757056059e-06, No Iterations 2
smoothSolver:  Solving for e, Initial residual = 1.654917687e-05, Final residual = 8.384905626e-07, No Iterations 2
GAMG:  Solving for p, Initial residual = 0.0009886515568, Final residual = 9.811476374e-05, No Iterations 16
smoothSolver:  Solving for nuTilda, Initial residual = 7.241130871e-07, Final residual = 5.696755419e-08, No Iterations 2
smoothSolver:  Solving for Ux, Initial residual = 4.523198278e-06, Final residual = 2.090397865e-07, No Iterations 2
smoothSolver:  Solving for Uy, Initial residual = 2.199948944e-05, Final residual = 2.176818581e-06, No Iterations 2
smoothSolver:  Solving for Uz, Initial residual = 5.410442466e-05, Final residual = 2.784518946e-06, No Iterations 2
smoothSolver:  Solving for e, Initial residual = 1.661445623e-05, Final residual = 8.700873256e-07, No Iterations 2
GAMG:  Solving for p, Initial residual = 0.001018107968, Final residual = 0.0001000241973, No Iterations 15
smoothSolver:  Solving for nuTilda, Initial residual = 7.299713202e-07, Final residual = 5.680820483e-08, No Iterations 2
smoothSolver:  Solving for Ux, Initial residual = 4.524458761e-06, Final residual = 2.096582383e-07, No Iterations 2
smoothSolver:  Solving for Uy, Initial residual = 2.217825863e-05, Final residual = 1.385490801e-06, No Iterations 3
smoothSolver:  Solving for Uz, Initial residual = 5.419803189e-05, Final residual = 2.781022039e-06, No Iterations 2
smoothSolver:  Solving for e, Initial residual = 1.65822046e-05, Final residual = 8.576944025e-07, No Iterations 2
GAMG:  Solving for p, Initial residual = 0.0009884966387, Final residual = 9.842439376e-05, No Iterations 16
smoothSolver:  Solving for nuTilda, Initial residual = 7.231862301e-07, Final residual = 5.68875817e-08, No Iterations 2
smoothSolver:  Solving for Ux, Initial residual = 4.532017958e-06, Final residual = 2.139001097e-07, No Iterations 2
smoothSolver:  Solving for Uy, Initial residual = 2.175670298e-05, Final residual = 2.030484107e-06, No Iterations 2
smoothSolver:  Solving for Uz, Initial residual = 5.44418923e-05, Final residual = 2.925653558e-06, No Iterations 2
smoothSolver:  Solving for e, Initial residual = 1.666079351e-05, Final residual = 8.767700562e-07, No Iterations 2
GAMG:  Solving for p, Initial residual = 0.001020228175, Final residual = 0.0001006392442, No Iterations 15
smoothSolver:  Solving for nuTilda, Initial residual = 7.326597126e-07, Final residual = 5.709301898e-08, No Iterations 2
smoothSolver:  Solving for Ux, Initial residual = 4.5351035e-06, Final residual = 2.142015166e-07, No Iterations 2
smoothSolver:  Solving for Uy, Initial residual = 2.188762208e-05, Final residual = 2.07386e-06, No Iterations 2
smoothSolver:  Solving for Uz, Initial residual = 5.424766995e-05, Final residual = 2.807336081e-06, No Iterations 2
smoothSolver:  Solving for e, Initial residual = 1.662143722e-05, Final residual = 8.642300186e-07, No Iterations 2
GAMG:  Solving for p, Initial residual = 0.0009908771864, Final residual = 9.901842506e-05, No Iterations 16
smoothSolver:  Solving for nuTilda, Initial residual = 7.282843353e-07, Final residual = 5.764059665e-08, No Iterations 2
smoothSolver:  Solving for Ux, Initial residual = 4.540205715e-06, Final residual = 2.127422044e-07, No Iterations 2
smoothSolver:  Solving for Uy, Initial residual = 2.193154746e-05, Final residual = 2.11255281e-06, No Iterations 2
smoothSolver:  Solving for Uz, Initial residual = 5.419425141e-05, Final residual = 2.817575142e-06, No Iterations 2
smoothSolver:  Solving for e, Initial residual = 1.67062069e-05, Final residual = 8.86792497e-07, No Iterations 2
GAMG:  Solving for p, Initial residual = 0.001021385785, Final residual = 0.0001004915561, No Iterations 15
smoothSolver:  Solving for nuTilda, Initial residual = 7.345895938e-07, Final residual = 5.765774713e-08, No Iterations 2
smoothSolver:  Solving for Ux, Initial residual = 4.535348171e-06, Final residual = 2.134529372e-07, No Iterations 2
smoothSolver:  Solving for Uy, Initial residual = 2.205217914e-05, Final residual = 2.151073508e-06, No Iterations 2
smoothSolver:  Solving for Uz, Initial residual = 5.421973675e-05, Final residual = 2.802190606e-06, No Iterations 2
smoothSolver:  Solving for e, Initial residual = 1.66092e-05, Final residual = 8.483107838e-07, No Iterations 2
GAMG:  Solving for p, Initial residual = 0.0009913505183, Final residual = 9.821482279e-05, No Iterations 16
smoothSolver:  Solving for nuTilda, Initial residual = 7.314103834e-07, Final residual = 5.782629462e-08, No Iterations 2
smoothSolver:  Solving for Ux, Initial residual = 4.528419954e-06, Final residual = 2.133281604e-07, No Iterations 2
smoothSolver:  Solving for Uy, Initial residual = 2.204793933e-05, Final residual = 2.187944412e-06, No Iterations 2
smoothSolver:  Solving for Uz, Initial residual = 5.418617283e-05, Final residual = 2.835894059e-06, No Iterations 2
smoothSolver:  Solving for e, Initial residual = 1.66477778e-05, Final residual = 8.835718341e-07, No Iterations 2
GAMG:  Solving for p, Initial residual = 0.00101925208, Final residual = 0.0001000530532, No Iterations 15
smoothSolver:  Solving for nuTilda, Initial residual = 7.342066598e-07, Final residual = 5.769084741e-08, No Iterations 2
smoothSolver:  Solving for Ux, Initial residual = 4.532213576e-06, Final residual = 2.145093049e-07, No Iterations 2
smoothSolver:  Solving for Uy, Initial residual = 2.217810901e-05, Final residual = 1.396241082e-06, No Iterations 3
smoothSolver:  Solving for Uz, Initial residual = 5.424764185e-05, Final residual = 2.821739663e-06, No Iterations 2
smoothSolver:  Solving for e, Initial residual = 1.660823467e-05, Final residual = 8.764105952e-07, No Iterations 2
GAMG:  Solving for p, Initial residual = 0.0009879437485, Final residual = 9.823732439e-05, No Iterations 16
smoothSolver:  Solving for nuTilda, Initial residual = 7.333732255e-07, Final residual = 5.775790321e-08, No Iterations 2
smoothSolver:  Solving for Ux, Initial residual = 4.53869857e-06, Final residual = 2.179515728e-07, No Iterations 2
smoothSolver:  Solving for Uy, Initial residual = 2.174743762e-05, Final residual = 2.045528506e-06, No Iterations 2
smoothSolver:  Solving for Uz, Initial residual = 5.442140607e-05, Final residual = 2.952254643e-06, No Iterations 2
smoothSolver:  Solving for e, Initial residual = 1.665382888e-05, Final residual = 8.903616644e-07, No Iterations 2
GAMG:  Solving for p, Initial residual = 0.001017742275, Final residual = 0.0001000782013, No Iterations 15
smoothSolver:  Solving for nuTilda, Initial residual = 7.302851521e-07, Final residual = 5.742881894e-08, No Iterations 2
smoothSolver:  Solving for Ux, Initial residual = 4.535992376e-06, Final residual = 2.144642288e-07, No Iterations 2
smoothSolver:  Solving for Uy, Initial residual = 2.186074587e-05, Final residual = 2.076292671e-06, No Iterations 2
smoothSolver:  Solving for Uz, Initial residual = 5.42604113e-05, Final residual = 2.808280356e-06, No Iterations 2
smoothSolver:  Solving for e, Initial residual = 1.660269381e-05, Final residual = 8.691248036e-07, No Iterations 2
GAMG:  Solving for p, Initial residual = 0.0009882866115, Final residual = 9.84491198e-05, No Iterations 16
smoothSolver:  Solving for nuTilda, Initial residual = 7.333277523e-07, Final residual = 5.709811697e-08, No Iterations 2
smoothSolver:  Solving for Ux, Initial residual = 4.522681942e-06, Final residual = 2.107653465e-07, No Iterations 2
smoothSolver:  Solving for Uy, Initial residual = 2.196480398e-05, Final residual = 2.147025086e-06, No Iterations 2
smoothSolver:  Solving for Uz, Initial residual = 5.414324757e-05, Final residual = 2.787170588e-06, No Iterations 2
smoothSolver:  Solving for e, Initial residual = 1.665349621e-05, Final residual = 8.821326341e-07, No Iterations 2
GAMG:  Solving for p, Initial residual = 0.001018983079, Final residual = 0.0001004989991, No Iterations 15
smoothSolver:  Solving for nuTilda, Initial residual = 7.240443539e-07, Final residual = 5.691153319e-08, No Iterations 2
smoothSolver:  Solving for Ux, Initial residual = 4.531707941e-06, Final residual = 2.119422085e-07, No Iterations 2
smoothSolver:  Solving for Uy, Initial residual = 2.204920471e-05, Final residual = 2.165124417e-06, No Iterations 2
smoothSolver:  Solving for Uz, Initial residual = 5.415630657e-05, Final residual = 2.759633858e-06, No Iterations 2
smoothSolver:  Solving for e, Initial residual = 1.656638584e-05, Final residual = 8.358167313e-07, No Iterations 2
GAMG:  Solving for p, Initial residual = 0.0009901068505, Final residual = 9.857100911e-05, No Iterations 16
smoothSolver:  Solving for nuTilda, Initial residual = 7.332410226e-07, Final residual = 5.685788033e-08, No Iterations 2
smoothSolver:  Solving for Ux, Initial residual = 4.529807368e-06, Final residual = 2.105591256e-07, No Iterations 2
smoothSolver:  Solving for Uy, Initial residual = 2.211210599e-05, Final residual = 1.396570341e-06, No Iterations 3
smoothSolver:  Solving for Uz, Initial residual = 5.413595543e-05, Final residual = 2.797639267e-06, No Iterations 2
smoothSolver:  Solving for e, Initial residual = 1.673812065e-05, Final residual = 9.077773175e-07, No Iterations 2
GAMG:  Solving for p, Initial residual = 0.001020400348, Final residual = 0.0001001433477, No Iterations 15
smoothSolver:  Solving for nuTilda, Initial residual = 7.21303857e-07, Final residual = 5.69278487e-08, No Iterations 2
smoothSolver:  Solving for Ux, Initial residual = 4.534052428e-06, Final residual = 2.156286218e-07, No Iterations 2
smoothSolver:  Solving for Uy, Initial residual = 2.178018916e-05, Final residual = 2.031007862e-06, No Iterations 2
smoothSolver:  Solving for Uz, Initial residual = 5.433004514e-05, Final residual = 2.886126902e-06, No Iterations 2
smoothSolver:  Solving for e, Initial residual = 1.657991378e-05, Final residual = 8.393441413e-07, No Iterations 2
GAMG:  Solving for p, Initial residual = 0.00098966733, Final residual = 9.806375281e-05, No Iterations 16
smoothSolver:  Solving for nuTilda, Initial residual = 7.313575845e-07, Final residual = 5.680868157e-08, No Iterations 2
smoothSolver:  Solving for Ux, Initial residual = 4.525278734e-06, Final residual = 2.123340527e-07, No Iterations 2
smoothSolver:  Solving for Uy, Initial residual = 2.18562501e-05, Final residual = 2.08897476e-06, No Iterations 2
smoothSolver:  Solving for Uz, Initial residual = 5.418213964e-05, Final residual = 2.803152789e-06, No Iterations 2
smoothSolver:  Solving for e, Initial residual = 1.668036515e-05, Final residual = 9.018009695e-07, No Iterations 2
GAMG:  Solving for p, Initial residual = 0.001016608274, Final residual = 9.962309546e-05, No Iterations 15
smoothSolver:  Solving for nuTilda, Initial residual = 7.192886596e-07, Final residual = 5.670890712e-08, No Iterations 2
smoothSolver:  Solving for Ux, Initial residual = 4.523561304e-06, Final residual = 2.107245377e-07, No Iterations 2
smoothSolver:  Solving for Uy, Initial residual = 2.203728645e-05, Final residual = 2.13760056e-06, No Iterations 2
smoothSolver:  Solving for Uz, Initial residual = 5.409760573e-05, Final residual = 2.762380236e-06, No Iterations 2
smoothSolver:  Solving for e, Initial residual = 1.65357349e-05, Final residual = 8.413120803e-07, No Iterations 2
GAMG:  Solving for p, Initial residual = 0.0009846845824, Final residual = 9.80417365e-05, No Iterations 16
smoothSolver:  Solving for nuTilda, Initial residual = 7.286016284e-07, Final residual = 5.660671292e-08, No Iterations 2
smoothSolver:  Solving for Ux, Initial residual = 4.515220056e-06, Final residual = 2.079920238e-07, No Iterations 2
smoothSolver:  Solving for Uy, Initial residual = 2.19953668e-05, Final residual = 2.15932593e-06, No Iterations 2
smoothSolver:  Solving for Uz, Initial residual = 5.403342118e-05, Final residual = 2.780437078e-06, No Iterations 2
smoothSolver:  Solving for e, Initial residual = 1.658473119e-05, Final residual = 8.686025576e-07, No Iterations 2
GAMG:  Solving for p, Initial residual = 0.001014565293, Final residual = 9.986717316e-05, No Iterations 15
smoothSolver:  Solving for nuTilda, Initial residual = 7.213841323e-07, Final residual = 5.692008924e-08, No Iterations 2
smoothSolver:  Solving for Ux, Initial residual = 4.518984117e-06, Final residual = 2.09544951e-07, No Iterations 2
smoothSolver:  Solving for Uy, Initial residual = 2.211567921e-05, Final residual = 2.20920923e-06, No Iterations 2
smoothSolver:  Solving for Uz, Initial residual = 5.407505542e-05, Final residual = 2.781748049e-06, No Iterations 2
smoothSolver:  Solving for e, Initial residual = 1.651294966e-05, Final residual = 8.304809167e-07, No Iterations 2
GAMG:  Solving for p, Initial residual = 0.0009861518534, Final residual = 9.834436663e-05, No Iterations 16
smoothSolver:  Solving for nuTilda, Initial residual = 7.272949243e-07, Final residual = 5.697552627e-08, No Iterations 2
smoothSolver:  Solving for Ux, Initial residual = 4.51651903e-06, Final residual = 2.093943379e-07, No Iterations 2
smoothSolver:  Solving for Uy, Initial residual = 2.215513597e-05, Final residual = 1.393259698e-06, No Iterations 3
smoothSolver:  Solving for Uz, Initial residual = 5.419806655e-05, Final residual = 2.827889667e-06, No Iterations 2
smoothSolver:  Solving for e, Initial residual = 1.666955616e-05, Final residual = 8.971979764e-07, No Iterations 2
GAMG:  Solving for p, Initial residual = 0.001017658045, Final residual = 0.0001005108184, No Iterations 15
smoothSolver:  Solving for nuTilda, Initial residual = 7.25478826e-07, Final residual = 5.724944571e-08, No Iterations 2
smoothSolver:  Solving for Ux, Initial residual = 4.541312685e-06, Final residual = 2.181198082e-07, No Iterations 2
smoothSolver:  Solving for Uy, Initial residual = 2.181726048e-05, Final residual = 2.060759534e-06, No Iterations 2
smoothSolver:  Solving for Uz, Initial residual = 5.437661621e-05, Final residual = 2.92354488e-06, No Iterations 2
smoothSolver:  Solving for e, Initial residual = 1.657852808e-05, Final residual = 8.444054151e-07, No Iterations 2
GAMG:  Solving for p, Initial residual = 0.0009889595186, Final residual = 9.878568259e-05, No Iterations 16
smoothSolver:  Solving for nuTilda, Initial residual = 7.271915161e-07, Final residual = 5.719666586e-08, No Iterations 2
smoothSolver:  Solving for Ux, Initial residual = 4.536558895e-06, Final residual = 2.14313819e-07, No Iterations 2
smoothSolver:  Solving for Uy, Initial residual = 2.180628388e-05, Final residual = 2.080866464e-06, No Iterations 2
smoothSolver:  Solving for Uz, Initial residual = 5.419165423e-05, Final residual = 2.851030446e-06, No Iterations 2
smoothSolver:  Solving for e, Initial residual = 1.670398792e-05, Final residual = 9.030427247e-07, No Iterations 2
GAMG:  Solving for p, Initial residual = 0.001018625101, Final residual = 0.0001001589489, No Iterations 15
smoothSolver:  Solving for nuTilda, Initial residual = 7.314215676e-07, Final residual = 5.730133735e-08, No Iterations 2
smoothSolver:  Solving for Ux, Initial residual = 4.529167014e-06, Final residual = 2.141939823e-07, No Iterations 2
smoothSolver:  Solving for Uy, Initial residual = 2.202001641e-05, Final residual = 2.165603973e-06, No Iterations 2
smoothSolver:  Solving for Uz, Initial residual = 5.409743942e-05, Final residual = 2.785622943e-06, No Iterations 2
smoothSolver:  Solving for e, Initial residual = 1.658212285e-05, Final residual = 8.473814854e-07, No Iterations 2
GAMG:  Solving for p, Initial residual = 0.0009875860954, Final residual = 9.795747822e-05, No Iterations 16
smoothSolver:  Solving for nuTilda, Initial residual = 7.298073208e-07, Final residual = 5.737580741e-08, No Iterations 2
smoothSolver:  Solving for Ux, Initial residual = 4.517833796e-06, Final residual = 2.126077303e-07, No Iterations 2
smoothSolver:  Solving for Uy, Initial residual = 2.196334776e-05, Final residual = 2.171130569e-06, No Iterations 2
smoothSolver:  Solving for Uz, Initial residual = 5.403817554e-05, Final residual = 2.80466763e-06, No Iterations 2
smoothSolver:  Solving for e, Initial residual = 1.659265497e-05, Final residual = 8.765001055e-07, No Iterations 2
GAMG:  Solving for p, Initial residual = 0.001014713188, Final residual = 9.975780144e-05, No Iterations 15
smoothSolver:  Solving for nuTilda, Initial residual = 7.35725191e-07, Final residual = 5.728155093e-08, No Iterations 2
smoothSolver:  Solving for Ux, Initial residual = 4.524069136e-06, Final residual = 2.133588119e-07, No Iterations 2
smoothSolver:  Solving for Uy, Initial residual = 2.214447322e-05, Final residual = 1.398608188e-06, No Iterations 3
smoothSolver:  Solving for Uz, Initial residual = 5.412034506e-05, Final residual = 2.804394835e-06, No Iterations 2
smoothSolver:  Solving for e, Initial residual = 1.656204246e-05, Final residual = 8.667602487e-07, No Iterations 2
GAMG:  Solving for p, Initial residual = 0.0009836631014, Final residual = 9.805499136e-05, No Iterations 16
smoothSolver:  Solving for nuTilda, Initial residual = 7.270061732e-07, Final residual = 5.743383729e-08, No Iterations 2
smoothSolver:  Solving for Ux, Initial residual = 4.526808301e-06, Final residual = 2.160451869e-07, No Iterations 2
smoothSolver:  Solving for Uy, Initial residual = 2.170877456e-05, Final residual = 2.041019143e-06, No Iterations 2
smoothSolver:  Solving for Uz, Initial residual = 5.427482322e-05, Final residual = 2.927013091e-06, No Iterations 2
smoothSolver:  Solving for e, Initial residual = 1.66054494e-05, Final residual = 8.832776053e-07, No Iterations 2
GAMG:  Solving for p, Initial residual = 0.001013991872, Final residual = 9.97980804e-05, No Iterations 15
smoothSolver:  Solving for nuTilda, Initial residual = 7.35779477e-07, Final residual = 5.723028094e-08, No Iterations 2
smoothSolver:  Solving for Ux, Initial residual = 4.525982125e-06, Final residual = 2.138547033e-07, No Iterations 2
smoothSolver:  Solving for Uy, Initial residual = 2.184037548e-05, Final residual = 2.081319761e-06, No Iterations 2
smoothSolver:  Solving for Uz, Initial residual = 5.414227505e-05, Final residual = 2.803720537e-06, No Iterations 2
smoothSolver:  Solving for e, Initial residual = 1.656288884e-05, Final residual = 8.594185275e-07, No Iterations 2
GAMG:  Solving for p, Initial residual = 0.0009847099913, Final residual = 9.829530308e-05, No Iterations 16
smoothSolver:  Solving for nuTilda, Initial residual = 7.239049475e-07, Final residual = 5.716565616e-08, No Iterations 2
smoothSolver:  Solving for Ux, Initial residual = 4.513832265e-06, Final residual = 2.097416329e-07, No Iterations 2
smoothSolver:  Solving for Uy, Initial residual = 2.194245538e-05, Final residual = 2.142977134e-06, No Iterations 2
smoothSolver:  Solving for Uz, Initial residual = 5.406377755e-05, Final residual = 2.791640381e-06, No Iterations 2
smoothSolver:  Solving for e, Initial residual = 1.663645628e-05, Final residual = 8.866982995e-07, No Iterations 2
GAMG:  Solving for p, Initial residual = 0.001015579624, Final residual = 0.0001002508177, No Iterations 15
smoothSolver:  Solving for nuTilda, Initial residual = 7.313653535e-07, Final residual = 5.687485567e-08, No Iterations 2
smoothSolver:  Solving for Ux, Initial residual = 4.524957346e-06, Final residual = 2.115278887e-07, No Iterations 2
smoothSolver:  Solving for Uy, Initial residual = 2.203201616e-05, Final residual = 2.1676222e-06, No Iterations 2
smoothSolver:  Solving for Uz, Initial residual = 5.405048357e-05, Final residual = 2.772364818e-06, No Iterations 2
smoothSolver:  Solving for e, Initial residual = 1.65392557e-05, Final residual = 8.312660102e-07, No Iterations 2
GAMG:  Solving for p, Initial residual = 0.0009868287423, Final residual = 9.817465513e-05, No Iterations 16
smoothSolver:  Solving for nuTilda, Initial residual = 7.208483782e-07, Final residual = 5.669359503e-08, No Iterations 2
smoothSolver:  Solving for Ux, Initial residual = 4.516968359e-06, Final residual = 2.09695655e-07, No Iterations 2
smoothSolver:  Solving for Uy, Initial residual = 2.207662582e-05, Final residual = 1.385178117e-06, No Iterations 3
smoothSolver:  Solving for Uz, Initial residual = 5.402342265e-05, Final residual = 2.796605072e-06, No Iterations 2
smoothSolver:  Solving for e, Initial residual = 1.670479791e-05, Final residual = 9.065744951e-07, No Iterations 2
GAMG:  Solving for p, Initial residual = 0.001016614262, Final residual = 9.982320802e-05, No Iterations 15
smoothSolver:  Solving for nuTilda, Initial residual = 7.249638436e-07, Final residual = 5.645260588e-08, No Iterations 2
smoothSolver:  Solving for Ux, Initial residual = 4.524776924e-06, Final residual = 2.150366468e-07, No Iterations 2
smoothSolver:  Solving for Uy, Initial residual = 2.173869502e-05, Final residual = 2.025832605e-06, No Iterations 2
smoothSolver:  Solving for Uz, Initial residual = 5.424480509e-05, Final residual = 2.904521585e-06, No Iterations 2
smoothSolver:  Solving for e, Initial residual = 1.653920512e-05, Final residual = 8.33454493e-07, No Iterations 2
GAMG:  Solving for p, Initial residual = 0.000986524237, Final residual = 9.786226558e-05, No Iterations 16
smoothSolver:  Solving for nuTilda, Initial residual = 7.205960201e-07, Final residual = 5.649904168e-08, No Iterations 2
smoothSolver:  Solving for Ux, Initial residual = 4.518094694e-06, Final residual = 2.118627366e-07, No Iterations 2
smoothSolver:  Solving for Uy, Initial residual = 2.184253093e-05, Final residual = 2.07361401e-06, No Iterations 2
smoothSolver:  Solving for Uz, Initial residual = 5.412838643e-05, Final residual = 2.80455047e-06, No Iterations 2
smoothSolver:  Solving for e, Initial residual = 1.664174404e-05, Final residual = 8.979295439e-07, No Iterations 2
GAMG:  Solving for p, Initial residual = 0.001013843282, Final residual = 9.94508639e-05, No Iterations 15
smoothSolver:  Solving for nuTilda, Initial residual = 7.216993927e-07, Final residual = 5.654454559e-08, No Iterations 2
smoothSolver:  Solving for Ux, Initial residual = 4.516417039e-06, Final residual = 2.101376011e-07, No Iterations 2
smoothSolver:  Solving for Uy, Initial residual = 2.195093926e-05, Final residual = 2.136079177e-06, No Iterations 2
smoothSolver:  Solving for Uz, Initial residual = 5.394836906e-05, Final residual = 2.749836698e-06, No Iterations 2
smoothSolver:  Solving for e, Initial residual = 1.648949962e-05, Final residual = 8.280850704e-07, No Iterations 2
GAMG:  Solving for p, Initial residual = 0.0009819135485, Final residual = 9.808230258e-05, No Iterations 16
smoothSolver:  Solving for nuTilda, Initial residual = 7.247362043e-07, Final residual = 5.674245547e-08, No Iterations 2
smoothSolver:  Solving for Ux, Initial residual = 4.514426337e-06, Final residual = 2.075441708e-07, No Iterations 2
smoothSolver:  Solving for Uy, Initial residual = 2.199148659e-05, Final residual = 2.152753497e-06, No Iterations 2
smoothSolver:  Solving for Uz, Initial residual = 5.403012264e-05, Final residual = 2.774969629e-06, No Iterations 2
smoothSolver:  Solving for e, Initial residual = 1.656373983e-05, Final residual = 8.615519692e-07, No Iterations 2
GAMG:  Solving for p, Initial residual = 0.001012587117, Final residual = 9.976460085e-05, No Iterations 15
smoothSolver:  Solving for nuTilda, Initial residual = 7.22998062e-07, Final residual = 5.696934781e-08, No Iterations 2
smoothSolver:  Solving for Ux, Initial residual = 4.525870685e-06, Final residual = 2.10473984e-07, No Iterations 2
smoothSolver:  Solving for Uy, Initial residual = 2.213358496e-05, Final residual = 2.211826833e-06, No Iterations 2
smoothSolver:  Solving for Uz, Initial residual = 5.40887238e-05, Final residual = 2.761229545e-06, No Iterations 2
smoothSolver:  Solving for e, Initial residual = 1.652069978e-05, Final residual = 8.22745085e-07, No Iterations 2
