/*---------------------------------------------------------------------------*\
| =========                 |                                                 |
| \\      /  F ield         | OpenFOAM: The Open Source CFD Toolbox           |
|  \\    /   O peration     | Version:  2606                                  |
|   \\  /    A nd           | Website:  www.openfoam.com                      |
|    \\/     M anipulation  |                                                 |
\*---------------------------------------------------------------------------*/
Build  : _481094f-20260618 OPENFOAM=2606 version=2606
Arch   : "LSB;label=32;scalar=64"
Exec   : checkMesh -case L2
Date   : Aug 31 2026
Time   : 22:10:15
Host   : ip-172-31-43-247
PID    : 472355
I/O    : uncollated
Case   : /home/ubuntu/Certonomous/verification/runs/JF1_jet_flap/mesh/L2
nProcs : 1
trapFpe: Floating point exception trapping enabled (FOAM_SIGFPE).
memory pool : not available
fileModificationChecking : Monitoring run-time modified files using timeStampMaster (fileModificationSkew 5, maxFileModificationPolls 20)

--> FOAM Warning : allowSystemOperations : Allowing user-supplied system call operations.
                   This can be a security risk if running untrusted cases
                   through e.g. 'coded' on-the-fly-compilation functionality.

// * * * * * * * * * * * * * * * * * * * * * * * * * * * * * * * * * * * * * //
Create time

--> FOAM Warning : 
    From static Foam::instantList Foam::timeSelector::select0(Foam::Time&, const Foam::argList&)
    in file db/Time/timeSelector.C at line 284
    No time specified or available, selecting 'constant'
Create mesh for time = constant

Check mesh...

Time = constant

Mesh stats 
    points:           174478
    internal points:  0
    faces:            347153
    internal faces:   172675
    cells:            86638
    faces per cell:   6
    boundary patches: 5
    point zones:      0
    face zones:       0
    cell zones:       0

Overall number of cells of each type:
    hexahedra:     86638
    prisms:        0
    wedges:        0
    pyramids:      0
    tet wedges:    0
    tetrahedra:    0
    polyhedra:     0

Checking topology...
    Boundary definition OK.
    Cell to face addressing OK.
    Point usage OK.
    Upper triangular ordering OK.
    Face vertices OK.
    Number of regions: 1 (OK).

Checking patch topology for multiply connected surfaces...
    Patch               Faces    Points     Surface topology
    jetSlot             16       34       ok (non-closed singly connected)  
    airfoil             274      550      ok (non-closed singly connected)  
    farfield            912      1824     ok (non-closed singly connected)  
    back                86638    87239    ok (non-closed singly connected)  
    front               86638    87239    ok (non-closed singly connected)  
    ".*"                174478   174478   ok (closed singly connected)      


Checking faceZone topology for multiply connected surfaces...
    No faceZones found.

Checking basic cellZone addressing...
    No cellZones found.

Checking basic pointZone addressing...
    No pointZones found.

Checking geometry...
    Overall domain bounding box (-25.0025 -25.0025 -0.5) (26 25.0025 0.5)
    Mesh has 2 geometric (non-empty/wedge) directions (1 1 0)
    Mesh has 2 solution (non-empty) directions (1 1 0)
    All edges aligned with or perpendicular to non-empty directions.
    Boundary openness (-2.78417e-18 5.61367e-18 -2.81623e-15) OK.
 ***High aspect ratio cells found, Max aspect ratio: 154956, number of cells 9024
  <<Writing 9024 cells with high aspect ratio to set highAspectRatioCells
    Minimum face area = 5.33393e-10. Maximum face area = 2.43612.  Face area magnitudes OK.
    Min volume = 5.33393e-10. Max volume = 1.30396.  Total volume = 2281.96.  Cell volumes OK.
    Mesh non-orthogonality Max: 34.5869 average: 6.52784
    Non-orthogonality check OK.
    Face pyramids OK.
    Max skewness = 0.231077 OK.
    Coupled point location match (average 0) OK.

Failed 1 mesh checks.

End

