Matplotlib is building the font cache; this may take a moment.
WARNING 7: VSPAERO Viewer Not Found. 
	Expected here: /home/dafoamuser/dafoam/packages/miniconda3/lib/python3.10/site-packages/openvsp/vspviewer
#--------------------#
 Total Nodes:    3358 
 Unique Nodes:   2819 
 Total Faces:    2784 
#--------------------#
 Normal orientation check ...
 Normals are consistent!
 Determining topology ...
 Topology complete.
#--------------------#
Grid Ratio:  1.2519 
#--------------------#
#-------------------------------------------------------------------------------------------------------------------#
# Grid | CPU  | Sub | KSP | nAvg |  Sl  | Sensor | Sensor | Min     | Min     |  deltaS  | March    | cMax  | Ratio |
# Lvl  | Time | Its | Its |      |      | Max    | Min    | Quality | Volume  |          | Distance |       | kMax  |
#-------------------------------------------------------------------------------------------------------------------#
      2    0.6     2     6      0  0.142  1.00457  0.20518  0.14402  0.109E-09  0.121E-03  0.210E-03  0.1665  0.0000 
      3    0.6     2     6      0  0.160  1.00411  0.29372 -0.02203  0.121E-09  0.146E-03  0.464E-03  0.1678  1.2668 
      4    0.6     2     6      0  0.173  1.00435  0.35014  0.09521  0.216E-09  0.177E-03  0.772E-03  0.1694  1.3766 
      5    0.7     3     5      0  0.188  1.00489  0.41745  0.24489  0.412E-09  0.236E-03  0.136E-02  0.1735  1.4557 
      6    0.7     2     5      0  0.197  1.00535  0.44917  0.27858  0.742E-09  0.285E-03  0.185E-02  0.1823  1.3465 
      7    0.7     2     5      0  0.205  1.00604  0.47938  0.28672  0.131E-08  0.345E-03  0.245E-02  0.1943  1.3104 
      8    0.7     2     5      0  0.213  1.00691  0.50843  0.29566  0.224E-08  0.418E-03  0.318E-02  0.2079  1.2823 
      9    0.8     2     5      0  0.221  1.00790  0.53185  0.30490  0.374E-08  0.505E-03  0.405E-02  0.2234  1.2621 
     10    0.8     3     6      0  0.233  1.00956  0.56639  0.31409  0.612E-08  0.673E-03  0.573E-02  0.2508  1.2571 
     11    0.8     2     6      0  0.241  1.01078  0.57995  0.32273  0.966E-08  0.814E-03  0.714E-02  0.2723  1.2529 
     12    0.8     2     6      0  0.249  1.01205  0.59177  0.32957  0.150E-07  0.985E-03  0.885E-02  0.2963  1.2528 
     13    0.9     3     6      0  0.261  1.01391  0.60624  0.33227  0.232E-07  0.131E-02  0.121E-01  0.3380  1.2529 
     14    0.9     2     6      0  0.269  1.01493  0.61529  0.33558  0.358E-07  0.159E-02  0.149E-01  0.3698  1.2531 
     15    0.9     2     6      0  0.277  1.01556  0.62259  0.33778  0.556E-07  0.192E-02  0.182E-01  0.4050  1.2530 
     16    0.9     3     6      0  0.290  1.01657  0.63402  0.33956  0.864E-07  0.255E-02  0.245E-01  0.4648  1.2530 
     17    0.9     2     6      0  0.299  1.01808  0.64195  0.34140  0.134E-06  0.309E-02  0.299E-01  0.5097  1.2531 
     18    1.0     2     6      0  0.308  1.01954  0.64982  0.34196  0.210E-06  0.374E-02  0.364E-01  0.5588  1.2530 
     19    1.0     3     6      0  0.322  1.02147  0.66185  0.34212  0.329E-06  0.498E-02  0.488E-01  0.6409  1.2541 
     20    1.0     2     6      0  0.331  1.02240  0.66955  0.34230  0.517E-06  0.602E-02  0.592E-01  0.7015  1.2569 
     21    1.0     2     7      0  0.341  1.02283  0.67520  0.34158  0.818E-06  0.729E-02  0.719E-01  0.7671  1.2589 
     22    1.0     3     7      0  0.356  1.02200  0.68087  0.34081  0.129E-05  0.970E-02  0.960E-01  0.8751  1.2604 
     23    1.1     2     7      0  0.366  1.02339  0.68494  0.34013  0.204E-05  0.117E-01  0.116E+00  0.9580  1.2618 
     24    1.1     2     8      0  0.377  1.02523  0.68939  0.33898  0.323E-05  0.142E-01  0.141E+00  1.0572  1.2621 
     25    1.1     3     8      0  0.394  1.03151  0.69652  0.33813  0.514E-05  0.189E-01  0.188E+00  1.2206  1.2623 
     26    1.1     2     9      0  0.405  1.03808  0.70155  0.33749  0.821E-05  0.229E-01  0.228E+00  1.3400  1.2620 
     27    1.2     2     9      0  0.417  1.04628  0.70686  0.33668  0.127E-04  0.277E-01  0.276E+00  1.4955  1.2627 
     28    1.2     3    10      0  0.435  1.06274  0.71510  0.33633  0.198E-04  0.368E-01  0.367E+00  1.8272  1.2637 
     29    1.2     2    11      0  0.448  1.07526  0.72054  0.33597  0.308E-04  0.446E-01  0.445E+00  2.0630  1.2654 
     30    1.3     2    11      0  0.461  1.08901  0.72570  0.33549  0.484E-04  0.539E-01  0.538E+00  2.3096  1.2691 
PYHYP_WROTE volumeMesh.xyz
     31    1.3     3    12      0  0.481  1.10814  0.73250  0.33551  0.763E-04  0.718E-01  0.717E+00  2.6950  1.2741 
     32    1.3     2    13      0  0.495  1.11907  0.73554  0.33523  0.121E-03  0.869E-01  0.868E+00  2.9593  1.2759 
     33    1.3     3    14      0  0.517  1.13474  0.73820  0.33486  0.193E-03  0.116E+00  0.116E+01  3.3645  1.2758 
     34    1.4     2    15      0  0.532  1.14920  0.73810  0.33425  0.309E-03  0.140E+00  0.140E+01  3.6402  1.2767 
     35    1.4     2    16      0  0.547  1.16848  0.73678  0.33296  0.497E-03  0.169E+00  0.169E+01  3.9203  1.2706 
     36    1.4     3    17      0  0.571  1.18372  0.73610  0.33185  0.804E-03  0.225E+00  0.225E+01  4.3499  1.2641 
     37    1.4     2    19      0  0.588  1.17867  0.73834  0.33117  0.130E-02  0.273E+00  0.273E+01  4.6447  1.2512 
     38    1.5     2    21      0  0.605  1.15570  0.74423  0.33010  0.212E-02  0.330E+00  0.330E+01  4.9668  1.2500 
     39    1.5     3    16      0  0.627  1.10703  0.78572  0.31828  0.377E-02  0.310E+00  0.416E+01  5.0000  1.3343 
     40    1.5     4    14      0  0.649  1.05654  0.83929  0.29951  0.737E-02  0.293E+00  0.525E+01  5.0000  1.3958 
     41    1.6     5    14      0  0.671  1.01466  0.87553  0.28459  0.152E-01  0.288E+00  0.656E+01  5.0000  1.3904 
     42    1.6     6    13      0  0.693  0.98873  0.89487  0.27644  0.322E-01  0.298E+00  0.815E+01  5.0000  1.3617 
     43    1.7     7    13      0  0.716  0.97275  0.90866  0.27457  0.677E-01  0.326E+00  0.101E+02  5.0000  1.3273 
     44    1.8     8    13      0  0.741  0.96212  0.91839  0.27652  0.140E+00  0.376E+00  0.127E+02  5.0000  1.2998 
     45    1.9     8    14      0  0.765  0.95765  0.92466  0.28014  0.281E+00  0.447E+00  0.157E+02  5.0000  1.2811 
     46    1.9     9    14      0  0.792  0.95459  0.92939  0.28404  0.534E+00  0.555E+00  0.198E+02  5.0000  1.2684 
     47    2.0     9    14      0  0.820  0.95414  0.93266  0.28760  0.101E+01  0.704E+00  0.250E+02  5.0000  1.2597 
     48    2.1     8    14      0  0.846  0.95348  0.93438  0.29057  0.192E+01  0.880E+00  0.308E+02  5.0000  1.2538 
     49    2.2     9    14      0  0.877  0.95262  0.93366  0.29287  0.368E+01  0.115E+01  0.392E+02  5.0000  1.2497 
#-------------------------------------------------------------------------------------------------------------------#
# Grid | CPU  | Sub | KSP | nAvg |  Sl  | Sensor | Sensor | Min     | Min     |  deltaS  | March    | cMax  | Ratio |
# Lvl  | Time | Its | Its |      |      | Max    | Min    | Quality | Volume  |          | Distance |       | kMax  |
#-------------------------------------------------------------------------------------------------------------------#
     50    2.3     8    15      0  0.906  0.95186  0.93344  0.29459  0.703E+01  0.146E+01  0.488E+02  5.0000  1.2467 
     51    2.4     8    15      0  0.937  0.95195  0.93343  0.29580  0.129E+02  0.189E+01  0.611E+02  5.0000  1.2445 
     52    2.5     8    15      0  0.971  0.95246  0.93367  0.29656  0.236E+02  0.246E+01  0.770E+02  5.0000  1.2430 
     53    2.5     7    15      0  1.002  0.95283  0.93402  0.29699  0.429E+02  0.311E+01  0.949E+02  5.0000  1.2420 
