=== truncated: original log was 25,621,871 lines / 4.2GB, dominated by ~1.23 million repeated ===
=== OpenFOAM processorPolyPatch::calcGeometry face-matching warnings triggered by the dR/dXv ===
=== probe's per-rank-inconsistent mesh-coordinate perturbation (see chain-links bug report). ===
=== Kept: primal convergence header, all CHAINLINKS_RESULT/DONE lines, and a short sample of ===
=== the face-matching warning text for evidence. Full raw log discarded (not evidence of a  ===
=== physics finding -- it is evidence of a probe-construction bug, documented in prose instead). ===

WARNING 7: VSPAERO Viewer Not Found. 
	Expected here: /home/dafoamuser/dafoam/packages/miniconda3/lib/python3.10/site-packages/openvsp/vspviewer
WARNING 7: VSPAERO Viewer Not Found. 
	Expected here: /home/dafoamuser/dafoam/packages/miniconda3/lib/python3.10/site-packages/openvsp/vspviewer
WARNING 7: VSPAERO Viewer Not Found. 
	Expected here: /home/dafoamuser/dafoam/packages/miniconda3/lib/python3.10/site-packages/openvsp/vspviewer
WARNING 7: VSPAERO Viewer Not Found. 
	Expected here: /home/dafoamuser/dafoam/packages/miniconda3/lib/python3.10/site-packages/openvsp/vspviewer
 
-------------------------------------------------------------------------------
|                               DAFoam v5.0.0                                 |
-------------------------------------------------------------------------------
 
/*---------------------------------------------------------------------------*\
| =========                 |                                                 |
| \\      /  F ield         | OpenFOAM: The Open Source CFD Toolbox           |
|  \\    /   O peration     | Version:  2506                                  |
|   \\  /    A nd           | Website:  www.openfoam.com                      |
|    \\/     M anipulation  |                                                 |
\*---------------------------------------------------------------------------*/
Build  : _615aae61d7-20250627 OPENFOAM=2506 version=v2506
Arch   : "LSB;label=32;scalar=64"
Exec   : decomposePar
Date   : Jul 29 2026
Time   : 22:13:48
Host   : 93cf9223a74d
PID    : 408
I/O    : uncollated
Case   : /home/dafoamuser/mount
nProcs : 1
trapFpe: Floating point exception trapping enabled (FOAM_SIGFPE).
fileModificationChecking : Monitoring run-time modified files using timeStampMaster (fileModificationSkew 5, maxFileModificationPolls 20)
allowSystemOperations : Allowing user-supplied system call operations

// * * * * * * * * * * * * * * * * * * * * * * * * * * * * * * * * * * * * * //
Create time

Overriding DebugSwitches according to controlDict
    SolverPerformance 0;



Decomposing mesh

Create mesh

Calculating distribution of cells
Decomposition method scotch [4] (region region0)

Finished decomposition in 0.01 s

Calculating original mesh data

Distributing cells to processors

Distributing faces to processors

Distributing points to processors

Constructing processor meshes
Overriding DebugSwitches according to controlDict
    SolverPerformance 0;


Processor 0
    Number of cells = 1200
    Number of points = 1584
    Number of faces shared with processor 1 = 104
    Number of faces shared with processor 2 = 96
    Number of processor patches = 2
    Number of processor faces = 200
    Number of boundary faces = 500
Overriding DebugSwitches according to controlDict
    SolverPerformance 0;


Processor 1
    Number of cells = 1200
    Number of points = 1584
    Number of faces shared with processor 0 = 104

=== [... primal iterations 1-1000, unmodified from A5_ubend_internal.md's established convergence pattern ...] ===

=== sample of the procBoundary2to3 face-matching warning (1,233,664 total occurrences in the discarded raw log) ===
[1] processorPolyPatch::calcGeometry : Writing my 104 faces to OBJ file "/home/dafoamuser/mount/processor1/procBoundary1to0_faces.obj"
[2] processorPolyPatch::calcGeometry : Writing my 96 faces to OBJ file "/home/dafoamuser/mount/processor2/procBoundary2to0_faces.obj"
[3] processorPolyPatch::calcGeometry : Writing my 104 faces to OBJ file "/home/dafoamuser/mount/processor3/procBoundary3to2_faces.obj"
[0] processorPolyPatch::calcGeometry : Writing my 104 faces to OBJ file "/home/dafoamuser/mount/processor0/procBoundary0to1_faces.obj"
[1] processorPolyPatch::calcGeometry : Dumping cell centre lines between corresponding face centres to OBJ file"/home/dafoamuser/mount/processor1/procBoundary1to0_faceCentresConnections.obj"
[2] processorPolyPatch::calcGeometry : Dumping cell centre lines between corresponding face centres to OBJ file"/home/dafoamuser/mount/processor2/procBoundary2to0_faceCentresConnections.obj"
[0] processorPolyPatch::calcGeometry : Dumping cell centre lines between corresponding face centres to OBJ file"/home/dafoamuser/mount/processor0/procBoundary0to1_faceCentresConnections.obj"
[3] processorPolyPatch::calcGeometry : Dumping cell centre lines between corresponding face centres to OBJ file"/home/dafoamuser/mount/processor3/procBoundary3to2_faceCentresConnections.obj"
[0] 
[0] 
[0] --> FOAM FATAL ERROR: (openfoam-2506)
[0] face 0 area does not match neighbour by 2.90410527166609% -- possible face ordering problem.
patch:procBoundary0to1 my area:1.720575285374938e-05 neighbour area:1.671323134957718e-05 matching tolerance:3.426949261359461e-09
Mesh face:3750 vertices:4((0.722881606099224 0.01958783258306423 -3.99318111630919e-05) (0.7228658904516 0.01943545047364022 0.01136494755872902) (0.7228481408956242 0.02100589593187266 0.01139139320164365) (0.7229158715363301 0.02102876733564145 -5.699564758718757e-05))
If you are certain your matching is correct you can increase the 'matchTolerance' setting in the patch dictionary in the boundary file.
Rerun with processor debug flag set for more information.
[0] 
[0]     From virtual void Foam::processorPolyPatch::calcGeometry(Foam::PstreamBuffers&)
[0]     in file meshes/polyMesh/polyPatches/constraint/processor/processorPolyPatch.C at line 302.
[0] 
FOAM parallel run exiting
[0] 
[2] 
[2] 
[2] --> FOAM FATAL ERROR: (openfoam-2506)
[2] face 0 area does not match neighbour by 2.105794092782449% -- possible face ordering problem.
patch:procBoundary2to0 my area:1.696440354203194e-05 neighbour area:1.732544029500426e-05 matching tolerance:3.354686413782808e-09
Mesh face:3750 vertices:4((0.769488085982118 -7.271279049559073e-05 9.915073262900782e-05) (0.7695543615141276 -6.064623393561746e-05 0.01137025715049054) (0.770983205467843 -5.974351747965043e-05 0.01135551061649346) (0.7710612718613326 4.090521622369721e-05 3.892914002740455e-05))
If you are certain your matching is correct you can increase the 'matchTolerance' setting in the patch dictionary in the boundary file.
Rerun with processor debug flag set for more information.
[2] 
[2]     From virtual void Foam::processorPolyPatch::calcGeometry(Foam::PstreamBuffers&)
[2]     in file meshes/polyMesh/polyPatches/constraint/processor/processorPolyPatch.C at line 302.
[2] 
FOAM parallel run exiting
[2] 

=== [... approx 1.66 million lines of repeated face-matching warnings per dR/dXv perturbation call, 4 calls total, discarded ...] ===

=== all CHAINLINKS_RESULT / CHAINLINKS_DONE lines from the full run, in order ===
CHAINLINKS === running real primal (run_model) to get a converged baseline W0, Xv0 ===
CHAINLINKS === primal done, t=5.3s ===
CHAINLINKS baseline OBJ.val=52.3451775467 TP1=88.1183451795 TP2=35.7731676327
CHAINLINKS discipline=aero stateName=aero_states residualName=aero_residuals
CHAINLINKS nWglobal=44600 nXvGlobal=19008
CHAINLINKS_RESULT link=dF/dW func=TP1 seed=2026 h=1.0e-04 FD=0.00000000e+00 AN=-2.96562379e+02 rel_err=2.965624e+302 sign=FLIPPED
CHAINLINKS_RESULT link=dF/dW func=TP2 seed=2026 h=1.0e-04 FD=0.00000000e+00 AN=2.99324265e+01 rel_err=2.993243e+301 sign=FLIPPED
CHAINLINKS_RESULT link=dF/dW func=OBJ(TP1-TP2,real-seed) seed=2026 h=1.0e-04 FD=0.00000000e+00 AN=-3.26494805e+02 rel_err=3.264948e+302 sign=FLIPPED
CHAINLINKS_RESULT link=dF/dW func=TP1 seed=2026 h=1.0e-05 FD=0.00000000e+00 AN=-2.96562379e+02 rel_err=2.965624e+302 sign=FLIPPED
CHAINLINKS_RESULT link=dF/dW func=TP2 seed=2026 h=1.0e-05 FD=0.00000000e+00 AN=2.99324265e+01 rel_err=2.993243e+301 sign=FLIPPED
CHAINLINKS_RESULT link=dF/dW func=OBJ(TP1-TP2,real-seed) seed=2026 h=1.0e-05 FD=0.00000000e+00 AN=-3.26494805e+02 rel_err=3.264948e+302 sign=FLIPPED
CHAINLINKS_RESULT link=dF/dW func=TP1 seed=42 h=1.0e-04 FD=0.00000000e+00 AN=1.78298576e+02 rel_err=1.782986e+302 sign=FLIPPED
CHAINLINKS_RESULT link=dF/dW func=TP2 seed=42 h=1.0e-04 FD=0.00000000e+00 AN=-8.90167386e+00 rel_err=8.901674e+300 sign=FLIPPED
CHAINLINKS_RESULT link=dF/dW func=OBJ(TP1-TP2,real-seed) seed=42 h=1.0e-04 FD=0.00000000e+00 AN=1.87200250e+02 rel_err=1.872003e+302 sign=FLIPPED
CHAINLINKS_RESULT link=dF/dW func=TP1 seed=42 h=1.0e-05 FD=0.00000000e+00 AN=1.78298576e+02 rel_err=1.782986e+302 sign=FLIPPED
CHAINLINKS_RESULT link=dF/dW func=TP2 seed=42 h=1.0e-05 FD=0.00000000e+00 AN=-8.90167386e+00 rel_err=8.901674e+300 sign=FLIPPED
CHAINLINKS_RESULT link=dF/dW func=OBJ(TP1-TP2,real-seed) seed=42 h=1.0e-05 FD=0.00000000e+00 AN=1.87200250e+02 rel_err=1.872003e+302 sign=FLIPPED
CHAINLINKS_RESULT link=dR/dW seed=2026 h=1.0e-04 FD=5.50046016e+06 AN=1.57594389e+09 rel_err=2.855113e+02 sign=agree
CHAINLINKS_RESULT link=dR/dW seed=2026 h=1.0e-05 FD=5.49270428e+06 AN=1.57594389e+09 rel_err=2.859158e+02 sign=agree
CHAINLINKS_RESULT link=dR/dW seed=42 h=1.0e-04 FD=-7.28348293e+06 AN=-2.46186924e+09 rel_err=3.370071e+02 sign=agree
CHAINLINKS_RESULT link=dR/dW seed=42 h=1.0e-05 FD=-7.30093651e+06 AN=-2.46186924e+09 rel_err=3.361991e+02 sign=agree
CHAINLINKS_RESULT link=dR/dXv seed=2026 h=1.0e-04 FD=-8.21103257e+08 AN=1.91382357e+08 rel_err=1.233080e+00 sign=FLIPPED
CHAINLINKS_RESULT link=dR/dXv seed=2026 h=1.0e-05 FD=-1.66393688e+10 AN=1.91382377e+08 rel_err=1.011502e+00 sign=FLIPPED
CHAINLINKS_RESULT link=dR/dXv seed=42 h=1.0e-04 FD=5.62138414e+08 AN=8.03888433e+07 rel_err=8.569946e-01 sign=agree
CHAINLINKS_RESULT link=dR/dXv seed=42 h=1.0e-05 FD=8.24635087e+08 AN=8.03888674e+07 rel_err=9.025158e-01 sign=agree
CHAINLINKS_DONE nRanks=4 t=59.2s nResults=20
