2026-07-27 03:31:16.595331: I tensorflow/core/util/port.cc:110] oneDNN custom operations are on. You may see slightly different numerical results due to floating-point round-off errors from different computation orders. To turn them off, set the environment variable `TF_ENABLE_ONEDNN_OPTS=0`.
2026-07-27 03:31:16.621090: I tensorflow/core/platform/cpu_feature_guard.cc:182] This TensorFlow binary is optimized to use available CPU instructions in performance-critical operations.
To enable the following instructions: AVX2 AVX512F AVX512_VNNI AVX512_BF16 FMA, in other operations, rebuild TensorFlow with the appropriate compiler flags.
WARNING 7: VSPAERO Viewer Not Found. 
	Expected here: /home/dafoamuser/dafoam/packages/miniconda3/lib/python3.10/site-packages/openvsp/vspviewer
 
-------------------------------------------------------------------------------
|                               DAFoam v5.0.0                                 |
-------------------------------------------------------------------------------
 
I/O    : uncollated
Case   : /home/dafoamuser/mount/NACA0012_Airfoil_Incompressible
nProcs : 1
Initializing mesh and runtime for DASolver
Create time

Overriding DebugSwitches according to controlDict
    SolverPerformance 0;

Create mesh for time = 0
Replacing wallDist.method meshWave -> meshWaveFrozen
DAOption created. DASolver initialized.
I/O    : uncollated
Case   : /home/dafoamuser/mount/NACA0012_Airfoil_Incompressible
nProcs : 1
Initializing mesh and runtime for DASolver
Create time

Overriding DebugSwitches according to controlDict
    SolverPerformance 0;

Create mesh for time = 0
Replacing wallDist.method meshWave -> meshWaveFrozen
DAOption created. DASolver initialized.
Initializing fields for DASimpleFoam
Create simpleControl.

SIMPLE: no convergence criteria found. Calculations will run for 3000 steps.

Reading field p

Reading field U

Reading/calculating face flux field phi

Creating source term. 
Selecting incompressible transport model Newtonian
Selecting turbulence model type RAS
Selecting RAS turbulence model SpalartAllmaras
Selecting patchDistMethod meshWaveFrozen
ft2 term: inactive
No MRF models present

Turbulence model is incompressible
Adjoint States: 
4
(
U volVectorState
nuTilda modelState
phi surfaceScalarState
p volScalarState
)
Global Cells: 4032
Global Faces: 16254
Global Xv: 24948
Undecomposed points: 8316
Global Adjoint States: 36414

SIMPLE: no convergence criteria found. Calculations will run for 3000 steps.

DACheckMesh Thresholds: 
maxNonOrth: 70
maxSkewness: 4
maxAspectRatio: 1000
maxIncorrectlyOrientedFaces: 0
    Adding all faces of patches: (wing) ...
    Found matching patch wing with 126 faces
    Adding all faces of patches: (wing) ...
    Found matching patch wing with 126 faces
Initializing fields for DASimpleFoam
Create simpleControl.

SIMPLE: no convergence criteria found. Calculations will run for 3000 steps.

Reading field p

Reading field U

Reading/calculating face flux field phi

Creating source term. 
Selecting incompressible transport model Newtonian
Selecting turbulence model type RAS
Selecting RAS turbulence model SpalartAllmaras
Selecting patchDistMethod meshWaveFrozen
ft2 term: inactive
No MRF models present

Turbulence model is incompressible
Adjoint States: 
4
(
U volVectorState
nuTilda modelState
phi surfaceScalarState
p volScalarState
)
Global Cells: 4032
Global Faces: 16254
Global Xv: 24948
Undecomposed points: 8316
Global Adjoint States: 36414

SIMPLE: no convergence criteria found. Calculations will run for 3000 steps.

DACheckMesh Thresholds: 
maxNonOrth: 70
maxSkewness: 4
maxAspectRatio: 1000
maxIncorrectlyOrientedFaces: 0
    Adding all faces of patches: (wing) ...
    Found matching patch wing with 126 faces
    Adding all faces of patches: (wing) ...
    Found matching patch wing with 126 faces
Init solver done! ElapsedClockTime 0.000000 s
Init solver done! ElapsedCpuTime 0.330000 s
initState: 
6
(
nuTilda 4.499999999999846e-05
phi 0
U1 0
U2 0
p 0
U0 10.00000000000001
)
Setting up primal boundary conditions based on pyOptions: 
Setting primal boundary conditions...
Setting U = (10 0 0) at inout
Setting primal boundary conditions...
Setting p = 0 at inout
Setting primal boundary conditions...
Setting nuTilda = 4.5e-05 at inout
Setting nut wall BC for wing. BCType=nutUSpaldingWallFunction
Reading OpenFOAM mesh information...
I/O    : uncollated
Case   : /home/dafoamuser/mount/NACA0012_Airfoil_Incompressible
nProcs : 1
Reading the OpenFOAM mesh..
Overriding DebugSwitches according to controlDict
    SolverPerformance 0;

I/O    : uncollated
DAFoam option dictionary: 
{
    solverName      DASimpleFoam;
    primalMinResTol 1e-08;
    primalFuncStdTol
    {
        stdTol          -1;
        slopeTol        -1;
        funcNames       1 ( CD );
        nStepsFrac      0.2;
    }
    primalBC
    {
        U0
        {
            variable        U;
            patches         1 ( inout );
            value           3 ( 10 0 0 );
        }
        p0
        {
            variable        p;
            patches         1 ( inout );
            value           1 ( 0 );
        }
        nuTilda0
        {
            variable        nuTilda;
            patches         1 ( inout );
            value           1 ( 4.5e-05 );
        }
        useWallFunction 1;
    }
    primalInitCondition
    {
    }
    normalizeStates
    {
        U               10;
        p               50;
        nuTilda         0.00045;
        phi             1;
    }
    function
    {
        CD
        {
            type            force;
            source          patchToFace;
            patches         1 ( wing );
            directionMode   parallelToFlow;
            patchVelocityInputName patchV;
            scale           0.2;
        }
        CL
        {
            type            force;
            source          patchToFace;
            patches         1 ( wing );
            directionMode   normalToFlow;
            patchVelocityInputName patchV;
            scale           0.2;
        }
    }
    inputInfo
    {
        aero_vol_coords
        {
            type            volCoord;
            components      2 ( solver function );
        }
        patchV
        {
            type            patchVelocity;
            patches         1 ( inout );
            flowAxis        x;
            normalAxis      y;
            components      2 ( solver function );
        }
    }
    outputInfo
    {
    }
    designSurfaces  1 ( wing );
    fvSource
    {
    }
    prepareCaseOnly 0;
    adjEqnSolMethod Krylov;
    dynamicMesh
    {
        active          0;
        mode            rotation;
        center          3 ( 0.25 0 0 );
        axis            z;
        omega           0.1;
        s               2;
        t0              0.35;
    }
    primalVarBounds
    {
        UMax            1000;
        UMin            -1000;
        pMax            50000;
        pMin            -50000;
        p_rghMax        50000;
        p_rghMin        -50000;
        eMax            55000;
        eMin            -220000;
        TMax            1000;
        TMin            100;
        hMax            200000;
        hMin            -200000;
        DMax            1e+16;
        DMin            -1e+16;
        rhoMax          5;
        rhoMin          0.2;
        nuTildaMax      1e+16;
        nuTildaMin      1e-16;
        kMax            1e+16;
        kMin            1e-16;
        omegaMax        1e+16;
        omegaMin        1e-16;
        epsilonMax      1e+16;
        epsilonMin      1e-16;
        ReThetatMax     1e+16;
        ReThetatMin     1e-16;
        gammaIntMax     1e+16;
        gammaIntMin     1e-16;
    }
    discipline      aero;
    adjPartDerivFDStep
    {
        State           1e-06;
    }
    transonicPCOption -1;
    unsteadyAdjoint
    {
        mode            None;
        PCMatPrecomputeInterval 100;
        PCMatUpdateInterval 1;
        reduceIO        1;
        additionalOutput 1 ( None );
        additionalOldTime 1 ( None );
        readZeroFields  1;
    }
    adjPCLag        10000;
    useAD
    {
        mode            reverse;
        dvName          None;
        seedIndex       -9999;
    }
    useConstrainHbyA 1;
    forceMeshWaveFrozen 1;
    useDdtCorr      0;
    regressionModel
    {
        active          0;
    }
    useMeanStates   0;
    solveLinearFunctionName None;
    printDAOptions  1;
    debug           0;
    writeJacobians  1 ( None );
    printInterval   100;
    printIntervalUnsteady 1;
    primalMinResTolDiff 100;
    adjUseColoring  1;
    adjEqnOption
    {
        globalPCIters   0;
        asmOverlap      1;
        localPCIters    1;
        jacMatReOrdering rcm;
        pcFillLevel     1;
        gmresMaxIters   1000;
        gmresRestart    1000;
        gmresRelTol     1e-06;
        gmresAbsTol     1e-14;
        gmresTolDiff    100;
        useNonZeroInitGuess 0;
        useMGSO         0;
        printInfo       1;
        fpMaxIters      1000;
        fpRelTol        1e-06;
        fpMinResTolDiff 100;
        fpPCUpwind      0;
        dynAdjustTol    0;
        KSPCalcEigen    0;
        KSPCalcSingularVal 0;
        readPCMat       0;
    }
    normalizeResiduals 11 ( URes pRes p_rghRes nuTildaRes phiRes TRes DRes kRes omegaRes epsilonRes alpha.waterRes );
    maxResConLv4JacPCMat
    {
        pRes            2;
        phiRes          1;
        URes            2;
        TRes            2;
        nuTildaRes      2;
        kRes            2;
        epsilonRes      2;
        omegaRes        2;
        p_rghRes        2;
        DRes            2;
        gammaIntRes     2;
        ReThetatRes     2;
        alpha.waterRes  2;
    }
    jacLowerBounds
    {
        dRdW            1e-30;
        dRdWPC          1e-30;
    }
    maxTractionBCIters 100;
    decomposeParDict
    {
        method          scotch;
        simpleCoeffs
        {
            n               3 ( 2 2 1 );
            delta           0.001;
        }
        kahipCoeffs
        {
            config          fast;
            imbalance       0.01;
        }
        preservePatches 1 ( None );
        singleProcessorFaceSets 1 ( None );
        args            1 ( None );
    }
    adjStateOrdering state;
    checkMeshThreshold
    {
        maxAspectRatio  1000;
        maxNonOrth      70;
        maxSkewness     4;
        maxIncorrectlyOrientedFaces 0;
    }
    writeDeformedFFDs 0;
    writeDeformedConstraints 0;
    writeAdjointFields 0;
    maxCorrectBCCalls 2;
    writeMinorIterations 0;
    primalMinIters  1;
    tensorflow
    {
        active          0;
    }
    wallDistanceMethod default;
    unsteadyCompOutput
    {
    }
}

Checking if we need to compress the mesh files
Checking if we need to compress the mesh files
pyDAFoam initialization done!
+----------------------------------------+
|          All IDWarp Options:           |
+----------------------------------------+
{'LdefFact': 1.0,
 'aExp': 3.0,
 'alpha': 0.25,
 'bExp': 5.0,
 'bucketSize': 8,
 'cornerAngle': 30.0,
 'errTol': 0.0005,
 'evalMode': 'exact',
 'fileType': 'OpenFOAM',
 'gridFile': '/home/dafoamuser/mount/NACA0012_Airfoil_Incompressible',
 'restartFile': None,
 'specifiedSurfaces': None,
 'symmTol': 1e-06,
 'symmetryPlanes': [[[0.0, 0.0, 0.0], [0.0, 0.0, 1.0]],
                    [[0.0, 0.0, 0.1], [0.0, 0.0, 1.0]]],
 'symmetrySurfaces': None,
 'useRotations': True,
 'zeroCornerRotations': True}
I/O    : uncollated
Case   : /home/dafoamuser/mount/NACA0012_Airfoil_Incompressible
nProcs : 1
Reading the OpenFOAM mesh..
Overriding DebugSwitches according to controlDict
    SolverPerformance 0;

#------------------------------#
 Total Volume Nodes :      8316 
#------------------------------#
I/O    : uncollated
#--------------------------------#
 Unique Surface Nodes :       252 
#--------------------------------#
 Computing Denominator Estimate...
 Load Balancing...
 Finished Mesh Initialization.
Checking if we need to compress the mesh files
Checking if we need to compress the mesh files
+-------------------- Symmetry Planes -------------------+
|           Point                        Normal          |
| (  0.000   0.000   0.000)    (  0.000   0.000   1.000) |
| (  0.000   0.000   0.100)    (  0.000   0.000   1.000) |
+--------------------------------------------------------+
OrderedDict([('inout', [0]), ('symmetry1', [1]), ('symmetry2', [2]), ('wing', [3]), ('allSurfaces', [0, 1, 2, 3]), ('allWalls', [3]), ('designSurfaces', [3])])
 Welcome to verifyWarpDeriv
 Checking           60  degrees of freedom
 Doing centered differnce with h:   9.9999999999999995E-007
 Running AD Version
DOF:    0 OrigVal:  0.998826867023     AD:  5.23964453435     FD: -110.233526670     Err(%):  219.9617137    
DOF:    1 OrigVal:  0.142446401303E-02 AD:  6.09410756110     FD:  134.475021183     Err(%):  182.6587598    
DOF:    2 OrigVal:   0.00000000000     AD:-0.917551191475E-01 FD:-0.917551190084E-01 Err(%):-0.1516020399E-06
DOF:    3 OrigVal:  0.996808545509     AD:  6.20863555658     FD:  23.7514528565     Err(%):  117.1079141    
DOF:    4 OrigVal:  0.170687456152E-02 AD:  7.04179446888     FD:  132.975073029     Err(%):  179.8830110    
DOF:    5 OrigVal:   0.00000000000     AD:-0.148062989650     FD:-0.148062989661     Err(%): 0.7834558814E-08
DOF:    6 OrigVal:  0.994386441288     AD:  6.50517436086     FD:  5.71653536761     Err(%): -12.90554285    
DOF:    7 OrigVal:  0.204492003084E-02 AD:  6.70996474501     FD:  1.90811682815     Err(%): -111.4365854    
DOF:    8 OrigVal:   0.00000000000     AD:-0.175491170257     FD:-0.175491170221     Err(%):-0.2086353205E-07
DOF:    9 OrigVal:  0.991479726841     AD:  6.56127481126     FD:  5.71656474610     Err(%): -13.75991372    
DOF:   10 OrigVal:  0.244921566393E-02 AD:  7.84937265096     FD:  2.78373613259     Err(%): -95.28044190    
DOF:   11 OrigVal:   0.00000000000     AD:-0.207458467080     FD:-0.207458466910     Err(%):-0.8215420770E-07
DOF:   12 OrigVal:  0.987991408503     AD:  7.28606291916     FD:  6.33405177571     Err(%): -13.97948791    
DOF:   13 OrigVal:  0.293249010910E-02 AD:  7.76463538724     FD:  2.07254922243     Err(%): -115.7259194    
DOF:   14 OrigVal:   0.00000000000     AD:-0.244473040170     FD:-0.244473040291     Err(%): 0.4931150894E-07
DOF:   15 OrigVal:  0.983805057771     AD:  8.70899236322     FD:  7.66137821443     Err(%): -12.79890573    
DOF:   16 OrigVal:  0.350975134935E-02 AD:  8.46133658629     FD:  2.25477345711     Err(%): -115.8361216    
DOF:   17 OrigVal:   0.00000000000     AD:-0.286987068319     FD:-0.286987068590     Err(%): 0.9427361358E-07
DOF:   18 OrigVal:  0.978780913695     AD:  9.59414516853     FD:  8.43036012591     Err(%): -12.91336460    
DOF:   19 OrigVal:  0.419866079631E-02 AD:  9.71539121094     FD:  2.87467799284     Err(%): -108.6683974    
DOF:   20 OrigVal:   0.00000000000     AD:-0.335334749975     FD:-0.335334750014     Err(%): 0.1162166841E-07
DOF:   21 OrigVal:  0.972751203059     AD:  10.8807853990     FD:  9.56175360464     Err(%): -12.90477464    
DOF:   22 OrigVal:  0.501995431438E-02 AD:  10.7486614468     FD:  3.01460622724     Err(%): -112.3869041    
DOF:   23 OrigVal:   0.00000000000     AD:-0.389652773793     FD:-0.389652773866     Err(%): 0.1871268798E-07
DOF:   24 OrigVal:  0.965514497742     AD:  11.9542803918     FD:  10.4184069971     Err(%): -13.72989635    
DOF:   25 OrigVal:  0.599774739889E-02 AD:  12.3556048421     FD:  3.29028667368     Err(%): -115.8811329    
DOF:   26 OrigVal:   0.00000000000     AD:-0.449790799863     FD:-0.449790800052     Err(%): 0.4194208727E-07
DOF:   27 OrigVal:  0.956828978916     AD:  14.4271079611     FD:  12.6511446553     Err(%): -13.11726669    
DOF:   28 OrigVal:  0.716014901070E-02 AD:  13.8612015009     FD:  3.30221758639     Err(%): -123.0405651    
DOF:   29 OrigVal:   0.00000000000     AD:-0.515233043754     FD:-0.515233043870     Err(%): 0.2249632597E-07
DOF:   30 OrigVal:  0.946404273624     AD:  14.9665547070     FD:  12.8685926392     Err(%): -15.07419409    
DOF:   31 OrigVal:  0.853937773789E-02 AD:  15.1303061538     FD:  2.44524816342     Err(%): -144.3488810    
DOF:   32 OrigVal:   0.00000000000     AD:-0.585072774313     FD:-0.585072774128     Err(%):-0.3150908709E-07
DOF:   33 OrigVal:  0.933891747097     AD:  16.7626054540     FD:  14.2892390849     Err(%): -15.93056004    
DOF:   34 OrigVal:  0.101725341500E-01 AD:  16.6618889191     FD:  1.42198273800     Err(%): -168.5469403    
DOF:   35 OrigVal:   0.00000000000     AD:-0.658110928657     FD:-0.658110928727     Err(%): 0.1071633371E-07
DOF:   36 OrigVal:  0.918872683801     AD:  18.2374428070     FD:  15.4030581369     Err(%): -16.85102535    
DOF:   37 OrigVal:  0.121011752126E-01 AD:  19.8868549292     FD:  2.06989900664     Err(%): -162.2913476    
DOF:   38 OrigVal:   0.00000000000     AD:-0.733179915610     FD:-0.733179915633     Err(%): 0.3034965296E-08
DOF:   39 OrigVal:  0.900844267972     AD:  21.1258777436     FD:  17.9443670314     Err(%): -16.28610586    
DOF:   40 OrigVal:  0.143719765781E-01 AD:  21.2160176669     FD: 0.590146286631     Err(%): -189.1746886    
DOF:   41 OrigVal:   0.00000000000     AD:-0.791215744526     FD:-0.791215744476     Err(%):-0.6321410019E-08
DOF:   42 OrigVal:  0.880113389848     AD:  21.2764522034     FD:  17.9844311216     Err(%): -16.76997970    
DOF:   43 OrigVal:  0.169249400871E-01 AD:  21.8145625278     FD:-0.411808770108E-01 Err(%): -200.7565362    
DOF:   44 OrigVal:   0.00000000000     AD:-0.777029052910     FD:-0.777029052973     Err(%): 0.8107897062E-08
DOF:   45 OrigVal:  0.859375235863     AD:  21.5845066603     FD:  18.4257842759     Err(%): -15.78954969    
DOF:   46 OrigVal:  0.194181062413E-01 AD:  21.9282465315     FD: 0.622144820006     Err(%): -188.9643632    
DOF:   47 OrigVal:   0.00000000000     AD:-0.721693346980     FD:-0.721693347080     Err(%): 0.1380504370E-07
DOF:   48 OrigVal:  0.838630118357     AD:  19.8083532373     FD:  16.7797142193     Err(%): -16.55533746    
DOF:   49 OrigVal:  0.218526519114E-01 AD:  20.9998132493     FD: 0.986821767188E-01 Err(%): -198.1291144    
DOF:   50 OrigVal:   0.00000000000     AD:-0.677837091414     FD:-0.677837091371     Err(%):-0.6386135589E-08
DOF:   51 OrigVal:  0.817878322654     AD:  20.7356177921     FD:  17.8277582783     Err(%): -15.08093850    
DOF:   52 OrigVal:  0.242296094159E-01 AD:  21.8338241950     FD:  1.31340594252     Err(%): -177.3034452    
DOF:   53 OrigVal:   0.00000000000     AD:-0.643181114321     FD:-0.643181114560     Err(%): 0.3725263203E-07
DOF:   54 OrigVal:  0.797120085936     AD:  19.7729354788     FD:  16.9762797748     Err(%): -15.22022000    
DOF:   55 OrigVal:  0.265496501650E-01 AD:  20.9341186442     FD: 0.765622963364     Err(%): -185.8869663    
DOF:   56 OrigVal:   0.00000000000     AD:-0.615785174007     FD:-0.615785174012     Err(%): 0.8247363558E-09
DOF:   57 OrigVal:  0.776355577730     AD:  19.7449270653     FD:  17.0379769587     Err(%): -14.71852307    
DOF:   58 OrigVal:  0.288128807034E-01 AD:  19.6244654535     FD:-0.327569494604     Err(%): -206.7900971    
DOF:   59 OrigVal:   0.00000000000     AD:-0.594022992955     FD:-0.594022992926     Err(%):-0.4819583164E-08
DOF:   60 OrigVal:  0.755584980877     AD:  19.8059025254     FD:  17.2085394325     Err(%): -14.03432258    
 Welcome to verifyWarpDeriv
 Checking           60  degrees of freedom
 Doing centered differnce with h:   1.0000000000000000E-004
 Running AD Version
DOF:    0 OrigVal:  0.998826867023     AD:  5.23964453435     FD: -109.893149680     Err(%):  220.0266375    
DOF:    1 OrigVal:  0.142446401303E-02 AD:  6.09410756110     FD:  134.437219992     Err(%):  182.6540952    
DOF:    2 OrigVal:   0.00000000000     AD:-0.917551191475E-01 FD:-0.912634258110E-01 Err(%):-0.5373153159    
DOF:    3 OrigVal:  0.996808545509     AD:  6.20863555658     FD:  23.7589378926     Err(%):  117.1286181    
DOF:    4 OrigVal:  0.170687456152E-02 AD:  7.04179446888     FD:  132.954407519     Err(%):  179.8800414    
DOF:    5 OrigVal:   0.00000000000     AD:-0.148062989650     FD:-0.147250320136     Err(%):-0.5503778439    
DOF:    6 OrigVal:  0.994386441288     AD:  6.50517436086     FD:  5.70956923658     Err(%): -13.02696398    
DOF:    7 OrigVal:  0.204492003084E-02 AD:  6.70996474501     FD:  1.92458103839     Err(%): -110.8427432    
DOF:    8 OrigVal:   0.00000000000     AD:-0.175491170257     FD:-0.174856718762     Err(%):-0.3621837124    
DOF:    9 OrigVal:  0.991479726841     AD:  6.56127481126     FD:  5.71184134867     Err(%): -13.84218077    
DOF:   10 OrigVal:  0.244921566393E-02 AD:  7.84937265096     FD:  2.79505986027     Err(%): -94.96631756    
DOF:   11 OrigVal:   0.00000000000     AD:-0.207458467080     FD:-0.206697723505     Err(%):-0.3673703752    
DOF:   12 OrigVal:  0.987991408503     AD:  7.28606291916     FD:  6.33075522421     Err(%): -14.03129108    
DOF:   13 OrigVal:  0.293249010910E-02 AD:  7.76463538724     FD:  2.08036147191     Err(%): -115.4753830    
DOF:   14 OrigVal:   0.00000000000     AD:-0.244473040170     FD:-0.243427083102     Err(%):-0.4287586814    
DOF:   15 OrigVal:  0.983805057771     AD:  8.70899236322     FD:  7.65905970135     Err(%): -12.82904841    
DOF:   16 OrigVal:  0.350975134935E-02 AD:  8.46133658629     FD:  2.26012234851     Err(%): -115.6785522    
DOF:   17 OrigVal:   0.00000000000     AD:-0.286987068319     FD:-0.285449023493     Err(%):-0.5373682227    
DOF:   18 OrigVal:  0.978780913695     AD:  9.59414516853     FD:  8.42879061461     Err(%): -12.93190597    
DOF:   19 OrigVal:  0.419866079631E-02 AD:  9.71539121094     FD:  2.87836646716     Err(%): -108.5779942    
DOF:   20 OrigVal:   0.00000000000     AD:-0.335334749975     FD:-0.333080686346     Err(%):-0.6744499024    
DOF:   21 OrigVal:  0.972751203059     AD:  10.8807853990     FD:  9.56069307112     Err(%): -12.91582045    
DOF:   22 OrigVal:  0.501995431438E-02 AD:  10.7486614468     FD:  3.01717585011     Err(%): -112.3285919    
DOF:   23 OrigVal:   0.00000000000     AD:-0.389652773793     FD:-0.386588803465     Err(%):-0.7894373138    
DOF:   24 OrigVal:  0.965514497742     AD:  11.9542803918     FD:  10.4175947792     Err(%): -13.73765588    
DOF:   25 OrigVal:  0.599774739889E-02 AD:  12.3556048421     FD:  3.29204147481     Err(%): -115.8457085    
DOF:   26 OrigVal:   0.00000000000     AD:-0.449790799863     FD:-0.445447896796     Err(%):-0.9702223738    
DOF:   27 OrigVal:  0.956828978916     AD:  14.4271079611     FD:  12.6506512322     Err(%): -13.12115021    
DOF:   28 OrigVal:  0.716014901070E-02 AD:  13.8612015009     FD:  3.30344829614     Err(%): -123.0174030    
DOF:   29 OrigVal:   0.00000000000     AD:-0.515233043754     FD:-0.509293709387     Err(%): -1.159429824    
DOF:   30 OrigVal:  0.946404273624     AD:  14.9665547070     FD:  12.8681401891     Err(%): -15.07769010    
DOF:   31 OrigVal:  0.853937773789E-02 AD:  15.1303061538     FD:  2.44611917606     Err(%): -144.3318165    
DOF:   32 OrigVal:   0.00000000000     AD:-0.585072774313     FD:-0.576847875120     Err(%): -1.415741978    
DOF:   33 OrigVal:  0.933891747097     AD:  16.7626054540     FD:  14.2893208168     Err(%): -15.92999169    
DOF:   34 OrigVal:  0.101725341500E-01 AD:  16.6618889191     FD:  1.42259026955     Err(%): -168.5345593    
DOF:   35 OrigVal:   0.00000000000     AD:-0.658110928657     FD:-0.646855141058     Err(%): -1.725069772    
DOF:   36 OrigVal:  0.918872683801     AD:  18.2374428070     FD:  15.4031760222     Err(%): -16.85026544    
DOF:   37 OrigVal:  0.121011752126E-01 AD:  19.8868549292     FD:  2.07039549274     Err(%): -162.2831556    
DOF:   38 OrigVal:   0.00000000000     AD:-0.733179915610     FD:-0.719242870222     Err(%): -1.919144415    
DOF:   39 OrigVal:  0.900844267972     AD:  21.1258777436     FD:  17.9446371438     Err(%): -16.28461058    
DOF:   40 OrigVal:  0.143719765781E-01 AD:  21.2160176669     FD: 0.590374688074     Err(%): -189.1706124    
DOF:   41 OrigVal:   0.00000000000     AD:-0.791215744526     FD:-0.780670542178     Err(%): -1.341725854    
DOF:   42 OrigVal:  0.880113389848     AD:  21.2764522034     FD:  17.9835550563     Err(%): -16.77481680    
DOF:   43 OrigVal:  0.169249400871E-01 AD:  21.8145625278     FD:-0.412037919675E-01 Err(%): -200.7569579    
DOF:   44 OrigVal:   0.00000000000     AD:-0.777029052910     FD:-0.775410378030     Err(%):-0.2085330799    
DOF:   45 OrigVal:  0.859375235863     AD:  21.5845066603     FD:  18.4247301096     Err(%): -15.79523533    
DOF:   46 OrigVal:  0.194181062413E-01 AD:  21.9282465315     FD: 0.622121856514     Err(%): -188.9647593    
DOF:   47 OrigVal:   0.00000000000     AD:-0.721693346980     FD:-0.724272387888     Err(%): 0.3567222716    
DOF:   48 OrigVal:  0.838630118357     AD:  19.8083532373     FD:  16.7801904060     Err(%): -16.55251907    
DOF:   49 OrigVal:  0.218526519114E-01 AD:  20.9998132493     FD: 0.986726606721E-01 Err(%): -198.1292940    
DOF:   50 OrigVal:   0.00000000000     AD:-0.677837091414     FD:-0.680019959895     Err(%): 0.3215166837    
DOF:   51 OrigVal:  0.817878322654     AD:  20.7356177921     FD:  17.8271379448     Err(%): -15.08439836    
DOF:   52 OrigVal:  0.242296094159E-01 AD:  21.8338241950     FD:  1.31345315690     Err(%): -177.3026756    
DOF:   53 OrigVal:   0.00000000000     AD:-0.643181114321     FD:-0.644864743160     Err(%): 0.2614237420    
DOF:   54 OrigVal:  0.797120085936     AD:  19.7729354788     FD:  16.9755270358     Err(%): -15.22462847    
DOF:   55 OrigVal:  0.265496501650E-01 AD:  20.9341186442     FD: 0.765564243629     Err(%): -185.8880105    
DOF:   56 OrigVal:   0.00000000000     AD:-0.615785174007     FD:-0.617137257341     Err(%): 0.2193298297    
DOF:   57 OrigVal:  0.776355577730     AD:  19.7449270653     FD:  17.0376791628     Err(%): -14.72026145    
DOF:   58 OrigVal:  0.288128807034E-01 AD:  19.6244654535     FD:-0.327570980486     Err(%): -206.7901285    
DOF:   59 OrigVal:   0.00000000000     AD:-0.594022992955     FD:-0.595029883816     Err(%): 0.1693601490    
DOF:   60 OrigVal:  0.755584980877     AD:  19.8059025254     FD:  17.2081831882     Err(%): -14.03638257    
DIAGWARP evalMode = exact
DIAGWARP warpmeshdof = 24948
DIAGWARP solvermeshdof = 24948
DIAGWARP === verifyWarpDeriv over first 60 dof, h=1e-6 ===
DIAGWARP === verifyWarpDeriv over first 60 dof, h=1e-4 ===
DIAGWARP DONE
