WARNING 7: VSPAERO Viewer Not Found. 
	Expected here: /home/dafoamuser/dafoam/packages/miniconda3/lib/python3.10/site-packages/openvsp/vspviewer
WARNING 7: VSPAERO Viewer Not Found. 
	Expected here: /home/dafoamuser/dafoam/packages/miniconda3/lib/python3.10/site-packages/openvsp/vspviewer
WARNING 7: VSPAERO Viewer Not Found. 
	Expected here: /home/dafoamuser/dafoam/packages/miniconda3/lib/python3.10/site-packages/openvsp/vspviewer
WARNING 7: VSPAERO Viewer Not Found. 
	Expected here: /home/dafoamuser/dafoam/packages/miniconda3/lib/python3.10/site-packages/openvsp/vspviewer
 
-------------------------------------------------------------------------------
|                               DAFoam v5.0.0                                 |
-------------------------------------------------------------------------------
 
/*---------------------------------------------------------------------------*\
| =========                 |                                                 |
| \\      /  F ield         | OpenFOAM: The Open Source CFD Toolbox           |
|  \\    /   O peration     | Version:  2506                                  |
|   \\  /    A nd           | Website:  www.openfoam.com                      |
|    \\/     M anipulation  |                                                 |
\*---------------------------------------------------------------------------*/
Build  : _615aae61d7-20250627 OPENFOAM=2506 version=v2506
Arch   : "LSB;label=32;scalar=64"
Exec   : decomposePar
Date   : Jul 27 2026
Time   : 03:40:29
Host   : 34aa565a05d9
PID    : 407
I/O    : uncollated
Case   : /home/dafoamuser/mount/NACA0012_Airfoil_Incompressible
nProcs : 1
trapFpe: Floating point exception trapping enabled (FOAM_SIGFPE).
fileModificationChecking : Monitoring run-time modified files using timeStampMaster (fileModificationSkew 5, maxFileModificationPolls 20)
allowSystemOperations : Allowing user-supplied system call operations

// * * * * * * * * * * * * * * * * * * * * * * * * * * * * * * * * * * * * * //
Create time

Overriding DebugSwitches according to controlDict
    SolverPerformance 0;



Decomposing mesh



--> FOAM FATAL ERROR: (openfoam-2506)
Case is already decomposed with 4 domains, use the -force option or manually
remove processor directories before decomposing. e.g.,
    rm -rf /home/dafoamuser/mount/NACA0012_Airfoil_Incompressible/processor*


    From decomposePar
    in file decomposePar.C at line 645.

FOAM exiting


Unable to run decomposePar, the domain has been already decomposed?

I/O    : uncollated
Case   : /home/dafoamuser/mount/NACA0012_Airfoil_Incompressible
nProcs : 4
Hosts  :
(
    (34aa565a05d9 4)
)
Pstream initialized with:
    node communication : off [type=host] (4 ranks, 1 nodes)
    topology controls  : none
    consensus exchange : 0 (tuning: 0)
    exchange algorithm : 0
    commsType          : nonBlocking
    polling iterations : 0
Initializing mesh and runtime for DASolver
Create time

Overriding DebugSwitches according to controlDict
    SolverPerformance 0;

Create mesh for time = 0
Replacing wallDist.method meshWave -> meshWaveFrozen
DAOption created. DASolver initialized.
I/O    : uncollated
[0] UPstream::init : could not attach buffer
[3] UPstream::init : could not attach buffer
[2] UPstream::init : could not attach buffer
[1] UPstream::init : could not attach buffer
Case   : /home/dafoamuser/mount/NACA0012_Airfoil_Incompressible
nProcs : 4
Hosts  :
(
    (34aa565a05d9 4)
)
Pstream initialized with:
    node communication : off [type=host] (4 ranks, 1 nodes)
    topology controls  : none
    consensus exchange : 0 (tuning: 0)
    exchange algorithm : 0
    commsType          : nonBlocking
    polling iterations : 0
Initializing mesh and runtime for DASolver
Create time

Overriding DebugSwitches according to controlDict
    SolverPerformance 0;

Create mesh for time = 0
Replacing wallDist.method meshWave -> meshWaveFrozen
DAOption created. DASolver initialized.
Initializing fields for DASimpleFoam
Create simpleControl.

SIMPLE: no convergence criteria found. Calculations will run for 3000 steps.

Reading field p

Reading field U

Reading/calculating face flux field phi

Creating source term. 
Selecting incompressible transport model Newtonian
Selecting turbulence model type RAS
Selecting RAS turbulence model SpalartAllmaras
Selecting patchDistMethod meshWaveFrozen
ft2 term: inactive
No MRF models present

Turbulence model is incompressible
Adjoint States: 
4
(
U volVectorState
nuTilda modelState
phi surfaceScalarState
p volScalarState
)
Global Cells: 4032
Global Faces: 16385
Global Xv: 25758
Undecomposed points: 8316
Global Adjoint States: 36545

SIMPLE: no convergence criteria found. Calculations will run for 3000 steps.

DACheckMesh Thresholds: 
maxNonOrth: 70
maxSkewness: 4
maxAspectRatio: 1000
maxIncorrectlyOrientedFaces: 0
    Adding all faces of patches: (wing) ...
    Found matching patch wing with 126 faces
    Adding all faces of patches: (wing) ...
    Found matching patch wing with 126 faces
Initializing fields for DASimpleFoam
Create simpleControl.

SIMPLE: no convergence criteria found. Calculations will run for 3000 steps.

Reading field p

Reading field U

Reading/calculating face flux field phi

Creating source term. 
Selecting incompressible transport model Newtonian
Selecting turbulence model type RAS
Selecting RAS turbulence model SpalartAllmaras
Selecting patchDistMethod meshWaveFrozen
ft2 term: inactive
No MRF models present

Turbulence model is incompressible
Adjoint States: 
4
(
U volVectorState
nuTilda modelState
phi surfaceScalarState
p volScalarState
)
Global Cells: 4032
Global Faces: 16385
Global Xv: 25758
Undecomposed points: 8316
Global Adjoint States: 36545

SIMPLE: no convergence criteria found. Calculations will run for 3000 steps.

DACheckMesh Thresholds: 
maxNonOrth: 70
maxSkewness: 4
maxAspectRatio: 1000
maxIncorrectlyOrientedFaces: 0
    Adding all faces of patches: (wing) ...
    Found matching patch wing with 126 faces
    Adding all faces of patches: (wing) ...
    Found matching patch wing with 126 faces
Init solver done! ElapsedClockTime 0.000000 s
Init solver done! ElapsedCpuTime 0.250000 s
initState: 
6
(
nuTilda 4.500000000000098e-05
phi 0
U1 0
U2 0
p 0
U0 10.00000000000006
)
Setting up primal boundary conditions based on pyOptions: 
Setting primal boundary conditions...
Setting U = (10 0 0) at inout
Setting primal boundary conditions...
Setting p = 0 at inout
Setting primal boundary conditions...
Setting nuTilda = 4.5e-05 at inout
Setting nut wall BC for wing. BCType=nutUSpaldingWallFunction
Reading OpenFOAM mesh information...
I/O    : uncollated
Case   : /home/dafoamuser/mount/NACA0012_Airfoil_Incompressible
nProcs : 4
Hosts  :
(
    (34aa565a05d9 4)
)
Pstream initialized with:
    node communication : off [type=host] (4 ranks, 1 nodes)
    topology controls  : none
    consensus exchange : 0 (tuning: 0)
    exchange algorithm : 0
    commsType          : nonBlocking
    polling iterations : 0
Reading the OpenFOAM mesh..
Overriding DebugSwitches according to controlDict
    SolverPerformance 0;

Checking if we need to compress the mesh files
Checking if we need to compress the mesh files
Finalising parallel run
I/O    : uncollated
DAFoam option dictionary: 
{
    solverName      DASimpleFoam;
    primalMinResTol 1e-08;
    primalFuncStdTol
    {
        stdTol          -1;
        slopeTol        -1;
        funcNames       1 ( CD );
        nStepsFrac      0.2;
    }
    primalBC
    {
        U0
        {
            variable        U;
            patches         1 ( inout );
            value           3 ( 10 0 0 );
        }
        p0
        {
            variable        p;
            patches         1 ( inout );
            value           1 ( 0 );
        }
        nuTilda0
        {
            variable        nuTilda;
            patches         1 ( inout );
            value           1 ( 4.5e-05 );
        }
        useWallFunction 1;
    }
    primalInitCondition
    {
    }
    normalizeStates
    {
        U               10;
        p               50;
        nuTilda         0.00045;
        phi             1;
    }
    function
    {
        CD
        {
            type            force;
            source          patchToFace;
            patches         1 ( wing );
            directionMode   parallelToFlow;
            patchVelocityInputName patchV;
            scale           0.2;
        }
        CL
        {
            type            force;
            source          patchToFace;
            patches         1 ( wing );
            directionMode   normalToFlow;
            patchVelocityInputName patchV;
            scale           0.2;
        }
    }
    inputInfo
    {
        aero_vol_coords
        {
            type            volCoord;
            components      2 ( solver function );
        }
        patchV
        {
            type            patchVelocity;
            patches         1 ( inout );
            flowAxis        x;
            normalAxis      y;
            components      2 ( solver function );
        }
    }
    outputInfo
    {
    }
    designSurfaces  1 ( wing );
    fvSource
    {
    }
    prepareCaseOnly 0;
    adjEqnSolMethod Krylov;
    dynamicMesh
    {
        active          0;
        mode            rotation;
        center          3 ( 0.25 0 0 );
        axis            z;
        omega           0.1;
        s               2;
        t0              0.35;
    }
    primalVarBounds
    {
        UMax            1000;
        UMin            -1000;
        pMax            50000;
        pMin            -50000;
        p_rghMax        50000;
        p_rghMin        -50000;
        eMax            55000;
        eMin            -220000;
        TMax            1000;
        TMin            100;
        hMax            200000;
        hMin            -200000;
        DMax            1e+16;
        DMin            -1e+16;
        rhoMax          5;
        rhoMin          0.2;
        nuTildaMax      1e+16;
        nuTildaMin      1e-16;
        kMax            1e+16;
        kMin            1e-16;
        omegaMax        1e+16;
        omegaMin        1e-16;
        epsilonMax      1e+16;
        epsilonMin      1e-16;
        ReThetatMax     1e+16;
        ReThetatMin     1e-16;
        gammaIntMax     1e+16;
        gammaIntMin     1e-16;
    }
    discipline      aero;
    adjPartDerivFDStep
    {
        State           1e-06;
    }
    transonicPCOption -1;
    unsteadyAdjoint
    {
        mode            None;
        PCMatPrecomputeInterval 100;
        PCMatUpdateInterval 1;
        reduceIO        1;
        additionalOutput 1 ( None );
        additionalOldTime 1 ( None );
        readZeroFields  1;
    }
    adjPCLag        10000;
    useAD
    {
        mode            reverse;
        dvName          None;
        seedIndex       -9999;
    }
    useConstrainHbyA 1;
    forceMeshWaveFrozen 1;
    useDdtCorr      0;
    regressionModel
    {
        active          0;
    }
    useMeanStates   0;
    solveLinearFunctionName None;
    printDAOptions  1;
    debug           0;
    writeJacobians  1 ( None );
    printInterval   100;
    printIntervalUnsteady 1;
    primalMinResTolDiff 100;
    adjUseColoring  1;
    adjEqnOption
    {
        globalPCIters   0;
        asmOverlap      1;
        localPCIters    1;
        jacMatReOrdering rcm;
        pcFillLevel     1;
        gmresMaxIters   1000;
        gmresRestart    1000;
        gmresRelTol     1e-06;
        gmresAbsTol     1e-14;
        gmresTolDiff    100;
        useNonZeroInitGuess 0;
        useMGSO         0;
        printInfo       1;
        fpMaxIters      1000;
        fpRelTol        1e-06;
        fpMinResTolDiff 100;
        fpPCUpwind      0;
        dynAdjustTol    0;
        KSPCalcEigen    0;
        KSPCalcSingularVal 0;
        readPCMat       0;
    }
    normalizeResiduals 11 ( URes pRes p_rghRes nuTildaRes phiRes TRes DRes kRes omegaRes epsilonRes alpha.waterRes );
    maxResConLv4JacPCMat
    {
        pRes            2;
        phiRes          1;
        URes            2;
        TRes            2;
        nuTildaRes      2;
        kRes            2;
        epsilonRes      2;
        omegaRes        2;
        p_rghRes        2;
        DRes            2;
        gammaIntRes     2;
        ReThetatRes     2;
        alpha.waterRes  2;
    }
    jacLowerBounds
    {
        dRdW            1e-30;
        dRdWPC          1e-30;
    }
    maxTractionBCIters 100;
    decomposeParDict
    {
        method          scotch;
        simpleCoeffs
        {
            n               3 ( 2 2 1 );
            delta           0.001;
        }
        kahipCoeffs
        {
            config          fast;
            imbalance       0.01;
        }
        preservePatches 1 ( None );
        singleProcessorFaceSets 1 ( None );
        args            1 ( None );
    }
    adjStateOrdering state;
    checkMeshThreshold
    {
        maxAspectRatio  1000;
        maxNonOrth      70;
        maxSkewness     4;
        maxIncorrectlyOrientedFaces 0;
    }
    writeDeformedFFDs 0;
    writeDeformedConstraints 0;
    writeAdjointFields 0;
    maxCorrectBCCalls 2;
    writeMinorIterations 0;
    primalMinIters  1;
    tensorflow
    {
        active          0;
    }
    wallDistanceMethod default;
    unsteadyCompOutput
    {
    }
}

pyDAFoam initialization done!
+----------------------------------------+
|          All IDWarp Options:           |
+----------------------------------------+
{'LdefFact': 1.0,
 'aExp': 3.0,
 'alpha': 0.25,
 'bExp': 5.0,
 'bucketSize': 8,
 'cornerAngle': 30.0,
 'errTol': 0.0005,
 'evalMode': 'fast',
 'fileType': 'OpenFOAM',
 'gridFile': '/home/dafoamuser/mount/NACA0012_Airfoil_Incompressible',
 'restartFile': None,
 'specifiedSurfaces': None,
 'symmTol': 1e-06,
 'symmetryPlanes': [[[0.0, 0.0, 0.0], [0.0, 0.0, 1.0]],
                    [[0.0, 0.0, 0.1], [0.0, 0.0, 1.0]]],
 'symmetrySurfaces': None,
 'useRotations': True,
 'zeroCornerRotations': True}
I/O    : uncollated
Case   : /home/dafoamuser/mount/NACA0012_Airfoil_Incompressible
nProcs : 4
Hosts  :
(
    (34aa565a05d9 4)
)
Pstream initialized with:
    node communication : off [type=host] (4 ranks, 1 nodes)
    topology controls  : none
    consensus exchange : 0 (tuning: 0)
    exchange algorithm : 0
    commsType          : nonBlocking
    polling iterations : 0
Reading the OpenFOAM mesh..
Overriding DebugSwitches according to controlDict
    SolverPerformance 0;

Checking if we need to compress the mesh files
Checking if we need to compress the mesh files
#------------------------------#
 Total Volume Nodes :      8586 
#------------------------------#
Finalising parallel run
I/O    : uncollated
+-------------------- Symmetry Planes -------------------+
|           Point                        Normal          |
| (  0.000   0.000   0.000)    (  0.000   0.000   1.000) |
| (  0.000   0.000   0.100)    (  0.000   0.000   1.000) |
+--------------------------------------------------------+
#--------------------------------#
 Unique Surface Nodes :       252 
#--------------------------------#
 Computing Denominator Estimate...
 Load Balancing...
 Finished Mesh Initialization.
OrderedDict([('inout', [0]), ('procBoundary0to1', [1]), ('procBoundary0to2', [2]), ('symmetry1', [3]), ('symmetry2', [4]), ('wing', [5]), ('allSurfaces', [0, 1, 2, 3, 4, 5]), ('allWalls', [5]), ('designSurfaces', [5])])
dRdWT Jacobian Free created!
/home/dafoamuser/dafoam/packages/miniconda3/lib/python3.10/site-packages/openmdao/core/component.py:140: OMDeprecationWarning:'scenario1.coupling.solver' <class DAFoamSolver>: It appears this component mixes distributed/non-distributed inputs and outputs, so it may break starting with OpenMDAO 3.25, where the convention used when passing data between distributed and non-distributed inputs and outputs within a matrix free component will change. See https://github.com/OpenMDAO/POEMs/blob/master/POEM_075.md for details.
/home/dafoamuser/dafoam/packages/miniconda3/lib/python3.10/site-packages/openmdao/core/component.py:140: OMDeprecationWarning:'scenario1.coupling.solver' <class DAFoamSolver>: It appears this component mixes distributed/non-distributed inputs and outputs, so it may break starting with OpenMDAO 3.25, where the convention used when passing data between distributed and non-distributed inputs and outputs within a matrix free component will change. See https://github.com/OpenMDAO/POEMs/blob/master/POEM_075.md for details.
/home/dafoamuser/dafoam/packages/miniconda3/lib/python3.10/site-packages/openmdao/core/component.py:140: OMDeprecationWarning:'scenario1.coupling.solver' <class DAFoamSolver>: It appears this component mixes distributed/non-distributed inputs and outputs, so it may break starting with OpenMDAO 3.25, where the convention used when passing data between distributed and non-distributed inputs and outputs within a matrix free component will change. See https://github.com/OpenMDAO/POEMs/blob/master/POEM_075.md for details.
/home/dafoamuser/dafoam/packages/miniconda3/lib/python3.10/site-packages/openmdao/core/component.py:140: OMDeprecationWarning:'scenario1.coupling.solver' <class DAFoamSolver>: It appears this component mixes distributed/non-distributed inputs and outputs, so it may break starting with OpenMDAO 3.25, where the convention used when passing data between distributed and non-distributed inputs and outputs within a matrix free component will change. See https://github.com/OpenMDAO/POEMs/blob/master/POEM_075.md for details.
/home/dafoamuser/dafoam/packages/miniconda3/lib/python3.10/site-packages/openmdao/core/component.py:140: OMDeprecationWarning:'scenario1.aero_post.functionals' <class DAFoamFunctions>: It appears this component mixes distributed/non-distributed inputs and outputs, so it may break starting with OpenMDAO 3.25, where the convention used when passing data between distributed and non-distributed inputs and outputs within a matrix free component will change. See https://github.com/OpenMDAO/POEMs/blob/master/POEM_075.md for details.
/home/dafoamuser/dafoam/packages/miniconda3/lib/python3.10/site-packages/openmdao/core/component.py:140: OMDeprecationWarning:'scenario1.aero_post.functionals' <class DAFoamFunctions>: It appears this component mixes distributed/non-distributed inputs and outputs, so it may break starting with OpenMDAO 3.25, where the convention used when passing data between distributed and non-distributed inputs and outputs within a matrix free component will change. See https://github.com/OpenMDAO/POEMs/blob/master/POEM_075.md for details.
/home/dafoamuser/dafoam/packages/miniconda3/lib/python3.10/site-packages/openmdao/core/component.py:140: OMDeprecationWarning:'scenario1.aero_post.functionals' <class DAFoamFunctions>: It appears this component mixes distributed/non-distributed inputs and outputs, so it may break starting with OpenMDAO 3.25, where the convention used when passing data between distributed and non-distributed inputs and outputs within a matrix free component will change. See https://github.com/OpenMDAO/POEMs/blob/master/POEM_075.md for details.
/home/dafoamuser/dafoam/packages/miniconda3/lib/python3.10/site-packages/openmdao/core/component.py:140: OMDeprecationWarning:'scenario1.aero_post.functionals' <class DAFoamFunctions>: It appears this component mixes distributed/non-distributed inputs and outputs, so it may break starting with OpenMDAO 3.25, where the convention used when passing data between distributed and non-distributed inputs and outputs within a matrix free component will change. See https://github.com/OpenMDAO/POEMs/blob/master/POEM_075.md for details.
/home/dafoamuser/dafoam/packages/miniconda3/lib/python3.10/site-packages/openmdao/core/problem.py:1011: DerivativesWarning:Inefficient choice of derivative mode.  You chose 'rev' for a problem with 10 design variables and 25 response variables (objectives and nonlinear constraints).
/home/dafoamuser/dafoam/packages/miniconda3/lib/python3.10/site-packages/openmdao/core/problem.py:1011: DerivativesWarning:Inefficient choice of derivative mode.  You chose 'rev' for a problem with 10 design variables and 25 response variables (objectives and nonlinear constraints).
/home/dafoamuser/dafoam/packages/miniconda3/lib/python3.10/site-packages/openmdao/core/problem.py:1011: DerivativesWarning:Inefficient choice of derivative mode.  You chose 'rev' for a problem with 10 design variables and 25 response variables (objectives and nonlinear constraints).
/home/dafoamuser/dafoam/packages/miniconda3/lib/python3.10/site-packages/openmdao/core/problem.py:1011: DerivativesWarning:Inefficient choice of derivative mode.  You chose 'rev' for a problem with 10 design variables and 25 response variables (objectives and nonlinear constraints).
DAInputVolCoord. 
Setting volume coordinates. 
DAInputPatchVelocity. 
Setting UMag = 10 AoA = 5.13918623195176 degs at 1(inout)
Checking mesh quality for time = 0
    Overall domain bounding box (-17.36955992934097 -18.580929029828 0) (18.72808974732804 18.580929008908 0.1)
    Mesh has 3 geometric (non-empty/wedge) directions (1 1 1)
    Mesh has 3 solution (non-empty) directions (1 1 1)
    Boundary openness (-4.00357692004596e-19 1.106679799037094e-19 -3.853013719984887e-16) OK.
    Max cell openness = 2.647572244145361e-16 OK.
    Max aspect ratio = 97.87218721638284 OK.
    Minimum face area = 2.254099143164308e-06. Maximum face area = 4.224820321497278.  Face area magnitudes OK.
    Min volume = 2.254099144856892e-07. Max volume = 0.422482032106397.  Total volume = 105.2804018655529.  Cell volumes OK.
    Mesh non-orthogonality Max: 22.74891598092847 average: 2.54793458191072
    Non-orthogonality check OK.
    Face pyramids OK.
    Max skewness = 1.432464754648327 OK.
    Coupled point location match (average 0) OK.

Mesh OK.

Running Primal Solver 001
Previous solution time -1e+10 not found and nothing deleted.
No finite volume options present

Starting time loop

Time = 1

U0 initRes: 0.9999999999987382 finalRes: 0.08239929705248522 nIters: 7
U1 initRes: 1 finalRes: 0.08006963309930511 nIters: 7
U2 initRes: 0.9999999554390513 finalRes: 0.07287552028177192 nIters: 7
p initRes: 1 finalRes: 0.08759607714306367 nIters: 5
Time step continuity errors : sum local = 0.0006228298172027307
                                 global = 0.0001842663582754356
                             cumulative = 0.0001842663582754356
nuTilda initRes: 0.9999999999994491 finalRes: 0.07775322893905691 nIters: 7
Bounding nuTilda>1e-16
CD: 0.5149676102329814 final: 0.5149676102329814
CL: -0.04741752689714335 final: -0.04741752689714335
yPlus min: 48.41927505735214 max: 83.48069447746133 mean: 78.5094672841262
ExecutionTime = 0.57 s  ClockTime = 0 s

Time = 100

U0 initRes: 0.0006532320918961698 finalRes: 4.893364725622822e-05 nIters: 6
U1 initRes: 0.0005888322005684494 finalRes: 5.479676518767354e-05 nIters: 5
U2 initRes: 0.001387582904117825 finalRes: 8.871718815999268e-05 nIters: 5
p initRes: 0.005020810948846374 finalRes: 0.0003324231966193838 nIters: 3
Time step continuity errors : sum local = 8.299856242747911e-06
                                 global = -4.288837666206265e-06
                             cumulative = 0.0001799775206092294
nuTilda initRes: 4.821379980636796e-05 finalRes: 4.109289861157092e-06 nIters: 2
Bounding nuTilda>1e-16
CD: 0.02201677414826145 final: 0.02201677414826145
CL: 0.482152108291244 final: 0.482152108291244
yPlus min: 14.76318531539008 max: 100.1774361437428 mean: 60.22420713553795
ExecutionTime = 0.89 s  ClockTime = 1 s

Time = 200

U0 initRes: 1.461796292418531e-05 finalRes: 1.171878676002444e-06 nIters: 6
U1 initRes: 1.196094491172904e-05 finalRes: 9.52650827578817e-07 nIters: 6
U2 initRes: 1.934529492023623e-05 finalRes: 1.702120293682694e-06 nIters: 5
p initRes: 1.691538231661723e-05 finalRes: 1.371687520077061e-06 nIters: 3
Time step continuity errors : sum local = 3.487179012195657e-08
                                 global = -3.709594077718264e-09
                             cumulative = 0.0001799738110151517
nuTilda initRes: 3.748682439864516e-07 finalRes: 3.639085616303161e-08 nIters: 4
Bounding nuTilda>1e-16
CD: 0.02094062020400239 final: 0.02094062020400239
CL: 0.4981692880580995 final: 0.4981692880580995
yPlus min: 14.26014638595369 max: 101.0569673449616 mean: 59.9622621362665
ExecutionTime = 1.22 s  ClockTime = 1 s

Time = 300

U0 initRes: 5.311117899334509e-07 finalRes: 4.221733674702595e-08 nIters: 6
U1 initRes: 4.648325134877084e-07 finalRes: 3.56134726731282e-08 nIters: 6
U2 initRes: 8.212620959458075e-07 finalRes: 6.126299813001645e-08 nIters: 5
p initRes: 1.013862015252786e-06 finalRes: 9.907060095912498e-08 nIters: 2
Time step continuity errors : sum local = 2.519996738791294e-09
                                 global = 1.308949984682148e-11
                             cumulative = 0.0001799738241046515
nuTilda initRes: 1.761301655541348e-08 finalRes: 1.473377862676707e-09 nIters: 4
Bounding nuTilda>1e-16
CD: 0.02091159452774665 final: 0.02091159452774665
CL: 0.498746798635329 final: 0.498746798635329
yPlus min: 14.24985901226992 max: 101.0842079948384 mean: 59.95703556643878
ExecutionTime = 1.55 s  ClockTime = 2 s

Time = 400

U0 initRes: 1.307693855103883e-08 finalRes: 9.664215525866293e-10 nIters: 6
U1 initRes: 1.050307882529112e-08 finalRes: 7.6960510445048e-10 nIters: 6
U2 initRes: 4.838229301847141e-08 finalRes: 4.691508317367528e-09 nIters: 5
p initRes: 3.292022829223673e-08 finalRes: 2.281847024260946e-09 nIters: 2
Time step continuity errors : sum local = 5.80429169947642e-11
                                 global = -1.527114795410919e-12
                             cumulative = 0.0001799738225775367
nuTilda initRes: 5.763551798322615e-10 finalRes: 4.288955117412733e-11 nIters: 4
Bounding nuTilda>1e-16
CD: 0.02091052897939372 final: 0.02091052897939372
CL: 0.4987649960656778 final: 0.4987649960656778
yPlus min: 14.2495331123092 max: 101.0851041967475 mean: 59.95687653103522
ExecutionTime = 1.87 s  ClockTime = 2 s

Time = 435
Minimal residual 9.718130161767436e-09 satisfied the prescribed tolerance 1e-08

CD: 0.02091050986737975 final: 0.02091050986737975
CL: 0.4987652658641271 final: 0.4987652658641271
End

Printing Primal Residual Statistics.
U Residual Norm2: (0.0002099425713327391 0.0002336553936321179 1.126669024562098e-12)
U Residual Mean: (1.584286243175041e-06 6.41199167907297e-07 8.517119653099105e-15)
U Residual Max: (5.425784547696821e-05 0.0001014877852867357 1.620858026694005e-13)
p Residual Norm2: 7.158652364434646e-05
p Residual Mean: 1.02814992936992e-07
p Residual Max: 3.266297038281629e-05
nuTilda Residual Norm2: 8.965412064056104e-08
nuTilda Residual Mean: 3.074062249136376e-10
nuTilda Residual Max: 1.684037340074697e-08
phi Residual Norm2: 3.231095510850997e-07
phi Residual Mean: 8.08312881764966e-10
phi Residual Max: 8.159239347920435e-08
Total Residual Norm2: 0.0003221730420694881
 
 
DIAGPART === listing all component pathnames ===
DIAGPART OUTPUT: dvs.shape
DIAGPART OUTPUT: dvs.patchV
DIAGPART OUTPUT: mesh.x_aero0
DIAGPART OUTPUT: geometry.x_aero0
DIAGPART OUTPUT: geometry.thickcon
DIAGPART OUTPUT: geometry.volcon
DIAGPART OUTPUT: geometry.rcon
DIAGPART OUTPUT: scenario1.aero_pre.warper.aero_vol_coords
DIAGPART OUTPUT: scenario1.aero_post.functionals.CD
DIAGPART OUTPUT: scenario1.aero_post.functionals.CL
DIAGPART OUTPUT: scenario1.coupling.solver.aero_states
DIAGPART === check_partials: scenario1 coupling mesh warper component only ===
