WARNING 7: VSPAERO Viewer Not Found. 
	Expected here: /home/dafoamuser/dafoam/packages/miniconda3/lib/python3.10/site-packages/openvsp/vspviewer
 
-------------------------------------------------------------------------------
|                               DAFoam v5.0.0                                 |
-------------------------------------------------------------------------------
 
I/O    : uncollated
Case   : /home/dafoamuser/mount/NACA0012_Airfoil_Incompressible
nProcs : 1
Initializing mesh and runtime for DASolver
Create time

Overriding DebugSwitches according to controlDict
    SolverPerformance 0;

Create mesh for time = 0
Replacing wallDist.method meshWave -> meshWaveFrozen
DAOption created. DASolver initialized.
I/O    : uncollated
Case   : /home/dafoamuser/mount/NACA0012_Airfoil_Incompressible
nProcs : 1
Initializing mesh and runtime for DASolver
Create time

Overriding DebugSwitches according to controlDict
    SolverPerformance 0;

Create mesh for time = 0
Replacing wallDist.method meshWave -> meshWaveFrozen
DAOption created. DASolver initialized.
Initializing fields for DASimpleFoam
Create simpleControl.

SIMPLE: no convergence criteria found. Calculations will run for 3000 steps.

Reading field p

Reading field U

Reading/calculating face flux field phi

Creating source term. 
Selecting incompressible transport model Newtonian
Selecting turbulence model type RAS
Selecting RAS turbulence model SpalartAllmaras
Selecting patchDistMethod meshWaveFrozen
ft2 term: inactive
No MRF models present

Turbulence model is incompressible
Adjoint States: 
4
(
U volVectorState
nuTilda modelState
phi surfaceScalarState
p volScalarState
)
Global Cells: 4032
Global Faces: 16254
Global Xv: 24948
Undecomposed points: 8316
Global Adjoint States: 36414

SIMPLE: no convergence criteria found. Calculations will run for 3000 steps.

DACheckMesh Thresholds: 
maxNonOrth: 70
maxSkewness: 4
maxAspectRatio: 1000
maxIncorrectlyOrientedFaces: 0
    Adding all faces of patches: (wing) ...
    Found matching patch wing with 126 faces
    Adding all faces of patches: (wing) ...
    Found matching patch wing with 126 faces
Initializing fields for DASimpleFoam
Create simpleControl.

SIMPLE: no convergence criteria found. Calculations will run for 3000 steps.

Reading field p

Reading field U

Reading/calculating face flux field phi

Creating source term. 
Selecting incompressible transport model Newtonian
Selecting turbulence model type RAS
Selecting RAS turbulence model SpalartAllmaras
Selecting patchDistMethod meshWaveFrozen
ft2 term: inactive
No MRF models present

Turbulence model is incompressible
Adjoint States: 
4
(
U volVectorState
nuTilda modelState
phi surfaceScalarState
p volScalarState
)
Global Cells: 4032
Global Faces: 16254
Global Xv: 24948
Undecomposed points: 8316
Global Adjoint States: 36414

SIMPLE: no convergence criteria found. Calculations will run for 3000 steps.

DACheckMesh Thresholds: 
maxNonOrth: 70
maxSkewness: 4
maxAspectRatio: 1000
maxIncorrectlyOrientedFaces: 0
    Adding all faces of patches: (wing) ...
    Found matching patch wing with 126 faces
    Adding all faces of patches: (wing) ...
    Found matching patch wing with 126 faces
Init solver done! ElapsedClockTime 1.000000 s
Init solver done! ElapsedCpuTime 0.450000 s
initState: 
6
(
nuTilda 4.499999999999846e-05
phi 0
U1 0.7357894525851726
U2 2.408573069469727e-10
p 0
U0 9.763214572391604
)
Setting up primal boundary conditions based on pyOptions: 
Setting primal boundary conditions...
Setting U = (10 0 0) at inout
Setting primal boundary conditions...
Setting p = 0 at inout
Setting primal boundary conditions...
Setting nuTilda = 4.5e-05 at inout
Setting nut wall BC for wing. BCType=nutUSpaldingWallFunction
Reading OpenFOAM mesh information...
I/O    : uncollated
Case   : /home/dafoamuser/mount/NACA0012_Airfoil_Incompressible
nProcs : 1
Reading the OpenFOAM mesh..
Overriding DebugSwitches according to controlDict
    SolverPerformance 0;

I/O    : uncollated
DAFoam option dictionary: 
{
    solverName      DASimpleFoam;
    primalMinResTol 1e-08;
    primalFuncStdTol
    {
        stdTol          -1;
        slopeTol        -1;
        funcNames       1 ( CD );
        nStepsFrac      0.2;
    }
    primalBC
    {
        U0
        {
            variable        U;
            patches         1 ( inout );
            value           3 ( 10 0 0 );
        }
        p0
        {
            variable        p;
            patches         1 ( inout );
            value           1 ( 0 );
        }
        nuTilda0
        {
            variable        nuTilda;
            patches         1 ( inout );
            value           1 ( 4.5e-05 );
        }
        useWallFunction 1;
    }
    primalInitCondition
    {
    }
    normalizeStates
    {
        U               10;
        p               50;
        nuTilda         0.00045;
        phi             1;
    }
    function
    {
        CD
        {
            type            force;
            source          patchToFace;
            patches         1 ( wing );
            directionMode   parallelToFlow;
            patchVelocityInputName patchV;
            scale           0.2;
        }
        CL
        {
            type            force;
            source          patchToFace;
            patches         1 ( wing );
            directionMode   normalToFlow;
            patchVelocityInputName patchV;
            scale           0.2;
        }
    }
    inputInfo
    {
        aero_vol_coords
        {
            type            volCoord;
            components      2 ( solver function );
        }
        patchV
        {
            type            patchVelocity;
            patches         1 ( inout );
            flowAxis        x;
            normalAxis      y;
            components      2 ( solver function );
        }
    }
    outputInfo
    {
    }
    designSurfaces  1 ( wing );
    fvSource
    {
    }
    prepareCaseOnly 0;
    adjEqnSolMethod Krylov;
    dynamicMesh
    {
        active          0;
        mode            rotation;
        center          3 ( 0.25 0 0 );
        axis            z;
        omega           0.1;
        s               2;
        t0              0.35;
    }
    primalVarBounds
    {
        UMax            1000;
        UMin            -1000;
        pMax            50000;
        pMin            -50000;
        p_rghMax        50000;
        p_rghMin        -50000;
        eMax            55000;
        eMin            -220000;
        TMax            1000;
        TMin            100;
        hMax            200000;
        hMin            -200000;
        DMax            1e+16;
        DMin            -1e+16;
        rhoMax          5;
        rhoMin          0.2;
        nuTildaMax      1e+16;
        nuTildaMin      1e-16;
        kMax            1e+16;
        kMin            1e-16;
        omegaMax        1e+16;
        omegaMin        1e-16;
        epsilonMax      1e+16;
        epsilonMin      1e-16;
        ReThetatMax     1e+16;
        ReThetatMin     1e-16;
        gammaIntMax     1e+16;
        gammaIntMin     1e-16;
    }
    discipline      aero;
    adjPartDerivFDStep
    {
        State           1e-06;
    }
    transonicPCOption -1;
    unsteadyAdjoint
    {
        mode            None;
        PCMatPrecomputeInterval 100;
        PCMatUpdateInterval 1;
        reduceIO        1;
        additionalOutput 1 ( None );
        additionalOldTime 1 ( None );
        readZeroFields  1;
    }
    adjPCLag        10000;
    useAD
    {
        mode            reverse;
        dvName          None;
        seedIndex       -9999;
    }
    useConstrainHbyA 1;
    forceMeshWaveFrozen 1;
    useDdtCorr      0;
    regressionModel
    {
        active          0;
    }
    useMeanStates   0;
    solveLinearFunctionName None;
    printDAOptions  1;
    debug           0;
    writeJacobians  1 ( None );
    printInterval   100;
    printIntervalUnsteady 1;
    primalMinResTolDiff 100;
    adjUseColoring  1;
    adjEqnOption
    {
        globalPCIters   0;
        asmOverlap      1;
        localPCIters    1;
        jacMatReOrdering rcm;
        pcFillLevel     1;
        gmresMaxIters   1000;
        gmresRestart    1000;
        gmresRelTol     1e-06;
        gmresAbsTol     1e-14;
        gmresTolDiff    100;
        useNonZeroInitGuess 0;
        useMGSO         0;
        printInfo       1;
        fpMaxIters      1000;
        fpRelTol        1e-06;
        fpMinResTolDiff 100;
        fpPCUpwind      0;
        dynAdjustTol    0;
        KSPCalcEigen    0;
        KSPCalcSingularVal 0;
        readPCMat       0;
    }
    normalizeResiduals 11 ( URes pRes p_rghRes nuTildaRes phiRes TRes DRes kRes omegaRes epsilonRes alpha.waterRes );
    maxResConLv4JacPCMat
    {
        pRes            2;
        phiRes          1;
        URes            2;
        TRes            2;
        nuTildaRes      2;
        kRes            2;
        epsilonRes      2;
        omegaRes        2;
        p_rghRes        2;
        DRes            2;
        gammaIntRes     2;
        ReThetatRes     2;
        alpha.waterRes  2;
    }
    jacLowerBounds
    {
        dRdW            1e-30;
        dRdWPC          1e-30;
    }
    maxTractionBCIters 100;
    decomposeParDict
    {
        method          scotch;
        simpleCoeffs
        {
            n               3 ( 2 2 1 );
            delta           0.001;
        }
        kahipCoeffs
        {
            config          fast;
            imbalance       0.01;
        }
        preservePatches 1 ( None );
        singleProcessorFaceSets 1 ( None );
        args            1 ( None );
    }
    adjStateOrdering state;
    checkMeshThreshold
    {
        maxAspectRatio  1000;
        maxNonOrth      70;
        maxSkewness     4;
        maxIncorrectlyOrientedFaces 0;
    }
    writeDeformedFFDs 0;
    writeDeformedConstraints 0;
    writeAdjointFields 0;
    maxCorrectBCCalls 2;
    writeMinorIterations 0;
    primalMinIters  1;
    tensorflow
    {
        active          0;
    }
    wallDistanceMethod default;
    unsteadyCompOutput
    {
    }
}

Checking if we need to compress the mesh files
Checking if we need to compress the mesh files
pyDAFoam initialization done!
+----------------------------------------+
|          All IDWarp Options:           |
+----------------------------------------+
{'LdefFact': 1.0,
 'aExp': 3.0,
 'alpha': 0.25,
 'bExp': 5.0,
 'bucketSize': 8,
 'cornerAngle': 30.0,
 'errTol': 0.0005,
 'evalMode': 'fast',
 'fileType': 'OpenFOAM',
 'gridFile': '/home/dafoamuser/mount/NACA0012_Airfoil_Incompressible',
 'restartFile': None,
 'specifiedSurfaces': None,
 'symmTol': 1e-06,
 'symmetryPlanes': [[[0.0, 0.0, 0.0], [0.0, 0.0, 1.0]],
                    [[0.0, 0.0, 0.1], [0.0, 0.0, 1.0]]],
 'symmetrySurfaces': None,
 'useRotations': True,
 'zeroCornerRotations': True}
I/O    : uncollated
Case   : /home/dafoamuser/mount/NACA0012_Airfoil_Incompressible
nProcs : 1
Reading the OpenFOAM mesh..
Overriding DebugSwitches according to controlDict
    SolverPerformance 0;

#------------------------------#
 Total Volume Nodes :      8316 
#------------------------------#
I/O    : uncollated
#--------------------------------#
 Unique Surface Nodes :       252 
#--------------------------------#
 Computing Denominator Estimate...
 Load Balancing...
 Finished Mesh Initialization.
Checking if we need to compress the mesh files
Checking if we need to compress the mesh files
+-------------------- Symmetry Planes -------------------+
|           Point                        Normal          |
| (  0.000   0.000   0.000)    (  0.000   0.000   1.000) |
| (  0.000   0.000   0.100)    (  0.000   0.000   1.000) |
+--------------------------------------------------------+
OrderedDict([('inout', [0]), ('symmetry1', [1]), ('symmetry2', [2]), ('wing', [3]), ('allSurfaces', [0, 1, 2, 3]), ('allWalls', [3]), ('designSurfaces', [3])])
/home/dafoamuser/dafoam/packages/miniconda3/lib/python3.10/site-packages/openmdao/core/component.py:229: DistributedComponentWarning:'mesh' <class DAFoamMesh>: Component contains distributed variables, but there is no distributed vector implementation (MPI/PETSc) available. The default non-distributed vectors will be used.
/home/dafoamuser/dafoam/packages/miniconda3/lib/python3.10/site-packages/openmdao/core/component.py:229: DistributedComponentWarning:'scenario1.aero_pre.warper' <class DAFoamWarper>: Component contains distributed variables, but there is no distributed vector implementation (MPI/PETSc) available. The default non-distributed vectors will be used.
dRdWT Jacobian Free created!
/home/dafoamuser/dafoam/packages/miniconda3/lib/python3.10/site-packages/openmdao/core/component.py:229: DistributedComponentWarning:'scenario1.coupling.solver' <class DAFoamSolver>: Component contains distributed variables, but there is no distributed vector implementation (MPI/PETSc) available. The default non-distributed vectors will be used.
/home/dafoamuser/dafoam/packages/miniconda3/lib/python3.10/site-packages/openmdao/core/component.py:229: DistributedComponentWarning:'scenario1.aero_post.functionals' <class DAFoamFunctions>: Component contains distributed variables, but there is no distributed vector implementation (MPI/PETSc) available. The default non-distributed vectors will be used.
/home/dafoamuser/dafoam/packages/miniconda3/lib/python3.10/site-packages/openmdao/core/component.py:140: OMDeprecationWarning:'scenario1.coupling.solver' <class DAFoamSolver>: It appears this component mixes distributed/non-distributed inputs and outputs, so it may break starting with OpenMDAO 3.25, where the convention used when passing data between distributed and non-distributed inputs and outputs within a matrix free component will change. See https://github.com/OpenMDAO/POEMs/blob/master/POEM_075.md for details.
/home/dafoamuser/dafoam/packages/miniconda3/lib/python3.10/site-packages/openmdao/core/component.py:140: OMDeprecationWarning:'scenario1.aero_post.functionals' <class DAFoamFunctions>: It appears this component mixes distributed/non-distributed inputs and outputs, so it may break starting with OpenMDAO 3.25, where the convention used when passing data between distributed and non-distributed inputs and outputs within a matrix free component will change. See https://github.com/OpenMDAO/POEMs/blob/master/POEM_075.md for details.
/home/dafoamuser/dafoam/packages/miniconda3/lib/python3.10/site-packages/openmdao/core/problem.py:1011: DerivativesWarning:Inefficient choice of derivative mode.  You chose 'rev' for a problem with 10 design variables and 25 response variables (objectives and nonlinear constraints).
DAInputVolCoord. 
Setting volume coordinates. 
DAInputPatchVelocity. 
Setting UMag = 10 AoA = 5.13918623195176 degs at 1(inout)
Checking mesh quality for time = 0
    Overall domain bounding box (-17.36955992934097 -18.580929029828 0) (18.72808974732804 18.580929008908 0.1)
    Mesh has 3 geometric (non-empty/wedge) directions (1 1 1)
    Mesh has 3 solution (non-empty) directions (1 1 1)
    Boundary openness (-3.998195603750368e-19 -5.489325931378579e-20 -2.719001894077799e-16) OK.
    Max cell openness = 2.647572244145361e-16 OK.
    Max aspect ratio = 97.87218721638284 OK.
    Minimum face area = 2.254099143164308e-06. Maximum face area = 4.224820321497278.  Face area magnitudes OK.
    Min volume = 2.254099144856892e-07. Max volume = 0.422482032106397.  Total volume = 105.2804018655528.  Cell volumes OK.
    Mesh non-orthogonality Max: 22.74891598092847 average: 2.547934581914154
    Non-orthogonality check OK.
    Face pyramids OK.
    Max skewness = 1.432464754647905 OK.
    Coupled point location match (average 0) OK.

Mesh OK.

Running Primal Solver 001
Previous solution time -1e+10 not found and nothing deleted.
No finite volume options present

Starting time loop

Time = 1

U0 initRes: 0.02370524684653636 finalRes: 0.002273313466645382 nIters: 6
U1 initRes: 0.03912153145580134 finalRes: 0.003830238677365894 nIters: 6
U2 initRes: 0.03596477466510434 finalRes: 0.002715436866027479 nIters: 6
p initRes: 1 finalRes: 0.04971880248477557 nIters: 4
Time step continuity errors : sum local = 0.00019231276660892
                                 global = -1.541560558702166e-05
                             cumulative = -1.541560558702166e-05
nuTilda initRes: 0.9999999998575132 finalRes: 0.07536289165072352 nIters: 6
Bounding nuTilda>1e-16
CD: 0.05198815909009297 final: 0.05198815909009297
CL: 0.471481539368845 final: 0.471481539368845
yPlus min: 16.38709722137763 max: 89.62460171674189 mean: 57.42493337973991
ExecutionTime = 1.27 s  ClockTime = 1 s

Time = 100

U0 initRes: 0.0001731684834544332 finalRes: 1.407949467954027e-05 nIters: 5
U1 initRes: 0.0002026145308604721 finalRes: 1.358282314154429e-05 nIters: 5
U2 initRes: 0.0004091814819511978 finalRes: 3.607404983552185e-05 nIters: 4
p initRes: 0.003181057672114827 finalRes: 0.0002055989635825163 nIters: 2
Time step continuity errors : sum local = 5.214769975965462e-06
                                 global = 4.442422824907403e-07
                             cumulative = -1.497136330453092e-05
nuTilda initRes: 3.899800590000393e-06 finalRes: 3.245898219540412e-07 nIters: 4
Bounding nuTilda>1e-16
CD: 0.02109025114675333 final: 0.02109025114675333
CL: 0.4958093681624718 final: 0.4958093681624718
yPlus min: 14.31380499239331 max: 100.924674346437 mean: 59.99885828252685
ExecutionTime = 2.38 s  ClockTime = 3 s

Time = 200

U0 initRes: 2.931284531738412e-06 finalRes: 2.291641175624141e-07 nIters: 6
U1 initRes: 2.375563684992575e-06 finalRes: 1.869292467689273e-07 nIters: 6
U2 initRes: 4.067324555597939e-06 finalRes: 3.484246726275244e-07 nIters: 5
p initRes: 4.649529945317499e-06 finalRes: 4.365457230864577e-07 nIters: 2
Time step continuity errors : sum local = 1.110312289242021e-08
                                 global = 1.3376175822551e-10
                             cumulative = -1.497122954277269e-05
nuTilda initRes: 8.627802197868911e-08 finalRes: 8.103292279933433e-09 nIters: 4
Bounding nuTilda>1e-16
CD: 0.02091659020960794 final: 0.02091659020960794
CL: 0.4986491894371365 final: 0.4986491894371365
yPlus min: 14.25155495680364 max: 101.0795488944244 mean: 59.95796241433249
ExecutionTime = 3.48 s  ClockTime = 4 s

Time = 300

U0 initRes: 1.093575630636203e-07 finalRes: 8.090760554657791e-09 nIters: 6
U1 initRes: 8.009949754466194e-08 finalRes: 6.082671309991069e-09 nIters: 6
U2 initRes: 1.918987773503806e-07 finalRes: 1.346397959523473e-08 nIters: 5
p initRes: 2.164097277153374e-07 finalRes: 1.426033021252232e-08 nIters: 2
Time step continuity errors : sum local = 3.627364573837688e-10
                                 global = 4.17727516504943e-11
                             cumulative = -1.497118777002104e-05
nuTilda initRes: 4.887820624776112e-09 finalRes: 3.861006364259024e-10 nIters: 4
Bounding nuTilda>1e-16
CD: 0.02091071608391082 final: 0.02091071608391082
CL: 0.4987624466421203 final: 0.4987624466421203
yPlus min: 14.24958271189046 max: 101.0849620557342 mean: 59.95690204224657
ExecutionTime = 4.62 s  ClockTime = 5 s

Time = 384
Minimal residual 9.957549854306256e-09 satisfied the prescribed tolerance 1e-08

CD: 0.02091051265754953 final: 0.02091051265754953
CL: 0.4987652318909882 final: 0.4987652318909882
End

Printing Primal Residual Statistics.
U Residual Norm2: (0.0002936303375119808 0.0003298664685094428 1.130924893146988e-12)
U Residual Mean: (2.240342361467423e-06 9.211647272202916e-07 8.910699927175392e-15)
U Residual Max: (7.528787500632461e-05 0.0001368335751976701 1.492849851122628e-13)
p Residual Norm2: 9.759256249197125e-05
p Residual Mean: 1.391260582164963e-07
p Residual Max: 4.391798326775867e-05
nuTilda Residual Norm2: 9.056342495156611e-08
nuTilda Residual Mean: 3.352557189819704e-10
nuTilda Residual Max: 1.641667521794787e-08
phi Residual Norm2: 4.370904687875526e-07
phi Residual Mean: 1.131461791919063e-09
phi Residual Max: 1.121778527463408e-07
Total Residual Norm2: 0.000452277757199989
 
 
HANDCOMP === primal done t=5.8s CD_baseline=2.091051265754953e-02 ===
Computing d[CD]/d[aero_states]^T * psi 5.49 s
Computing d[CD]/d[aero_vol_coords]^T * psi 5.56 s
Computing d[CD]/d[patchV]^T * psi 5.95 s
Checking if Coloring file exists..
dRdWColoring_1.bin exists.
Moving time 384 to 0.0001
Driver total derivatives for iteration: 1
---------------------------------------------
Computing dRdWTPC 6.36 s
Initializing dRdWCon. 6.36 s
dRdWCon Created. 7.82 s
Reading Coloring dRdWColoring_1
Validating Coloring...
No Conflicting Colors Found!
Partial derivative matrix created. 7.87 s
dRdWTPC: 0 of 325, ExecutionTime: 7.89 s
dRdWTPC: 100 of 325, ExecutionTime: 9.57 s
dRdWTPC: 200 of 325, ExecutionTime: 11.24 s
dRdWTPC: 300 of 325, ExecutionTime: 12.91 s
dRdWTPC: 324 of 325, ExecutionTime: 13.3 s
Solver Type: gmres
GMRES Restart: 1000
ASM Overlap: 1
Global PC Iters: 0
Local PC Iters: 1
Mat ReOrdering: rcm
ILU PC Fill Level: 1
GMRES Max Iterations: 1000
GMRES Relative Tolerance: 1e-06
GMRES Absolute Tolerance: 1e-14
Solving Linear Equation... 13.04 s
Main iteration 0 KSP Residual norm 3.216467351563e-02 13.30 s. 
Main iteration 100 KSP Residual norm 4.259361666808e-06 19.13 s. 
Main iteration 155 KSP Residual norm 2.959249408116e-08 22.70 s 
**Completed**! Total iterations: 155. PetscConvergedReason: 2. 22.7 s
Residual tolerance satisfied, solution finished!
Computing d[aero_residuals]/d[aero_vol_coords]^T * psi 22.8 s
Computing d[aero_residuals]/d[patchV]^T * psi 23.49 s
HANDCOMP dCD/dshape (framework) = [-0.01134164 -0.02217957  0.00679853  0.01238017  0.03893833  0.04234251
  0.00569073  0.00346681]
HANDCOMP idx=0 ||eta||_2 (dXs/dShape_idx) = 2.942019e+00
HANDCOMP_STAGE1 idx=0 AN_scalar(hand-composed: warpDeriv x DVGeo-Jacobian) = -1.134163913442e-02
HANDCOMP_STAGE1 idx=0 matches framework dCD/dshape[idx]=-1.134163913442e-02 ? diff=-8.674e-18
HANDCOMP_STAGE2 idx=0 h=1.000e-04 AN_scalar=-1.134163913442e-02 FD_scalar_xs_direct=-1.013378210572e-02 abs_diff=-1.207857e-03 rel_err=1.191911e-01 sign=agree
HANDCOMP_DONE idx=0 t=24.4s
