WARNING 7: VSPAERO Viewer Not Found. 
	Expected here: /home/dafoamuser/dafoam/packages/miniconda3/lib/python3.10/site-packages/openvsp/vspviewer
 
-------------------------------------------------------------------------------
|                               DAFoam v5.0.0                                 |
-------------------------------------------------------------------------------
 
I/O    : uncollated
Case   : /home/dafoamuser/mount/NACA0012_Airfoil_Incompressible
nProcs : 1
Initializing mesh and runtime for DASolver
Create time

Overriding DebugSwitches according to controlDict
    SolverPerformance 0;

Create mesh for time = 0
Replacing wallDist.method meshWave -> meshWaveFrozen
DAOption created. DASolver initialized.
I/O    : uncollated
Case   : /home/dafoamuser/mount/NACA0012_Airfoil_Incompressible
nProcs : 1
Initializing mesh and runtime for DASolver
Create time

Overriding DebugSwitches according to controlDict
    SolverPerformance 0;

Create mesh for time = 0
Replacing wallDist.method meshWave -> meshWaveFrozen
DAOption created. DASolver initialized.
Initializing fields for DASimpleFoam
Create simpleControl.

SIMPLE: no convergence criteria found. Calculations will run for 3000 steps.

Reading field p

Reading field U

Reading/calculating face flux field phi

Creating source term. 
Selecting incompressible transport model Newtonian
Selecting turbulence model type RAS
Selecting RAS turbulence model SpalartAllmaras
Selecting patchDistMethod meshWaveFrozen
ft2 term: inactive
No MRF models present

Turbulence model is incompressible
Adjoint States: 
4
(
U volVectorState
nuTilda modelState
phi surfaceScalarState
p volScalarState
)
Global Cells: 4032
Global Faces: 16254
Global Xv: 24948
Undecomposed points: 8316
Global Adjoint States: 36414

SIMPLE: no convergence criteria found. Calculations will run for 3000 steps.

DACheckMesh Thresholds: 
maxNonOrth: 70
maxSkewness: 4
maxAspectRatio: 1000
maxIncorrectlyOrientedFaces: 0
    Adding all faces of patches: (wing) ...
    Found matching patch wing with 126 faces
    Adding all faces of patches: (wing) ...
    Found matching patch wing with 126 faces
Initializing fields for DASimpleFoam
Create simpleControl.

SIMPLE: no convergence criteria found. Calculations will run for 3000 steps.

Reading field p

Reading field U

Reading/calculating face flux field phi

Creating source term. 
Selecting incompressible transport model Newtonian
Selecting turbulence model type RAS
Selecting RAS turbulence model SpalartAllmaras
Selecting patchDistMethod meshWaveFrozen
ft2 term: inactive
No MRF models present

Turbulence model is incompressible
Adjoint States: 
4
(
U volVectorState
nuTilda modelState
phi surfaceScalarState
p volScalarState
)
Global Cells: 4032
Global Faces: 16254
Global Xv: 24948
Undecomposed points: 8316
Global Adjoint States: 36414

SIMPLE: no convergence criteria found. Calculations will run for 3000 steps.

DACheckMesh Thresholds: 
maxNonOrth: 70
maxSkewness: 4
maxAspectRatio: 1000
maxIncorrectlyOrientedFaces: 0
    Adding all faces of patches: (wing) ...
    Found matching patch wing with 126 faces
    Adding all faces of patches: (wing) ...
    Found matching patch wing with 126 faces
Init solver done! ElapsedClockTime 0.000000 s
Init solver done! ElapsedCpuTime 0.450000 s
initState: 
6
(
nuTilda 4.499999999999846e-05
phi 0
U1 0
U2 0
p 0
U0 10.00000000000001
)
Setting up primal boundary conditions based on pyOptions: 
Setting primal boundary conditions...
Setting U = (10 0 0) at inout
Setting primal boundary conditions...
Setting p = 0 at inout
Setting primal boundary conditions...
Setting nuTilda = 4.5e-05 at inout
Setting nut wall BC for wing. BCType=nutUSpaldingWallFunction
Reading OpenFOAM mesh information...
I/O    : uncollated
Case   : /home/dafoamuser/mount/NACA0012_Airfoil_Incompressible
nProcs : 1
Reading the OpenFOAM mesh..
Overriding DebugSwitches according to controlDict
    SolverPerformance 0;

I/O    : uncollated
DAFoam option dictionary: 
{
    solverName      DASimpleFoam;
    primalMinResTol 1e-08;
    primalFuncStdTol
    {
        stdTol          -1;
        slopeTol        -1;
        funcNames       1 ( CD );
        nStepsFrac      0.2;
    }
    primalBC
    {
        U0
        {
            variable        U;
            patches         1 ( inout );
            value           3 ( 10 0 0 );
        }
        p0
        {
            variable        p;
            patches         1 ( inout );
            value           1 ( 0 );
        }
        nuTilda0
        {
            variable        nuTilda;
            patches         1 ( inout );
            value           1 ( 4.5e-05 );
        }
        useWallFunction 1;
    }
    primalInitCondition
    {
    }
    normalizeStates
    {
        U               10;
        p               50;
        nuTilda         0.00045;
        phi             1;
    }
    function
    {
        CD
        {
            type            force;
            source          patchToFace;
            patches         1 ( wing );
            directionMode   parallelToFlow;
            patchVelocityInputName patchV;
            scale           0.2;
        }
        CL
        {
            type            force;
            source          patchToFace;
            patches         1 ( wing );
            directionMode   normalToFlow;
            patchVelocityInputName patchV;
            scale           0.2;
        }
    }
    inputInfo
    {
        aero_vol_coords
        {
            type            volCoord;
            components      2 ( solver function );
        }
        patchV
        {
            type            patchVelocity;
            patches         1 ( inout );
            flowAxis        x;
            normalAxis      y;
            components      2 ( solver function );
        }
    }
    outputInfo
    {
    }
    designSurfaces  1 ( wing );
    fvSource
    {
    }
    prepareCaseOnly 0;
    adjEqnSolMethod Krylov;
    dynamicMesh
    {
        active          0;
        mode            rotation;
        center          3 ( 0.25 0 0 );
        axis            z;
        omega           0.1;
        s               2;
        t0              0.35;
    }
    primalVarBounds
    {
        UMax            1000;
        UMin            -1000;
        pMax            50000;
        pMin            -50000;
        p_rghMax        50000;
        p_rghMin        -50000;
        eMax            55000;
        eMin            -220000;
        TMax            1000;
        TMin            100;
        hMax            200000;
        hMin            -200000;
        DMax            1e+16;
        DMin            -1e+16;
        rhoMax          5;
        rhoMin          0.2;
        nuTildaMax      1e+16;
        nuTildaMin      1e-16;
        kMax            1e+16;
        kMin            1e-16;
        omegaMax        1e+16;
        omegaMin        1e-16;
        epsilonMax      1e+16;
        epsilonMin      1e-16;
        ReThetatMax     1e+16;
        ReThetatMin     1e-16;
        gammaIntMax     1e+16;
        gammaIntMin     1e-16;
    }
    discipline      aero;
    adjPartDerivFDStep
    {
        State           1e-06;
    }
    transonicPCOption -1;
    unsteadyAdjoint
    {
        mode            None;
        PCMatPrecomputeInterval 100;
        PCMatUpdateInterval 1;
        reduceIO        1;
        additionalOutput 1 ( None );
        additionalOldTime 1 ( None );
        readZeroFields  1;
    }
    adjPCLag        10000;
    useAD
    {
        mode            reverse;
        dvName          None;
        seedIndex       -9999;
    }
    useConstrainHbyA 1;
    forceMeshWaveFrozen 1;
    useDdtCorr      0;
    regressionModel
    {
        active          0;
    }
    useMeanStates   0;
    solveLinearFunctionName None;
    printDAOptions  1;
    debug           0;
    writeJacobians  1 ( None );
    printInterval   100;
    printIntervalUnsteady 1;
    primalMinResTolDiff 100;
    adjUseColoring  1;
    adjEqnOption
    {
        globalPCIters   0;
        asmOverlap      1;
        localPCIters    1;
        jacMatReOrdering rcm;
        pcFillLevel     1;
        gmresMaxIters   1000;
        gmresRestart    1000;
        gmresRelTol     1e-06;
        gmresAbsTol     1e-14;
        gmresTolDiff    100;
        useNonZeroInitGuess 0;
        useMGSO         0;
        printInfo       1;
        fpMaxIters      1000;
        fpRelTol        1e-06;
        fpMinResTolDiff 100;
        fpPCUpwind      0;
        dynAdjustTol    0;
        KSPCalcEigen    0;
        KSPCalcSingularVal 0;
        readPCMat       0;
    }
    normalizeResiduals 11 ( URes pRes p_rghRes nuTildaRes phiRes TRes DRes kRes omegaRes epsilonRes alpha.waterRes );
    maxResConLv4JacPCMat
    {
        pRes            2;
        phiRes          1;
        URes            2;
        TRes            2;
        nuTildaRes      2;
        kRes            2;
        epsilonRes      2;
        omegaRes        2;
        p_rghRes        2;
        DRes            2;
        gammaIntRes     2;
        ReThetatRes     2;
        alpha.waterRes  2;
    }
    jacLowerBounds
    {
        dRdW            1e-30;
        dRdWPC          1e-30;
    }
    maxTractionBCIters 100;
    decomposeParDict
    {
        method          scotch;
        simpleCoeffs
        {
            n               3 ( 2 2 1 );
            delta           0.001;
        }
        kahipCoeffs
        {
            config          fast;
            imbalance       0.01;
        }
        preservePatches 1 ( None );
        singleProcessorFaceSets 1 ( None );
        args            1 ( None );
    }
    adjStateOrdering state;
    checkMeshThreshold
    {
        maxAspectRatio  1000;
        maxNonOrth      70;
        maxSkewness     4;
        maxIncorrectlyOrientedFaces 0;
    }
    writeDeformedFFDs 0;
    writeDeformedConstraints 0;
    writeAdjointFields 0;
    maxCorrectBCCalls 2;
    writeMinorIterations 0;
    primalMinIters  1;
    tensorflow
    {
        active          0;
    }
    wallDistanceMethod default;
    unsteadyCompOutput
    {
    }
}

Checking if we need to compress the mesh files
Checking if we need to compress the mesh files
pyDAFoam initialization done!
+----------------------------------------+
|          All IDWarp Options:           |
+----------------------------------------+
{'LdefFact': 1.0,
 'aExp': 3.0,
 'alpha': 0.25,
 'bExp': 5.0,
 'bucketSize': 8,
 'cornerAngle': 30.0,
 'errTol': 0.0005,
 'evalMode': 'fast',
 'fileType': 'OpenFOAM',
 'gridFile': '/home/dafoamuser/mount/NACA0012_Airfoil_Incompressible',
 'restartFile': None,
 'specifiedSurfaces': None,
 'symmTol': 1e-06,
 'symmetryPlanes': [[[0.0, 0.0, 0.0], [0.0, 0.0, 1.0]],
                    [[0.0, 0.0, 0.1], [0.0, 0.0, 1.0]]],
 'symmetrySurfaces': None,
 'useRotations': True,
 'zeroCornerRotations': True}
I/O    : uncollated
Case   : /home/dafoamuser/mount/NACA0012_Airfoil_Incompressible
nProcs : 1
Reading the OpenFOAM mesh..
Overriding DebugSwitches according to controlDict
    SolverPerformance 0;

#------------------------------#
 Total Volume Nodes :      8316 
#------------------------------#
I/O    : uncollated
#--------------------------------#
 Unique Surface Nodes :       252 
#--------------------------------#
 Computing Denominator Estimate...
 Load Balancing...
 Finished Mesh Initialization.
Checking if we need to compress the mesh files
Checking if we need to compress the mesh files
+-------------------- Symmetry Planes -------------------+
|           Point                        Normal          |
| (  0.000   0.000   0.000)    (  0.000   0.000   1.000) |
| (  0.000   0.000   0.100)    (  0.000   0.000   1.000) |
+--------------------------------------------------------+
OrderedDict([('inout', [0]), ('symmetry1', [1]), ('symmetry2', [2]), ('wing', [3]), ('allSurfaces', [0, 1, 2, 3]), ('allWalls', [3]), ('designSurfaces', [3])])
/home/dafoamuser/dafoam/packages/miniconda3/lib/python3.10/site-packages/openmdao/core/component.py:229: DistributedComponentWarning:'mesh' <class DAFoamMesh>: Component contains distributed variables, but there is no distributed vector implementation (MPI/PETSc) available. The default non-distributed vectors will be used.
/home/dafoamuser/dafoam/packages/miniconda3/lib/python3.10/site-packages/openmdao/core/component.py:229: DistributedComponentWarning:'scenario1.aero_pre.warper' <class DAFoamWarper>: Component contains distributed variables, but there is no distributed vector implementation (MPI/PETSc) available. The default non-distributed vectors will be used.
dRdWT Jacobian Free created!
/home/dafoamuser/dafoam/packages/miniconda3/lib/python3.10/site-packages/openmdao/core/component.py:229: DistributedComponentWarning:'scenario1.coupling.solver' <class DAFoamSolver>: Component contains distributed variables, but there is no distributed vector implementation (MPI/PETSc) available. The default non-distributed vectors will be used.
/home/dafoamuser/dafoam/packages/miniconda3/lib/python3.10/site-packages/openmdao/core/component.py:229: DistributedComponentWarning:'scenario1.aero_post.functionals' <class DAFoamFunctions>: Component contains distributed variables, but there is no distributed vector implementation (MPI/PETSc) available. The default non-distributed vectors will be used.
/home/dafoamuser/dafoam/packages/miniconda3/lib/python3.10/site-packages/openmdao/core/component.py:140: OMDeprecationWarning:'scenario1.coupling.solver' <class DAFoamSolver>: It appears this component mixes distributed/non-distributed inputs and outputs, so it may break starting with OpenMDAO 3.25, where the convention used when passing data between distributed and non-distributed inputs and outputs within a matrix free component will change. See https://github.com/OpenMDAO/POEMs/blob/master/POEM_075.md for details.
/home/dafoamuser/dafoam/packages/miniconda3/lib/python3.10/site-packages/openmdao/core/component.py:140: OMDeprecationWarning:'scenario1.aero_post.functionals' <class DAFoamFunctions>: It appears this component mixes distributed/non-distributed inputs and outputs, so it may break starting with OpenMDAO 3.25, where the convention used when passing data between distributed and non-distributed inputs and outputs within a matrix free component will change. See https://github.com/OpenMDAO/POEMs/blob/master/POEM_075.md for details.
/home/dafoamuser/dafoam/packages/miniconda3/lib/python3.10/site-packages/openmdao/core/problem.py:1011: DerivativesWarning:Inefficient choice of derivative mode.  You chose 'rev' for a problem with 10 design variables and 25 response variables (objectives and nonlinear constraints).
DAInputVolCoord. 
Setting volume coordinates. 
DAInputPatchVelocity. 
Setting UMag = 10 AoA = 5.13918623195176 degs at 1(inout)
Checking mesh quality for time = 0
    Overall domain bounding box (-17.3695602140171 -18.58095071819023 0) (18.72808920494328 18.58090715317575 0.1)
    Mesh has 3 geometric (non-empty/wedge) directions (1 1 1)
    Mesh has 3 solution (non-empty) directions (1 1 1)
    Boundary openness (7.209861132372173e-20 7.127930892231581e-20 2.064246009276002e-15) OK.
    Max cell openness = 2.854563659515497e-16 OK.
    Max aspect ratio = 97.87218734133623 OK.
    Minimum face area = 2.254099142223153e-06. Maximum face area = 4.224820607438147.  Face area magnitudes OK.
    Min volume = 2.254099143901338e-07. Max volume = 0.4224820607185585.  Total volume = 105.2803987537392.  Cell volumes OK.
    Mesh non-orthogonality Max: 22.74891495407154 average: 2.547733033237396
    Non-orthogonality check OK.
    Face pyramids OK.
    Max skewness = 1.432464759575639 OK.
    Coupled point location match (average 0) OK.

Mesh OK.

Running Primal Solver 001
Previous solution time -1e+10 not found and nothing deleted.
No finite volume options present

Starting time loop

Time = 1

U0 initRes: 0.9999999999987895 finalRes: 0.08243843033054185 nIters: 7
U1 initRes: 1 finalRes: 0.08010582977280958 nIters: 7
U2 initRes: 0.9999999861941196 finalRes: 0.07495872095674888 nIters: 6
p initRes: 1 finalRes: 0.05656614534172037 nIters: 5
Time step continuity errors : sum local = 0.0004007191462899838
                                 global = -2.288253761049128e-05
                             cumulative = -2.288253761049128e-05
nuTilda initRes: 0.9999999999192988 finalRes: 0.07770592160933965 nIters: 7
Bounding nuTilda>1e-16
CD: 0.5144484609992762 final: 0.5144484609992762
CL: -0.05258781491385622 final: -0.05258781491385622
yPlus min: 48.42411569389127 max: 83.48406006402881 mean: 78.5127253749953
ExecutionTime = 1.17 s  ClockTime = 0 s

Time = 100

U0 initRes: 0.0006522563303921398 finalRes: 4.829461694424789e-05 nIters: 6
U1 initRes: 0.0005702331142853518 finalRes: 5.557032339125233e-05 nIters: 5
U2 initRes: 0.0001049755076554393 finalRes: 9.110285173939363e-06 nIters: 5
p initRes: 0.00546238203572027 finalRes: 0.0003794184036158902 nIters: 2
Time step continuity errors : sum local = 9.51327046180079e-06
                                 global = -4.332377008155883e-07
                             cumulative = -2.331577531130687e-05
nuTilda initRes: 4.850654884970846e-05 finalRes: 4.135427418082432e-06 nIters: 2
Bounding nuTilda>1e-16
CD: 0.022102321575797 final: 0.022102321575797
CL: 0.4817848804684806 final: 0.4817848804684806
yPlus min: 14.75709154516438 max: 100.1742156113247 mean: 60.22608555660418
ExecutionTime = 2.28 s  ClockTime = 2 s

Time = 200

U0 initRes: 1.478544083674968e-05 finalRes: 1.187899267052427e-06 nIters: 6
U1 initRes: 1.213251796770052e-05 finalRes: 9.622157252823121e-07 nIters: 6
U2 initRes: 3.426819021777936e-06 finalRes: 2.674775853203448e-07 nIters: 5
p initRes: 1.676045919809285e-05 finalRes: 1.178548846115468e-06 nIters: 3
Time step continuity errors : sum local = 2.996697516469218e-08
                                 global = -2.873410735751624e-09
                             cumulative = -2.331864872204262e-05
nuTilda initRes: 3.650861564221888e-07 finalRes: 3.593580013401709e-08 nIters: 4
Bounding nuTilda>1e-16
CD: 0.0209420174988374 final: 0.0209420174988374
CL: 0.4980578566140832 final: 0.4980578566140832
yPlus min: 14.2541719757019 max: 101.0578269243158 mean: 59.96087099339711
ExecutionTime = 3.43 s  ClockTime = 3 s

Time = 300

U0 initRes: 5.33950623509854e-07 finalRes: 4.252026557282666e-08 nIters: 6
U1 initRes: 4.680962192216863e-07 finalRes: 3.592678464143683e-08 nIters: 6
U2 initRes: 2.132225882656646e-07 finalRes: 1.652781526132261e-08 nIters: 4
p initRes: 1.007754129763441e-06 finalRes: 8.265539925980122e-08 nIters: 2
Time step continuity errors : sum local = 2.102855048179459e-09
                                 global = 1.852202722288859e-10
                             cumulative = -2.331846350177039e-05
nuTilda initRes: 1.775075926627704e-08 finalRes: 1.479482482801927e-09 nIters: 4
Bounding nuTilda>1e-16
CD: 0.02091262027666668 final: 0.02091262027666668
CL: 0.4986431008528375 final: 0.4986431008528375
yPlus min: 14.24385374662842 max: 101.0854367186716 mean: 59.95555001732616
ExecutionTime = 4.55 s  ClockTime = 4 s

Time = 400

U0 initRes: 1.335670394930236e-08 finalRes: 9.907972204392994e-10 nIters: 6
U1 initRes: 1.076871730003888e-08 finalRes: 7.898340323312206e-10 nIters: 6
U2 initRes: 6.282023477857562e-09 finalRes: 4.111159405128075e-10 nIters: 4
p initRes: 3.307136267020523e-08 finalRes: 1.890132408807635e-09 nIters: 2
Time step continuity errors : sum local = 4.808813153654171e-11
                                 global = 4.975065807875701e-12
                             cumulative = -2.331845852670459e-05
nuTilda initRes: 5.805188919248202e-10 finalRes: 4.341405285444578e-11 nIters: 4
Bounding nuTilda>1e-16
CD: 0.02091154375280228 final: 0.02091154375280228
CL: 0.4986615790131128 final: 0.4986615790131128
yPlus min: 14.24352399475877 max: 101.0863449041768 mean: 59.95538885895667
ExecutionTime = 5.65 s  ClockTime = 5 s

Time = 435
Minimal residual 9.831447296375158e-09 satisfied the prescribed tolerance 1e-08

CD: 0.02091152415405472 final: 0.02091152415405472
CL: 0.4986618572074479 final: 0.4986618572074479
End

Printing Primal Residual Statistics.
U Residual Norm2: (0.0002145481491676636 0.000240103913282204 3.118500202816862e-09)
U Residual Mean: (1.626375352622729e-06 6.585542884494083e-07 2.395770240163955e-11)
U Residual Max: (5.571759720623959e-05 0.0001037600504787406 6.378563282949116e-10)
p Residual Norm2: 7.318200934449709e-05
p Residual Mean: 1.05005209939236e-07
p Residual Max: 3.340266593883787e-05
nuTilda Residual Norm2: 9.212888792308707e-08
nuTilda Residual Mean: 3.157457317229967e-10
nuTilda Residual Max: 1.729707465375764e-08
phi Residual Norm2: 3.287044886210657e-07
phi Residual Mean: 8.217339807028766e-10
phi Residual Max: 8.36529294217854e-08
Total Residual Norm2: 0.0003302067844858644
 
 
CHECKMESH_BEGIN tag=idx0_minus
Checking mesh quality for time = 435
    Overall domain bounding box (-17.3695602140171 -18.58095071819023 0) (18.72808920494328 18.58090715317575 0.1)
    Mesh has 3 geometric (non-empty/wedge) directions (1 1 1)
    Mesh has 3 solution (non-empty) directions (1 1 1)
    Boundary openness (7.209861132372173e-20 7.127930892231581e-20 2.064246009276002e-15) OK.
    Max cell openness = 2.854563659515497e-16 OK.
    Max aspect ratio = 97.87218734133623 OK.
    Minimum face area = 2.254099142223153e-06. Maximum face area = 4.224820607438147.  Face area magnitudes OK.
    Min volume = 2.254099143901338e-07. Max volume = 0.4224820607185585.  Total volume = 105.2803987537392.  Cell volumes OK.
    Mesh non-orthogonality Max: 22.74891495407154 average: 2.547733033237396
    Non-orthogonality check OK.
    Face pyramids OK.
    Max skewness = 1.432464759575639 OK.
    Coupled point location match (average 0) OK.

Mesh OK.

CHECKMESH_END tag=idx0_minus meshOK=1
PROBE tag=idx0_minus idx=0 step=-1.000000e-04 finalTime=435 CD=2.091152415405472e-02 CL=4.986618572074479e-01 bcType=nutUSpaldingWallFunction nWingFaces=126 nZero=0 nPos=126 nNeg=0
PROBE_VALUES tag=idx0_minus 1.1661340181e-05 1.3592957318e-05 1.6744949152e-05 1.8261646077e-05 2.0390646267e-05 2.1346549797e-05 2.2896076621e-05 2.3752969233e-05 2.4926426462e-05 2.5816703258e-05 2.6698466064e-05 2.7498040944e-05 2.8371634800e-05 2.9531497348e-05 3.0928696290e-05 3.2301932583e-05 3.3590841468e-05 3.4730706628e-05 3.5777835285e-05 3.6732100965e-05 3.7635368004e-05 3.8489691888e-05 3.9316571493e-05 4.0118493998e-05 4.0908378508e-05 4.1687228247e-05 4.2462361139e-05 4.3234834888e-05 4.4009362009e-05 4.4786651996e-05 4.5570000421e-05 4.6359358114e-05 4.7156658511e-05 4.7961034043e-05 4.8772735801e-05 4.9589910086e-05 5.0410776183e-05 5.1230576320e-05 5.2045139230e-05 5.2848285241e-05 5.3631775943e-05 5.4384880138e-05 5.5095718762e-05 5.5750184609e-05 5.6332528222e-05 5.6827016210e-05 5.7219862458e-05 5.7498622523e-05 5.7660310835e-05 5.7729729824e-05 5.7799620303e-05 5.8127581984e-05 5.9326464707e-05 6.2003017348e-05 6.6034987258e-05 7.0465155873e-05 7.4264766099e-05 7.6220635092e-05 7.4895603981e-05 6.8512036844e-05 5.5949750502e-05 3.9368893748e-05 1.9823351748e-05 5.9299109641e-06 1.7298355169e-05 3.0198937172e-05 3.8812922931e-05 4.4182661838e-05 4.7690560139e-05 5.0123776474e-05 5.2024173501e-05 5.3468422270e-05 5.4477287765e-05 5.5125581778e-05 5.5501573470e-05 5.5680275671e-05 5.5717505306e-05 5.5654566834e-05 5.5517666677e-05 5.5324749226e-05 5.5088570768e-05 5.4818182347e-05 5.4520168033e-05 5.4200053617e-05 5.3862467586e-05 5.3510561123e-05 5.3147269389e-05 5.2775838862e-05 5.2398720458e-05 5.2018024442e-05 5.1635482335e-05 5.1252386857e-05 5.0869086918e-05 5.0486308299e-05 5.0103907227e-05 4.9721723728e-05 4.9339282719e-05 4.8955516556e-05 4.8568299385e-05 4.8175873013e-05 4.7772671536e-05 4.7354405228e-05 4.6909842423e-05 4.6428344130e-05 4.5887509140e-05 4.5265590880e-05 4.4543519014e-05 4.3764598329e-05 4.3118049307e-05 4.2795355217e-05 4.2793064248e-05 4.2815864992e-05 4.2636399577e-05 4.2350276921e-05 4.1533159222e-05 4.1000216533e-05 3.9529176307e-05 3.8283853276e-05 3.5840273116e-05 3.3257329453e-05 2.8633700200e-05 2.4456743775e-05 2.1477395228e-05 1.3826057725e-05 6.6108726767e-06 9.1883852552e-06
PROBE_ZEROMASK tag=idx0_minus 0 0 0 0 0 0 0 0 0 0 0 0 0 0 0 0 0 0 0 0 0 0 0 0 0 0 0 0 0 0 0 0 0 0 0 0 0 0 0 0 0 0 0 0 0 0 0 0 0 0 0 0 0 0 0 0 0 0 0 0 0 0 0 0 0 0 0 0 0 0 0 0 0 0 0 0 0 0 0 0 0 0 0 0 0 0 0 0 0 0 0 0 0 0 0 0 0 0 0 0 0 0 0 0 0 0 0 0 0 0 0 0 0 0 0 0 0 0 0 0 0 0 0 0 0 0
PROBE DONE tag=idx0_minus
WRITECELLVOLUMES_RC tag=idx0_minus rc=0
PROBE_CELLVOL tag=idx0_minus 5.4093374538e-07 7.5803958514e-07 1.0084422597e-06 1.2941755033e-06 1.6219051693e-06 2.0012681103e-06 2.4435797566e-06 2.9612017935e-06 3.5669316251e-06 4.2730744074e-06 5.0911778817e-06 6.0365779725e-06 7.1477496570e-06 8.1543613065e-06 8.1681936689e-06 8.2187609648e-06 8.2652850856e-06 8.2983269529e-06 8.3195880393e-06 8.3327576181e-06 8.3408075831e-06 8.3457022452e-06 8.3486646017e-06 8.3504430288e-06 8.3514934249e-06 8.3520933187e-06 8.3524105013e-06 8.3525467268e-06 8.3525624012e-06 8.3524927270e-06 8.3523579584e-06 8.3521694222e-06 8.3519265520e-06 8.3516248643e-06 8.3512539706e-06 8.3507959522e-06 8.3502226121e-06 8.3494916972e-06 8.3485454273e-06 8.3472902935e-06 8.3455817778e-06 8.3432001643e-06 8.3398080978e-06 8.3348823452e-06 8.3276076115e-06 8.3167082114e-06 8.3001932779e-06 8.2749843896e-06 8.2365080811e-06 8.1787426630e-06 8.0966066988e-06 7.9948404712e-06 7.9072142405e-06 6.8810761007e-06 5.7250485005e-06 4.7401859140e-06 3.8946759495e-06 3.1844833769e-06 2.6134271492e-06 2.1737030954e-06 1.8292442565e-06 1.8293231756e-06 2.1739700104e-06 2.6138474810e-06 3.1849957687e-06 3.8952359291e-06 4.7407631343e-06 5.7256188237e-06 6.8816188005e-06 7.9076919998e-06 7.9952059953e-06 8.0968855454e-06 8.1789523365e-06 8.2366627285e-06 8.2750959914e-06 8.3002721553e-06 8.3167634409e-06 8.3276471824e-06 8.3349133583e-06 8.3398367323e-06 8.3432315632e-06 8.3456200551e-06 8.3473385383e-06 8.3486054056e-06 8.3495637501e-06 8.3503055675e-06 8.3508872947e-06 8.3513498307e-06 8.3517200584e-06 8.3520163451e-06 8.3522524381e-06 8.3524350089e-06 8.3525631917e-06 8.3526258222e-06 8.3526030127e-06 8.3524597895e-06 8.3521359681e-06 8.3515298840e-06 8.3504738274e-06 8.3486904095e-06 8.3457236112e-06 8.3408250571e-06 8.3327717037e-06 8.3195991311e-06 8.2983354941e-06 8.2652914827e-06 8.2187656605e-06 8.1681970615e-06 8.1543636821e-06 7.1477509211e-06 6.0365786084e-06 5.0911782008e-06 4.2730745551e-06 3.5669316844e-06 2.9612018171e-06 2.4435797625e-06 2.0012681024e-06 1.6219051648e-06 1.2941754991e-06 1.0084422456e-06 7.5803957374e-07 5.4093374986e-07 2.3339229527e-07 2.2540991439e-07 2.2540991554e-07 2.3339229592e-07
PROBE_CELLVOL_SUMMARY tag=idx0_minus minCellVol=2.2540991439e-07 minCellVolIdx=123 nNegOrZero=0
PROBE_CELLVOL_DONE tag=idx0_minus
