WARNING 7: VSPAERO Viewer Not Found. 
	Expected here: /home/dafoamuser/dafoam/packages/miniconda3/lib/python3.10/site-packages/openvsp/vspviewer
WARNING 7: VSPAERO Viewer Not Found. 
	Expected here: /home/dafoamuser/dafoam/packages/miniconda3/lib/python3.10/site-packages/openvsp/vspviewer
WARNING 7: VSPAERO Viewer Not Found. 
	Expected here: /home/dafoamuser/dafoam/packages/miniconda3/lib/python3.10/site-packages/openvsp/vspviewer
WARNING 7: VSPAERO Viewer Not Found. 
	Expected here: /home/dafoamuser/dafoam/packages/miniconda3/lib/python3.10/site-packages/openvsp/vspviewer
 
-------------------------------------------------------------------------------
|                               DAFoam v5.0.0                                 |
-------------------------------------------------------------------------------
 
/*---------------------------------------------------------------------------*\
| =========                 |                                                 |
| \\      /  F ield         | OpenFOAM: The Open Source CFD Toolbox           |
|  \\    /   O peration     | Version:  2506                                  |
|   \\  /    A nd           | Website:  www.openfoam.com                      |
|    \\/     M anipulation  |                                                 |
\*---------------------------------------------------------------------------*/
Build  : _615aae61d7-20250627 OPENFOAM=2506 version=v2506
Arch   : "LSB;label=32;scalar=64"
Exec   : decomposePar
Date   : Jul 27 2026
Time   : 04:37:04
Host   : f32a15252032
PID    : 407
I/O    : uncollated
Case   : /home/dafoamuser/mount
nProcs : 1
trapFpe: Floating point exception trapping enabled (FOAM_SIGFPE).
fileModificationChecking : Monitoring run-time modified files using timeStampMaster (fileModificationSkew 5, maxFileModificationPolls 20)
allowSystemOperations : Allowing user-supplied system call operations

// * * * * * * * * * * * * * * * * * * * * * * * * * * * * * * * * * * * * * //
Create time

Overriding DebugSwitches according to controlDict
    SolverPerformance 0;



Decomposing mesh



--> FOAM FATAL ERROR: (openfoam-2506)
Case is already decomposed with 4 domains, use the -force option or manually
remove processor directories before decomposing. e.g.,
    rm -rf /home/dafoamuser/mount/processor*


    From decomposePar
    in file decomposePar.C at line 645.

FOAM exiting


Unable to run decomposePar, the domain has been already decomposed?

I/O    : uncollated
Case   : /home/dafoamuser/mount
nProcs : 4
Hosts  :
(
    (f32a15252032 4)
)
Pstream initialized with:
    node communication : off [type=host] (4 ranks, 1 nodes)
    topology controls  : none
    consensus exchange : 0 (tuning: 0)
    exchange algorithm : 0
    commsType          : nonBlocking
    polling iterations : 0
Initializing mesh and runtime for DASolver
Create time

Overriding DebugSwitches according to controlDict
    SolverPerformance 0;

Create mesh for time = 0
Replacing wallDist.method meshWave -> meshWaveFrozen
DAOption created. DASolver initialized.
[3] [2] UPstream::init : could not attach buffer
[0] UPstream::init : could not attach buffer
[1] UPstream::init : could not attach buffer
I/O    : uncollated
Case   : /home/dafoamuser/mount
nProcs : 4
Hosts  :
(
    (f32a15252032 4)
)
Pstream initialized with:
    node communication : off [type=host] (4 ranks, 1 nodes)
    topology controls  : none
    consensus exchange : 0 (tuning: 0)
    exchange algorithm : 0
    commsType          : nonBlocking
    polling iterations : 0
Initializing mesh and runtime for DASolver
Create time

Overriding DebugSwitches according to controlDict
    SolverPerformance 0;

Create mesh for time = 0
UPstream::init : could not attach buffer
Replacing wallDist.method meshWave -> meshWaveFrozen
DAOption created. DASolver initialized.
Initializing fields for DASimpleFoam
Create simpleControl.

SIMPLE: no convergence criteria found. Calculations will run for 3000 steps.

Reading field p

Reading field U

Reading/calculating face flux field phi

Creating source term. 
Selecting incompressible transport model Newtonian
Selecting turbulence model type RAS
Selecting RAS turbulence model SpalartAllmaras
Selecting patchDistMethod meshWaveFrozen
ft2 term: inactive
No MRF models present

Turbulence model is incompressible
Adjoint States: 
4
(
U volVectorState
nuTilda modelState
phi surfaceScalarState
p volScalarState
)
Global Cells: 14720
Global Faces: 59366
Global Xv: 91260
Undecomposed points: 29900
Global Adjoint States: 132966

SIMPLE: no convergence criteria found. Calculations will run for 3000 steps.

DACheckMesh Thresholds: 
maxNonOrth: 70
maxSkewness: 4
maxAspectRatio: 1000
maxIncorrectlyOrientedFaces: 0
    Adding all faces of patches: (wing) ...
    Found matching patch wing with 230 faces
    Adding all faces of patches: (wing) ...
    Found matching patch wing with 230 faces
Initializing fields for DASimpleFoam
Create simpleControl.

SIMPLE: no convergence criteria found. Calculations will run for 3000 steps.

Reading field p

Reading field U

Reading/calculating face flux field phi

Creating source term. 
Selecting incompressible transport model Newtonian
Selecting turbulence model type RAS
Selecting RAS turbulence model SpalartAllmaras
Selecting patchDistMethod meshWaveFrozen
ft2 term: inactive
No MRF models present

Turbulence model is incompressible
Adjoint States: 
4
(
U volVectorState
nuTilda modelState
phi surfaceScalarState
p volScalarState
)
Global Cells: 14720
Global Faces: 59366
Global Xv: 91260
Undecomposed points: 29900
Global Adjoint States: 132966

SIMPLE: no convergence criteria found. Calculations will run for 3000 steps.

DACheckMesh Thresholds: 
maxNonOrth: 70
maxSkewness: 4
maxAspectRatio: 1000
maxIncorrectlyOrientedFaces: 0
    Adding all faces of patches: (wing) ...
    Found matching patch wing with 230 faces
    Adding all faces of patches: (wing) ...
    Found matching patch wing with 230 faces
Init solver done! ElapsedClockTime 0.000000 s
Init solver done! ElapsedCpuTime 0.360000 s
initState: 
6
(
nuTilda 4.499999999999931e-05
phi 0
U1 0
U2 0
p 0
U0 9.999999999999565
)
Setting up primal boundary conditions based on pyOptions: 
Setting primal boundary conditions...
Setting U = (10 0 0) at inout
Setting primal boundary conditions...
Setting p = 0 at inout
Setting primal boundary conditions...
Setting nuTilda = 4.5e-05 at inout
Setting nut wall BC for wing. BCType=nutUSpaldingWallFunction
Reading OpenFOAM mesh information...
I/O    : uncollated
Case   : /home/dafoamuser/mount
nProcs : 4
Hosts  :
(
    (f32a15252032 4)
)
Pstream initialized with:
    node communication : off [type=host] (4 ranks, 1 nodes)
    topology controls  : none
    consensus exchange : 0 (tuning: 0)
    exchange algorithm : 0
    commsType          : nonBlocking
    polling iterations : 0
Reading the OpenFOAM mesh..
Overriding DebugSwitches according to controlDict
    SolverPerformance 0;

Checking if we need to compress the mesh files
Checking if we need to compress the mesh files
Finalising parallel run
I/O    : uncollated
DAFoam option dictionary: 
{
    solverName      DASimpleFoam;
    primalMinResTol 9.999999999999999e-12;
    primalFuncStdTol
    {
        stdTol          -1;
        slopeTol        -1;
        funcNames       1 ( CD );
        nStepsFrac      0.2;
    }
    primalBC
    {
        U0
        {
            variable        U;
            patches         1 ( inout );
            value           3 ( 10 0 0 );
        }
        p0
        {
            variable        p;
            patches         1 ( inout );
            value           1 ( 0 );
        }
        nuTilda0
        {
            variable        nuTilda;
            patches         1 ( inout );
            value           1 ( 4.5e-05 );
        }
        useWallFunction 1;
    }
    primalInitCondition
    {
    }
    normalizeStates
    {
        U               10;
        p               50;
        nuTilda         0.00045;
        phi             1;
    }
    function
    {
        CD
        {
            type            force;
            source          patchToFace;
            patches         1 ( wing );
            directionMode   parallelToFlow;
            patchVelocityInputName patchV;
            scale           0.2;
        }
        CL
        {
            type            force;
            source          patchToFace;
            patches         1 ( wing );
            directionMode   normalToFlow;
            patchVelocityInputName patchV;
            scale           0.2;
        }
    }
    inputInfo
    {
        aero_vol_coords
        {
            type            volCoord;
            components      2 ( solver function );
        }
        patchV
        {
            type            patchVelocity;
            patches         1 ( inout );
            flowAxis        x;
            normalAxis      y;
            components      2 ( solver function );
        }
    }
    outputInfo
    {
    }
    designSurfaces  1 ( wing );
    fvSource
    {
    }
    prepareCaseOnly 0;
    adjEqnSolMethod Krylov;
    dynamicMesh
    {
        active          0;
        mode            rotation;
        center          3 ( 0.25 0 0 );
        axis            z;
        omega           0.1;
        s               2;
        t0              0.35;
    }
    primalVarBounds
    {
        UMax            1000;
        UMin            -1000;
        pMax            50000;
        pMin            -50000;
        p_rghMax        50000;
        p_rghMin        -50000;
        eMax            55000;
        eMin            -220000;
        TMax            1000;
        TMin            100;
        hMax            200000;
        hMin            -200000;
        DMax            1e+16;
        DMin            -1e+16;
        rhoMax          5;
        rhoMin          0.2;
        nuTildaMax      1e+16;
        nuTildaMin      1e-16;
        kMax            1e+16;
        kMin            1e-16;
        omegaMax        1e+16;
        omegaMin        1e-16;
        epsilonMax      1e+16;
        epsilonMin      1e-16;
        ReThetatMax     1e+16;
        ReThetatMin     1e-16;
        gammaIntMax     1e+16;
        gammaIntMin     1e-16;
    }
    discipline      aero;
    adjPartDerivFDStep
    {
        State           1e-06;
    }
    transonicPCOption -1;
    unsteadyAdjoint
    {
        mode            None;
        PCMatPrecomputeInterval 100;
        PCMatUpdateInterval 1;
        reduceIO        1;
        additionalOutput 1 ( None );
        additionalOldTime 1 ( None );
        readZeroFields  1;
    }
    adjPCLag        10000;
    useAD
    {
        mode            reverse;
        dvName          None;
        seedIndex       -9999;
    }
    useConstrainHbyA 1;
    forceMeshWaveFrozen 1;
    useDdtCorr      0;
    regressionModel
    {
        active          0;
    }
    useMeanStates   0;
    solveLinearFunctionName None;
    printDAOptions  1;
    debug           0;
    writeJacobians  1 ( None );
    printInterval   100;
    printIntervalUnsteady 1;
    primalMinResTolDiff 100;
    adjUseColoring  1;
    adjEqnOption
    {
        globalPCIters   0;
        asmOverlap      1;
        localPCIters    1;
        jacMatReOrdering rcm;
        pcFillLevel     1;
        gmresMaxIters   1000;
        gmresRestart    1000;
        gmresRelTol     1e-06;
        gmresAbsTol     1e-14;
        gmresTolDiff    100;
        useNonZeroInitGuess 0;
        useMGSO         0;
        printInfo       1;
        fpMaxIters      1000;
        fpRelTol        1e-06;
        fpMinResTolDiff 100;
        fpPCUpwind      0;
        dynAdjustTol    0;
        KSPCalcEigen    0;
        KSPCalcSingularVal 0;
        readPCMat       0;
    }
    normalizeResiduals 11 ( URes pRes p_rghRes nuTildaRes phiRes TRes DRes kRes omegaRes epsilonRes alpha.waterRes );
    maxResConLv4JacPCMat
    {
        pRes            2;
        phiRes          1;
        URes            2;
        TRes            2;
        nuTildaRes      2;
        kRes            2;
        epsilonRes      2;
        omegaRes        2;
        p_rghRes        2;
        DRes            2;
        gammaIntRes     2;
        ReThetatRes     2;
        alpha.waterRes  2;
    }
    jacLowerBounds
    {
        dRdW            1e-30;
        dRdWPC          1e-30;
    }
    maxTractionBCIters 100;
    decomposeParDict
    {
        method          scotch;
        simpleCoeffs
        {
            n               3 ( 2 2 1 );
            delta           0.001;
        }
        kahipCoeffs
        {
            config          fast;
            imbalance       0.01;
        }
        preservePatches 1 ( None );
        singleProcessorFaceSets 1 ( None );
        args            1 ( None );
    }
    adjStateOrdering state;
    checkMeshThreshold
    {
        maxAspectRatio  1000;
        maxNonOrth      70;
        maxSkewness     4;
        maxIncorrectlyOrientedFaces 0;
    }
    writeDeformedFFDs 0;
    writeDeformedConstraints 0;
    writeAdjointFields 0;
    maxCorrectBCCalls 2;
    writeMinorIterations 0;
    primalMinIters  1;
    tensorflow
    {
        active          0;
    }
    wallDistanceMethod default;
    unsteadyCompOutput
    {
    }
}

pyDAFoam initialization done!
+----------------------------------------+
|          All IDWarp Options:           |
+----------------------------------------+
{'LdefFact': 1.0,
 'aExp': 3.0,
 'alpha': 0.25,
 'bExp': 5.0,
 'bucketSize': 8,
 'cornerAngle': 30.0,
 'errTol': 0.0005,
 'evalMode': 'fast',
 'fileType': 'OpenFOAM',
 'gridFile': '/home/dafoamuser/mount',
 'restartFile': None,
 'specifiedSurfaces': None,
 'symmTol': 1e-06,
 'symmetryPlanes': [[[0.0, 0.0, 0.0], [0.0, 0.0, 1.0]],
                    [[0.0, 0.0, 0.1], [0.0, 0.0, 1.0]]],
 'symmetrySurfaces': None,
 'useRotations': True,
 'zeroCornerRotations': True}
I/O    : uncollated
Case   : /home/dafoamuser/mount
nProcs : 4
Hosts  :
(
    (f32a15252032 4)
)
Pstream initialized with:
    node communication : off [type=host] (4 ranks, 1 nodes)
    topology controls  : none
    consensus exchange : 0 (tuning: 0)
    exchange algorithm : 0
    commsType          : nonBlocking
    polling iterations : 0
Reading the OpenFOAM mesh..
Overriding DebugSwitches according to controlDict
    SolverPerformance 0;

Checking if we need to compress the mesh files
Checking if we need to compress the mesh files
#------------------------------#
 Total Volume Nodes :     30420 
#------------------------------#
Finalising parallel run
I/O    : uncollated
+-------------------- Symmetry Planes -------------------+
|           Point                        Normal          |
| (  0.000   0.000   0.000)    (  0.000   0.000   1.000) |
| (  0.000   0.000   0.100)    (  0.000   0.000   1.000) |
+--------------------------------------------------------+
#--------------------------------#
 Unique Surface Nodes :       460 
#--------------------------------#
 Computing Denominator Estimate...
 Load Balancing...
 Finished Mesh Initialization.
OrderedDict([('inout', [0]), ('procBoundary0to1', [1]), ('procBoundary0to3', [2]), ('symmetry1', [3]), ('symmetry2', [4]), ('wing', [5]), ('allSurfaces', [0, 1, 2, 3, 4, 5]), ('allWalls', [5]), ('designSurfaces', [5])])
dRdWT Jacobian Free created!
/home/dafoamuser/dafoam/packages/miniconda3/lib/python3.10/site-packages/openmdao/core/component.py:140: OMDeprecationWarning:'scenario1.coupling.solver' <class DAFoamSolver>: It appears this component mixes distributed/non-distributed inputs and outputs, so it may break starting with OpenMDAO 3.25, where the convention used when passing data between distributed and non-distributed inputs and outputs within a matrix free component will change. See https://github.com/OpenMDAO/POEMs/blob/master/POEM_075.md for details.
/home/dafoamuser/dafoam/packages/miniconda3/lib/python3.10/site-packages/openmdao/core/component.py:140: OMDeprecationWarning:'scenario1.aero_post.functionals' <class DAFoamFunctions>: It appears this component mixes distributed/non-distributed inputs and outputs, so it may break starting with OpenMDAO 3.25, where the convention used when passing data between distributed and non-distributed inputs and outputs within a matrix free component will change. See https://github.com/OpenMDAO/POEMs/blob/master/POEM_075.md for details.
/home/dafoamuser/dafoam/packages/miniconda3/lib/python3.10/site-packages/openmdao/core/component.py:140: OMDeprecationWarning:'scenario1.coupling.solver' <class DAFoamSolver>: It appears this component mixes distributed/non-distributed inputs and outputs, so it may break starting with OpenMDAO 3.25, where the convention used when passing data between distributed and non-distributed inputs and outputs within a matrix free component will change. See https://github.com/OpenMDAO/POEMs/blob/master/POEM_075.md for details.
/home/dafoamuser/dafoam/packages/miniconda3/lib/python3.10/site-packages/openmdao/core/component.py:140: OMDeprecationWarning:'scenario1.aero_post.functionals' <class DAFoamFunctions>: It appears this component mixes distributed/non-distributed inputs and outputs, so it may break starting with OpenMDAO 3.25, where the convention used when passing data between distributed and non-distributed inputs and outputs within a matrix free component will change. See https://github.com/OpenMDAO/POEMs/blob/master/POEM_075.md for details.
/home/dafoamuser/dafoam/packages/miniconda3/lib/python3.10/site-packages/openmdao/core/component.py:140: OMDeprecationWarning:'scenario1.coupling.solver' <class DAFoamSolver>: It appears this component mixes distributed/non-distributed inputs and outputs, so it may break starting with OpenMDAO 3.25, where the convention used when passing data between distributed and non-distributed inputs and outputs within a matrix free component will change. See https://github.com/OpenMDAO/POEMs/blob/master/POEM_075.md for details.
/home/dafoamuser/dafoam/packages/miniconda3/lib/python3.10/site-packages/openmdao/core/component.py:140: OMDeprecationWarning:'scenario1.aero_post.functionals' <class DAFoamFunctions>: It appears this component mixes distributed/non-distributed inputs and outputs, so it may break starting with OpenMDAO 3.25, where the convention used when passing data between distributed and non-distributed inputs and outputs within a matrix free component will change. See https://github.com/OpenMDAO/POEMs/blob/master/POEM_075.md for details.
/home/dafoamuser/dafoam/packages/miniconda3/lib/python3.10/site-packages/openmdao/core/component.py:140: OMDeprecationWarning:'scenario1.coupling.solver' <class DAFoamSolver>: It appears this component mixes distributed/non-distributed inputs and outputs, so it may break starting with OpenMDAO 3.25, where the convention used when passing data between distributed and non-distributed inputs and outputs within a matrix free component will change. See https://github.com/OpenMDAO/POEMs/blob/master/POEM_075.md for details.
/home/dafoamuser/dafoam/packages/miniconda3/lib/python3.10/site-packages/openmdao/core/component.py:140: OMDeprecationWarning:'scenario1.aero_post.functionals' <class DAFoamFunctions>: It appears this component mixes distributed/non-distributed inputs and outputs, so it may break starting with OpenMDAO 3.25, where the convention used when passing data between distributed and non-distributed inputs and outputs within a matrix free component will change. See https://github.com/OpenMDAO/POEMs/blob/master/POEM_075.md for details.
/home/dafoamuser/dafoam/packages/miniconda3/lib/python3.10/site-packages/openmdao/core/problem.py:1011: DerivativesWarning:Inefficient choice of derivative mode.  You chose 'rev' for a problem with 10 design variables and 25 response variables (objectives and nonlinear constraints).
/home/dafoamuser/dafoam/packages/miniconda3/lib/python3.10/site-packages/openmdao/core/problem.py:1011: DerivativesWarning:Inefficient choice of derivative mode.  You chose 'rev' for a problem with 10 design variables and 25 response variables (objectives and nonlinear constraints).
/home/dafoamuser/dafoam/packages/miniconda3/lib/python3.10/site-packages/openmdao/core/problem.py:1011: DerivativesWarning:Inefficient choice of derivative mode.  You chose 'rev' for a problem with 10 design variables and 25 response variables (objectives and nonlinear constraints).
/home/dafoamuser/dafoam/packages/miniconda3/lib/python3.10/site-packages/openmdao/core/problem.py:1011: DerivativesWarning:Inefficient choice of derivative mode.  You chose 'rev' for a problem with 10 design variables and 25 response variables (objectives and nonlinear constraints).
DAInputVolCoord. 
Setting volume coordinates. 
DAInputPatchVelocity. 
Setting UMag = 10 AoA = 5.13918623195176 degs at 1(inout)
Checking mesh quality for time = 0
    Overall domain bounding box (-17.956696355286 -19.29691413305403 0) (19.08560015916279 19.31768502460057 0.1)
    Mesh has 3 geometric (non-empty/wedge) directions (1 1 1)
    Mesh has 3 solution (non-empty) directions (1 1 1)
    Boundary openness (-6.144971598839957e-19 -2.445759840334311e-19 -3.568986246306582e-17) OK.
    Max cell openness = 2.730731916595941e-16 OK.
    Max aspect ratio = 167.4973746110937 OK.
    Minimum face area = 9.683108725046815e-07. Maximum face area = 1.862802302385872.  Face area magnitudes OK.
    Min volume = 9.683108756949301e-08. Max volume = 0.1862802300386789.  Total volume = 112.1345419629002.  Cell volumes OK.
    Mesh non-orthogonality Max: 26.95962549196556 average: 2.162103548890508
    Non-orthogonality check OK.
    Face pyramids OK.
    Max skewness = 0.8619244984675555 OK.
    Coupled point location match (average 0) OK.

Mesh OK.

Running Primal Solver 001
Previous solution time -1e+10 not found and nothing deleted.
No finite volume options present

Starting time loop

Time = 1

U0 initRes: 0.9999999999975118 finalRes: 0.08392299133539977 nIters: 7
U1 initRes: 1 finalRes: 0.08173706557820123 nIters: 7
U2 initRes: 0.9999999997750224 finalRes: 0.07337402669071708 nIters: 6
p initRes: 1 finalRes: 0.07499585782358789 nIters: 8
Time step continuity errors : sum local = 0.0004757594736269139
                                 global = -3.394935888467764e-05
                             cumulative = -3.394935888467764e-05
nuTilda initRes: 0.9999999999272139 finalRes: 0.07629231918574482 nIters: 7
Bounding nuTilda>1e-16
CD: 0.8170011643676828 final: 0.8170011643676828
CL: 0.3705282594078029 final: 0.3705282594078029
yPlus min: 26.67197710899491 max: 46.74541105749538 mean: 44.19944413497199
ExecutionTime = 1.33 s  ClockTime = 2 s

Time = 100

U0 initRes: 0.004513822995752832 finalRes: 0.0004430140467758389 nIters: 5
U1 initRes: 0.00372579384098546 finalRes: 0.0003481985506204856 nIters: 6
U2 initRes: 0.0004560890267212459 finalRes: 3.038813799810206e-05 nIters: 5
p initRes: 0.004049286399878847 finalRes: 0.0003358488116345901 nIters: 3
Time step continuity errors : sum local = 9.362303036163513e-06
                                 global = -1.16243773599707e-07
                             cumulative = -3.406560265827735e-05
nuTilda initRes: 0.0001592530565105072 finalRes: 1.045960036247772e-05 nIters: 4
Bounding nuTilda>1e-16
CD: 0.01815937175636217 final: 0.01815937175636217
CL: 0.4949753898305804 final: 0.4949753898305804
yPlus min: 5.758322594955365 max: 57.17298746254472 mean: 31.64340662908272
ExecutionTime = 2.48 s  ClockTime = 3 s

Time = 200

U0 initRes: 0.0004443273753605855 finalRes: 3.394441432700777e-05 nIters: 6
U1 initRes: 0.0001354015563946372 finalRes: 1.241859171483443e-05 nIters: 6
U2 initRes: 4.968747119102302e-05 finalRes: 3.610815755054428e-06 nIters: 6
p initRes: 0.0001684417532583037 finalRes: 1.47482691778497e-05 nIters: 4
Time step continuity errors : sum local = 4.104419798348805e-07
                                 global = -2.741632955250232e-08
                             cumulative = -3.409301898782985e-05
nuTilda initRes: 2.22430625830689e-05 finalRes: 1.627246312174414e-06 nIters: 3
Bounding nuTilda>1e-16
CD: 0.01940062580284276 final: 0.01940062580284276
CL: 0.5447092620344726 final: 0.5447092620344726
yPlus min: 4.830284353105222 max: 57.63734495575408 mean: 32.11052124235768
ExecutionTime = 3.74 s  ClockTime = 5 s

Time = 300

U0 initRes: 5.937799326778219e-05 finalRes: 5.386780518567497e-06 nIters: 6
U1 initRes: 3.043193767075339e-05 finalRes: 2.551210427298192e-06 nIters: 6
U2 initRes: 8.107656325835984e-06 finalRes: 7.121980074098161e-07 nIters: 5
p initRes: 3.059754422657674e-05 finalRes: 2.316442093224027e-06 nIters: 4
Time step continuity errors : sum local = 6.545955731916298e-08
                                 global = 1.039669820342492e-08
                             cumulative = -3.408262228962643e-05
nuTilda initRes: 7.317947917899206e-07 finalRes: 6.118207453962395e-08 nIters: 4
Bounding nuTilda>1e-16
CD: 0.01831952514150451 final: 0.01831952514150451
CL: 0.5589210978763044 final: 0.5589210978763044
yPlus min: 4.891816953415463 max: 58.13902665220109 mean: 32.09700869760442
ExecutionTime = 4.83 s  ClockTime = 6 s

Time = 400

U0 initRes: 1.316054611849795e-05 finalRes: 1.113667768925431e-06 nIters: 6
U1 initRes: 5.247100804675884e-06 finalRes: 4.675044253205717e-07 nIters: 6
U2 initRes: 1.832736995443136e-06 finalRes: 1.602516624273934e-07 nIters: 5
p initRes: 6.176320063921456e-06 finalRes: 4.638404725930317e-07 nIters: 4
Time step continuity errors : sum local = 1.314272521015728e-08
                                 global = 2.593737740190427e-09
                             cumulative = -3.408002855188624e-05
nuTilda initRes: 2.643686234576914e-07 finalRes: 2.119948026339267e-08 nIters: 4
Bounding nuTilda>1e-16
CD: 0.01815212216217323 final: 0.01815212216217323
CL: 0.5622744876502862 final: 0.5622744876502862
yPlus min: 4.872452917315134 max: 58.23388218036231 mean: 32.10031189385132
ExecutionTime = 6.01 s  ClockTime = 8 s

Time = 500

U0 initRes: 2.816809979807716e-06 finalRes: 2.42532988369211e-07 nIters: 6
U1 initRes: 1.184561359801957e-06 finalRes: 1.038460787985448e-07 nIters: 6
U2 initRes: 3.697414251171578e-07 finalRes: 3.303854237545068e-08 nIters: 5
p initRes: 1.258984633246141e-06 finalRes: 1.008062556992414e-07 nIters: 4
Time step continuity errors : sum local = 2.857925320364867e-09
                                 global = 5.010078204578946e-10
                             cumulative = -3.407952754406578e-05
nuTilda initRes: 4.334366078811456e-08 finalRes: 3.91533448881986e-09 nIters: 4
Bounding nuTilda>1e-16
CD: 0.01811496553739242 final: 0.01811496553739242
CL: 0.562954526539775 final: 0.562954526539775
yPlus min: 4.869704171060476 max: 58.25375407421918 mean: 32.10100751928588
ExecutionTime = 7.46 s  ClockTime = 10 s

Time = 600

U0 initRes: 5.888098618147971e-07 finalRes: 5.060116862712934e-08 nIters: 6
U1 initRes: 2.472063051883358e-07 finalRes: 2.168385195527823e-08 nIters: 6
U2 initRes: 7.864544582301762e-08 finalRes: 6.980267342582666e-09 nIters: 5
p initRes: 2.999797159377064e-07 finalRes: 2.113784575946979e-08 nIters: 4
Time step continuity errors : sum local = 5.993447865332211e-10
                                 global = 1.109849855596764e-10
                             cumulative = -3.407941655908022e-05
nuTilda initRes: 9.487548007530581e-09 finalRes: 8.125518613826451e-10 nIters: 4
Bounding nuTilda>1e-16
CD: 0.01810704595795912 final: 0.01810704595795912
CL: 0.5630994522067413 final: 0.5630994522067413
yPlus min: 4.86910368443418 max: 58.25801917628928 mean: 32.10115144501488
ExecutionTime = 8.59 s  ClockTime = 11 s

Time = 700

U0 initRes: 1.261146026874178e-07 finalRes: 1.087222149264877e-08 nIters: 6
U1 initRes: 5.323004073683488e-08 finalRes: 4.670770295204768e-09 nIters: 6
U2 initRes: 1.674776984533835e-08 finalRes: 1.492467962411584e-09 nIters: 5
p initRes: 6.142785280632824e-08 finalRes: 4.570536974044247e-09 nIters: 4
Time step continuity errors : sum local = 1.295967593946016e-10
                                 global = 2.300357357610019e-11
                             cumulative = -3.407939355550665e-05
nuTilda initRes: 1.724366862823095e-09 finalRes: 1.533812844486251e-10 nIters: 4
Bounding nuTilda>1e-16
CD: 0.01810540073215995 final: 0.01810540073215995
CL: 0.5631302663617359 final: 0.5631302663617359
yPlus min: 4.868969493739895 max: 58.25894853981065 mean: 32.10120311688302
ExecutionTime = 9.68 s  ClockTime = 13 s

Time = 800

U0 initRes: 2.806822475034034e-08 finalRes: 2.420603611113049e-09 nIters: 6
U1 initRes: 1.182005077963694e-08 finalRes: 1.036602883429041e-09 nIters: 6
U2 initRes: 3.688562891574051e-09 finalRes: 3.30378360392115e-10 nIters: 5
p initRes: 1.347247309484948e-08 finalRes: 1.015348556436483e-09 nIters: 4
Time step continuity errors : sum local = 2.879011985583479e-11
                                 global = 4.776512476442836e-12
                             cumulative = -3.407938877899417e-05
nuTilda initRes: 3.761253794201365e-10 finalRes: 3.524449340382582e-11 nIters: 4
Bounding nuTilda>1e-16
CD: 0.0181050506503668 final: 0.0181050506503668
CL: 0.5631370565529514 final: 0.5631370565529514
yPlus min: 4.868935705656248 max: 58.25914923369492 mean: 32.10121624033373
ExecutionTime = 10.91 s  ClockTime = 14 s

Time = 900

U0 initRes: 6.11797073486738e-09 finalRes: 5.281263506822447e-10 nIters: 6
U1 initRes: 2.590883564883834e-09 finalRes: 2.27097689366477e-10 nIters: 6
U2 initRes: 8.073189148302606e-10 finalRes: 7.213528677285504e-11 nIters: 5
p initRes: 2.934333390222065e-09 finalRes: 2.217395845927793e-10 nIters: 4
Time step continuity errors : sum local = 6.287435622536657e-12
                                 global = 1.059831867392077e-12
                             cumulative = -3.40793877191623e-05
nuTilda initRes: 8.227425561901347e-11 finalRes: 7.663628564732447e-12 nIters: 4
Bounding nuTilda>1e-16
CD: 0.01810497272391563 final: 0.01810497272391563
CL: 0.5631385442467129 final: 0.5631385442467129
yPlus min: 4.868928685491201 max: 58.25919348452191 mean: 32.10121896043123
ExecutionTime = 12.07 s  ClockTime = 16 s

Time = 1000

U0 initRes: 1.342703004268831e-09 finalRes: 1.158697412172984e-10 nIters: 6
U1 initRes: 5.676317878875805e-10 finalRes: 4.977158552170622e-11 nIters: 6
U2 initRes: 1.771147486383851e-10 finalRes: 1.583318418516655e-11 nIters: 5
p initRes: 6.423948051920294e-10 finalRes: 4.865777458802392e-11 nIters: 4
Time step continuity errors : sum local = 1.379705785475219e-12
                                 global = 2.321161482578148e-13
                             cumulative = -3.407938748704616e-05
nuTilda initRes: 1.80370076479546e-11 finalRes: 1.684715482686308e-12 nIters: 4
Bounding nuTilda>1e-16
CD: 0.01810495569452828 final: 0.01810495569452828
CL: 0.5631388705389241 final: 0.5631388705389241
yPlus min: 4.868927123482507 max: 58.25920317449569 mean: 32.10121955740375
ExecutionTime = 13.15 s  ClockTime = 17 s

Time = 1100

U0 initRes: 2.946574940784611e-10 finalRes: 2.542438269072728e-11 nIters: 6
U1 initRes: 1.245019926256245e-10 finalRes: 1.091741727815736e-11 nIters: 6
U2 initRes: 3.886045139832276e-11 finalRes: 3.474083229892159e-12 nIters: 5
p initRes: 1.410872120584753e-10 finalRes: 1.067379046246155e-11 nIters: 4
Time step continuity errors : sum local = 3.026300695414055e-13
                                 global = 5.086045376301088e-14
                             cumulative = -3.40793874361857e-05
nuTilda initRes: 3.974291041036217e-12 finalRes: 3.69918089431347e-13 nIters: 4
Bounding nuTilda>1e-16
CD: 0.01810495195739553 final: 0.01810495195739553
CL: 0.5631389421242977 final: 0.5631389421242977
yPlus min: 4.868926780857286 max: 58.25920530031966 mean: 32.10121968768922
ExecutionTime = 14.3 s  ClockTime = 19 s

Time = 1200

U0 initRes: 6.46541855953555e-11 finalRes: 5.579941167539483e-12 nIters: 6
U1 initRes: 2.733920616086006e-11 finalRes: 2.396942432550959e-12 nIters: 6
U2 initRes: 8.524739540658868e-12 finalRes: 7.622001826865493e-13 nIters: 5
p initRes: 3.095458928263676e-11 finalRes: 2.343677021154642e-12 nIters: 4
Time step continuity errors : sum local = 6.654637437871671e-14
                                 global = 1.116594865957858e-14
                             cumulative = -3.407938742501976e-05
nuTilda initRes: 8.678133685830709e-13 finalRes: 8.098694443821878e-14 nIters: 4
Bounding nuTilda>1e-16
CD: 0.01810495113777522 final: 0.01810495113777522
CL: 0.5631389578281798 final: 0.5631389578281798
yPlus min: 4.868926705635653 max: 58.25920576672014 mean: 32.10121971647119
ExecutionTime = 15.49 s  ClockTime = 21 s

Time = 1275
Minimal residual 9.942240074477333e-12 satisfied the prescribed tolerance 9.999999999999999e-12

CD: 0.01810495098120565 final: 0.01810495098120565
CL: 0.5631389608278821 final: 0.5631389608278821
End

Printing Primal Residual Statistics.
U Residual Norm2: (3.380346304982224e-06 3.30085006731578e-06 1.465609112347109e-08)
U Residual Mean: (1.667888044211576e-08 5.349280991115124e-09 6.719763675769433e-11)
U Residual Max: (3.697487045428716e-07 6.495010893559083e-07 7.617451116119352e-10)
p Residual Norm2: 5.165847958467264e-07
p Residual Mean: 2.659163888103196e-10
p Residual Max: 1.666959878748361e-07
nuTilda Residual Norm2: 3.906219394018661e-10
nuTilda Residual Mean: 7.875209207853526e-13
nuTilda Residual Max: 3.714603179532984e-11
phi Residual Norm2: 2.394224023158478e-09
phi Residual Mean: 3.826140051652657e-12
phi Residual Max: 3.280591338140946e-10
Total Residual Norm2: 4.752834190849368e-06
 
 
PROBE rank=1 idx=0 step=5.000000e-02 CD=1.810495098120565e-02 nCells=3648 yWall_min=8.9299778992e-04 yWall_max=1.8288218589e+01 yWall_mean=2.6430566371e+00
PROBE rank=2 idx=0 step=5.000000e-02 CD=1.810495098120565e-02 nCells=3648 yWall_min=8.9381942713e-04 yWall_max=1.8292100753e+01 yWall_mean=2.6602700763e+00
PROBE rank=3 idx=0 step=5.000000e-02 CD=1.810495098120565e-02 nCells=3712 yWall_min=5.2095665499e-04 yWall_max=1.8291562889e+01 yWall_mean=2.6435756929e+00
PROBE rank=0 idx=0 step=5.000000e-02 CD=1.810495098120565e-02 nCells=3712 yWall_min=5.2095665138e-04 yWall_max=1.8292100778e+01 yWall_mean=2.6597982249e+00
PROBE_GLOBAL idx=0 step=5.000000e-02 CD=1.810495098120565e-02 nCellsGlobal=14720 yWall_min=5.2095665138e-04 yWall_max=1.8292100778e+01 yWall_mean=2.6516752604e+00
PROBE DONE
Finalising parallel run
Finalising parallel run
