WARNING 7: VSPAERO Viewer Not Found. 
	Expected here: /home/dafoamuser/dafoam/packages/miniconda3/lib/python3.10/site-packages/openvsp/vspviewer
 
-------------------------------------------------------------------------------
|                               DAFoam v5.0.0                                 |
-------------------------------------------------------------------------------
 
I/O    : uncollated
Case   : /home/dafoamuser/mount
nProcs : 1
Initializing mesh and runtime for DASolver
Create time

Overriding DebugSwitches according to controlDict
    SolverPerformance 0;

Create mesh for time = 0
Replacing wallDist.method meshWave -> meshWaveFrozen
DAOption created. DASolver initialized.
I/O    : uncollated
Case   : /home/dafoamuser/mount
nProcs : 1
Initializing mesh and runtime for DASolver
Create time

Overriding DebugSwitches according to controlDict
    SolverPerformance 0;

Create mesh for time = 0
Replacing wallDist.method meshWave -> meshWaveFrozen
DAOption created. DASolver initialized.
Initializing fields for DASimpleFoam
Create simpleControl.

SIMPLE: no convergence criteria found. Calculations will run for 3000 steps.

Reading field p

Reading field U

Reading/calculating face flux field phi

Creating source term. 
Selecting incompressible transport model Newtonian
Selecting turbulence model type RAS
Selecting RAS turbulence model SpalartAllmaras
Selecting patchDistMethod meshWaveFrozen
ft2 term: inactive
No MRF models present

Turbulence model is incompressible
Adjoint States: 
4
(
U volVectorState
nuTilda modelState
phi surfaceScalarState
p volScalarState
)
Global Cells: 4032
Global Faces: 16254
Global Xv: 24948
Undecomposed points: 8316
Global Adjoint States: 36414

SIMPLE: no convergence criteria found. Calculations will run for 3000 steps.

DACheckMesh Thresholds: 
maxNonOrth: 70
maxSkewness: 4
maxAspectRatio: 1000
maxIncorrectlyOrientedFaces: 0
    Adding all faces of patches: (wing) ...
    Found matching patch wing with 126 faces
    Adding all faces of patches: (wing) ...
    Found matching patch wing with 126 faces
Initializing fields for DASimpleFoam
Create simpleControl.

SIMPLE: no convergence criteria found. Calculations will run for 3000 steps.

Reading field p

Reading field U

Reading/calculating face flux field phi

Creating source term. 
Selecting incompressible transport model Newtonian
Selecting turbulence model type RAS
Selecting RAS turbulence model SpalartAllmaras
Selecting patchDistMethod meshWaveFrozen
ft2 term: inactive
No MRF models present

Turbulence model is incompressible
Adjoint States: 
4
(
U volVectorState
nuTilda modelState
phi surfaceScalarState
p volScalarState
)
Global Cells: 4032
Global Faces: 16254
Global Xv: 24948
Undecomposed points: 8316
Global Adjoint States: 36414

SIMPLE: no convergence criteria found. Calculations will run for 3000 steps.

DACheckMesh Thresholds: 
maxNonOrth: 70
maxSkewness: 4
maxAspectRatio: 1000
maxIncorrectlyOrientedFaces: 0
    Adding all faces of patches: (wing) ...
    Found matching patch wing with 126 faces
    Adding all faces of patches: (wing) ...
    Found matching patch wing with 126 faces
Init solver done! ElapsedClockTime 0.000000 s
Init solver done! ElapsedCpuTime 0.340000 s
initState: 
6
(
nuTilda 4.499999999999846e-05
phi 0
U1 0
U2 0
p 0
U0 10.00000000000001
)
Setting up primal boundary conditions based on pyOptions: 
Setting primal boundary conditions...
Setting U = (10 0 0) at inout
Setting primal boundary conditions...
Setting p = 0 at inout
Setting primal boundary conditions...
Setting nuTilda = 4.5e-05 at inout
Setting nut wall BC for wing. BCType=nutUSpaldingWallFunction
Reading OpenFOAM mesh information...
I/O    : uncollated
Case   : /home/dafoamuser/mount
nProcs : 1
Reading the OpenFOAM mesh..
Overriding DebugSwitches according to controlDict
    SolverPerformance 0;

I/O    : uncollated
DAFoam option dictionary: 
{
    solverName      DASimpleFoam;
    primalMinResTol 1e-08;
    primalFuncStdTol
    {
        stdTol          -1;
        slopeTol        -1;
        funcNames       1 ( CD );
        nStepsFrac      0.2;
    }
    primalBC
    {
        U0
        {
            variable        U;
            patches         1 ( inout );
            value           3 ( 10 0 0 );
        }
        p0
        {
            variable        p;
            patches         1 ( inout );
            value           1 ( 0 );
        }
        nuTilda0
        {
            variable        nuTilda;
            patches         1 ( inout );
            value           1 ( 4.5e-05 );
        }
        useWallFunction 1;
    }
    primalInitCondition
    {
    }
    normalizeStates
    {
        U               10;
        p               50;
        nuTilda         0.00045;
        phi             1;
    }
    function
    {
        CD
        {
            type            force;
            source          patchToFace;
            patches         1 ( wing );
            directionMode   parallelToFlow;
            patchVelocityInputName patchV;
            scale           0.2;
        }
        CL
        {
            type            force;
            source          patchToFace;
            patches         1 ( wing );
            directionMode   normalToFlow;
            patchVelocityInputName patchV;
            scale           0.2;
        }
    }
    inputInfo
    {
        aero_vol_coords
        {
            type            volCoord;
            components      2 ( solver function );
        }
        patchV
        {
            type            patchVelocity;
            patches         1 ( inout );
            flowAxis        x;
            normalAxis      y;
            components      2 ( solver function );
        }
    }
    outputInfo
    {
    }
    designSurfaces  1 ( wing );
    fvSource
    {
    }
    prepareCaseOnly 0;
    adjEqnSolMethod Krylov;
    dynamicMesh
    {
        active          0;
        mode            rotation;
        center          3 ( 0.25 0 0 );
        axis            z;
        omega           0.1;
        s               2;
        t0              0.35;
    }
    primalVarBounds
    {
        UMax            1000;
        UMin            -1000;
        pMax            50000;
        pMin            -50000;
        p_rghMax        50000;
        p_rghMin        -50000;
        eMax            55000;
        eMin            -220000;
        TMax            1000;
        TMin            100;
        hMax            200000;
        hMin            -200000;
        DMax            1e+16;
        DMin            -1e+16;
        rhoMax          5;
        rhoMin          0.2;
        nuTildaMax      1e+16;
        nuTildaMin      1e-16;
        kMax            1e+16;
        kMin            1e-16;
        omegaMax        1e+16;
        omegaMin        1e-16;
        epsilonMax      1e+16;
        epsilonMin      1e-16;
        ReThetatMax     1e+16;
        ReThetatMin     1e-16;
        gammaIntMax     1e+16;
        gammaIntMin     1e-16;
    }
    discipline      aero;
    adjPartDerivFDStep
    {
        State           1e-06;
    }
    transonicPCOption -1;
    unsteadyAdjoint
    {
        mode            None;
        PCMatPrecomputeInterval 100;
        PCMatUpdateInterval 1;
        reduceIO        1;
        additionalOutput 1 ( None );
        additionalOldTime 1 ( None );
        readZeroFields  1;
    }
    adjPCLag        10000;
    useAD
    {
        mode            reverse;
        dvName          None;
        seedIndex       -9999;
    }
    useConstrainHbyA 1;
    forceMeshWaveFrozen 1;
    useDdtCorr      0;
    regressionModel
    {
        active          0;
    }
    useMeanStates   0;
    solveLinearFunctionName None;
    printDAOptions  1;
    debug           0;
    writeJacobians  1 ( None );
    printInterval   100;
    printIntervalUnsteady 1;
    primalMinResTolDiff 100;
    adjUseColoring  1;
    adjEqnOption
    {
        globalPCIters   0;
        asmOverlap      1;
        localPCIters    1;
        jacMatReOrdering rcm;
        pcFillLevel     1;
        gmresMaxIters   1000;
        gmresRestart    1000;
        gmresRelTol     1e-06;
        gmresAbsTol     1e-14;
        gmresTolDiff    100;
        useNonZeroInitGuess 0;
        useMGSO         0;
        printInfo       1;
        fpMaxIters      1000;
        fpRelTol        1e-06;
        fpMinResTolDiff 100;
        fpPCUpwind      0;
        dynAdjustTol    0;
        KSPCalcEigen    0;
        KSPCalcSingularVal 0;
        readPCMat       0;
    }
    normalizeResiduals 11 ( URes pRes p_rghRes nuTildaRes phiRes TRes DRes kRes omegaRes epsilonRes alpha.waterRes );
    maxResConLv4JacPCMat
    {
        pRes            2;
        phiRes          1;
        URes            2;
        TRes            2;
        nuTildaRes      2;
        kRes            2;
        epsilonRes      2;
        omegaRes        2;
        p_rghRes        2;
        DRes            2;
        gammaIntRes     2;
        ReThetatRes     2;
        alpha.waterRes  2;
    }
    jacLowerBounds
    {
        dRdW            1e-30;
        dRdWPC          1e-30;
    }
    maxTractionBCIters 100;
    decomposeParDict
    {
        method          scotch;
        simpleCoeffs
        {
            n               3 ( 2 2 1 );
            delta           0.001;
        }
        kahipCoeffs
        {
            config          fast;
            imbalance       0.01;
        }
        preservePatches 1 ( None );
        singleProcessorFaceSets 1 ( None );
        args            1 ( None );
    }
    adjStateOrdering state;
    checkMeshThreshold
    {
        maxAspectRatio  1000;
        maxNonOrth      70;
        maxSkewness     4;
        maxIncorrectlyOrientedFaces 0;
    }
    writeDeformedFFDs 0;
    writeDeformedConstraints 0;
    writeAdjointFields 0;
    maxCorrectBCCalls 2;
    writeMinorIterations 0;
    primalMinIters  1;
    tensorflow
    {
        active          0;
    }
    wallDistanceMethod default;
    unsteadyCompOutput
    {
    }
}

Checking if we need to compress the mesh files
Checking if we need to compress the mesh files
pyDAFoam initialization done!
+----------------------------------------+
|          All IDWarp Options:           |
+----------------------------------------+
{'LdefFact': 1.0,
 'aExp': 3.0,
 'alpha': 0.25,
 'bExp': 5.0,
 'bucketSize': 8,
 'cornerAngle': 30.0,
 'errTol': 0.0005,
 'evalMode': 'fast',
 'fileType': 'OpenFOAM',
 'gridFile': '/home/dafoamuser/mount',
 'restartFile': None,
 'specifiedSurfaces': None,
 'symmTol': 1e-06,
 'symmetryPlanes': [[[0.0, 0.0, 0.0], [0.0, 0.0, 1.0]],
                    [[0.0, 0.0, 0.1], [0.0, 0.0, 1.0]]],
 'symmetrySurfaces': None,
 'useRotations': True,
 'zeroCornerRotations': True}
I/O    : uncollated
Case   : /home/dafoamuser/mount
nProcs : 1
Reading the OpenFOAM mesh..
Overriding DebugSwitches according to controlDict
    SolverPerformance 0;

#------------------------------#
 Total Volume Nodes :      8316 
#------------------------------#
I/O    : uncollated
#--------------------------------#
 Unique Surface Nodes :       252 
#--------------------------------#
 Computing Denominator Estimate...
 Load Balancing...
 Finished Mesh Initialization.
Checking if we need to compress the mesh files
Checking if we need to compress the mesh files
+-------------------- Symmetry Planes -------------------+
|           Point                        Normal          |
| (  0.000   0.000   0.000)    (  0.000   0.000   1.000) |
| (  0.000   0.000   0.100)    (  0.000   0.000   1.000) |
+--------------------------------------------------------+
OrderedDict([('inout', [0]), ('symmetry1', [1]), ('symmetry2', [2]), ('wing', [3]), ('allSurfaces', [0, 1, 2, 3]), ('allWalls', [3]), ('designSurfaces', [3])])
/home/dafoamuser/dafoam/packages/miniconda3/lib/python3.10/site-packages/openmdao/core/component.py:229: DistributedComponentWarning:'mesh' <class DAFoamMesh>: Component contains distributed variables, but there is no distributed vector implementation (MPI/PETSc) available. The default non-distributed vectors will be used.
/home/dafoamuser/dafoam/packages/miniconda3/lib/python3.10/site-packages/openmdao/core/component.py:229: DistributedComponentWarning:'scenario1.aero_pre.warper' <class DAFoamWarper>: Component contains distributed variables, but there is no distributed vector implementation (MPI/PETSc) available. The default non-distributed vectors will be used.
dRdWT Jacobian Free created!
/home/dafoamuser/dafoam/packages/miniconda3/lib/python3.10/site-packages/openmdao/core/component.py:229: DistributedComponentWarning:'scenario1.coupling.solver' <class DAFoamSolver>: Component contains distributed variables, but there is no distributed vector implementation (MPI/PETSc) available. The default non-distributed vectors will be used.
/home/dafoamuser/dafoam/packages/miniconda3/lib/python3.10/site-packages/openmdao/core/component.py:229: DistributedComponentWarning:'scenario1.aero_post.functionals' <class DAFoamFunctions>: Component contains distributed variables, but there is no distributed vector implementation (MPI/PETSc) available. The default non-distributed vectors will be used.
/home/dafoamuser/dafoam/packages/miniconda3/lib/python3.10/site-packages/openmdao/core/component.py:140: OMDeprecationWarning:'scenario1.coupling.solver' <class DAFoamSolver>: It appears this component mixes distributed/non-distributed inputs and outputs, so it may break starting with OpenMDAO 3.25, where the convention used when passing data between distributed and non-distributed inputs and outputs within a matrix free component will change. See https://github.com/OpenMDAO/POEMs/blob/master/POEM_075.md for details.
/home/dafoamuser/dafoam/packages/miniconda3/lib/python3.10/site-packages/openmdao/core/component.py:140: OMDeprecationWarning:'scenario1.aero_post.functionals' <class DAFoamFunctions>: It appears this component mixes distributed/non-distributed inputs and outputs, so it may break starting with OpenMDAO 3.25, where the convention used when passing data between distributed and non-distributed inputs and outputs within a matrix free component will change. See https://github.com/OpenMDAO/POEMs/blob/master/POEM_075.md for details.
/home/dafoamuser/dafoam/packages/miniconda3/lib/python3.10/site-packages/openmdao/core/problem.py:1011: DerivativesWarning:Inefficient choice of derivative mode.  You chose 'rev' for a problem with 10 design variables and 25 response variables (objectives and nonlinear constraints).
DAInputVolCoord. 
Setting volume coordinates. 
DAInputPatchVelocity. 
Setting UMag = 10 AoA = 5.13918623195176 degs at 1(inout)
Checking mesh quality for time = 0
    Overall domain bounding box (-17.36955992934097 -18.580929029828 0) (18.72808974732804 18.580929008908 0.1)
    Mesh has 3 geometric (non-empty/wedge) directions (1 1 1)
    Mesh has 3 solution (non-empty) directions (1 1 1)
    Boundary openness (-3.998195603750368e-19 -5.489325931378579e-20 -2.719001894077799e-16) OK.
    Max cell openness = 2.647572244145361e-16 OK.
    Max aspect ratio = 97.87218721638284 OK.
    Minimum face area = 2.254099143164308e-06. Maximum face area = 4.224820321497278.  Face area magnitudes OK.
    Min volume = 2.254099144856892e-07. Max volume = 0.422482032106397.  Total volume = 105.2804018655528.  Cell volumes OK.
    Mesh non-orthogonality Max: 22.74891598092847 average: 2.547934581914154
    Non-orthogonality check OK.
    Face pyramids OK.
    Max skewness = 1.432464754647905 OK.
    Coupled point location match (average 0) OK.

Mesh OK.

Running Primal Solver 001
Previous solution time -1e+10 not found and nothing deleted.
No finite volume options present

Starting time loop

Time = 1

U0 initRes: 0.9999999999987486 finalRes: 0.0824384549417001 nIters: 7
U1 initRes: 1 finalRes: 0.08010582940484262 nIters: 7
U2 initRes: 0.9999999549023609 finalRes: 0.07294824087604025 nIters: 7
p initRes: 1 finalRes: 0.05720117141282566 nIters: 5
Time step continuity errors : sum local = 0.0004051625814428856
                                 global = -2.615735982744169e-05
                             cumulative = -2.615735982744169e-05
nuTilda initRes: 0.9999999999193384 finalRes: 0.07770517304330678 nIters: 7
Bounding nuTilda>1e-16
CD: 0.5142416466364598 final: 0.5142416466364598
CL: -0.05153734758288659 final: -0.05153734758288659
yPlus min: 48.42398888772764 max: 83.47944095236016 mean: 78.51254709822504
ExecutionTime = 1.07 s  ClockTime = 1 s

Time = 100

U0 initRes: 0.0006538530852315527 finalRes: 4.838747789161198e-05 nIters: 6
U1 initRes: 0.0005750235420558291 finalRes: 5.600830648287655e-05 nIters: 5
U2 initRes: 0.001138186851377078 finalRes: 8.248368634293301e-05 nIters: 5
p initRes: 0.00550124786690609 finalRes: 0.0003894767538761285 nIters: 2
Time step continuity errors : sum local = 9.781044335848718e-06
                                 global = -5.902316833793766e-07
                             cumulative = -2.674759151082107e-05
nuTilda initRes: 4.858430685034231e-05 finalRes: 4.148496708618959e-06 nIters: 2
Bounding nuTilda>1e-16
CD: 0.02211333927998315 final: 0.02211333927998315
CL: 0.4818137813929999 final: 0.4818137813929999
yPlus min: 14.76947572000986 max: 100.1680903042256 mean: 60.22922352367009
ExecutionTime = 1.99 s  ClockTime = 2 s

Time = 200

U0 initRes: 1.480621361906985e-05 finalRes: 1.189635276030132e-06 nIters: 6
U1 initRes: 1.215440379717896e-05 finalRes: 9.643272173572255e-07 nIters: 6
U2 initRes: 1.934019957670136e-05 finalRes: 1.704385292015871e-06 nIters: 5
p initRes: 1.689210821476615e-05 finalRes: 1.166404806189457e-06 nIters: 3
Time step continuity errors : sum local = 2.965243562312597e-08
                                 global = -2.904374676636716e-09
                             cumulative = -2.67504958854977e-05
nuTilda initRes: 3.670472427926372e-07 finalRes: 3.605464292819282e-08 nIters: 4
Bounding nuTilda>1e-16
CD: 0.02094107801889031 final: 0.02094107801889031
CL: 0.4981594751110866 final: 0.4981594751110866
yPlus min: 14.26030729600808 max: 101.0565100841982 mean: 59.96236269919764
ExecutionTime = 2.92 s  ClockTime = 3 s

Time = 300

U0 initRes: 5.360127487636861e-07 finalRes: 4.2670450522092e-08 nIters: 6
U1 initRes: 4.694344356298644e-07 finalRes: 3.602894114690629e-08 nIters: 6
U2 initRes: 8.314448242463046e-07 finalRes: 6.196064790928598e-08 nIters: 5
p initRes: 1.011066359044182e-06 finalRes: 8.222740115333448e-08 nIters: 2
Time step continuity errors : sum local = 2.091565841179468e-09
                                 global = 1.987144025553792e-10
                             cumulative = -2.675029717109515e-05
nuTilda initRes: 1.78238193449672e-08 finalRes: 1.484512641262501e-09 nIters: 4
Bounding nuTilda>1e-16
CD: 0.0209116090947429 final: 0.0209116090947429
CL: 0.4987464565934555 final: 0.4987464565934555
yPlus min: 14.24986479388335 max: 101.0841928325951 mean: 59.95703730485547
ExecutionTime = 3.85 s  ClockTime = 4 s

Time = 400

U0 initRes: 1.334753575898836e-08 finalRes: 9.885445079354472e-10 nIters: 6
U1 initRes: 1.074415093926655e-08 finalRes: 7.875104882913481e-10 nIters: 6
U2 initRes: 4.872972395124417e-08 finalRes: 4.708741715132141e-09 nIters: 5
p initRes: 3.316636172052872e-08 finalRes: 1.861737878849495e-09 nIters: 2
Time step continuity errors : sum local = 4.735678275967341e-11
                                 global = 5.220260813191584e-12
                             cumulative = -2.675029195083433e-05
nuTilda initRes: 5.842813189874434e-10 finalRes: 4.356226913310473e-11 nIters: 4
Bounding nuTilda>1e-16
CD: 0.02091052958655555 final: 0.02091052958655555
CL: 0.4987649880926353 final: 0.4987649880926353
yPlus min: 14.24953326163902 max: 101.0851037574821 mean: 59.95687659654087
ExecutionTime = 4.77 s  ClockTime = 4 s

Time = 435
Minimal residual 9.824484940476e-09 satisfied the prescribed tolerance 1e-08

CD: 0.02091051001294601 final: 0.02091051001294601
CL: 0.4987652641220148 final: 0.4987652641220148
End

Printing Primal Residual Statistics.
U Residual Norm2: (0.0002154888316857725 0.0002390846602643608 1.147955194214498e-12)
U Residual Mean: (1.625007355908067e-06 6.566922140173508e-07 8.684345063816903e-15)
U Residual Max: (5.549413526750868e-05 0.0001037244446706609 1.751742717084222e-13)
p Residual Norm2: 7.314231322159021e-05
p Residual Mean: 1.0508766178126e-07
p Residual Max: 3.33820490230812e-05
nuTilda Residual Norm2: 9.198545437186794e-08
nuTilda Residual Mean: 3.154696116629637e-10
nuTilda Residual Max: 1.728170066117711e-08
phi Residual Norm2: 3.276729385115138e-07
phi Residual Mean: 8.181828488922266e-10
phi Residual Max: 8.342018140249264e-08
Total Residual Norm2: 0.0003300709396013343
 
 
PROBE tag=baseline idx=-1 step=0.000000e+00 finalTime=435 CD=2.091051001294601e-02 CL=4.987652641220148e-01 bcType=nutUSpaldingWallFunction nWingFaces=126 nZero=0 nPos=126 nNeg=0
PROBE_VALUES tag=baseline 1.1662817601e-05 1.3594698955e-05 1.6746949496e-05 1.8263785067e-05 2.0392913182e-05 2.1348862626e-05 2.2898452147e-05 2.3755340190e-05 2.4928803513e-05 2.5819044416e-05 2.6700755436e-05 2.7500255973e-05 2.8373764282e-05 2.9533542167e-05 3.0930663074e-05 3.2303837227e-05 3.3592700035e-05 3.4732521653e-05 3.5779622826e-05 3.6733869667e-05 3.7637133520e-05 3.8491463374e-05 3.9318375265e-05 4.0120341044e-05 4.0910300046e-05 4.1689233422e-05 4.2464480705e-05 4.3237082709e-05 4.4011764558e-05 4.4789224074e-05 4.5572760386e-05 4.6362319694e-05 4.7159854186e-05 4.7964477012e-05 4.8776386432e-05 4.9593703088e-05 5.0414638473e-05 5.1234454828e-05 5.2048967600e-05 5.2852045514e-05 5.3635446263e-05 5.4388501691e-05 5.5099320924e-05 5.5753848233e-05 5.6336347558e-05 5.6831121362e-05 5.7224400034e-05 5.7503750607e-05 5.7666200511e-05 5.7736554702e-05 5.7807515905e-05 5.8136562128e-05 5.9336329955e-05 6.2013074910e-05 6.6043963014e-05 7.0471626161e-05 7.4267651647e-05 7.6219681125e-05 7.4891686664e-05 6.8505709365e-05 5.5942195507e-05 3.9360422909e-05 1.9814430862e-05 5.9349816589e-06 1.7312252631e-05 3.0211874770e-05 3.8823056739e-05 4.4189630062e-05 4.7694200164e-05 5.0123943814e-05 5.2021102089e-05 5.3462538595e-05 5.4468993796e-05 5.5115256893e-05 5.5489599300e-05 5.5667020547e-05 5.5703367055e-05 5.5639925926e-05 5.5502906736e-05 5.5310259718e-05 5.5074742795e-05 5.4805401096e-05 5.4508815404e-05 5.4190479906e-05 5.3854976139e-05 5.3505392415e-05 5.3144565907e-05 5.2775615940e-05 5.2400826454e-05 5.2022117620e-05 5.1640958706e-05 5.1258675213e-05 5.0875830565e-05 5.0493249406e-05 5.0110845671e-05 4.9728504095e-05 4.9345795308e-05 4.8961686705e-05 4.8574082972e-05 4.8181242238e-05 4.7777617849e-05 4.7358930714e-05 4.6913960604e-05 4.6432070713e-05 4.5890867006e-05 4.5268594261e-05 4.4546195010e-05 4.3766959852e-05 4.3120136146e-05 4.2797206221e-05 4.2794726512e-05 4.2817374036e-05 4.2637769155e-05 4.2351537344e-05 4.1534265174e-05 4.1001281720e-05 3.9530066211e-05 3.8284709142e-05 3.5840958145e-05 3.3257964345e-05 2.8634157789e-05 2.4457136518e-05 2.1477668625e-05 1.3826327330e-05 6.6116640854e-06 9.1897107392e-06
PROBE_ZEROMASK tag=baseline 0 0 0 0 0 0 0 0 0 0 0 0 0 0 0 0 0 0 0 0 0 0 0 0 0 0 0 0 0 0 0 0 0 0 0 0 0 0 0 0 0 0 0 0 0 0 0 0 0 0 0 0 0 0 0 0 0 0 0 0 0 0 0 0 0 0 0 0 0 0 0 0 0 0 0 0 0 0 0 0 0 0 0 0 0 0 0 0 0 0 0 0 0 0 0 0 0 0 0 0 0 0 0 0 0 0 0 0 0 0 0 0 0 0 0 0 0 0 0 0 0 0 0 0 0 0
PROBE DONE tag=baseline
