WARNING 7: VSPAERO Viewer Not Found. 
	Expected here: /home/dafoamuser/dafoam/packages/miniconda3/lib/python3.10/site-packages/oWARNING 7: VSPAERO Viewer Not Found. 
	Expected here: /home/dafoamuser/dafoam/packages/miniconda3/lib/python3.10/site-packages/openvsp/vspviewer
penvsp/vspviewer
WARNING 7: VSPAERO Viewer Not Found. 
	Expected here: /home/dafoamuser/dafoam/packages/miniconda3/lib/python3.10/site-packages/openvsp/vspviewer
WARNING 7: VSPAERO Viewer Not Found. 
	Expected here: /home/dafoamuser/dafoam/packages/miniconda3/lib/python3.10/site-packages/openvsp/vspviewer
 
-------------------------------------------------------------------------------
|                               DAFoam v5.0.0                                 |
-------------------------------------------------------------------------------
 
/*---------------------------------------------------------------------------*\
| =========                 |                                                 |
| \\      /  F ield         | OpenFOAM: The Open Source CFD Toolbox           |
|  \\    /   O peration     | Version:  2506                                  |
|   \\  /    A nd           | Website:  www.openfoam.com                      |
|    \\/     M anipulation  |                                                 |
\*---------------------------------------------------------------------------*/
Build  : _615aae61d7-20250627 OPENFOAM=2506 version=v2506
Arch   : "LSB;label=32;scalar=64"
Exec   : decomposePar
Date   : Jul 27 2026
Time   : 04:33:02
Host   : b5264624d163
PID    : 407
I/O    : uncollated
Case   : /home/dafoamuser/mount
nProcs : 1
trapFpe: Floating point exception trapping enabled (FOAM_SIGFPE).
fileModificationChecking : Monitoring run-time modified files using timeStampMaster (fileModificationSkew 5, maxFileModificationPolls 20)
allowSystemOperations : Allowing user-supplied system call operations

// * * * * * * * * * * * * * * * * * * * * * * * * * * * * * * * * * * * * * //
Create time

Overriding DebugSwitches according to controlDict
    SolverPerformance 0;



Decomposing mesh



--> FOAM FATAL ERROR: (openfoam-2506)
Case is already decomposed with 4 domains, use the -force option or manually
remove processor directories before decomposing. e.g.,
    rm -rf /home/dafoamuser/mount/processor*


    From decomposePar
    in file decomposePar.C at line 645.

FOAM exiting


Unable to run decomposePar, the domain has been already decomposed?

I/O    : uncollated
Case   : /home/dafoamuser/mount
nProcs : 4
Hosts  :
(
    (b5264624d163 4)
)
Pstream initialized with:
    node communication : off [type=host] (4 ranks, 1 nodes)
    topology controls  : none
    consensus exchange : 0 (tuning: 0)
    exchange algorithm : 0
    commsType          : nonBlocking
    polling iterations : 0
Initializing mesh and runtime for DASolver
Create time

Overriding DebugSwitches according to controlDict
    SolverPerformance 0;

Create mesh for time = 0
Replacing wallDist.method meshWave -> meshWaveFrozen
DAOption created. DASolver initialized.
[1] UPstream::init : could not attach buffer
[0] UPstream::init : could not attach buffer
[3] UPstream::init : could not attach buffer
[2] UPstream::init : could not attach buffer
I/O    : uncollated
Case   : /home/dafoamuser/mount
nProcs : 4
Hosts  :
(
    (b5264624d163 4)
)
Pstream initialized with:
    node communication : off [type=host] (4 ranks, 1 nodes)
    topology controls  : none
    consensus exchange : 0 (tuning: 0)
    exchange algorithm : 0
    commsType          : nonBlocking
    polling iterations : 0
Initializing mesh and runtime for DASolver
Create time

Overriding DebugSwitches according to controlDict
    SolverPerformance 0;

Create mesh for time = 0
Replacing wallDist.method meshWave -> meshWaveFrozen
DAOption created. DASolver initialized.
Initializing fields for DASimpleFoam
Create simpleControl.

SIMPLE: no convergence criteria found. Calculations will run for 3000 steps.

Reading field p

Reading field U

Reading/calculating face flux field phi

Creating source term. 
Selecting incompressible transport model Newtonian
Selecting turbulence model type RAS
Selecting RAS turbulence model SpalartAllmaras
Selecting patchDistMethod meshWaveFrozen
ft2 term: inactive
No MRF models present

Turbulence model is incompressible
Adjoint States: 
4
(
U volVectorState
nuTilda modelState
phi surfaceScalarState
p volScalarState
)
Global Cells: 14720
Global Faces: 59366
Global Xv: 91260
Undecomposed points: 29900
Global Adjoint States: 132966

SIMPLE: no convergence criteria found. Calculations will run for 3000 steps.

DACheckMesh Thresholds: 
maxNonOrth: 70
maxSkewness: 4
maxAspectRatio: 1000
maxIncorrectlyOrientedFaces: 0
    Adding all faces of patches: (wing) ...
    Found matching patch wing with 230 faces
    Adding all faces of patches: (wing) ...
    Found matching patch wing with 230 faces
Initializing fields for DASimpleFoam
Create simpleControl.

SIMPLE: no convergence criteria found. Calculations will run for 3000 steps.

Reading field p

Reading field U

Reading/calculating face flux field phi

Creating source term. 
Selecting incompressible transport model Newtonian
Selecting turbulence model type RAS
Selecting RAS turbulence model SpalartAllmaras
Selecting patchDistMethod meshWaveFrozen
ft2 term: inactive
No MRF models present

Turbulence model is incompressible
Adjoint States: 
4
(
U volVectorState
nuTilda modelState
phi surfaceScalarState
p volScalarState
)
Global Cells: 14720
Global Faces: 59366
Global Xv: 91260
Undecomposed points: 29900
Global Adjoint States: 132966

SIMPLE: no convergence criteria found. Calculations will run for 3000 steps.

DACheckMesh Thresholds: 
maxNonOrth: 70
maxSkewness: 4
maxAspectRatio: 1000
maxIncorrectlyOrientedFaces: 0
    Adding all faces of patches: (wing) ...
    Found matching patch wing with 230 faces
    Adding all faces of patches: (wing) ...
    Found matching patch wing with 230 faces
Init solver done! ElapsedClockTime 0.000000 s
Init solver done! ElapsedCpuTime 0.430000 s
initState: 
6
(
nuTilda 4.499999999999931e-05
phi 0
U1 0
U2 0
p 0
U0 9.999999999999565
)
Setting up primal boundary conditions based on pyOptions: 
Setting primal boundary conditions...
Setting U = (10 0 0) at inout
Setting primal boundary conditions...
Setting p = 0 at inout
Setting primal boundary conditions...
Setting nuTilda = 4.5e-05 at inout
Setting nut wall BC for wing. BCType=nutUSpaldingWallFunction
Reading OpenFOAM mesh information...
I/O    : uncollated
Case   : /home/dafoamuser/mount
nProcs : 4
Hosts  :
(
    (b5264624d163 4)
)
Pstream initialized with:
    node communication : off [type=host] (4 ranks, 1 nodes)
    topology controls  : none
    consensus exchange : 0 (tuning: 0)
    exchange algorithm : 0
    commsType          : nonBlocking
    polling iterations : 0
Reading the OpenFOAM mesh..
Overriding DebugSwitches according to controlDict
    SolverPerformance 0;

Checking if we need to compress the mesh files
Checking if we need to compress the mesh files
Finalising parallel run
I/O    : uncollated
DAFoam option dictionary: 
{
    solverName      DASimpleFoam;
    primalMinResTol 9.999999999999999e-12;
    primalFuncStdTol
    {
        stdTol          -1;
        slopeTol        -1;
        funcNames       1 ( CD );
        nStepsFrac      0.2;
    }
    primalBC
    {
        U0
        {
            variable        U;
            patches         1 ( inout );
            value           3 ( 10 0 0 );
        }
        p0
        {
            variable        p;
            patches         1 ( inout );
            value           1 ( 0 );
        }
        nuTilda0
        {
            variable        nuTilda;
            patches         1 ( inout );
            value           1 ( 4.5e-05 );
        }
        useWallFunction 1;
    }
    primalInitCondition
    {
    }
    normalizeStates
    {
        U               10;
        p               50;
        nuTilda         0.00045;
        phi             1;
    }
    function
    {
        CD
        {
            type            force;
            source          patchToFace;
            patches         1 ( wing );
            directionMode   parallelToFlow;
            patchVelocityInputName patchV;
            scale           0.2;
        }
        CL
        {
            type            force;
            source          patchToFace;
            patches         1 ( wing );
            directionMode   normalToFlow;
            patchVelocityInputName patchV;
            scale           0.2;
        }
    }
    inputInfo
    {
        aero_vol_coords
        {
            type            volCoord;
            components      2 ( solver function );
        }
        patchV
        {
            type            patchVelocity;
            patches         1 ( inout );
            flowAxis        x;
            normalAxis      y;
            components      2 ( solver function );
        }
    }
    outputInfo
    {
    }
    designSurfaces  1 ( wing );
    fvSource
    {
    }
    prepareCaseOnly 0;
    adjEqnSolMethod Krylov;
    dynamicMesh
    {
        active          0;
        mode            rotation;
        center          3 ( 0.25 0 0 );
        axis            z;
        omega           0.1;
        s               2;
        t0              0.35;
    }
    primalVarBounds
    {
        UMax            1000;
        UMin            -1000;
        pMax            50000;
        pMin            -50000;
        p_rghMax        50000;
        p_rghMin        -50000;
        eMax            55000;
        eMin            -220000;
        TMax            1000;
        TMin            100;
        hMax            200000;
        hMin            -200000;
        DMax            1e+16;
        DMin            -1e+16;
        rhoMax          5;
        rhoMin          0.2;
        nuTildaMax      1e+16;
        nuTildaMin      1e-16;
        kMax            1e+16;
        kMin            1e-16;
        omegaMax        1e+16;
        omegaMin        1e-16;
        epsilonMax      1e+16;
        epsilonMin      1e-16;
        ReThetatMax     1e+16;
        ReThetatMin     1e-16;
        gammaIntMax     1e+16;
        gammaIntMin     1e-16;
    }
    discipline      aero;
    adjPartDerivFDStep
    {
        State           1e-06;
    }
    transonicPCOption -1;
    unsteadyAdjoint
    {
        mode            None;
        PCMatPrecomputeInterval 100;
        PCMatUpdateInterval 1;
        reduceIO        1;
        additionalOutput 1 ( None );
        additionalOldTime 1 ( None );
        readZeroFields  1;
    }
    adjPCLag        10000;
    useAD
    {
        mode            reverse;
        dvName          None;
        seedIndex       -9999;
    }
    useConstrainHbyA 1;
    forceMeshWaveFrozen 1;
    useDdtCorr      0;
    regressionModel
    {
        active          0;
    }
    useMeanStates   0;
    solveLinearFunctionName None;
    printDAOptions  1;
    debug           0;
    writeJacobians  1 ( None );
    printInterval   100;
    printIntervalUnsteady 1;
    primalMinResTolDiff 100;
    adjUseColoring  1;
    adjEqnOption
    {
        globalPCIters   0;
        asmOverlap      1;
        localPCIters    1;
        jacMatReOrdering rcm;
        pcFillLevel     1;
        gmresMaxIters   1000;
        gmresRestart    1000;
        gmresRelTol     1e-06;
        gmresAbsTol     1e-14;
        gmresTolDiff    100;
        useNonZeroInitGuess 0;
        useMGSO         0;
        printInfo       1;
        fpMaxIters      1000;
        fpRelTol        1e-06;
        fpMinResTolDiff 100;
        fpPCUpwind      0;
        dynAdjustTol    0;
        KSPCalcEigen    0;
        KSPCalcSingularVal 0;
        readPCMat       0;
    }
    normalizeResiduals 11 ( URes pRes p_rghRes nuTildaRes phiRes TRes DRes kRes omegaRes epsilonRes alpha.waterRes );
    maxResConLv4JacPCMat
    {
        pRes            2;
        phiRes          1;
        URes            2;
        TRes            2;
        nuTildaRes      2;
        kRes            2;
        epsilonRes      2;
        omegaRes        2;
        p_rghRes        2;
        DRes            2;
        gammaIntRes     2;
        ReThetatRes     2;
        alpha.waterRes  2;
    }
    jacLowerBounds
    {
        dRdW            1e-30;
        dRdWPC          1e-30;
    }
    maxTractionBCIters 100;
    decomposeParDict
    {
        method          scotch;
        simpleCoeffs
        {
            n               3 ( 2 2 1 );
            delta           0.001;
        }
        kahipCoeffs
        {
            config          fast;
            imbalance       0.01;
        }
        preservePatches 1 ( None );
        singleProcessorFaceSets 1 ( None );
        args            1 ( None );
    }
    adjStateOrdering state;
    checkMeshThreshold
    {
        maxAspectRatio  1000;
        maxNonOrth      70;
        maxSkewness     4;
        maxIncorrectlyOrientedFaces 0;
    }
    writeDeformedFFDs 0;
    writeDeformedConstraints 0;
    writeAdjointFields 0;
    maxCorrectBCCalls 2;
    writeMinorIterations 0;
    primalMinIters  1;
    tensorflow
    {
        active          0;
    }
    wallDistanceMethod default;
    unsteadyCompOutput
    {
    }
}

pyDAFoam initialization done!
+----------------------------------------+
|          All IDWarp Options:           |
+----------------------------------------+
{'LdefFact': 1.0,
 'aExp': 3.0,
 'alpha': 0.25,
 'bExp': 5.0,
 'bucketSize': 8,
 'cornerAngle': 30.0,
 'errTol': 0.0005,
 'evalMode': 'fast',
 'fileType': 'OpenFOAM',
 'gridFile': '/home/dafoamuser/mount',
 'restartFile': None,
 'specifiedSurfaces': None,
 'symmTol': 1e-06,
 'symmetryPlanes': [[[0.0, 0.0, 0.0], [0.0, 0.0, 1.0]],
                    [[0.0, 0.0, 0.1], [0.0, 0.0, 1.0]]],
 'symmetrySurfaces': None,
 'useRotations': True,
 'zeroCornerRotations': True}
I/O    : uncollated
Case   : /home/dafoamuser/mount
nProcs : 4
Hosts  :
(
    (b5264624d163 4)
)
Pstream initialized with:
    node communication : off [type=host] (4 ranks, 1 nodes)
    topology controls  : none
    consensus exchange : 0 (tuning: 0)
    exchange algorithm : 0
    commsType          : nonBlocking
    polling iterations : 0
Reading the OpenFOAM mesh..
Overriding DebugSwitches according to controlDict
    SolverPerformance 0;

Checking if we need to compress the mesh files
Checking if we need to compress the mesh files
#------------------------------#
 Total Volume Nodes :     30420 
#------------------------------#
Finalising parallel run
I/O    : uncollated
+-------------------- Symmetry Planes -------------------+
|           Point                        Normal          |
| (  0.000   0.000   0.000)    (  0.000   0.000   1.000) |
| (  0.000   0.000   0.100)    (  0.000   0.000   1.000) |
+--------------------------------------------------------+
#--------------------------------#
 Unique Surface Nodes :       460 
#--------------------------------#
 Computing Denominator Estimate...
 Load Balancing...
 Finished Mesh Initialization.
OrderedDict([('inout', [0]), ('procBoundary0to1', [1]), ('procBoundary0to3', [2]), ('symmetry1', [3]), ('symmetry2', [4]), ('wing', [5]), ('allSurfaces', [0, 1, 2, 3, 4, 5]), ('allWalls', [5]), ('designSurfaces', [5])])
dRdWT Jacobian Free created!
/home/dafoamuser/dafoam/packages/miniconda3/lib/python3.10/site-packages/openmdao/core/component.py:140: OMDeprecationWarning:'scenario1.coupling.solver' <class DAFoamSolver>: It appears this component mixes distributed/non-distributed inputs and outputs, so it may break starting with OpenMDAO 3.25, where the convention used when passing data between distributed and non-distributed inputs and outputs within a matrix free component will change. See https://github.com/OpenMDAO/POEMs/blob/master/POEM_075.md for details.
/home/dafoamuser/dafoam/packages/miniconda3/lib/python3.10/site-packages/openmdao/core/component.py:140: OMDeprecationWarning:'scenario1.aero_post.functionals' <class DAFoamFunctions>: It appears this component mixes distributed/non-distributed inputs and outputs, so it may break starting with OpenMDAO 3.25, where the convention used when passing data between distributed and non-distributed inputs and outputs within a matrix free component will change. See https://github.com/OpenMDAO/POEMs/blob/master/POEM_075.md for details.
/home/dafoamuser/dafoam/packages/miniconda3/lib/python3.10/site-packages/openmdao/core/component.py:140: OMDeprecationWarning:'scenario1.coupling.solver' <class DAFoamSolver>: It appears this component mixes distributed/non-distributed inputs and outputs, so it may break starting with OpenMDAO 3.25, where the convention used when passing data between distributed and non-distributed inputs and outputs within a matrix free component will change. See https://github.com/OpenMDAO/POEMs/blob/master/POEM_075.md for details.
/home/dafoamuser/dafoam/packages/miniconda3/lib/python3.10/site-packages/openmdao/core/component.py:140: OMDeprecationWarning:'scenario1.aero_post.functionals' <class DAFoamFunctions>: It appears this component mixes distributed/non-distributed inputs and outputs, so it may break starting with OpenMDAO 3.25, where the convention used when passing data between distributed and non-distributed inputs and outputs within a matrix free component will change. See https://github.com/OpenMDAO/POEMs/blob/master/POEM_075.md for details.
/home/dafoamuser/dafoam/packages/miniconda3/lib/python3.10/site-packages/openmdao/core/component.py:140: OMDeprecationWarning:'scenario1.coupling.solver' <class DAFoamSolver>: It appears this component mixes distributed/non-distributed inputs and outputs, so it may break starting with OpenMDAO 3.25, where the convention used when passing data between distributed and non-distributed inputs and outputs within a matrix free component will change. See https://github.com/OpenMDAO/POEMs/blob/master/POEM_075.md for details.
/home/dafoamuser/dafoam/packages/miniconda3/lib/python3.10/site-packages/openmdao/core/component.py:140: OMDeprecationWarning:'scenario1.aero_post.functionals' <class DAFoamFunctions>: It appears this component mixes distributed/non-distributed inputs and outputs, so it may break starting with OpenMDAO 3.25, where the convention used when passing data between distributed and non-distributed inputs and outputs within a matrix free component will change. See https://github.com/OpenMDAO/POEMs/blob/master/POEM_075.md for details.
/home/dafoamuser/dafoam/packages/miniconda3/lib/python3.10/site-packages/openmdao/core/component.py:140: OMDeprecationWarning:'scenario1.coupling.solver' <class DAFoamSolver>: It appears this component mixes distributed/non-distributed inputs and outputs, so it may break starting with OpenMDAO 3.25, where the convention used when passing data between distributed and non-distributed inputs and outputs within a matrix free component will change. See https://github.com/OpenMDAO/POEMs/blob/master/POEM_075.md for details.
/home/dafoamuser/dafoam/packages/miniconda3/lib/python3.10/site-packages/openmdao/core/component.py:140: OMDeprecationWarning:'scenario1.aero_post.functionals' <class DAFoamFunctions>: It appears this component mixes distributed/non-distributed inputs and outputs, so it may break starting with OpenMDAO 3.25, where the convention used when passing data between distributed and non-distributed inputs and outputs within a matrix free component will change. See https://github.com/OpenMDAO/POEMs/blob/master/POEM_075.md for details.
/home/dafoamuser/dafoam/packages/miniconda3/lib/python3.10/site-packages/openmdao/core/problem.py:1011: DerivativesWarning:Inefficient choice of derivative mode.  You chose 'rev' for a problem with 10 design variables and 25 response variables (objectives and nonlinear constraints).
/home/dafoamuser/dafoam/packages/miniconda3/lib/python3.10/site-packages/openmdao/core/problem.py:1011: DerivativesWarning:Inefficient choice of derivative mode.  You chose 'rev' for a problem with 10 design variables and 25 response variables (objectives and nonlinear constraints).
/home/dafoamuser/dafoam/packages/miniconda3/lib/python3.10/site-packages/openmdao/core/problem.py:1011: DerivativesWarning:Inefficient choice of derivative mode.  You chose 'rev' for a problem with 10 design variables and 25 response variables (objectives and nonlinear constraints).
/home/dafoamuser/dafoam/packages/miniconda3/lib/python3.10/site-packages/openmdao/core/problem.py:1011: DerivativesWarning:Inefficient choice of derivative mode.  You chose 'rev' for a problem with 10 design variables and 25 response variables (objectives and nonlinear constraints).
DAInputVolCoord. 
Setting volume coordinates. 
DAInputPatchVelocity. 
Setting UMag = 10 AoA = 5.13918623195176 degs at 1(inout)
Checking mesh quality for time = 0
    Overall domain bounding box (-17.97859973224967 -19.32945232025165 0) (19.10692476552173 19.32945231038807 0.1)
    Mesh has 3 geometric (non-empty/wedge) directions (1 1 1)
    Mesh has 3 solution (non-empty) directions (1 1 1)
    Boundary openness (1.40765652152994e-18 -2.455392198985052e-19 1.219385490388609e-15) OK.
    Max cell openness = 2.795519096436618e-16 OK.
    Max aspect ratio = 167.4971796618474 OK.
    Minimum face area = 9.683111136713906e-07. Maximum face area = 1.86713204369946.  Face area magnitudes OK.
    Min volume = 9.683111142535597e-08. Max volume = 0.1867132043667888.  Total volume = 112.3943444084734.  Cell volumes OK.
    Mesh non-orthogonality Max: 26.95959996936716 average: 1.896724712239326
    Non-orthogonality check OK.
    Face pyramids OK.
    Max skewness = 0.8620395820103741 OK.
    Coupled point location match (average 0) OK.

Mesh OK.

Running Primal Solver 001
Previous solution time -1e+10 not found and nothing deleted.
No finite volume options present

Starting time loop

Time = 1

U0 initRes: 0.999999999997463 finalRes: 0.08390873734189447 nIters: 7
U1 initRes: 1 finalRes: 0.08173578095435431 nIters: 7
U2 initRes: 0.9999999770425682 finalRes: 0.09398988278465596 nIters: 5
p initRes: 1 finalRes: 0.09037605646833588 nIters: 8
Time step continuity errors : sum local = 0.0005963918830265029
                                 global = -7.695878053949705e-05
                             cumulative = -7.695878053949705e-05
nuTilda initRes: 0.9999999999271832 finalRes: 0.07632244833963693 nIters: 7
Bounding nuTilda>1e-16
CD: 0.9531305144067573 final: 0.9531305144067573
CL: -0.09187363441202767 final: -0.09187363441202767
yPlus min: 26.68449692928507 max: 46.71943129344208 mean: 44.25182330542585
ExecutionTime = 1.01 s  ClockTime = 1 s

Time = 100

U0 initRes: 0.004916072644994302 finalRes: 0.0004846384295681211 nIters: 5
U1 initRes: 0.004471992742434211 finalRes: 0.0004173597132460471 nIters: 6
U2 initRes: 0.0005251730108260406 finalRes: 5.173237492573677e-05 nIters: 4
p initRes: 0.003616253340362982 finalRes: 0.0002882617021248841 nIters: 3
Time step continuity errors : sum local = 8.99242105067976e-06
                                 global = -1.368841441147691e-07
                             cumulative = -7.709566468361183e-05
nuTilda initRes: 0.0001558583667120676 finalRes: 1.066343079870506e-05 nIters: 4
Bounding nuTilda>1e-16
CD: 0.01808860049159357 final: 0.01808860049159357
CL: 0.4543007630594705 final: 0.4543007630594705
yPlus min: 5.74082164462947 max: 58.21967311170904 mean: 31.57836738800347
ExecutionTime = 2.8 s  ClockTime = 4 s

Time = 200

U0 initRes: 0.0004795829914722266 finalRes: 3.686318135537545e-05 nIters: 6
U1 initRes: 0.0001482857461298171 finalRes: 1.368294533329562e-05 nIters: 6
U2 initRes: 5.399312147245423e-05 finalRes: 5.025796603991094e-06 nIters: 5
p initRes: 0.0001548814142859396 finalRes: 1.227886364186416e-05 nIters: 4
Time step continuity errors : sum local = 3.802037155858801e-07
                                 global = -2.462280899685283e-08
                             cumulative = -7.712028749260868e-05
nuTilda initRes: 2.322742332503965e-05 finalRes: 1.632376987682849e-06 nIters: 3
Bounding nuTilda>1e-16
CD: 0.01928877783563099 final: 0.01928877783563099
CL: 0.4989552413860059 final: 0.4989552413860059
yPlus min: 4.823255888756813 max: 58.56595853621491 mean: 32.07514204200195
ExecutionTime = 4.38 s  ClockTime = 6 s

Time = 300

U0 initRes: 6.204950468451506e-05 finalRes: 5.642879805417696e-06 nIters: 6
U1 initRes: 3.297440007244474e-05 finalRes: 2.768623109881422e-06 nIters: 6
U2 initRes: 8.187368024962735e-06 finalRes: 6.571233020082761e-07 nIters: 5
p initRes: 2.53756181822707e-05 finalRes: 2.111945410342917e-06 nIters: 4
Time step continuity errors : sum local = 6.62741359975238e-08
                                 global = 1.236673833554345e-08
                             cumulative = -7.710792075427314e-05
nuTilda initRes: 7.762839001577814e-07 finalRes: 6.067342480693624e-08 nIters: 4
Bounding nuTilda>1e-16
CD: 0.01833026136134688 final: 0.01833026136134688
CL: 0.5125886672093587 final: 0.5125886672093587
yPlus min: 4.890557618277292 max: 59.03614760531956 mean: 32.05377275468675
ExecutionTime = 5.96 s  ClockTime = 8 s

Time = 400

U0 initRes: 1.420821819523193e-05 finalRes: 1.204850912902014e-06 nIters: 6
U1 initRes: 5.830147966070622e-06 finalRes: 5.199539272011524e-07 nIters: 6
U2 initRes: 1.741144931044468e-06 finalRes: 1.516023940762626e-07 nIters: 5
p initRes: 5.187140159481996e-06 finalRes: 4.370841628658724e-07 nIters: 4
Time step continuity errors : sum local = 1.374767677416327e-08
                                 global = 2.757846067269003e-09
                             cumulative = -7.710516290820587e-05
nuTilda initRes: 2.60295126318393e-07 finalRes: 2.138473746456892e-08 nIters: 4
Bounding nuTilda>1e-16
CD: 0.01818701603181243 final: 0.01818701603181243
CL: 0.5158250144346267 final: 0.5158250144346267
yPlus min: 4.871971758679923 max: 59.12326359103336 mean: 32.05611805503769
ExecutionTime = 7.29 s  ClockTime = 10 s

Time = 500

U0 initRes: 3.026230882372026e-06 finalRes: 2.612649931804883e-07 nIters: 6
U1 initRes: 1.318100767209417e-06 finalRes: 1.155314509180802e-07 nIters: 6
U2 initRes: 3.511963583116423e-07 finalRes: 3.065114886016626e-08 nIters: 5
p initRes: 1.046369130091981e-06 finalRes: 9.500848102390311e-08 nIters: 4
Time step continuity errors : sum local = 2.989793074802276e-09
                                 global = 5.420410249658262e-10
                             cumulative = -7.710462086718091e-05
nuTilda initRes: 4.297984372480751e-08 finalRes: 3.923171695741548e-09 nIters: 4
Bounding nuTilda>1e-16
CD: 0.01815433835639041 final: 0.01815433835639041
CL: 0.5164837316023702 final: 0.5164837316023702
yPlus min: 4.869496633696543 max: 59.14184239376473 mean: 32.05655518653732
ExecutionTime = 8.92 s  ClockTime = 12 s

Time = 600

U0 initRes: 6.382654709888053e-07 finalRes: 5.498107499921705e-08 nIters: 6
U1 initRes: 2.76928878619757e-07 finalRes: 2.428188229262007e-08 nIters: 6
U2 initRes: 7.541985386930973e-08 finalRes: 6.556430884140836e-09 nIters: 5
p initRes: 2.431761266221443e-07 finalRes: 2.006781656111852e-08 nIters: 4
Time step continuity errors : sum local = 6.315745488686185e-10
                                 global = 1.197780089704986e-10
                             cumulative = -7.710450108917193e-05
nuTilda initRes: 9.818803293073991e-09 finalRes: 8.716004626579919e-10 nIters: 4
Bounding nuTilda>1e-16
CD: 0.01814739784565018 final: 0.01814739784565018
CL: 0.5166252123351952 final: 0.5166252123351952
yPlus min: 4.868923989652684 max: 59.14581580982968 mean: 32.05664558156997
ExecutionTime = 10.49 s  ClockTime = 15 s

Time = 700

U0 initRes: 1.369858924559881e-07 finalRes: 1.182774312491683e-08 nIters: 6
U1 initRes: 5.968928201406084e-08 finalRes: 5.236641863287668e-09 nIters: 6
U2 initRes: 1.605618970031294e-08 finalRes: 1.398838981562194e-09 nIters: 5
p initRes: 5.06347116168558e-08 finalRes: 4.342841731582008e-09 nIters: 4
Time step continuity errors : sum local = 1.366811207458237e-10
                                 global = 2.523265545586664e-11
                             cumulative = -7.710447585651648e-05
nuTilda initRes: 1.958886558999524e-09 finalRes: 1.808436404435011e-10 nIters: 4
Bounding nuTilda>1e-16
CD: 0.01814593684047681 final: 0.01814593684047681
CL: 0.5166553654036625 final: 0.5166553654036625
yPlus min: 4.868799742746617 max: 59.14667428789354 mean: 32.05667694790728
ExecutionTime = 12.27 s  ClockTime = 17 s

Time = 800

U0 initRes: 3.028757747123611e-08 finalRes: 2.617363009319103e-09 nIters: 6
U1 initRes: 1.319887042542116e-08 finalRes: 1.157666004198289e-09 nIters: 6
U2 initRes: 3.515799399036704e-09 finalRes: 3.071442648098562e-10 nIters: 5
p initRes: 1.11618584568631e-08 finalRes: 9.593524756226862e-10 nIters: 4
Time step continuity errors : sum local = 3.019353197264202e-11
                                 global = 5.410776275179544e-12
                             cumulative = -7.71044704457402e-05
nuTilda initRes: 4.180997041429158e-10 finalRes: 3.992188856722399e-11 nIters: 4
Bounding nuTilda>1e-16
CD: 0.01814562557143441 final: 0.01814562557143441
CL: 0.5166619759418207 final: 0.5166619759418207
yPlus min: 4.868769788378624 max: 59.14685990408577 mean: 32.05668575525376
ExecutionTime = 13.57 s  ClockTime = 19 s

Time = 900

U0 initRes: 6.598025348657035e-09 finalRes: 5.706094498509127e-10 nIters: 6
U1 initRes: 2.886940501236673e-09 finalRes: 2.531495276515492e-10 nIters: 6
U2 initRes: 7.719347752409419e-10 finalRes: 6.731618595465158e-11 nIters: 5
p initRes: 2.392688396322236e-09 finalRes: 2.095303708628247e-10 nIters: 4
Time step continuity errors : sum local = 6.59440681419755e-12
                                 global = 1.194598374170771e-12
                             cumulative = -7.710446925114182e-05
nuTilda initRes: 9.102663252216445e-11 finalRes: 8.618091614229704e-12 nIters: 4
Bounding nuTilda>1e-16
CD: 0.01814555670934936 final: 0.01814555670934936
CL: 0.5166634227618144 final: 0.5166634227618144
yPlus min: 4.868763446703496 max: 59.14690070027826 mean: 32.05668754046251
ExecutionTime = 15.06 s  ClockTime = 21 s

Time = 1000

U0 initRes: 1.445321508542697e-09 finalRes: 1.248223365386163e-10 nIters: 6
U1 initRes: 6.288948331711749e-10 finalRes: 5.520012192004893e-11 nIters: 6
U2 initRes: 1.707245991039273e-10 finalRes: 1.496286431846259e-11 nIters: 5
p initRes: 5.219834280782179e-10 finalRes: 4.575833937487556e-11 nIters: 4
Time step continuity errors : sum local = 1.440201537050119e-12
                                 global = 2.612369047264622e-13
                             cumulative = -7.710446898990492e-05
nuTilda initRes: 2.040988839991241e-11 finalRes: 1.915534513089818e-12 nIters: 4
Bounding nuTilda>1e-16
CD: 0.0181455416569085 final: 0.0181455416569085
CL: 0.5166637397298073 final: 0.5166637397298073
yPlus min: 4.868762035693356 max: 59.14690960534096 mean: 32.05668790682132
ExecutionTime = 16.63 s  ClockTime = 23 s

Time = 1100

U0 initRes: 3.152854812276859e-10 finalRes: 2.723971434451506e-11 nIters: 6
U1 initRes: 1.374278295325329e-10 finalRes: 1.205780624200354e-11 nIters: 6
U2 initRes: 3.891137493830352e-11 finalRes: 3.46296571222238e-12 nIters: 5
p initRes: 1.141200283725719e-10 finalRes: 9.985850302687686e-12 nIters: 4
Time step continuity errors : sum local = 3.142930914630384e-13
                                 global = 5.709207138404255e-14
                             cumulative = -7.710446893281285e-05
nuTilda initRes: 4.437028320969372e-12 finalRes: 4.165498704831823e-13 nIters: 4
Bounding nuTilda>1e-16
CD: 0.01814553836197645 final: 0.01814553836197645
CL: 0.5166638088472845 final: 0.5166638088472845
yPlus min: 4.86876173225776 max: 59.146911549877 mean: 32.0566879857266
ExecutionTime = 18.2 s  ClockTime = 25 s

Time = 1200

U0 initRes: 6.880618027780035e-11 finalRes: 5.944954339791049e-12 nIters: 6
U1 initRes: 2.999558385957835e-11 finalRes: 2.631730952644779e-12 nIters: 6
U2 initRes: 1.019241880171609e-11 finalRes: 9.585111977214512e-13 nIters: 5
p initRes: 2.49282014263915e-11 finalRes: 2.179392627730286e-12 nIters: 4
Time step continuity errors : sum local = 6.881671617858357e-14
                                 global = 1.251083007408336e-14
                             cumulative = -7.710446892030203e-05
nuTilda initRes: 9.678153563240108e-13 finalRes: 9.09046011489681e-14 nIters: 4
Bounding nuTilda>1e-16
CD: 0.01814553764324642 final: 0.01814553764324642
CL: 0.5166638239338095 final: 0.5166638239338095
yPlus min: 4.868761665881341 max: 59.14691197426545 mean: 32.05668800306855
ExecutionTime = 19.6 s  ClockTime = 27 s

Time = 1273
Minimal residual 9.872609962127043e-12 satisfied the prescribed tolerance 9.999999999999999e-12

CD: 0.01814553750863528 final: 0.01814553750863528
CL: 0.5166638267596083 final: 0.5166638267596083
End

Printing Primal Residual Statistics.
U Residual Norm2: (3.267151321527903e-06 3.289830117008965e-06 1.87070716781077e-11)
U Residual Mean: (1.616812115779334e-08 5.297862389798318e-09 7.025296746587546e-14)
U Residual Max: (4.032290235045366e-07 6.582695277757011e-07 1.215250416058052e-12)
p Residual Norm2: 4.94186693812518e-07
p Residual Mean: 2.444105617538333e-10
p Residual Max: 1.575389543373584e-07
nuTilda Residual Norm2: 4.622670198229311e-10
nuTilda Residual Mean: 9.161442838556278e-13
nuTilda Residual Max: 4.41337965004492e-11
phi Residual Norm2: 2.304112163333312e-09
phi Residual Mean: 3.72032804710607e-12
phi Residual Max: 2.935342715131854e-10
Total Residual Norm2: 4.662776637139689e-06
 
 
PROBE rank=3 idx=6 step=1.000000e-04 CD=1.814553750863528e-02 nCells=3712 yWall_min=5.2095665499e-04 yWall_max=1.8291562889e+01 yWall_mean=2.6435756929e+00
PROBE rank=1 idx=6 step=1.000000e-04 CD=1.814553750863528e-02 nCells=3648 yWall_min=8.9299778992e-04 yWall_max=1.8288218589e+01 yWall_mean=2.6430566371e+00
PROBE rank=2 idx=6 step=1.000000e-04 CD=1.814553750863528e-02 nCells=3648 yWall_min=8.9381942713e-04 yWall_max=1.8292100753e+01 yWall_mean=2.6602700763e+00
PROBE rank=0 idx=6 step=1.000000e-04 CD=1.814553750863528e-02 nCells=3712 yWall_min=5.2095665138e-04 yWall_max=1.8292100778e+01 yWall_mean=2.6597982249e+00
PROBE_GLOBAL idx=6 step=1.000000e-04 CD=1.814553750863528e-02 nCellsGlobal=14720 yWall_min=5.2095665138e-04 yWall_max=1.8292100778e+01 yWall_mean=2.6516752604e+00
PROBE DONE
Finalising parallel run
Finalising parallel run
