WARNING 7: VSPAERO Viewer Not Found. 
	Expected here: /home/dafoamuser/dafoam/packages/miniconda3/lib/python3.10/site-packages/openvsp/vspviewer
 
-------------------------------------------------------------------------------
|                               DAFoam v5.0.0                                 |
-------------------------------------------------------------------------------
 
I/O    : uncollated
Case   : /home/dafoamuser/mount/NACA0012_Airfoil_Incompressible
nProcs : 1
Initializing mesh and runtime for DASolver
Create time

Overriding DebugSwitches according to controlDict
    SolverPerformance 0;

Create mesh for time = 0
Replacing wallDist.method meshWave -> meshWaveFrozen
DAOption created. DASolver initialized.
I/O    : uncollated
Case   : /home/dafoamuser/mount/NACA0012_Airfoil_Incompressible
nProcs : 1
Initializing mesh and runtime for DASolver
Create time

Overriding DebugSwitches according to controlDict
    SolverPerformance 0;

Create mesh for time = 0
Replacing wallDist.method meshWave -> meshWaveFrozen
DAOption created. DASolver initialized.
Initializing fields for DASimpleFoam
Create simpleControl.

SIMPLE: no convergence criteria found. Calculations will run for 3000 steps.

Reading field p

Reading field U

Reading/calculating face flux field phi

Creating source term. 
Selecting incompressible transport model Newtonian
Selecting turbulence model type RAS
Selecting RAS turbulence model SpalartAllmaras
Selecting patchDistMethod meshWaveFrozen
ft2 term: inactive
No MRF models present

Turbulence model is incompressible
Adjoint States: 
4
(
U volVectorState
nuTilda modelState
phi surfaceScalarState
p volScalarState
)
Global Cells: 4032
Global Faces: 16254
Global Xv: 24948
Undecomposed points: 8316
Global Adjoint States: 36414

SIMPLE: no convergence criteria found. Calculations will run for 3000 steps.

DACheckMesh Thresholds: 
maxNonOrth: 70
maxSkewness: 4
maxAspectRatio: 1000
maxIncorrectlyOrientedFaces: 0
    Adding all faces of patches: (wing) ...
    Found matching patch wing with 126 faces
    Adding all faces of patches: (wing) ...
    Found matching patch wing with 126 faces
Initializing fields for DASimpleFoam
Create simpleControl.

SIMPLE: no convergence criteria found. Calculations will run for 3000 steps.

Reading field p

Reading field U

Reading/calculating face flux field phi

Creating source term. 
Selecting incompressible transport model Newtonian
Selecting turbulence model type RAS
Selecting RAS turbulence model SpalartAllmaras
Selecting patchDistMethod meshWaveFrozen
ft2 term: inactive
No MRF models present

Turbulence model is incompressible
Adjoint States: 
4
(
U volVectorState
nuTilda modelState
phi surfaceScalarState
p volScalarState
)
Global Cells: 4032
Global Faces: 16254
Global Xv: 24948
Undecomposed points: 8316
Global Adjoint States: 36414

SIMPLE: no convergence criteria found. Calculations will run for 3000 steps.

DACheckMesh Thresholds: 
maxNonOrth: 70
maxSkewness: 4
maxAspectRatio: 1000
maxIncorrectlyOrientedFaces: 0
    Adding all faces of patches: (wing) ...
    Found matching patch wing with 126 faces
    Adding all faces of patches: (wing) ...
    Found matching patch wing with 126 faces
Init solver done! ElapsedClockTime 1.000000 s
Init solver done! ElapsedCpuTime 0.470000 s
initState: 
6
(
nuTilda 4.499999999999846e-05
phi 0
U1 0
U2 0
p 0
U0 10.00000000000001
)
Setting up primal boundary conditions based on pyOptions: 
Setting primal boundary conditions...
Setting U = (10 0 0) at inout
Setting primal boundary conditions...
Setting p = 0 at inout
Setting primal boundary conditions...
Setting nuTilda = 4.5e-05 at inout
Setting nut wall BC for wing. BCType=nutUSpaldingWallFunction
Reading OpenFOAM mesh information...
I/O    : uncollated
Case   : /home/dafoamuser/mount/NACA0012_Airfoil_Incompressible
nProcs : 1
Reading the OpenFOAM mesh..
Overriding DebugSwitches according to controlDict
    SolverPerformance 0;

I/O    : uncollated
DAFoam option dictionary: 
{
    solverName      DASimpleFoam;
    primalMinResTol 1e-08;
    primalFuncStdTol
    {
        stdTol          -1;
        slopeTol        -1;
        funcNames       1 ( CD );
        nStepsFrac      0.2;
    }
    primalBC
    {
        U0
        {
            variable        U;
            patches         1 ( inout );
            value           3 ( 10 0 0 );
        }
        p0
        {
            variable        p;
            patches         1 ( inout );
            value           1 ( 0 );
        }
        nuTilda0
        {
            variable        nuTilda;
            patches         1 ( inout );
            value           1 ( 4.5e-05 );
        }
        useWallFunction 1;
    }
    primalInitCondition
    {
    }
    normalizeStates
    {
        U               10;
        p               50;
        nuTilda         0.00045;
        phi             1;
    }
    function
    {
        CD
        {
            type            force;
            source          patchToFace;
            patches         1 ( wing );
            directionMode   parallelToFlow;
            patchVelocityInputName patchV;
            scale           0.2;
        }
        CL
        {
            type            force;
            source          patchToFace;
            patches         1 ( wing );
            directionMode   normalToFlow;
            patchVelocityInputName patchV;
            scale           0.2;
        }
    }
    inputInfo
    {
        aero_vol_coords
        {
            type            volCoord;
            components      2 ( solver function );
        }
        patchV
        {
            type            patchVelocity;
            patches         1 ( inout );
            flowAxis        x;
            normalAxis      y;
            components      2 ( solver function );
        }
    }
    outputInfo
    {
    }
    designSurfaces  1 ( wing );
    fvSource
    {
    }
    prepareCaseOnly 0;
    adjEqnSolMethod Krylov;
    dynamicMesh
    {
        active          0;
        mode            rotation;
        center          3 ( 0.25 0 0 );
        axis            z;
        omega           0.1;
        s               2;
        t0              0.35;
    }
    primalVarBounds
    {
        UMax            1000;
        UMin            -1000;
        pMax            50000;
        pMin            -50000;
        p_rghMax        50000;
        p_rghMin        -50000;
        eMax            55000;
        eMin            -220000;
        TMax            1000;
        TMin            100;
        hMax            200000;
        hMin            -200000;
        DMax            1e+16;
        DMin            -1e+16;
        rhoMax          5;
        rhoMin          0.2;
        nuTildaMax      1e+16;
        nuTildaMin      1e-16;
        kMax            1e+16;
        kMin            1e-16;
        omegaMax        1e+16;
        omegaMin        1e-16;
        epsilonMax      1e+16;
        epsilonMin      1e-16;
        ReThetatMax     1e+16;
        ReThetatMin     1e-16;
        gammaIntMax     1e+16;
        gammaIntMin     1e-16;
    }
    discipline      aero;
    adjPartDerivFDStep
    {
        State           1e-06;
    }
    transonicPCOption -1;
    unsteadyAdjoint
    {
        mode            None;
        PCMatPrecomputeInterval 100;
        PCMatUpdateInterval 1;
        reduceIO        1;
        additionalOutput 1 ( None );
        additionalOldTime 1 ( None );
        readZeroFields  1;
    }
    adjPCLag        10000;
    useAD
    {
        mode            reverse;
        dvName          None;
        seedIndex       -9999;
    }
    useConstrainHbyA 1;
    forceMeshWaveFrozen 1;
    useDdtCorr      0;
    regressionModel
    {
        active          0;
    }
    useMeanStates   0;
    solveLinearFunctionName None;
    printDAOptions  1;
    debug           0;
    writeJacobians  1 ( None );
    printInterval   100;
    printIntervalUnsteady 1;
    primalMinResTolDiff 100;
    adjUseColoring  1;
    adjEqnOption
    {
        globalPCIters   0;
        asmOverlap      1;
        localPCIters    1;
        jacMatReOrdering rcm;
        pcFillLevel     1;
        gmresMaxIters   1000;
        gmresRestart    1000;
        gmresRelTol     1e-06;
        gmresAbsTol     1e-14;
        gmresTolDiff    100;
        useNonZeroInitGuess 0;
        useMGSO         0;
        printInfo       1;
        fpMaxIters      1000;
        fpRelTol        1e-06;
        fpMinResTolDiff 100;
        fpPCUpwind      0;
        dynAdjustTol    0;
        KSPCalcEigen    0;
        KSPCalcSingularVal 0;
        readPCMat       0;
    }
    normalizeResiduals 11 ( URes pRes p_rghRes nuTildaRes phiRes TRes DRes kRes omegaRes epsilonRes alpha.waterRes );
    maxResConLv4JacPCMat
    {
        pRes            2;
        phiRes          1;
        URes            2;
        TRes            2;
        nuTildaRes      2;
        kRes            2;
        epsilonRes      2;
        omegaRes        2;
        p_rghRes        2;
        DRes            2;
        gammaIntRes     2;
        ReThetatRes     2;
        alpha.waterRes  2;
    }
    jacLowerBounds
    {
        dRdW            1e-30;
        dRdWPC          1e-30;
    }
    maxTractionBCIters 100;
    decomposeParDict
    {
        method          scotch;
        simpleCoeffs
        {
            n               3 ( 2 2 1 );
            delta           0.001;
        }
        kahipCoeffs
        {
            config          fast;
            imbalance       0.01;
        }
        preservePatches 1 ( None );
        singleProcessorFaceSets 1 ( None );
        args            1 ( None );
    }
    adjStateOrdering state;
    checkMeshThreshold
    {
        maxAspectRatio  1000;
        maxNonOrth      70;
        maxSkewness     4;
        maxIncorrectlyOrientedFaces 0;
    }
    writeDeformedFFDs 0;
    writeDeformedConstraints 0;
    writeAdjointFields 0;
    maxCorrectBCCalls 2;
    writeMinorIterations 0;
    primalMinIters  1;
    tensorflow
    {
        active          0;
    }
    wallDistanceMethod default;
    unsteadyCompOutput
    {
    }
}

Checking if we need to compress the mesh files
Checking if we need to compress the mesh files
pyDAFoam initialization done!
+----------------------------------------+
|          All IDWarp Options:           |
+----------------------------------------+
{'LdefFact': 1.0,
 'aExp': 3.0,
 'alpha': 0.25,
 'bExp': 5.0,
 'bucketSize': 8,
 'cornerAngle': 30.0,
 'errTol': 0.0005,
 'evalMode': 'fast',
 'fileType': 'OpenFOAM',
 'gridFile': '/home/dafoamuser/mount/NACA0012_Airfoil_Incompressible',
 'restartFile': None,
 'specifiedSurfaces': None,
 'symmTol': 1e-06,
 'symmetryPlanes': [[[0.0, 0.0, 0.0], [0.0, 0.0, 1.0]],
                    [[0.0, 0.0, 0.1], [0.0, 0.0, 1.0]]],
 'symmetrySurfaces': None,
 'useRotations': True,
 'zeroCornerRotations': True}
I/O    : uncollated
Case   : /home/dafoamuser/mount/NACA0012_Airfoil_Incompressible
nProcs : 1
Reading the OpenFOAM mesh..
Overriding DebugSwitches according to controlDict
    SolverPerformance 0;

#------------------------------#
 Total Volume Nodes :      8316 
#------------------------------#
I/O    : uncollated
#--------------------------------#
 Unique Surface Nodes :       252 
#--------------------------------#
 Computing Denominator Estimate...
 Load Balancing...
 Finished Mesh Initialization.
Checking if we need to compress the mesh files
Checking if we need to compress the mesh files
+-------------------- Symmetry Planes -------------------+
|           Point                        Normal          |
| (  0.000   0.000   0.000)    (  0.000   0.000   1.000) |
| (  0.000   0.000   0.100)    (  0.000   0.000   1.000) |
+--------------------------------------------------------+
OrderedDict([('inout', [0]), ('symmetry1', [1]), ('symmetry2', [2]), ('wing', [3]), ('allSurfaces', [0, 1, 2, 3]), ('allWalls', [3]), ('designSurfaces', [3])])
/home/dafoamuser/dafoam/packages/miniconda3/lib/python3.10/site-packages/openmdao/core/component.py:229: DistributedComponentWarning:'mesh' <class DAFoamMesh>: Component contains distributed variables, but there is no distributed vector implementation (MPI/PETSc) available. The default non-distributed vectors will be used.
/home/dafoamuser/dafoam/packages/miniconda3/lib/python3.10/site-packages/openmdao/core/component.py:229: DistributedComponentWarning:'scenario1.aero_pre.warper' <class DAFoamWarper>: Component contains distributed variables, but there is no distributed vector implementation (MPI/PETSc) available. The default non-distributed vectors will be used.
dRdWT Jacobian Free created!
/home/dafoamuser/dafoam/packages/miniconda3/lib/python3.10/site-packages/openmdao/core/component.py:229: DistributedComponentWarning:'scenario1.coupling.solver' <class DAFoamSolver>: Component contains distributed variables, but there is no distributed vector implementation (MPI/PETSc) available. The default non-distributed vectors will be used.
/home/dafoamuser/dafoam/packages/miniconda3/lib/python3.10/site-packages/openmdao/core/component.py:229: DistributedComponentWarning:'scenario1.aero_post.functionals' <class DAFoamFunctions>: Component contains distributed variables, but there is no distributed vector implementation (MPI/PETSc) available. The default non-distributed vectors will be used.
/home/dafoamuser/dafoam/packages/miniconda3/lib/python3.10/site-packages/openmdao/core/component.py:140: OMDeprecationWarning:'scenario1.coupling.solver' <class DAFoamSolver>: It appears this component mixes distributed/non-distributed inputs and outputs, so it may break starting with OpenMDAO 3.25, where the convention used when passing data between distributed and non-distributed inputs and outputs within a matrix free component will change. See https://github.com/OpenMDAO/POEMs/blob/master/POEM_075.md for details.
/home/dafoamuser/dafoam/packages/miniconda3/lib/python3.10/site-packages/openmdao/core/component.py:140: OMDeprecationWarning:'scenario1.aero_post.functionals' <class DAFoamFunctions>: It appears this component mixes distributed/non-distributed inputs and outputs, so it may break starting with OpenMDAO 3.25, where the convention used when passing data between distributed and non-distributed inputs and outputs within a matrix free component will change. See https://github.com/OpenMDAO/POEMs/blob/master/POEM_075.md for details.
/home/dafoamuser/dafoam/packages/miniconda3/lib/python3.10/site-packages/openmdao/core/problem.py:1011: DerivativesWarning:Inefficient choice of derivative mode.  You chose 'rev' for a problem with 10 design variables and 25 response variables (objectives and nonlinear constraints).
DAInputVolCoord. 
Setting volume coordinates. 
DAInputPatchVelocity. 
Setting UMag = 10 AoA = 5.13918623195176 degs at 1(inout)
Checking mesh quality for time = 0
    Overall domain bounding box (-17.36955992934097 -18.580929029828 0) (18.72808974732804 18.580929008908 0.1)
    Mesh has 3 geometric (non-empty/wedge) directions (1 1 1)
    Mesh has 3 solution (non-empty) directions (1 1 1)
    Boundary openness (-3.998195603750368e-19 -5.489325931378579e-20 -2.719001894077799e-16) OK.
    Max cell openness = 2.647572244145361e-16 OK.
    Max aspect ratio = 97.87218721638284 OK.
    Minimum face area = 2.254099143164308e-06. Maximum face area = 4.224820321497278.  Face area magnitudes OK.
    Min volume = 2.254099144856892e-07. Max volume = 0.422482032106397.  Total volume = 105.2804018655528.  Cell volumes OK.
    Mesh non-orthogonality Max: 22.74891598092847 average: 2.547934581914154
    Non-orthogonality check OK.
    Face pyramids OK.
    Max skewness = 1.432464754647905 OK.
    Coupled point location match (average 0) OK.

Mesh OK.

Running Primal Solver 001
Previous solution time -1e+10 not found and nothing deleted.
No finite volume options present

Starting time loop

Time = 1

U0 initRes: 0.9999999999987089 finalRes: 0.08240769909338931 nIters: 7
U1 initRes: 1 finalRes: 0.08007993441242084 nIters: 7
U2 initRes: 0.9999999554390566 finalRes: 0.07268392955298353 nIters: 7
p initRes: 1 finalRes: 0.06265650071420778 nIters: 5
Time step continuity errors : sum local = 0.0004461864988617479
                                 global = -0.0001823545177663689
                             cumulative = -0.0001823545177663689
nuTilda initRes: 0.9999999999193447 finalRes: 0.07774066518231852 nIters: 7
Bounding nuTilda>1e-16
CD: 0.5126424326440349 final: 0.5126424326440349
CL: -0.05294325068587275 final: -0.05294325068587275
yPlus min: 48.42640673186346 max: 83.47309896652378 mean: 78.50775815711697
ExecutionTime = 1.27 s  ClockTime = 1 s

Time = 100

U0 initRes: 0.0006520627992308448 finalRes: 4.836547791766624e-05 nIters: 6
U1 initRes: 0.0005708439491953338 finalRes: 5.583476846423638e-05 nIters: 5
U2 initRes: 0.001122156246142387 finalRes: 8.143485391377975e-05 nIters: 5
p initRes: 0.005429212524377838 finalRes: 0.0003783605761199192 nIters: 2
Time step continuity errors : sum local = 9.49735882277378e-06
                                 global = -5.266567731103324e-07
                             cumulative = -0.0001828811745394792
nuTilda initRes: 4.877262057288474e-05 finalRes: 4.146691611990661e-06 nIters: 2
Bounding nuTilda>1e-16
CD: 0.02209811780665343 final: 0.02209811780665343
CL: 0.481827492887157 final: 0.481827492887157
yPlus min: 14.767548168121 max: 100.171043868805 mean: 60.22841833710403
ExecutionTime = 2.4 s  ClockTime = 3 s

Time = 200

U0 initRes: 1.482064798943666e-05 finalRes: 1.190560358048159e-06 nIters: 6
U1 initRes: 1.215422566976419e-05 finalRes: 9.642374362972809e-07 nIters: 6
U2 initRes: 1.934132246416359e-05 finalRes: 1.705373983925257e-06 nIters: 5
p initRes: 1.684036973338929e-05 finalRes: 1.164832694711576e-06 nIters: 3
Time step continuity errors : sum local = 2.961249279659882e-08
                                 global = -2.762227200170455e-09
                             cumulative = -0.0001828839367666794
nuTilda initRes: 3.6722221277865e-07 finalRes: 3.608647401989595e-08 nIters: 4
Bounding nuTilda>1e-16
CD: 0.02094108560428549 final: 0.02094108560428549
CL: 0.498159794791855 final: 0.498159794791855
yPlus min: 14.26030875167347 max: 101.0565123965794 mean: 59.96236608247683
ExecutionTime = 3.55 s  ClockTime = 4 s

Time = 300

U0 initRes: 5.359369222368464e-07 finalRes: 4.266982669691707e-08 nIters: 6
U1 initRes: 4.693757701714984e-07 finalRes: 3.602431313451672e-08 nIters: 6
U2 initRes: 8.300499678615373e-07 finalRes: 6.183572308867888e-08 nIters: 5
p initRes: 1.009951085791028e-06 finalRes: 8.221380311896829e-08 nIters: 2
Time step continuity errors : sum local = 2.091219930751241e-09
                                 global = 1.990345142409469e-10
                             cumulative = -0.0001828837377321652
nuTilda initRes: 1.779996476288259e-08 finalRes: 1.483876664976157e-09 nIters: 4
Bounding nuTilda>1e-16
CD: 0.02091160897078162 final: 0.02091160897078162
CL: 0.4987464654357213 final: 0.4987464654357213
yPlus min: 14.24986468772198 max: 101.0841930852626 mean: 59.95703733244746
ExecutionTime = 4.66 s  ClockTime = 5 s

Time = 400

U0 initRes: 1.334595267307588e-08 finalRes: 9.883124846075407e-10 nIters: 6
U1 initRes: 1.07372823729397e-08 finalRes: 7.870434280351291e-10 nIters: 6
U2 initRes: 4.964421775497899e-08 finalRes: 4.834393996333062e-09 nIters: 5
p initRes: 3.314861613610908e-08 finalRes: 1.8605916991785e-09 nIters: 2
Time step continuity errors : sum local = 4.732748776665737e-11
                                 global = 5.217508302166346e-12
                             cumulative = -0.0001828837325146568
nuTilda initRes: 5.84315870808835e-10 finalRes: 4.357571483600622e-11 nIters: 4
Bounding nuTilda>1e-16
CD: 0.02091052958029021 final: 0.02091052958029021
CL: 0.4987649883864673 final: 0.4987649883864673
yPlus min: 14.24953325838407 max: 101.0851037668628 mean: 59.95687659650218
ExecutionTime = 5.77 s  ClockTime = 6 s

Time = 435
Minimal residual 9.822715611394694e-09 satisfied the prescribed tolerance 1e-08

CD: 0.02091051000679216 final: 0.02091051000679216
CL: 0.4987652641542319 final: 0.4987652641542319
End

Printing Primal Residual Statistics.
U Residual Norm2: (0.0002151763254572022 0.0002388470034126788 1.122306652582194e-12)
U Residual Mean: (1.622996355126018e-06 6.559140123344671e-07 8.605593589035593e-15)
U Residual Max: (5.544134364754427e-05 0.0001036291250784416 1.588750567451904e-13)
p Residual Norm2: 7.306650781540914e-05
p Residual Mean: 1.049709510170954e-07
p Residual Max: 3.335154516707894e-05
nuTilda Residual Norm2: 9.194626444165747e-08
nuTilda Residual Mean: 3.152973288149372e-10
nuTilda Residual Max: 1.727550517955784e-08
phi Residual Norm2: 3.273643312923665e-07
phi Residual Mean: 8.173191543165736e-10
phi Residual Max: 8.334212649244771e-08
Total Residual Norm2: 0.0003296779826775519
 
 
CHECKMESH_BEGIN tag=baseline
Checking mesh quality for time = 435
    Overall domain bounding box (-17.36955992934097 -18.580929029828 0) (18.72808974732804 18.580929008908 0.1)
    Mesh has 3 geometric (non-empty/wedge) directions (1 1 1)
    Mesh has 3 solution (non-empty) directions (1 1 1)
    Boundary openness (-3.998195603750368e-19 -5.489325931378579e-20 -2.719001894077799e-16) OK.
    Max cell openness = 2.647572244145361e-16 OK.
    Max aspect ratio = 97.87218721638284 OK.
    Minimum face area = 2.254099143164308e-06. Maximum face area = 4.224820321497278.  Face area magnitudes OK.
    Min volume = 2.254099144856892e-07. Max volume = 0.422482032106397.  Total volume = 105.2804018655528.  Cell volumes OK.
    Mesh non-orthogonality Max: 22.74891598092847 average: 2.547934581914154
    Non-orthogonality check OK.
    Face pyramids OK.
    Max skewness = 1.432464754647905 OK.
    Coupled point location match (average 0) OK.

Mesh OK.

CHECKMESH_END tag=baseline meshOK=1
PROBE tag=baseline idx=-1 step=0.000000e+00 finalTime=435 CD=2.091051000679216e-02 CL=4.987652641542319e-01 bcType=nutUSpaldingWallFunction nWingFaces=126 nZero=0 nPos=126 nNeg=0
PROBE_VALUES tag=baseline 1.1662817598e-05 1.3594698950e-05 1.6746949491e-05 1.8263785061e-05 2.0392913176e-05 2.1348862620e-05 2.2898452140e-05 2.3755340184e-05 2.4928803507e-05 2.5819044410e-05 2.6700755430e-05 2.7500255967e-05 2.8373764277e-05 2.9533542162e-05 3.0930663069e-05 3.2303837223e-05 3.3592700031e-05 3.4732521649e-05 3.5779622822e-05 3.6733869664e-05 3.7637133517e-05 3.8491463371e-05 3.9318375262e-05 4.0120341042e-05 4.0910300043e-05 4.1689233420e-05 4.2464480703e-05 4.3237082707e-05 4.4011764556e-05 4.4789224072e-05 4.5572760385e-05 4.6362319693e-05 4.7159854184e-05 4.7964477011e-05 4.8776386431e-05 4.9593703088e-05 5.0414638472e-05 5.1234454828e-05 5.2048967599e-05 5.2852045513e-05 5.3635446262e-05 5.4388501690e-05 5.5099320923e-05 5.5753848232e-05 5.6336347558e-05 5.6831121362e-05 5.7224400033e-05 5.7503750606e-05 5.7666200510e-05 5.7736554701e-05 5.7807515905e-05 5.8136562127e-05 5.9336329954e-05 6.2013074910e-05 6.6043963014e-05 7.0471626162e-05 7.4267651649e-05 7.6219681127e-05 7.4891686668e-05 6.8505709369e-05 5.5942195512e-05 3.9360422915e-05 1.9814430867e-05 5.9349816579e-06 1.7312252627e-05 3.0211874766e-05 3.8823056736e-05 4.4189630060e-05 4.7694200162e-05 5.0123943813e-05 5.2021102087e-05 5.3462538594e-05 5.4468993795e-05 5.5115256892e-05 5.5489599299e-05 5.5667020546e-05 5.5703367054e-05 5.5639925925e-05 5.5502906735e-05 5.5310259717e-05 5.5074742794e-05 5.4805401095e-05 5.4508815403e-05 5.4190479905e-05 5.3854976138e-05 5.3505392415e-05 5.3144565906e-05 5.2775615940e-05 5.2400826454e-05 5.2022117620e-05 5.1640958706e-05 5.1258675213e-05 5.0875830565e-05 5.0493249406e-05 5.0110845671e-05 4.9728504095e-05 4.9345795308e-05 4.8961686705e-05 4.8574082972e-05 4.8181242238e-05 4.7777617850e-05 4.7358930715e-05 4.6913960604e-05 4.6432070714e-05 4.5890867006e-05 4.5268594262e-05 4.4546195011e-05 4.3766959853e-05 4.3120136148e-05 4.2797206223e-05 4.2794726514e-05 4.2817374039e-05 4.2637769157e-05 4.2351537347e-05 4.1534265177e-05 4.1001281723e-05 3.9530066214e-05 3.8284709145e-05 3.5840958148e-05 3.3257964348e-05 2.8634157792e-05 2.4457136520e-05 2.1477668627e-05 1.3826327331e-05 6.6116640839e-06 9.1897107360e-06
PROBE_ZEROMASK tag=baseline 0 0 0 0 0 0 0 0 0 0 0 0 0 0 0 0 0 0 0 0 0 0 0 0 0 0 0 0 0 0 0 0 0 0 0 0 0 0 0 0 0 0 0 0 0 0 0 0 0 0 0 0 0 0 0 0 0 0 0 0 0 0 0 0 0 0 0 0 0 0 0 0 0 0 0 0 0 0 0 0 0 0 0 0 0 0 0 0 0 0 0 0 0 0 0 0 0 0 0 0 0 0 0 0 0 0 0 0 0 0 0 0 0 0 0 0 0 0 0 0 0 0 0 0 0 0
PROBE DONE tag=baseline
WRITECELLVOLUMES_RC tag=baseline rc=0
PROBE_CELLVOL tag=baseline 5.4093374743e-07 7.5803957823e-07 1.0084422520e-06 1.2941755005e-06 1.6219051687e-06 2.0012681093e-06 2.4435797634e-06 2.9612018117e-06 3.5669316659e-06 4.2730744915e-06 5.0911780440e-06 6.0365782691e-06 7.1477501979e-06 8.1543622407e-06 8.1681949114e-06 8.2187625610e-06 8.2652871266e-06 8.2983295271e-06 8.3195911892e-06 8.3327613833e-06 8.3408119539e-06 8.3457072385e-06 8.3486702271e-06 8.3504492846e-06 8.3515003606e-06 8.3521008915e-06 8.3524186624e-06 8.3525554278e-06 8.3525715423e-06 8.3525022197e-06 8.3523676720e-06 8.3521791846e-06 8.3519364264e-06 8.3516348068e-06 8.3512634923e-06 8.3508045334e-06 8.3502302612e-06 8.3494985591e-06 8.3485517850e-06 8.3472961303e-06 8.3455869528e-06 8.3432048401e-06 8.3398122303e-06 8.3348856801e-06 8.3276096074e-06 8.3167085818e-06 8.3001920153e-06 8.2749816466e-06 8.2365043635e-06 8.1787393905e-06 8.0966068750e-06 7.9948493563e-06 7.9072407783e-06 6.8811282619e-06 5.7251279339e-06 4.7402911259e-06 3.8948012534e-06 3.1846170598e-06 2.6135480567e-06 2.1737770335e-06 1.8292443717e-06 1.8292443735e-06 2.1737770382e-06 2.6135480660e-06 3.1846170700e-06 3.8948012611e-06 4.7402911386e-06 5.7251279480e-06 6.8811282708e-06 7.9072407742e-06 7.9948493442e-06 8.0966068616e-06 8.1787393774e-06 8.2365043466e-06 8.2749816301e-06 8.3001919989e-06 8.3167085588e-06 8.3276095760e-06 8.3348856403e-06 8.3398121951e-06 8.3432048125e-06 8.3455869282e-06 8.3472961125e-06 8.3485517805e-06 8.3494985734e-06 8.3502302886e-06 8.3508045712e-06 8.3512635382e-06 8.3516348503e-06 8.3519364674e-06 8.3521792201e-06 8.3523677008e-06 8.3525022373e-06 8.3525715568e-06 8.3525554533e-06 8.3524187015e-06 8.3521009340e-06 8.3515003975e-06 8.3504493231e-06 8.3486702668e-06 8.3457072796e-06 8.3408119908e-06 8.3327614210e-06 8.3195912309e-06 8.2983295636e-06 8.2652871607e-06 8.2187625929e-06 8.1681949310e-06 8.1543622472e-06 7.1477501941e-06 6.0365782620e-06 5.0911780393e-06 4.2730744878e-06 3.5669316634e-06 2.9612018154e-06 2.4435797684e-06 2.0012681116e-06 1.6219051724e-06 1.2941755052e-06 1.0084422541e-06 7.5803957904e-07 5.4093374857e-07 2.3339229519e-07 2.2540991449e-07 2.2540991569e-07 2.3339229636e-07
PROBE_CELLVOL_SUMMARY tag=baseline minCellVol=2.2540991449e-07 minCellVolIdx=123 nNegOrZero=0
PROBE_CELLVOL_DONE tag=baseline
