WARNING 7: VSPAERO Viewer Not Found. 
	Expected here: /home/dafoamuser/dafoam/packages/miniconda3/lib/python3.10/site-packages/openvsp/vspviewer
 
-------------------------------------------------------------------------------
|                               DAFoam v5.0.0                                 |
-------------------------------------------------------------------------------
 
I/O    : uncollated
Case   : /home/dafoamuser/mount/NACA0012_Airfoil_Incompressible
nProcs : 1
Initializing mesh and runtime for DASolver
Create time

Overriding DebugSwitches according to controlDict
    SolverPerformance 0;

Create mesh for time = 0
Replacing wallDist.method meshWave -> meshWaveFrozen
DAOption created. DASolver initialized.
I/O    : uncollated
Case   : /home/dafoamuser/mount/NACA0012_Airfoil_Incompressible
nProcs : 1
Initializing mesh and runtime for DASolver
Create time

Overriding DebugSwitches according to controlDict
    SolverPerformance 0;

Create mesh for time = 0
Replacing wallDist.method meshWave -> meshWaveFrozen
DAOption created. DASolver initialized.
Initializing fields for DASimpleFoam
Create simpleControl.

SIMPLE: no convergence criteria found. Calculations will run for 3000 steps.

Reading field p

Reading field U

Reading/calculating face flux field phi

Creating source term. 
Selecting incompressible transport model Newtonian
Selecting turbulence model type RAS
Selecting RAS turbulence model SpalartAllmaras
Selecting patchDistMethod meshWaveFrozen
ft2 term: inactive
No MRF models present

Turbulence model is incompressible
Adjoint States: 
4
(
U volVectorState
nuTilda modelState
phi surfaceScalarState
p volScalarState
)
Global Cells: 4032
Global Faces: 16254
Global Xv: 24948
Undecomposed points: 8316
Global Adjoint States: 36414

SIMPLE: no convergence criteria found. Calculations will run for 3000 steps.

DACheckMesh Thresholds: 
maxNonOrth: 70
maxSkewness: 4
maxAspectRatio: 1000
maxIncorrectlyOrientedFaces: 0
    Adding all faces of patches: (wing) ...
    Found matching patch wing with 126 faces
    Adding all faces of patches: (wing) ...
    Found matching patch wing with 126 faces
Initializing fields for DASimpleFoam
Create simpleControl.

SIMPLE: no convergence criteria found. Calculations will run for 3000 steps.

Reading field p

Reading field U

Reading/calculating face flux field phi

Creating source term. 
Selecting incompressible transport model Newtonian
Selecting turbulence model type RAS
Selecting RAS turbulence model SpalartAllmaras
Selecting patchDistMethod meshWaveFrozen
ft2 term: inactive
No MRF models present

Turbulence model is incompressible
Adjoint States: 
4
(
U volVectorState
nuTilda modelState
phi surfaceScalarState
p volScalarState
)
Global Cells: 4032
Global Faces: 16254
Global Xv: 24948
Undecomposed points: 8316
Global Adjoint States: 36414

SIMPLE: no convergence criteria found. Calculations will run for 3000 steps.

DACheckMesh Thresholds: 
maxNonOrth: 70
maxSkewness: 4
maxAspectRatio: 1000
maxIncorrectlyOrientedFaces: 0
    Adding all faces of patches: (wing) ...
    Found matching patch wing with 126 faces
    Adding all faces of patches: (wing) ...
    Found matching patch wing with 126 faces
Init solver done! ElapsedClockTime 0.000000 s
Init solver done! ElapsedCpuTime 0.480000 s
initState: 
6
(
nuTilda 4.499999999999846e-05
phi 0
U1 0
U2 0
p 0
U0 10.00000000000001
)
Setting up primal boundary conditions based on pyOptions: 
Setting primal boundary conditions...
Setting U = (10 0 0) at inout
Setting primal boundary conditions...
Setting p = 0 at inout
Setting primal boundary conditions...
Setting nuTilda = 4.5e-05 at inout
Setting nut wall BC for wing. BCType=nutUSpaldingWallFunction
Reading OpenFOAM mesh information...
I/O    : uncollated
Case   : /home/dafoamuser/mount/NACA0012_Airfoil_Incompressible
nProcs : 1
Reading the OpenFOAM mesh..
Overriding DebugSwitches according to controlDict
    SolverPerformance 0;

I/O    : uncollated
DAFoam option dictionary: 
{
    solverName      DASimpleFoam;
    primalMinResTol 1e-08;
    primalFuncStdTol
    {
        stdTol          -1;
        slopeTol        -1;
        funcNames       1 ( CD );
        nStepsFrac      0.2;
    }
    primalBC
    {
        U0
        {
            variable        U;
            patches         1 ( inout );
            value           3 ( 10 0 0 );
        }
        p0
        {
            variable        p;
            patches         1 ( inout );
            value           1 ( 0 );
        }
        nuTilda0
        {
            variable        nuTilda;
            patches         1 ( inout );
            value           1 ( 4.5e-05 );
        }
        useWallFunction 1;
    }
    primalInitCondition
    {
    }
    normalizeStates
    {
        U               10;
        p               50;
        nuTilda         0.00045;
        phi             1;
    }
    function
    {
        CD
        {
            type            force;
            source          patchToFace;
            patches         1 ( wing );
            directionMode   parallelToFlow;
            patchVelocityInputName patchV;
            scale           0.2;
        }
        CL
        {
            type            force;
            source          patchToFace;
            patches         1 ( wing );
            directionMode   normalToFlow;
            patchVelocityInputName patchV;
            scale           0.2;
        }
    }
    inputInfo
    {
        aero_vol_coords
        {
            type            volCoord;
            components      2 ( solver function );
        }
        patchV
        {
            type            patchVelocity;
            patches         1 ( inout );
            flowAxis        x;
            normalAxis      y;
            components      2 ( solver function );
        }
    }
    outputInfo
    {
    }
    designSurfaces  1 ( wing );
    fvSource
    {
    }
    prepareCaseOnly 0;
    adjEqnSolMethod Krylov;
    dynamicMesh
    {
        active          0;
        mode            rotation;
        center          3 ( 0.25 0 0 );
        axis            z;
        omega           0.1;
        s               2;
        t0              0.35;
    }
    primalVarBounds
    {
        UMax            1000;
        UMin            -1000;
        pMax            50000;
        pMin            -50000;
        p_rghMax        50000;
        p_rghMin        -50000;
        eMax            55000;
        eMin            -220000;
        TMax            1000;
        TMin            100;
        hMax            200000;
        hMin            -200000;
        DMax            1e+16;
        DMin            -1e+16;
        rhoMax          5;
        rhoMin          0.2;
        nuTildaMax      1e+16;
        nuTildaMin      1e-16;
        kMax            1e+16;
        kMin            1e-16;
        omegaMax        1e+16;
        omegaMin        1e-16;
        epsilonMax      1e+16;
        epsilonMin      1e-16;
        ReThetatMax     1e+16;
        ReThetatMin     1e-16;
        gammaIntMax     1e+16;
        gammaIntMin     1e-16;
    }
    discipline      aero;
    adjPartDerivFDStep
    {
        State           1e-06;
    }
    transonicPCOption -1;
    unsteadyAdjoint
    {
        mode            None;
        PCMatPrecomputeInterval 100;
        PCMatUpdateInterval 1;
        reduceIO        1;
        additionalOutput 1 ( None );
        additionalOldTime 1 ( None );
        readZeroFields  1;
    }
    adjPCLag        10000;
    useAD
    {
        mode            reverse;
        dvName          None;
        seedIndex       -9999;
    }
    useConstrainHbyA 1;
    forceMeshWaveFrozen 1;
    useDdtCorr      0;
    regressionModel
    {
        active          0;
    }
    useMeanStates   0;
    solveLinearFunctionName None;
    printDAOptions  1;
    debug           0;
    writeJacobians  1 ( None );
    printInterval   100;
    printIntervalUnsteady 1;
    primalMinResTolDiff 100;
    adjUseColoring  1;
    adjEqnOption
    {
        globalPCIters   0;
        asmOverlap      1;
        localPCIters    1;
        jacMatReOrdering rcm;
        pcFillLevel     1;
        gmresMaxIters   1000;
        gmresRestart    1000;
        gmresRelTol     1e-06;
        gmresAbsTol     1e-14;
        gmresTolDiff    100;
        useNonZeroInitGuess 0;
        useMGSO         0;
        printInfo       1;
        fpMaxIters      1000;
        fpRelTol        1e-06;
        fpMinResTolDiff 100;
        fpPCUpwind      0;
        dynAdjustTol    0;
        KSPCalcEigen    0;
        KSPCalcSingularVal 0;
        readPCMat       0;
    }
    normalizeResiduals 11 ( URes pRes p_rghRes nuTildaRes phiRes TRes DRes kRes omegaRes epsilonRes alpha.waterRes );
    maxResConLv4JacPCMat
    {
        pRes            2;
        phiRes          1;
        URes            2;
        TRes            2;
        nuTildaRes      2;
        kRes            2;
        epsilonRes      2;
        omegaRes        2;
        p_rghRes        2;
        DRes            2;
        gammaIntRes     2;
        ReThetatRes     2;
        alpha.waterRes  2;
    }
    jacLowerBounds
    {
        dRdW            1e-30;
        dRdWPC          1e-30;
    }
    maxTractionBCIters 100;
    decomposeParDict
    {
        method          scotch;
        simpleCoeffs
        {
            n               3 ( 2 2 1 );
            delta           0.001;
        }
        kahipCoeffs
        {
            config          fast;
            imbalance       0.01;
        }
        preservePatches 1 ( None );
        singleProcessorFaceSets 1 ( None );
        args            1 ( None );
    }
    adjStateOrdering state;
    checkMeshThreshold
    {
        maxAspectRatio  1000;
        maxNonOrth      70;
        maxSkewness     4;
        maxIncorrectlyOrientedFaces 0;
    }
    writeDeformedFFDs 0;
    writeDeformedConstraints 0;
    writeAdjointFields 0;
    maxCorrectBCCalls 2;
    writeMinorIterations 0;
    primalMinIters  1;
    tensorflow
    {
        active          0;
    }
    wallDistanceMethod default;
    unsteadyCompOutput
    {
    }
}

Checking if we need to compress the mesh files
Checking if we need to compress the mesh files
pyDAFoam initialization done!
+----------------------------------------+
|          All IDWarp Options:           |
+----------------------------------------+
{'LdefFact': 1.0,
 'aExp': 3.0,
 'alpha': 0.25,
 'bExp': 5.0,
 'bucketSize': 8,
 'cornerAngle': 30.0,
 'errTol': 0.0005,
 'evalMode': 'fast',
 'fileType': 'OpenFOAM',
 'gridFile': '/home/dafoamuser/mount/NACA0012_Airfoil_Incompressible',
 'restartFile': None,
 'specifiedSurfaces': None,
 'symmTol': 1e-06,
 'symmetryPlanes': [[[0.0, 0.0, 0.0], [0.0, 0.0, 1.0]],
                    [[0.0, 0.0, 0.1], [0.0, 0.0, 1.0]]],
 'symmetrySurfaces': None,
 'useRotations': True,
 'zeroCornerRotations': True}
I/O    : uncollated
Case   : /home/dafoamuser/mount/NACA0012_Airfoil_Incompressible
nProcs : 1
Reading the OpenFOAM mesh..
Overriding DebugSwitches according to controlDict
    SolverPerformance 0;

#------------------------------#
 Total Volume Nodes :      8316 
#------------------------------#
I/O    : uncollated
#--------------------------------#
 Unique Surface Nodes :       252 
#--------------------------------#
 Computing Denominator Estimate...
 Load Balancing...
 Finished Mesh Initialization.
Checking if we need to compress the mesh files
Checking if we need to compress the mesh files
+-------------------- Symmetry Planes -------------------+
|           Point                        Normal          |
| (  0.000   0.000   0.000)    (  0.000   0.000   1.000) |
| (  0.000   0.000   0.100)    (  0.000   0.000   1.000) |
+--------------------------------------------------------+
OrderedDict([('inout', [0]), ('symmetry1', [1]), ('symmetry2', [2]), ('wing', [3]), ('allSurfaces', [0, 1, 2, 3]), ('allWalls', [3]), ('designSurfaces', [3])])
/home/dafoamuser/dafoam/packages/miniconda3/lib/python3.10/site-packages/openmdao/core/component.py:229: DistributedComponentWarning:'mesh' <class DAFoamMesh>: Component contains distributed variables, but there is no distributed vector implementation (MPI/PETSc) available. The default non-distributed vectors will be used.
/home/dafoamuser/dafoam/packages/miniconda3/lib/python3.10/site-packages/openmdao/core/component.py:229: DistributedComponentWarning:'scenario1.aero_pre.warper' <class DAFoamWarper>: Component contains distributed variables, but there is no distributed vector implementation (MPI/PETSc) available. The default non-distributed vectors will be used.
dRdWT Jacobian Free created!
/home/dafoamuser/dafoam/packages/miniconda3/lib/python3.10/site-packages/openmdao/core/component.py:229: DistributedComponentWarning:'scenario1.coupling.solver' <class DAFoamSolver>: Component contains distributed variables, but there is no distributed vector implementation (MPI/PETSc) available. The default non-distributed vectors will be used.
/home/dafoamuser/dafoam/packages/miniconda3/lib/python3.10/site-packages/openmdao/core/component.py:229: DistributedComponentWarning:'scenario1.aero_post.functionals' <class DAFoamFunctions>: Component contains distributed variables, but there is no distributed vector implementation (MPI/PETSc) available. The default non-distributed vectors will be used.
/home/dafoamuser/dafoam/packages/miniconda3/lib/python3.10/site-packages/openmdao/core/component.py:140: OMDeprecationWarning:'scenario1.coupling.solver' <class DAFoamSolver>: It appears this component mixes distributed/non-distributed inputs and outputs, so it may break starting with OpenMDAO 3.25, where the convention used when passing data between distributed and non-distributed inputs and outputs within a matrix free component will change. See https://github.com/OpenMDAO/POEMs/blob/master/POEM_075.md for details.
/home/dafoamuser/dafoam/packages/miniconda3/lib/python3.10/site-packages/openmdao/core/component.py:140: OMDeprecationWarning:'scenario1.aero_post.functionals' <class DAFoamFunctions>: It appears this component mixes distributed/non-distributed inputs and outputs, so it may break starting with OpenMDAO 3.25, where the convention used when passing data between distributed and non-distributed inputs and outputs within a matrix free component will change. See https://github.com/OpenMDAO/POEMs/blob/master/POEM_075.md for details.
DCDDXV === running primal (run_model) ===
/home/dafoamuser/dafoam/packages/miniconda3/lib/python3.10/site-packages/openmdao/core/problem.py:1011: DerivativesWarning:Inefficient choice of derivative mode.  You chose 'rev' for a problem with 10 design variables and 25 response variables (objectives and nonlinear constraints).
DAInputVolCoord. 
Setting volume coordinates. 
DAInputPatchVelocity. 
Setting UMag = 10 AoA = 5.13918623195176 degs at 1(inout)
Checking mesh quality for time = 0
    Overall domain bounding box (-17.36955992934097 -18.580929029828 0) (18.72808974732804 18.580929008908 0.1)
    Mesh has 3 geometric (non-empty/wedge) directions (1 1 1)
    Mesh has 3 solution (non-empty) directions (1 1 1)
    Boundary openness (-3.998195603750368e-19 -5.489325931378579e-20 -2.719001894077799e-16) OK.
    Max cell openness = 2.647572244145361e-16 OK.
    Max aspect ratio = 97.87218721638284 OK.
    Minimum face area = 2.254099143164308e-06. Maximum face area = 4.224820321497278.  Face area magnitudes OK.
    Min volume = 2.254099144856892e-07. Max volume = 0.422482032106397.  Total volume = 105.2804018655528.  Cell volumes OK.
    Mesh non-orthogonality Max: 22.74891598092847 average: 2.547934581914154
    Non-orthogonality check OK.
    Face pyramids OK.
    Max skewness = 1.432464754647905 OK.
    Coupled point location match (average 0) OK.

Mesh OK.

Running Primal Solver 001
Previous solution time -1e+10 not found and nothing deleted.
No finite volume options present

Starting time loop

Time = 1

U0 initRes: 0.9999999999987486 finalRes: 0.0824384549417001 nIters: 7
U1 initRes: 1 finalRes: 0.08010582940484262 nIters: 7
U2 initRes: 0.9999999549023609 finalRes: 0.07294824087604025 nIters: 7
p initRes: 1 finalRes: 0.05720117141282566 nIters: 5
Time step continuity errors : sum local = 0.0004051625814428856
                                 global = -2.615735982744169e-05
                             cumulative = -2.615735982744169e-05
nuTilda initRes: 0.9999999999193384 finalRes: 0.07770517304330678 nIters: 7
Bounding nuTilda>1e-16
CD: 0.5142416466364598 final: 0.5142416466364598
CL: -0.05153734758288659 final: -0.05153734758288659
yPlus min: 48.42398888772764 max: 83.47944095236016 mean: 78.51254709822504
ExecutionTime = 1.38 s  ClockTime = 1 s

Time = 100

U0 initRes: 0.0006538530852315527 finalRes: 4.838747789161198e-05 nIters: 6
U1 initRes: 0.0005750235420558291 finalRes: 5.600830648287655e-05 nIters: 5
U2 initRes: 0.001138186851377078 finalRes: 8.248368634293301e-05 nIters: 5
p initRes: 0.00550124786690609 finalRes: 0.0003894767538761285 nIters: 2
Time step continuity errors : sum local = 9.781044335848718e-06
                                 global = -5.902316833793766e-07
                             cumulative = -2.674759151082107e-05
nuTilda initRes: 4.858430685034231e-05 finalRes: 4.148496708618959e-06 nIters: 2
Bounding nuTilda>1e-16
CD: 0.02211333927998315 final: 0.02211333927998315
CL: 0.4818137813929999 final: 0.4818137813929999
yPlus min: 14.76947572000986 max: 100.1680903042256 mean: 60.22922352367009
ExecutionTime = 2.64 s  ClockTime = 2 s

Time = 200

U0 initRes: 1.480621361906985e-05 finalRes: 1.189635276030132e-06 nIters: 6
U1 initRes: 1.215440379717896e-05 finalRes: 9.643272173572255e-07 nIters: 6
U2 initRes: 1.934019957670136e-05 finalRes: 1.704385292015871e-06 nIters: 5
p initRes: 1.689210821476615e-05 finalRes: 1.166404806189457e-06 nIters: 3
Time step continuity errors : sum local = 2.965243562312597e-08
                                 global = -2.904374676636716e-09
                             cumulative = -2.67504958854977e-05
nuTilda initRes: 3.670472427926372e-07 finalRes: 3.605464292819282e-08 nIters: 4
Bounding nuTilda>1e-16
CD: 0.02094107801889031 final: 0.02094107801889031
CL: 0.4981594751110866 final: 0.4981594751110866
yPlus min: 14.26030729600808 max: 101.0565100841982 mean: 59.96236269919764
ExecutionTime = 3.91 s  ClockTime = 3 s

Time = 300

U0 initRes: 5.360127487636861e-07 finalRes: 4.2670450522092e-08 nIters: 6
U1 initRes: 4.694344356298644e-07 finalRes: 3.602894114690629e-08 nIters: 6
U2 initRes: 8.314448242463046e-07 finalRes: 6.196064790928598e-08 nIters: 5
p initRes: 1.011066359044182e-06 finalRes: 8.222740115333448e-08 nIters: 2
Time step continuity errors : sum local = 2.091565841179468e-09
                                 global = 1.987144025553792e-10
                             cumulative = -2.675029717109515e-05
nuTilda initRes: 1.78238193449672e-08 finalRes: 1.484512641262501e-09 nIters: 4
Bounding nuTilda>1e-16
CD: 0.0209116090947429 final: 0.0209116090947429
CL: 0.4987464565934555 final: 0.4987464565934555
yPlus min: 14.24986479388335 max: 101.0841928325951 mean: 59.95703730485547
ExecutionTime = 5.13 s  ClockTime = 5 s

Time = 400

U0 initRes: 1.334753575898836e-08 finalRes: 9.885445079354472e-10 nIters: 6
U1 initRes: 1.074415093926655e-08 finalRes: 7.875104882913481e-10 nIters: 6
U2 initRes: 4.872972395124417e-08 finalRes: 4.708741715132141e-09 nIters: 5
p initRes: 3.316636172052872e-08 finalRes: 1.861737878849495e-09 nIters: 2
Time step continuity errors : sum local = 4.735678275967341e-11
                                 global = 5.220260813191584e-12
                             cumulative = -2.675029195083433e-05
nuTilda initRes: 5.842813189874434e-10 finalRes: 4.356226913310473e-11 nIters: 4
Bounding nuTilda>1e-16
CD: 0.02091052958655555 final: 0.02091052958655555
CL: 0.4987649880926353 final: 0.4987649880926353
yPlus min: 14.24953326163902 max: 101.0851037574821 mean: 59.95687659654087
ExecutionTime = 6.39 s  ClockTime = 6 s

Time = 435
Minimal residual 9.824484940476e-09 satisfied the prescribed tolerance 1e-08

CD: 0.02091051001294601 final: 0.02091051001294601
CL: 0.4987652641220148 final: 0.4987652641220148
End

Printing Primal Residual Statistics.
U Residual Norm2: (0.0002154888316857725 0.0002390846602643608 1.147955194214498e-12)
U Residual Mean: (1.625007355908067e-06 6.566922140173508e-07 8.684345063816903e-15)
U Residual Max: (5.549413526750868e-05 0.0001037244446706609 1.751742717084222e-13)
p Residual Norm2: 7.314231322159021e-05
p Residual Mean: 1.0508766178126e-07
p Residual Max: 3.33820490230812e-05
nuTilda Residual Norm2: 9.198545437186794e-08
nuTilda Residual Mean: 3.154696116629637e-10
nuTilda Residual Max: 1.728170066117711e-08
phi Residual Norm2: 3.276729385115138e-07
phi Residual Mean: 8.181828488922266e-10
phi Residual Max: 8.342018140249264e-08
Total Residual Norm2: 0.0003300709396013343
 
 
DCDDXV === primal done, t=7.0s, CD_baseline=2.091051001294601e-02, running real CD adjoint ===
Computing d[CD]/d[aero_states]^T * psi 6.73 s
Computing d[CD]/d[aero_vol_coords]^T * psi 6.81 s
Computing d[CD]/d[patchV]^T * psi 7.21 s
Checking if Coloring file exists..
dRdWCon Created. 9.65 s
Calculating dRdW Coloring... 9.65 s
Calculating dRdW Coloring..
Parallel Distance 2 Graph Coloring....
MaxCols: 127
AllNonZeros: 2524662
nUniqueCols: 36414
ColorSweep: 0   10.35 s
number of uncolored: 36223 1
ColorSweep: 100   12.23 s
number of uncolored: 23511 1
ColorSweep: 200   14.14 s
number of uncolored: 11178 1
ColorSweep: 300   15.99 s
number of uncolored: 544 1
ColorSweep: 324   16.43 s
number of uncolored: 0 0
Global ColorSweep: 0   16.79 s
Number of Uncolored: 0 0
Global ColorSweep: 0   16.79 s
Number of Uncolored: 0 0
Ncolors: 325
Validating Coloring...
No Conflicting Colors Found!
 nJacConColors: 325
Writing Colors to dRdWColoring_1
Calculating dRdW Coloring... Completed! 16.86 s
Moving time 435 to 0.0001
Driver total derivatives for iteration: 1
---------------------------------------------
Computing dRdWTPC 16.87 s
Initializing dRdWCon. 16.87 s
dRdWCon Created. 18.31 s
Reading Coloring dRdWColoring_1
Validating Coloring...
No Conflicting Colors Found!
Partial derivative matrix created. 18.36 s
dRdWTPC: 0 of 325, ExecutionTime: 18.38 s
dRdWTPC: 100 of 325, ExecutionTime: 20.08 s
dRdWTPC: 200 of 325, ExecutionTime: 21.79 s
dRdWTPC: 300 of 325, ExecutionTime: 23.48 s
dRdWTPC: 324 of 325, ExecutionTime: 23.9 s
Solver Type: gmres
GMRES Restart: 1000
ASM Overlap: 1
Global PC Iters: 0
Local PC Iters: 1
Mat ReOrdering: rcm
ILU PC Fill Level: 1
GMRES Max Iterations: 1000
GMRES Relative Tolerance: 1e-06
GMRES Absolute Tolerance: 1e-14
Solving Linear Equation... 23.59 s
Main iteration 0 KSP Residual norm 3.216467351434e-02 23.84 s. 
Main iteration 100 KSP Residual norm 4.259357579366e-06 29.96 s. 
Main iteration 155 KSP Residual norm 2.959245427030e-08 33.73 s 
**Completed**! Total iterations: 155. PetscConvergedReason: 2. 33.73 s
Residual tolerance satisfied, solution finished!
Computing d[aero_residuals]/d[aero_vol_coords]^T * psi 33.85 s
Computing d[aero_residuals]/d[patchV]^T * psi 34.56 s
DCDDXV === adjoint done, t=35.1s, warper captured 1 rev-mode call(s) ===
DCDDXV dCD/dshape (this run) = [-0.011342 -0.02218   0.006799  0.01238   0.038938  0.042342  0.005691
  0.003467]
DCDDXV ||w_real||_2 = 1.145170e+00, nXv=24948
DCDDXV idx=0 h=1.000e-04 ||delta_Xv||_2=2.738805e+01
DCDDXV_AN idx=0 h=1.000e-04 AN_scalar=-1.013379075296e-02
Running Primal Solver 002
Previous solution time 435 not found and nothing deleted.
No finite volume options present

Starting time loop

Time = 1

U0 initRes: 7.944769181699669e-07 finalRes: 6.037867413066629e-08 nIters: 7
U1 initRes: 1.117684833675965e-06 finalRes: 8.288299094248558e-08 nIters: 7
U2 initRes: 0.9625584719568387 finalRes: 0.07225727867217159 nIters: 7
p initRes: 5.557877570421413e-05 finalRes: 4.149695092800631e-06 nIters: 5
Time step continuity errors : sum local = 1.055543020900203e-07
                                 global = -2.271925242840147e-08
                             cumulative = -2.677301120326274e-05
nuTilda initRes: 2.475951865119312e-07 finalRes: 1.780292844007184e-08 nIters: 3
Bounding nuTilda>1e-16
CD: 0.02084744406044605 final: 0.02084744406044605
CL: 0.4992342404120423 final: 0.4992342404120423
yPlus min: 14.25157356975948 max: 101.0847764641195 mean: 59.95671687749435
ExecutionTime = 36.12 s  ClockTime = 35 s

Time = 100

U0 initRes: 1.04568570229296e-07 finalRes: 7.120209891989318e-09 nIters: 5
U1 initRes: 1.486935165321305e-07 finalRes: 1.461523532971831e-08 nIters: 4
U2 initRes: 3.475633490479737e-08 finalRes: 3.278351044965421e-09 nIters: 3
p initRes: 2.702712919216195e-06 finalRes: 2.177671894736126e-07 nIters: 2
Time step continuity errors : sum local = 5.538219595621601e-09
                                 global = 3.240370537984533e-10
                             cumulative = -2.677268716620894e-05
nuTilda initRes: 3.120157024016618e-09 finalRes: 1.958839537377755e-10 nIters: 4
Bounding nuTilda>1e-16
CD: 0.0209096404109976 final: 0.0209096404109976
CL: 0.4988663991520785 final: 0.4988663991520785
yPlus min: 14.2556029781305 max: 101.0837782971292 mean: 59.9583731049907
ExecutionTime = 37.38 s  ClockTime = 36 s

Time = 185
Minimal residual 9.799715588552114e-09 satisfied the prescribed tolerance 1e-08

CD: 0.02090949897411557 final: 0.02090949897411557
CL: 0.498868581668536 final: 0.498868581668536
End

DCDDXV_SOLVE idx=0 h=1.000e-04 sign=+ CD=2.090949897411557e-02 t=2.5s
Running Primal Solver 003
Previous solution time 185 found and deleted.
No finite volume options present

Starting time loop

Time = 1

U0 initRes: 1.58929125816371e-06 finalRes: 1.208323949239293e-07 nIters: 7
U1 initRes: 2.233992955135162e-06 finalRes: 1.6567086735491e-07 nIters: 7
U2 initRes: 0.003541930689040098 finalRes: 0.0002658805378518072 nIters: 7
p initRes: 0.0001111660933502771 finalRes: 5.675545860351873e-06 nIters: 5
Time step continuity errors : sum local = 1.443422500302926e-07
                                 global = 8.515108959845265e-08
                             cumulative = -2.668753607661048e-05
nuTilda initRes: 4.968829484294084e-07 finalRes: 3.593041815377389e-08 nIters: 3
Bounding nuTilda>1e-16
CD: 0.02103916962065681 final: 0.02103916962065681
CL: 0.4979370447997824 final: 0.4979370447997824
yPlus min: 14.25142183040031 max: 101.084584054382 mean: 59.95869078771946
ExecutionTime = 38.66 s  ClockTime = 38 s

Time = 100

U0 initRes: 2.330568050603148e-07 finalRes: 2.298353023784914e-08 nIters: 4
U1 initRes: 3.593261080954747e-07 finalRes: 3.298251590611645e-08 nIters: 4
U2 initRes: 7.526513016530608e-08 finalRes: 6.512305547038248e-09 nIters: 3
p initRes: 6.172276397907277e-06 finalRes: 4.244408107176941e-07 nIters: 2
Time step continuity errors : sum local = 1.079853608934588e-08
                                 global = 3.814478860546092e-10
                             cumulative = -2.668715462872443e-05
nuTilda initRes: 6.352250994064946e-09 finalRes: 3.898525492228536e-10 nIters: 4
Bounding nuTilda>1e-16
CD: 0.02091127039824952 final: 0.02091127039824952
CL: 0.4986666658627205 final: 0.4986666658627205
yPlus min: 14.24344000967422 max: 101.0865683296612 mean: 59.95535390021045
ExecutionTime = 39.83 s  ClockTime = 39 s

Time = 200

U0 initRes: 4.486545135302996e-09 finalRes: 3.60105956587395e-10 nIters: 6
U1 initRes: 4.386323733662852e-09 finalRes: 3.207745844401044e-10 nIters: 6
U2 initRes: 1.814231012883408e-09 finalRes: 1.394223467480465e-10 nIters: 4
p initRes: 1.098897454167659e-08 finalRes: 8.489711676814755e-10 nIters: 2
Time step continuity errors : sum local = 2.15991984754461e-11
                                 global = -1.688089208331594e-12
                             cumulative = -2.668715631681364e-05
nuTilda initRes: 1.451353349206691e-10 finalRes: 1.228410880737559e-11 nIters: 4
Bounding nuTilda>1e-16
CD: 0.02091150908381559 final: 0.02091150908381559
CL: 0.4986620889223666 final: 0.4986620889223666
yPlus min: 14.24351503618139 max: 101.0863710819529 mean: 59.95538492016198
ExecutionTime = 41.08 s  ClockTime = 40 s

Time = 203
Minimal residual 9.842145988457366e-09 satisfied the prescribed tolerance 1e-08

CD: 0.02091151003136864 final: 0.02091151003136864
CL: 0.498662070889518 final: 0.498662070889518
End

DCDDXV_SOLVE idx=0 h=1.000e-04 sign=- CD=2.091151003136864e-02 t=2.7s
DCDDXV_RESULT idx=0 h=1.000e-04 AN_scalar=-1.013379075296e-02 FD_scalar=-1.005528626533e-02 abs_diff=-7.850449e-05 rel_err=7.807285e-03 sign=agree
DCDDXV_DONE idx=0 t=40.6s
