WARNING 7: VSPAERO Viewer Not Found. 
	Expected here: /home/dafoamuser/dafoam/packages/miniconda3/lib/python3.10/site-packages/openvsp/vspviewer
WARNING 7: VSPAERO Viewer Not Found. 
	Expected here: /home/dafoamuser/dafoam/packages/miniconda3/lib/python3.10/site-packages/openvsp/vspviewer
WARNING 7: VSPAERO Viewer Not Found. 
	Expected here: /home/dafoamuser/dafoam/packages/miniconda3/lib/python3.10/site-packages/openvsp/vspviewer
WARNING 7: VSPAERO Viewer Not Found. 
	Expected here: /home/dafoamuser/dafoam/packages/miniconda3/lib/python3.10/site-packages/openvsp/vspviewer
 
-------------------------------------------------------------------------------
|                               DAFoam v5.0.0                                 |
-------------------------------------------------------------------------------
 
/*---------------------------------------------------------------------------*\
| =========                 |                                                 |
| \\      /  F ield         | OpenFOAM: The Open Source CFD Toolbox           |
|  \\    /   O peration     | Version:  2506                                  |
|   \\  /    A nd           | Website:  www.openfoam.com                      |
|    \\/     M anipulation  |                                                 |
\*---------------------------------------------------------------------------*/
Build  : _615aae61d7-20250627 OPENFOAM=2506 version=v2506
Arch   : "LSB;label=32;scalar=64"
Exec   : decomposePar
Date   : Jul 27 2026
Time   : 04:38:36
Host   : ee299bfe3bb0
PID    : 407
I/O    : uncollated
Case   : /home/dafoamuser/mount
nProcs : 1
trapFpe: Floating point exception trapping enabled (FOAM_SIGFPE).
fileModificationChecking : Monitoring run-time modified files using timeStampMaster (fileModificationSkew 5, maxFileModificationPolls 20)
allowSystemOperations : Allowing user-supplied system call operations

// * * * * * * * * * * * * * * * * * * * * * * * * * * * * * * * * * * * * * //
Create time

Overriding DebugSwitches according to controlDict
    SolverPerformance 0;



Decomposing mesh



--> FOAM FATAL ERROR: (openfoam-2506)
Case is already decomposed with 4 domains, use the -force option or manually
remove processor directories before decomposing. e.g.,
    rm -rf /home/dafoamuser/mount/processor*


    From decomposePar
    in file decomposePar.C at line 645.

FOAM exiting


Unable to run decomposePar, the domain has been already decomposed?

I/O    : uncollated
Case   : /home/dafoamuser/mount
nProcs : 4
Hosts  :
(
    (ee299bfe3bb0 4)
)
Pstream initialized with:
    node communication : off [type=host] (4 ranks, 1 nodes)
    topology controls  : none
    consensus exchange : 0 (tuning: 0)
    exchange algorithm : 0
    commsType          : nonBlocking
    polling iterations : 0
Initializing mesh and runtime for DASolver
Create time

Overriding DebugSwitches according to controlDict
    SolverPerformance 0;

Create mesh for time = 0
Replacing wallDist.method meshWave -> meshWaveFrozen
DAOption created. DASolver initialized.
[2] UPstream::init : could not attach buffer
[0] UPstream::init : could not attach buffer
[3] UPstream::init : could not attach buffer
[1] UPstream::init : could not attach buffer
I/O    : uncollated
Case   : /home/dafoamuser/mount
nProcs : 4
Hosts  :
(
    (ee299bfe3bb0 4)
)
Pstream initialized with:
    node communication : off [type=host] (4 ranks, 1 nodes)
    topology controls  : none
    consensus exchange : 0 (tuning: 0)
    exchange algorithm : 0
    commsType          : nonBlocking
    polling iterations : 0
Initializing mesh and runtime for DASolver
Create time

Overriding DebugSwitches according to controlDict
    SolverPerformance 0;

Create mesh for time = 0
Replacing wallDist.method meshWave -> meshWaveFrozen
DAOption created. DASolver initialized.
Initializing fields for DASimpleFoam
Create simpleControl.

SIMPLE: no convergence criteria found. Calculations will run for 3000 steps.

Reading field p

Reading field U

Reading/calculating face flux field phi

Creating source term. 
Selecting incompressible transport model Newtonian
Selecting turbulence model type RAS
Selecting RAS turbulence model SpalartAllmaras
Selecting patchDistMethod meshWaveFrozen
ft2 term: inactive
No MRF models present

Turbulence model is incompressible
Adjoint States: 
4
(
U volVectorState
nuTilda modelState
phi surfaceScalarState
p volScalarState
)
Global Cells: 14720
Global Faces: 59366
Global Xv: 91260
Undecomposed points: 29900
Global Adjoint States: 132966

SIMPLE: no convergence criteria found. Calculations will run for 3000 steps.

DACheckMesh Thresholds: 
maxNonOrth: 70
maxSkewness: 4
maxAspectRatio: 1000
maxIncorrectlyOrientedFaces: 0
    Adding all faces of patches: (wing) ...
    Found matching patch wing with 230 faces
    Adding all faces of patches: (wing) ...
    Found matching patch wing with 230 faces
Initializing fields for DASimpleFoam
Create simpleControl.

SIMPLE: no convergence criteria found. Calculations will run for 3000 steps.

Reading field p

Reading field U

Reading/calculating face flux field phi

Creating source term. 
Selecting incompressible transport model Newtonian
Selecting turbulence model type RAS
Selecting RAS turbulence model SpalartAllmaras
Selecting patchDistMethod meshWaveFrozen
ft2 term: inactive
No MRF models present

Turbulence model is incompressible
Adjoint States: 
4
(
U volVectorState
nuTilda modelState
phi surfaceScalarState
p volScalarState
)
Global Cells: 14720
Global Faces: 59366
Global Xv: 91260
Undecomposed points: 29900
Global Adjoint States: 132966

SIMPLE: no convergence criteria found. Calculations will run for 3000 steps.

DACheckMesh Thresholds: 
maxNonOrth: 70
maxSkewness: 4
maxAspectRatio: 1000
maxIncorrectlyOrientedFaces: 0
    Adding all faces of patches: (wing) ...
    Found matching patch wing with 230 faces
    Adding all faces of patches: (wing) ...
    Found matching patch wing with 230 faces
Init solver done! ElapsedClockTime 1.000000 s
Init solver done! ElapsedCpuTime 0.360000 s
initState: 
6
(
nuTilda 4.499999999999931e-05
phi 0
U1 0
U2 0
p 0
U0 9.999999999999565
)
Setting up primal boundary conditions based on pyOptions: 
Setting primal boundary conditions...
Setting U = (10 0 0) at inout
Setting primal boundary conditions...
Setting p = 0 at inout
Setting primal boundary conditions...
Setting nuTilda = 4.5e-05 at inout
Setting nut wall BC for wing. BCType=nutUSpaldingWallFunction
Reading OpenFOAM mesh information...
I/O    : uncollated
Case   : /home/dafoamuser/mount
nProcs : 4
Hosts  :
(
    (ee299bfe3bb0 4)
)
Pstream initialized with:
    node communication : off [type=host] (4 ranks, 1 nodes)
    topology controls  : none
    consensus exchange : 0 (tuning: 0)
    exchange algorithm : 0
    commsType          : nonBlocking
    polling iterations : 0
Reading the OpenFOAM mesh..
Overriding DebugSwitches according to controlDict
    SolverPerformance 0;

Checking if we need to compress the mesh files
Checking if we need to compress the mesh files
Finalising parallel run
I/O    : uncollated
DAFoam option dictionary: 
{
    solverName      DASimpleFoam;
    primalMinResTol 9.999999999999999e-12;
    primalFuncStdTol
    {
        stdTol          -1;
        slopeTol        -1;
        funcNames       1 ( CD );
        nStepsFrac      0.2;
    }
    primalBC
    {
        U0
        {
            variable        U;
            patches         1 ( inout );
            value           3 ( 10 0 0 );
        }
        p0
        {
            variable        p;
            patches         1 ( inout );
            value           1 ( 0 );
        }
        nuTilda0
        {
            variable        nuTilda;
            patches         1 ( inout );
            value           1 ( 4.5e-05 );
        }
        useWallFunction 1;
    }
    primalInitCondition
    {
    }
    normalizeStates
    {
        U               10;
        p               50;
        nuTilda         0.00045;
        phi             1;
    }
    function
    {
        CD
        {
            type            force;
            source          patchToFace;
            patches         1 ( wing );
            directionMode   parallelToFlow;
            patchVelocityInputName patchV;
            scale           0.2;
        }
        CL
        {
            type            force;
            source          patchToFace;
            patches         1 ( wing );
            directionMode   normalToFlow;
            patchVelocityInputName patchV;
            scale           0.2;
        }
    }
    inputInfo
    {
        aero_vol_coords
        {
            type            volCoord;
            components      2 ( solver function );
        }
        patchV
        {
            type            patchVelocity;
            patches         1 ( inout );
            flowAxis        x;
            normalAxis      y;
            components      2 ( solver function );
        }
    }
    outputInfo
    {
    }
    designSurfaces  1 ( wing );
    fvSource
    {
    }
    prepareCaseOnly 0;
    adjEqnSolMethod Krylov;
    dynamicMesh
    {
        active          0;
        mode            rotation;
        center          3 ( 0.25 0 0 );
        axis            z;
        omega           0.1;
        s               2;
        t0              0.35;
    }
    primalVarBounds
    {
        UMax            1000;
        UMin            -1000;
        pMax            50000;
        pMin            -50000;
        p_rghMax        50000;
        p_rghMin        -50000;
        eMax            55000;
        eMin            -220000;
        TMax            1000;
        TMin            100;
        hMax            200000;
        hMin            -200000;
        DMax            1e+16;
        DMin            -1e+16;
        rhoMax          5;
        rhoMin          0.2;
        nuTildaMax      1e+16;
        nuTildaMin      1e-16;
        kMax            1e+16;
        kMin            1e-16;
        omegaMax        1e+16;
        omegaMin        1e-16;
        epsilonMax      1e+16;
        epsilonMin      1e-16;
        ReThetatMax     1e+16;
        ReThetatMin     1e-16;
        gammaIntMax     1e+16;
        gammaIntMin     1e-16;
    }
    discipline      aero;
    adjPartDerivFDStep
    {
        State           1e-06;
    }
    transonicPCOption -1;
    unsteadyAdjoint
    {
        mode            None;
        PCMatPrecomputeInterval 100;
        PCMatUpdateInterval 1;
        reduceIO        1;
        additionalOutput 1 ( None );
        additionalOldTime 1 ( None );
        readZeroFields  1;
    }
    adjPCLag        10000;
    useAD
    {
        mode            reverse;
        dvName          None;
        seedIndex       -9999;
    }
    useConstrainHbyA 1;
    forceMeshWaveFrozen 1;
    useDdtCorr      0;
    regressionModel
    {
        active          0;
    }
    useMeanStates   0;
    solveLinearFunctionName None;
    printDAOptions  1;
    debug           0;
    writeJacobians  1 ( None );
    printInterval   100;
    printIntervalUnsteady 1;
    primalMinResTolDiff 100;
    adjUseColoring  1;
    adjEqnOption
    {
        globalPCIters   0;
        asmOverlap      1;
        localPCIters    1;
        jacMatReOrdering rcm;
        pcFillLevel     1;
        gmresMaxIters   1000;
        gmresRestart    1000;
        gmresRelTol     1e-06;
        gmresAbsTol     1e-14;
        gmresTolDiff    100;
        useNonZeroInitGuess 0;
        useMGSO         0;
        printInfo       1;
        fpMaxIters      1000;
        fpRelTol        1e-06;
        fpMinResTolDiff 100;
        fpPCUpwind      0;
        dynAdjustTol    0;
        KSPCalcEigen    0;
        KSPCalcSingularVal 0;
        readPCMat       0;
    }
    normalizeResiduals 11 ( URes pRes p_rghRes nuTildaRes phiRes TRes DRes kRes omegaRes epsilonRes alpha.waterRes );
    maxResConLv4JacPCMat
    {
        pRes            2;
        phiRes          1;
        URes            2;
        TRes            2;
        nuTildaRes      2;
        kRes            2;
        epsilonRes      2;
        omegaRes        2;
        p_rghRes        2;
        DRes            2;
        gammaIntRes     2;
        ReThetatRes     2;
        alpha.waterRes  2;
    }
    jacLowerBounds
    {
        dRdW            1e-30;
        dRdWPC          1e-30;
    }
    maxTractionBCIters 100;
    decomposeParDict
    {
        method          scotch;
        simpleCoeffs
        {
            n               3 ( 2 2 1 );
            delta           0.001;
        }
        kahipCoeffs
        {
            config          fast;
            imbalance       0.01;
        }
        preservePatches 1 ( None );
        singleProcessorFaceSets 1 ( None );
        args            1 ( None );
    }
    adjStateOrdering state;
    checkMeshThreshold
    {
        maxAspectRatio  1000;
        maxNonOrth      70;
        maxSkewness     4;
        maxIncorrectlyOrientedFaces 0;
    }
    writeDeformedFFDs 0;
    writeDeformedConstraints 0;
    writeAdjointFields 0;
    maxCorrectBCCalls 2;
    writeMinorIterations 0;
    primalMinIters  1;
    tensorflow
    {
        active          0;
    }
    wallDistanceMethod default;
    unsteadyCompOutput
    {
    }
}

pyDAFoam initialization done!
+----------------------------------------+
|          All IDWarp Options:           |
+----------------------------------------+
{'LdefFact': 1.0,
 'aExp': 3.0,
 'alpha': 0.25,
 'bExp': 5.0,
 'bucketSize': 8,
 'cornerAngle': 30.0,
 'errTol': 0.0005,
 'evalMode': 'fast',
 'fileType': 'OpenFOAM',
 'gridFile': '/home/dafoamuser/mount',
 'restartFile': None,
 'specifiedSurfaces': None,
 'symmTol': 1e-06,
 'symmetryPlanes': [[[0.0, 0.0, 0.0], [0.0, 0.0, 1.0]],
                    [[0.0, 0.0, 0.1], [0.0, 0.0, 1.0]]],
 'symmetrySurfaces': None,
 'useRotations': True,
 'zeroCornerRotations': True}
I/O    : uncollated
Case   : /home/dafoamuser/mount
nProcs : 4
Hosts  :
(
    (ee299bfe3bb0 4)
)
Pstream initialized with:
    node communication : off [type=host] (4 ranks, 1 nodes)
    topology controls  : none
    consensus exchange : 0 (tuning: 0)
    exchange algorithm : 0
    commsType          : nonBlocking
    polling iterations : 0
Reading the OpenFOAM mesh..
Overriding DebugSwitches according to controlDict
    SolverPerformance 0;

Checking if we need to compress the mesh files
Checking if we need to compress the mesh files
#------------------------------#
 Total Volume Nodes :     30420 
#------------------------------#
Finalising parallel run
I/O    : uncollated
+-------------------- Symmetry Planes -------------------+
|           Point                        Normal          |
| (  0.000   0.000   0.000)    (  0.000   0.000   1.000) |
| (  0.000   0.000   0.100)    (  0.000   0.000   1.000) |
+--------------------------------------------------------+
#--------------------------------#
 Unique Surface Nodes :       460 
#--------------------------------#
 Computing Denominator Estimate...
 Load Balancing...
 Finished Mesh Initialization.
OrderedDict([('inout', [0]), ('procBoundary0to1', [1]), ('procBoundary0to3', [2]), ('symmetry1', [3]), ('symmetry2', [4]), ('wing', [5]), ('allSurfaces', [0, 1, 2, 3, 4, 5]), ('allWalls', [5]), ('designSurfaces', [5])])
dRdWT Jacobian Free created!
/home/dafoamuser/dafoam/packages/miniconda3/lib/python3.10/site-packages/openmdao/core/component.py:140: OMDeprecationWarning:'scenario1.coupling.solver' <class DAFoamSolver>: It appears this component mixes distributed/non-distributed inputs and outputs, so it may break starting with OpenMDAO 3.25, where the convention used when passing data between distributed and non-distributed inputs and outputs within a matrix free component will change. See https://github.com/OpenMDAO/POEMs/blob/master/POEM_075.md for details.
/home/dafoamuser/dafoam/packages/miniconda3/lib/python3.10/site-packages/openmdao/core/component.py:140: OMDeprecationWarning:'scenario1.coupling.solver' <class DAFoamSolver>: It appears this component mixes distributed/non-distributed inputs and outputs, so it may break starting with OpenMDAO 3.25, where the convention used when passing data between distributed and non-distributed inputs and outputs within a matrix free component will change. See https://github.com/OpenMDAO/POEMs/blob/master/POEM_075.md for details.
/home/dafoamuser/dafoam/packages/miniconda3/lib/python3.10/site-packages/openmdao/core/component.py:140: OMDeprecationWarning:'scenario1.coupling.solver' <class DAFoamSolver>: It appears this component mixes distributed/non-distributed inputs and outputs, so it may break starting with OpenMDAO 3.25, where the convention used when passing data between distributed and non-distributed inputs and outputs within a matrix free component will change. See https://github.com/OpenMDAO/POEMs/blob/master/POEM_075.md for details.
/home/dafoamuser/dafoam/packages/miniconda3/lib/python3.10/site-packages/openmdao/core/component.py:140: OMDeprecationWarning:'scenario1.coupling.solver' <class DAFoamSolver>: It appears this component mixes distributed/non-distributed inputs and outputs, so it may break starting with OpenMDAO 3.25, where the convention used when passing data between distributed and non-distributed inputs and outputs within a matrix free component will change. See https://github.com/OpenMDAO/POEMs/blob/master/POEM_075.md for details.
/home/dafoamuser/dafoam/packages/miniconda3/lib/python3.10/site-packages/openmdao/core/component.py:140: OMDeprecationWarning:'scenario1.aero_post.functionals' <class DAFoamFunctions>: It appears this component mixes distributed/non-distributed inputs and outputs, so it may break starting with OpenMDAO 3.25, where the convention used when passing data between distributed and non-distributed inputs and outputs within a matrix free component will change. See https://github.com/OpenMDAO/POEMs/blob/master/POEM_075.md for details.
/home/dafoamuser/dafoam/packages/miniconda3/lib/python3.10/site-packages/openmdao/core/component.py:140: OMDeprecationWarning:'scenario1.aero_post.functionals' <class DAFoamFunctions>: It appears this component mixes distributed/non-distributed inputs and outputs, so it may break starting with OpenMDAO 3.25, where the convention used when passing data between distributed and non-distributed inputs and outputs within a matrix free component will change. See https://github.com/OpenMDAO/POEMs/blob/master/POEM_075.md for details.
/home/dafoamuser/dafoam/packages/miniconda3/lib/python3.10/site-packages/openmdao/core/component.py:140: OMDeprecationWarning:'scenario1.aero_post.functionals' <class DAFoamFunctions>: It appears this component mixes distributed/non-distributed inputs and outputs, so it may break starting with OpenMDAO 3.25, where the convention used when passing data between distributed and non-distributed inputs and outputs within a matrix free component will change. See https://github.com/OpenMDAO/POEMs/blob/master/POEM_075.md for details.
/home/dafoamuser/dafoam/packages/miniconda3/lib/python3.10/site-packages/openmdao/core/component.py:140: OMDeprecationWarning:'scenario1.aero_post.functionals' <class DAFoamFunctions>: It appears this component mixes distributed/non-distributed inputs and outputs, so it may break starting with OpenMDAO 3.25, where the convention used when passing data between distributed and non-distributed inputs and outputs within a matrix free component will change. See https://github.com/OpenMDAO/POEMs/blob/master/POEM_075.md for details.
/home/dafoamuser/dafoam/packages/miniconda3/lib/python3.10/site-packages/openmdao/core/problem.py:1011: DerivativesWarning:Inefficient choice of derivative mode.  You chose 'rev' for a problem with 10 design variables and 25 response variables (objectives and nonlinear constraints).
/home/dafoamuser/dafoam/packages/miniconda3/lib/python3.10/site-packages/openmdao/core/problem.py:1011: DerivativesWarning:Inefficient choice of derivative mode.  You chose 'rev' for a problem with 10 design variables and 25 response variables (objectives and nonlinear constraints).
/home/dafoamuser/dafoam/packages/miniconda3/lib/python3.10/site-packages/openmdao/core/problem.py:1011: DerivativesWarning:Inefficient choice of derivative mode.  You chose 'rev' for a problem with 10 design variables and 25 response variables (objectives and nonlinear constraints).
/home/dafoamuser/dafoam/packages/miniconda3/lib/python3.10/site-packages/openmdao/core/problem.py:1011: DerivativesWarning:Inefficient choice of derivative mode.  You chose 'rev' for a problem with 10 design variables and 25 response variables (objectives and nonlinear constraints).
DAInputVolCoord. 
Setting volume coordinates. 
DAInputPatchVelocity. 
Setting UMag = 10 AoA = 5.13918623195176 degs at 1(inout)
Checking mesh quality for time = 0
    Overall domain bounding box (-17.978601419427 -19.329452531629 0) (19.10692371664801 19.329452557122 0.1)
    Mesh has 3 geometric (non-empty/wedge) directions (1 1 1)
    Mesh has 3 solution (non-empty) directions (1 1 1)
    Boundary openness (4.727773725247318e-19 3.888975161090536e-20 -6.644656411196655e-17) OK.
    Max cell openness = 2.824314411007537e-16 OK.
    Max aspect ratio = 167.4971796573037 OK.
    Minimum face area = 9.683111135831537e-07. Maximum face area = 1.867132084761879.  Face area magnitudes OK.
    Min volume = 9.683111141642576e-08. Max volume = 0.1867132084730527.  Total volume = 112.3943459376043.  Cell volumes OK.
    Mesh non-orthogonality Max: 26.95959996482282 average: 1.896733627901376
    Non-orthogonality check OK.
    Face pyramids OK.
    Max skewness = 0.8620395852406649 OK.
    Coupled point location match (average 0) OK.

Mesh OK.

Running Primal Solver 001
Previous solution time -1e+10 not found and nothing deleted.
No finite volume options present

Starting time loop

Time = 1

U0 initRes: 0.9999999999974305 finalRes: 0.08389963673409763 nIters: 7
U1 initRes: 1 finalRes: 0.08173074291856443 nIters: 7
U2 initRes: 0.9999999601645734 finalRes: 0.07412434347006171 nIters: 7
p initRes: 1 finalRes: 0.09060826603587496 nIters: 8
Time step continuity errors : sum local = 0.0005995980419962819
                                 global = -7.022100078793339e-05
                             cumulative = -7.022100078793339e-05
nuTilda initRes: 0.9999999999271124 finalRes: 0.07632006712751481 nIters: 7
Bounding nuTilda>1e-16
CD: 0.9539119677666802 final: 0.9539119677666802
CL: -0.09198024738180444 final: -0.09198024738180444
yPlus min: 26.68450568347101 max: 46.72126816531994 mean: 44.25168222557578
ExecutionTime = 0.99 s  ClockTime = 2 s

Time = 100

U0 initRes: 0.004915760768379232 finalRes: 0.0004845602191205708 nIters: 5
U1 initRes: 0.004470773305945124 finalRes: 0.0004172654733977021 nIters: 6
U2 initRes: 0.009444633106319293 finalRes: 0.0008686740961197895 nIters: 5
p initRes: 0.003614090914464633 finalRes: 0.0002889153360058709 nIters: 3
Time step continuity errors : sum local = 9.013532817642124e-06
                                 global = -1.316468371183086e-07
                             cumulative = -7.03526476250517e-05
nuTilda initRes: 0.0001558515101954064 finalRes: 1.066076447864588e-05 nIters: 4
Bounding nuTilda>1e-16
CD: 0.01808848284455509 final: 0.01808848284455509
CL: 0.4542966100613195 final: 0.4542966100613195
yPlus min: 5.741134703282826 max: 58.2267038316611 mean: 31.57888537467073
ExecutionTime = 2.26 s  ClockTime = 3 s

Time = 200

U0 initRes: 0.0004796678610562951 finalRes: 3.687010939899739e-05 nIters: 6
U1 initRes: 0.00014829972219456 finalRes: 1.368431386870686e-05 nIters: 6
U2 initRes: 0.0004861826602055155 finalRes: 3.320201641675449e-05 nIters: 6
p initRes: 0.0001548257339922464 finalRes: 1.228222351987936e-05 nIters: 4
Time step continuity errors : sum local = 3.80377349747453e-07
                                 global = -2.461500822743142e-08
                             cumulative = -7.037726263327913e-05
nuTilda initRes: 2.32179973535091e-05 finalRes: 1.631948858919268e-06 nIters: 3
Bounding nuTilda>1e-16
CD: 0.01928954035929712 final: 0.01928954035929712
CL: 0.4989757570944366 final: 0.4989757570944366
yPlus min: 4.823173934679636 max: 58.5736042501858 mean: 32.07573344950465
ExecutionTime = 3.57 s  ClockTime = 5 s

Time = 300

U0 initRes: 6.207396850034097e-05 finalRes: 5.645307839126447e-06 nIters: 6
U1 initRes: 3.298604083022898e-05 finalRes: 2.769546296037151e-06 nIters: 6
U2 initRes: 7.660275227357019e-05 finalRes: 5.638575108284046e-06 nIters: 6
p initRes: 2.537890696124703e-05 finalRes: 2.112160639495352e-06 nIters: 4
Time step continuity errors : sum local = 6.629277232661862e-08
                                 global = 1.236166516675009e-08
                             cumulative = -7.036490096811238e-05
nuTilda initRes: 7.732417895679915e-07 finalRes: 6.03314610105796e-08 nIters: 4
Bounding nuTilda>1e-16
CD: 0.01833087755134555 final: 0.01833087755134555
CL: 0.5126126562747327 final: 0.5126126562747327
yPlus min: 4.89043998118233 max: 59.04440771779473 mean: 32.05449385564526
ExecutionTime = 4.8 s  ClockTime = 6 s

Time = 400

U0 initRes: 1.421582164946006e-05 finalRes: 1.205500059207879e-06 nIters: 6
U1 initRes: 5.832329610801788e-06 finalRes: 5.201489126718669e-07 nIters: 6
U2 initRes: 1.651750990809626e-05 finalRes: 1.593418562366922e-06 nIters: 5
p initRes: 5.188000683843905e-06 finalRes: 4.372126609183327e-07 nIters: 4
Time step continuity errors : sum local = 1.375418326988903e-08
                                 global = 2.759165918366892e-09
                             cumulative = -7.036214180219401e-05
nuTilda initRes: 2.601318169084232e-07 finalRes: 2.137010822695961e-08 nIters: 4
Bounding nuTilda>1e-16
CD: 0.01818756005327466 final: 0.01818756005327466
CL: 0.5158505523210105 final: 0.5158505523210105
yPlus min: 4.871833841774113 max: 59.13166945669567 mean: 32.05685638699925
ExecutionTime = 5.98 s  ClockTime = 8 s

Time = 500

U0 initRes: 3.028523003355565e-06 finalRes: 2.614701849886227e-07 nIters: 6
U1 initRes: 1.318994563135769e-06 finalRes: 1.156079153324929e-07 nIters: 6
U2 initRes: 3.561833789137932e-06 finalRes: 3.518709250481449e-07 nIters: 5
p initRes: 1.046762961818629e-06 finalRes: 9.505642448099355e-08 nIters: 4
Time step continuity errors : sum local = 2.991838117658198e-09
                                 global = 5.421475325213644e-10
                             cumulative = -7.03615996546615e-05
nuTilda initRes: 4.292605794490993e-08 finalRes: 3.919517564468542e-09 nIters: 4
Bounding nuTilda>1e-16
CD: 0.01815486381644848 final: 0.01815486381644848
CL: 0.5165096916519962 final: 0.5165096916519962
yPlus min: 4.869354946481307 max: 59.1502813927922 mean: 32.05729846239675
ExecutionTime = 7.21 s  ClockTime = 10 s

Time = 600

U0 initRes: 6.388695813733533e-07 finalRes: 5.503428341951192e-08 nIters: 6
U1 initRes: 2.77164262472896e-07 finalRes: 2.430222612596103e-08 nIters: 6
U2 initRes: 7.743588974274711e-07 finalRes: 7.507432887382526e-08 nIters: 5
p initRes: 2.433596740244157e-07 finalRes: 2.008218098755642e-08 nIters: 4
Time step continuity errors : sum local = 6.321400035676548e-10
                                 global = 1.198631860500035e-10
                             cumulative = -7.036147979147544e-05
nuTilda initRes: 9.81831761636613e-09 finalRes: 8.715105567061044e-10 nIters: 4
Bounding nuTilda>1e-16
CD: 0.01814791765778409 final: 0.01814791765778409
CL: 0.5166512935228501 final: 0.5166512935228501
yPlus min: 4.868781433995439 max: 59.15426268270505 mean: 32.05738985592371
ExecutionTime = 8.41 s  ClockTime = 11 s

Time = 700

U0 initRes: 1.371419112102496e-07 finalRes: 1.184143936462716e-08 nIters: 6
U1 initRes: 5.975050620912722e-08 finalRes: 5.242002735059873e-09 nIters: 6
U2 initRes: 2.021233340916301e-07 finalRes: 1.378482743522906e-08 nIters: 6
p initRes: 5.066872411218048e-08 finalRes: 4.346561748826132e-09 nIters: 4
Time step continuity errors : sum local = 1.368226539860266e-10
                                 global = 2.525172902550178e-11
                             cumulative = -7.036145453974642e-05
nuTilda initRes: 1.958234596920878e-09 finalRes: 1.808519094158758e-10 nIters: 4
Bounding nuTilda>1e-16
CD: 0.01814645517795248 final: 0.01814645517795248
CL: 0.5166814781077309 final: 0.5166814781077309
yPlus min: 4.86865697141184 max: 59.15512297752192 mean: 32.057421444097
ExecutionTime = 9.51 s  ClockTime = 13 s

Time = 800

U0 initRes: 3.032667595487685e-08 finalRes: 2.620761937711575e-09 nIters: 6
U1 initRes: 1.321448634310786e-08 finalRes: 1.159013440382302e-09 nIters: 6
U2 initRes: 1.037382275666945e-07 finalRes: 7.767543333550428e-09 nIters: 6
p initRes: 1.117910383375638e-08 finalRes: 9.60320946703453e-10 nIters: 4
Time step continuity errors : sum local = 3.022942170510067e-11
                                 global = 5.416387908054014e-12
                             cumulative = -7.036144912335851e-05
nuTilda initRes: 4.181378962354902e-10 finalRes: 3.991582803000766e-11 nIters: 4
Bounding nuTilda>1e-16
CD: 0.01814614353323753 final: 0.01814614353323753
CL: 0.5166880966225617 final: 0.5166880966225617
yPlus min: 4.868626967126981 max: 59.15530902390662 mean: 32.05743030203648
ExecutionTime = 10.67 s  ClockTime = 14 s

Time = 900

U0 initRes: 6.607116671809379e-09 finalRes: 5.714036626215392e-10 nIters: 6
U1 initRes: 2.890580153682802e-09 finalRes: 2.534676929142946e-10 nIters: 6
U2 initRes: 8.691549479047545e-08 finalRes: 6.875260048647502e-09 nIters: 6
p initRes: 2.395634198935377e-09 finalRes: 2.097696457766562e-10 nIters: 4
Time step continuity errors : sum local = 6.603239017115604e-12
                                 global = 1.195932820476961e-12
                             cumulative = -7.036144792742569e-05
nuTilda initRes: 9.102607792587294e-11 finalRes: 8.61637090353023e-12 nIters: 4
Bounding nuTilda>1e-16
CD: 0.01814607457887638 final: 0.01814607457887638
CL: 0.5166895453598741 final: 0.5166895453598741
yPlus min: 4.868620614442936 max: 59.15534992223248 mean: 32.05743209887901
ExecutionTime = 11.79 s  ClockTime = 16 s

Time = 1000

U0 initRes: 1.447691690291194e-09 finalRes: 1.250288017519935e-10 nIters: 6
U1 initRes: 6.298393464915147e-10 finalRes: 5.528265174868945e-11 nIters: 6
U2 initRes: 7.946018857872478e-08 finalRes: 6.3196290892745e-09 nIters: 6
p initRes: 5.226786178194678e-10 finalRes: 4.582066968186752e-11 nIters: 4
Time step continuity errors : sum local = 1.442355028084903e-12
                                 global = 2.615072461335311e-13
                             cumulative = -7.036144766591844e-05
nuTilda initRes: 2.040735799896931e-11 finalRes: 1.91509878077663e-12 nIters: 4
Bounding nuTilda>1e-16
CD: 0.01814605950540598 final: 0.01814605950540598
CL: 0.5166898628118406 final: 0.5166898628118406
yPlus min: 4.868619200083436 max: 59.15535885210943 mean: 32.05743246827893
ExecutionTime = 12.92 s  ClockTime = 17 s

Time = 1100

U0 initRes: 3.158391555467607e-10 finalRes: 2.728825830585273e-11 nIters: 6
U1 initRes: 1.376572984337573e-10 finalRes: 1.207779299961683e-11 nIters: 6
U2 initRes: 7.578642397681895e-08 finalRes: 6.042798250102149e-09 nIters: 6
p initRes: 1.142848351798688e-10 finalRes: 1.000066924060898e-11 nIters: 4
Time step continuity errors : sum local = 3.148773990226929e-13
                                 global = 5.711865494559764e-14
                             cumulative = -7.036144760879978e-05
nuTilda initRes: 4.436276690204893e-12 finalRes: 4.164802365739379e-13 nIters: 4
Bounding nuTilda>1e-16
CD: 0.01814605620502027 final: 0.01814605620502027
CL: 0.5166899320448436 final: 0.5166899320448436
yPlus min: 4.868618896002239 max: 59.15536080254923 mean: 32.0574325478657
ExecutionTime = 14.27 s  ClockTime = 19 s

Time = 1200

U0 initRes: 6.893768525222444e-11 finalRes: 5.956287449401649e-12 nIters: 6
U1 initRes: 3.004980811543602e-11 finalRes: 2.636473444339758e-12 nIters: 6
U2 initRes: 7.401706075415058e-08 finalRes: 5.816512147248653e-09 nIters: 6
p initRes: 2.497411739040546e-11 finalRes: 2.183544547903685e-12 nIters: 4
Time step continuity errors : sum local = 6.880808556682292e-14
                                 global = 1.250987231943323e-14
                             cumulative = -7.036144759628991e-05
nuTilda initRes: 9.678429908938027e-13 finalRes: 9.090773263816652e-14 nIters: 4
Bounding nuTilda>1e-16
CD: 0.01814605548500313 final: 0.01814605548500313
CL: 0.5166899471590248 final: 0.5166899471590248
yPlus min: 4.868618829467164 max: 59.1553612282889 mean: 32.05743256536103
ExecutionTime = 15.41 s  ClockTime = 21 s

Time = 1300

U0 initRes: 1.505025347217838e-11 finalRes: 1.300367428611795e-12 nIters: 6
U1 initRes: 6.558510052249173e-12 finalRes: 5.754685494985919e-13 nIters: 6
U2 initRes: 7.365401627158109e-08 finalRes: 5.842481407544051e-09 nIters: 6
p initRes: 5.479612131057915e-12 finalRes: 4.7666526673308e-13 nIters: 4
Time step continuity errors : sum local = 1.544981410968168e-14
                                 global = 2.704951828354093e-15
                             cumulative = -7.036144759358496e-05
nuTilda initRes: 2.114572334599365e-13 finalRes: 1.988277746080635e-14 nIters: 4
Bounding nuTilda>1e-16
CD: 0.01814605532782466 final: 0.01814605532782466
CL: 0.5166899504587041 final: 0.5166899504587041
yPlus min: 4.868618814937141 max: 59.15536132123902 mean: 32.05743256917624
ExecutionTime = 16.71 s  ClockTime = 22 s

Time = 1327
Minimal residual 9.979370097997052e-12 satisfied the prescribed tolerance 9.999999999999999e-12

CD: 0.0181460553130347 final: 0.0181460553130347
CL: 0.5166899507692077 final: 0.5166899507692077
End

Printing Primal Residual Statistics.
U Residual Norm2: (1.439276264418756e-06 1.447568933185853e-06 1.175426312837903e-12)
U Residual Mean: (7.123742685305191e-09 2.333491922609157e-09 4.043693095076934e-15)
U Residual Max: (1.772395989974029e-07 2.891019903472625e-07 1.684949499324392e-13)
p Residual Norm2: 2.173927040845568e-07
p Residual Mean: 1.075930841065437e-10
p Residual Max: 6.928103052169999e-08
nuTilda Residual Norm2: 2.030992223928437e-10
nuTilda Residual Mean: 4.026894863851413e-13
nuTilda Residual Max: 1.938848349589409e-11
phi Residual Norm2: 1.014902406895692e-09
phi Residual Mean: 1.639035476095092e-12
phi Residual Max: 1.29241692522139e-10
Total Residual Norm2: 2.052859625184052e-06
 
 
PROBE rank=1 idx=-1 step=0.000000e+00 CD=1.814605531303470e-02 nCells=3648 yWall_min=8.9299778992e-04 yWall_max=1.8288218589e+01 yWall_mean=2.6430566371e+00 p_mean=-1.1877987099e+01
PROBE rank=2 idx=-1 step=0.000000e+00 CD=1.814605531303470e-02 nCells=3648 yWall_min=8.9381942713e-04 yWall_max=1.8292100753e+01 yWall_mean=2.6602700763e+00 p_mean=3.6676715470e+00
PROBE rank=3 idx=-1 step=0.000000e+00 CD=1.814605531303470e-02 nCells=3712 yWall_min=5.2095665499e-04 yWall_max=1.8291562889e+01 yWall_mean=2.6435756929e+00 p_mean=1.5581234581e+00
PROBE rank=0 idx=-1 step=0.000000e+00 CD=1.814605531303470e-02 nCells=3712 yWall_min=5.2095665138e-04 yWall_max=1.8292100778e+01 yWall_mean=2.6597982249e+00 p_mean=-3.0147197933e+00
PROBE_GLOBAL idx=-1 step=0.000000e+00 CD=1.814605531303470e-02 nCellsGlobal=14720 yWall_min=5.2095665138e-04 yWall_max=1.8292100778e+01 yWall_mean=2.6516752604e+00 p_min=-8.9118724070e+01 p_max=5.0174465419e+01 p_mean=-2.4020459735e+00
PROBE DONE
Finalising parallel run
Finalising parallel run
