WARNING 7: VSPAERO Viewer Not Found. 
	Expected here: /home/dafoamuser/dafoam/packages/miniconda3/lib/python3.10/site-packages/openvsp/vspviewer
 
-------------------------------------------------------------------------------
|                               DAFoam v5.0.0                                 |
-------------------------------------------------------------------------------
 
I/O    : uncollated
Case   : /home/dafoamuser/mount/NACA0012_Airfoil_Incompressible
nProcs : 1
Initializing mesh and runtime for DASolver
Create time

Overriding DebugSwitches according to controlDict
    SolverPerformance 0;

Create mesh for time = 0
Replacing wallDist.method meshWave -> meshWaveFrozen
DAOption created. DASolver initialized.
I/O    : uncollated
Case   : /home/dafoamuser/mount/NACA0012_Airfoil_Incompressible
nProcs : 1
Initializing mesh and runtime for DASolver
Create time

Overriding DebugSwitches according to controlDict
    SolverPerformance 0;

Create mesh for time = 0
Replacing wallDist.method meshWave -> meshWaveFrozen
DAOption created. DASolver initialized.
Initializing fields for DASimpleFoam
Create simpleControl.

SIMPLE: no convergence criteria found. Calculations will run for 3000 steps.

Reading field p

Reading field U

Reading/calculating face flux field phi

Creating source term. 
Selecting incompressible transport model Newtonian
Selecting turbulence model type RAS
Selecting RAS turbulence model SpalartAllmaras
Selecting patchDistMethod meshWaveFrozen
ft2 term: inactive
No MRF models present

Turbulence model is incompressible
Adjoint States: 
4
(
U volVectorState
nuTilda modelState
phi surfaceScalarState
p volScalarState
)
Global Cells: 4032
Global Faces: 16254
Global Xv: 24948
Undecomposed points: 8316
Global Adjoint States: 36414

SIMPLE: no convergence criteria found. Calculations will run for 3000 steps.

DACheckMesh Thresholds: 
maxNonOrth: 70
maxSkewness: 4
maxAspectRatio: 1000
maxIncorrectlyOrientedFaces: 0
    Adding all faces of patches: (wing) ...
    Found matching patch wing with 126 faces
    Adding all faces of patches: (wing) ...
    Found matching patch wing with 126 faces
Initializing fields for DASimpleFoam
Create simpleControl.

SIMPLE: no convergence criteria found. Calculations will run for 3000 steps.

Reading field p

Reading field U

Reading/calculating face flux field phi

Creating source term. 
Selecting incompressible transport model Newtonian
Selecting turbulence model type RAS
Selecting RAS turbulence model SpalartAllmaras
Selecting patchDistMethod meshWaveFrozen
ft2 term: inactive
No MRF models present

Turbulence model is incompressible
Adjoint States: 
4
(
U volVectorState
nuTilda modelState
phi surfaceScalarState
p volScalarState
)
Global Cells: 4032
Global Faces: 16254
Global Xv: 24948
Undecomposed points: 8316
Global Adjoint States: 36414

SIMPLE: no convergence criteria found. Calculations will run for 3000 steps.

DACheckMesh Thresholds: 
maxNonOrth: 70
maxSkewness: 4
maxAspectRatio: 1000
maxIncorrectlyOrientedFaces: 0
    Adding all faces of patches: (wing) ...
    Found matching patch wing with 126 faces
    Adding all faces of patches: (wing) ...
    Found matching patch wing with 126 faces
Init solver done! ElapsedClockTime 1.000000 s
Init solver done! ElapsedCpuTime 0.410000 s
initState: 
6
(
nuTilda 4.499999999999846e-05
phi 0
U1 0
U2 0
p 0
U0 10.00000000000001
)
Setting up primal boundary conditions based on pyOptions: 
Setting primal boundary conditions...
Setting U = (10 0 0) at inout
Setting primal boundary conditions...
Setting p = 0 at inout
Setting primal boundary conditions...
Setting nuTilda = 4.5e-05 at inout
Setting nut wall BC for wing. BCType=nutUSpaldingWallFunction
Reading OpenFOAM mesh information...
I/O    : uncollated
Case   : /home/dafoamuser/mount/NACA0012_Airfoil_Incompressible
nProcs : 1
Reading the OpenFOAM mesh..
Overriding DebugSwitches according to controlDict
    SolverPerformance 0;

I/O    : uncollated
DAFoam option dictionary: 
{
    solverName      DASimpleFoam;
    primalMinResTol 1e-08;
    primalFuncStdTol
    {
        stdTol          -1;
        slopeTol        -1;
        funcNames       1 ( CD );
        nStepsFrac      0.2;
    }
    primalBC
    {
        U0
        {
            variable        U;
            patches         1 ( inout );
            value           3 ( 10 0 0 );
        }
        p0
        {
            variable        p;
            patches         1 ( inout );
            value           1 ( 0 );
        }
        nuTilda0
        {
            variable        nuTilda;
            patches         1 ( inout );
            value           1 ( 4.5e-05 );
        }
        useWallFunction 1;
    }
    primalInitCondition
    {
    }
    normalizeStates
    {
        U               10;
        p               50;
        nuTilda         0.00045;
        phi             1;
    }
    function
    {
        CD
        {
            type            force;
            source          patchToFace;
            patches         1 ( wing );
            directionMode   parallelToFlow;
            patchVelocityInputName patchV;
            scale           0.2;
        }
        CL
        {
            type            force;
            source          patchToFace;
            patches         1 ( wing );
            directionMode   normalToFlow;
            patchVelocityInputName patchV;
            scale           0.2;
        }
    }
    inputInfo
    {
        aero_vol_coords
        {
            type            volCoord;
            components      2 ( solver function );
        }
        patchV
        {
            type            patchVelocity;
            patches         1 ( inout );
            flowAxis        x;
            normalAxis      y;
            components      2 ( solver function );
        }
    }
    outputInfo
    {
    }
    designSurfaces  1 ( wing );
    fvSource
    {
    }
    prepareCaseOnly 0;
    adjEqnSolMethod Krylov;
    dynamicMesh
    {
        active          0;
        mode            rotation;
        center          3 ( 0.25 0 0 );
        axis            z;
        omega           0.1;
        s               2;
        t0              0.35;
    }
    primalVarBounds
    {
        UMax            1000;
        UMin            -1000;
        pMax            50000;
        pMin            -50000;
        p_rghMax        50000;
        p_rghMin        -50000;
        eMax            55000;
        eMin            -220000;
        TMax            1000;
        TMin            100;
        hMax            200000;
        hMin            -200000;
        DMax            1e+16;
        DMin            -1e+16;
        rhoMax          5;
        rhoMin          0.2;
        nuTildaMax      1e+16;
        nuTildaMin      1e-16;
        kMax            1e+16;
        kMin            1e-16;
        omegaMax        1e+16;
        omegaMin        1e-16;
        epsilonMax      1e+16;
        epsilonMin      1e-16;
        ReThetatMax     1e+16;
        ReThetatMin     1e-16;
        gammaIntMax     1e+16;
        gammaIntMin     1e-16;
    }
    discipline      aero;
    adjPartDerivFDStep
    {
        State           1e-06;
    }
    transonicPCOption -1;
    unsteadyAdjoint
    {
        mode            None;
        PCMatPrecomputeInterval 100;
        PCMatUpdateInterval 1;
        reduceIO        1;
        additionalOutput 1 ( None );
        additionalOldTime 1 ( None );
        readZeroFields  1;
    }
    adjPCLag        10000;
    useAD
    {
        mode            reverse;
        dvName          None;
        seedIndex       -9999;
    }
    useConstrainHbyA 1;
    forceMeshWaveFrozen 1;
    useDdtCorr      0;
    regressionModel
    {
        active          0;
    }
    useMeanStates   0;
    solveLinearFunctionName None;
    printDAOptions  1;
    debug           0;
    writeJacobians  1 ( None );
    printInterval   100;
    printIntervalUnsteady 1;
    primalMinResTolDiff 100;
    adjUseColoring  1;
    adjEqnOption
    {
        globalPCIters   0;
        asmOverlap      1;
        localPCIters    1;
        jacMatReOrdering rcm;
        pcFillLevel     1;
        gmresMaxIters   1000;
        gmresRestart    1000;
        gmresRelTol     1e-06;
        gmresAbsTol     1e-14;
        gmresTolDiff    100;
        useNonZeroInitGuess 0;
        useMGSO         0;
        printInfo       1;
        fpMaxIters      1000;
        fpRelTol        1e-06;
        fpMinResTolDiff 100;
        fpPCUpwind      0;
        dynAdjustTol    0;
        KSPCalcEigen    0;
        KSPCalcSingularVal 0;
        readPCMat       0;
    }
    normalizeResiduals 11 ( URes pRes p_rghRes nuTildaRes phiRes TRes DRes kRes omegaRes epsilonRes alpha.waterRes );
    maxResConLv4JacPCMat
    {
        pRes            2;
        phiRes          1;
        URes            2;
        TRes            2;
        nuTildaRes      2;
        kRes            2;
        epsilonRes      2;
        omegaRes        2;
        p_rghRes        2;
        DRes            2;
        gammaIntRes     2;
        ReThetatRes     2;
        alpha.waterRes  2;
    }
    jacLowerBounds
    {
        dRdW            1e-30;
        dRdWPC          1e-30;
    }
    maxTractionBCIters 100;
    decomposeParDict
    {
        method          scotch;
        simpleCoeffs
        {
            n               3 ( 2 2 1 );
            delta           0.001;
        }
        kahipCoeffs
        {
            config          fast;
            imbalance       0.01;
        }
        preservePatches 1 ( None );
        singleProcessorFaceSets 1 ( None );
        args            1 ( None );
    }
    adjStateOrdering state;
    checkMeshThreshold
    {
        maxAspectRatio  1000;
        maxNonOrth      70;
        maxSkewness     4;
        maxIncorrectlyOrientedFaces 0;
    }
    writeDeformedFFDs 0;
    writeDeformedConstraints 0;
    writeAdjointFields 0;
    maxCorrectBCCalls 2;
    writeMinorIterations 0;
    primalMinIters  1;
    tensorflow
    {
        active          0;
    }
    wallDistanceMethod default;
    unsteadyCompOutput
    {
    }
}

Checking if we need to compress the mesh files
Checking if we need to compress the mesh files
pyDAFoam initialization done!
+----------------------------------------+
|          All IDWarp Options:           |
+----------------------------------------+
{'LdefFact': 1.0,
 'aExp': 3.0,
 'alpha': 0.25,
 'bExp': 5.0,
 'bucketSize': 8,
 'cornerAngle': 30.0,
 'errTol': 0.0005,
 'evalMode': 'fast',
 'fileType': 'OpenFOAM',
 'gridFile': '/home/dafoamuser/mount/NACA0012_Airfoil_Incompressible',
 'restartFile': None,
 'specifiedSurfaces': None,
 'symmTol': 1e-06,
 'symmetryPlanes': [[[0.0, 0.0, 0.0], [0.0, 0.0, 1.0]],
                    [[0.0, 0.0, 0.1], [0.0, 0.0, 1.0]]],
 'symmetrySurfaces': None,
 'useRotations': True,
 'zeroCornerRotations': True}
I/O    : uncollated
Case   : /home/dafoamuser/mount/NACA0012_Airfoil_Incompressible
nProcs : 1
Reading the OpenFOAM mesh..
Overriding DebugSwitches according to controlDict
    SolverPerformance 0;

#------------------------------#
 Total Volume Nodes :      8316 
#------------------------------#
I/O    : uncollated
#--------------------------------#
 Unique Surface Nodes :       252 
#--------------------------------#
 Computing Denominator Estimate...
 Load Balancing...
 Finished Mesh Initialization.
Checking if we need to compress the mesh files
Checking if we need to compress the mesh files
+-------------------- Symmetry Planes -------------------+
|           Point                        Normal          |
| (  0.000   0.000   0.000)    (  0.000   0.000   1.000) |
| (  0.000   0.000   0.100)    (  0.000   0.000   1.000) |
+--------------------------------------------------------+
OrderedDict([('inout', [0]), ('symmetry1', [1]), ('symmetry2', [2]), ('wing', [3]), ('allSurfaces', [0, 1, 2, 3]), ('allWalls', [3]), ('designSurfaces', [3])])
/home/dafoamuser/dafoam/packages/miniconda3/lib/python3.10/site-packages/openmdao/core/component.py:229: DistributedComponentWarning:'mesh' <class DAFoamMesh>: Component contains distributed variables, but there is no distributed vector implementation (MPI/PETSc) available. The default non-distributed vectors will be used.
/home/dafoamuser/dafoam/packages/miniconda3/lib/python3.10/site-packages/openmdao/core/component.py:229: DistributedComponentWarning:'scenario1.aero_pre.warper' <class DAFoamWarper>: Component contains distributed variables, but there is no distributed vector implementation (MPI/PETSc) available. The default non-distributed vectors will be used.
dRdWT Jacobian Free created!
/home/dafoamuser/dafoam/packages/miniconda3/lib/python3.10/site-packages/openmdao/core/component.py:229: DistributedComponentWarning:'scenario1.coupling.solver' <class DAFoamSolver>: Component contains distributed variables, but there is no distributed vector implementation (MPI/PETSc) available. The default non-distributed vectors will be used.
/home/dafoamuser/dafoam/packages/miniconda3/lib/python3.10/site-packages/openmdao/core/component.py:229: DistributedComponentWarning:'scenario1.aero_post.functionals' <class DAFoamFunctions>: Component contains distributed variables, but there is no distributed vector implementation (MPI/PETSc) available. The default non-distributed vectors will be used.
/home/dafoamuser/dafoam/packages/miniconda3/lib/python3.10/site-packages/openmdao/core/component.py:140: OMDeprecationWarning:'scenario1.coupling.solver' <class DAFoamSolver>: It appears this component mixes distributed/non-distributed inputs and outputs, so it may break starting with OpenMDAO 3.25, where the convention used when passing data between distributed and non-distributed inputs and outputs within a matrix free component will change. See https://github.com/OpenMDAO/POEMs/blob/master/POEM_075.md for details.
/home/dafoamuser/dafoam/packages/miniconda3/lib/python3.10/site-packages/openmdao/core/component.py:140: OMDeprecationWarning:'scenario1.aero_post.functionals' <class DAFoamFunctions>: It appears this component mixes distributed/non-distributed inputs and outputs, so it may break starting with OpenMDAO 3.25, where the convention used when passing data between distributed and non-distributed inputs and outputs within a matrix free component will change. See https://github.com/OpenMDAO/POEMs/blob/master/POEM_075.md for details.
/home/dafoamuser/dafoam/packages/miniconda3/lib/python3.10/site-packages/openmdao/core/problem.py:1011: DerivativesWarning:Inefficient choice of derivative mode.  You chose 'rev' for a problem with 10 design variables and 25 response variables (objectives and nonlinear constraints).
DAInputVolCoord. 
Setting volume coordinates. 
DAInputPatchVelocity. 
Setting UMag = 10 AoA = 5.13918623195176 degs at 1(inout)
Checking mesh quality for time = 0
    Overall domain bounding box (-17.36956021774907 -18.58090725721678 0) (18.72808920007682 18.58095061714657 0.1)
    Mesh has 3 geometric (non-empty/wedge) directions (1 1 1)
    Mesh has 3 solution (non-empty) directions (1 1 1)
    Boundary openness (-6.554419209286311e-19 4.727374854697751e-19 -2.770283717267467e-15) OK.
    Max cell openness = 2.632798249698691e-16 OK.
    Max aspect ratio = 97.87218727990749 OK.
    Minimum face area = 2.254099141542897e-06. Maximum face area = 4.224820552099932.  Face area magnitudes OK.
    Min volume = 2.254099143211596e-07. Max volume = 0.4224820551660123.  Total volume = 105.2803987853273.  Cell volumes OK.
    Mesh non-orthogonality Max: 22.74891489592209 average: 2.547732357399598
    Non-orthogonality check OK.
    Face pyramids OK.
    Max skewness = 1.432464755868416 OK.
    Coupled point location match (average 0) OK.

Mesh OK.

Running Primal Solver 001
Previous solution time -1e+10 not found and nothing deleted.
No finite volume options present

Starting time loop

Time = 1

U0 initRes: 0.9999999999986808 finalRes: 0.0823992055183653 nIters: 7
U1 initRes: 1 finalRes: 0.08006961275690348 nIters: 7
U2 initRes: 0.9999999870134693 finalRes: 0.07204027805211391 nIters: 6
p initRes: 1 finalRes: 0.05556451786961871 nIters: 5
Time step continuity errors : sum local = 0.0003951309141926628
                                 global = -4.201908086411103e-05
                             cumulative = -4.201908086411103e-05
nuTilda initRes: 0.9999999999196808 finalRes: 0.07767279536977385 nIters: 7
Bounding nuTilda>1e-16
CD: 0.5145125469024725 final: 0.5145125469024725
CL: -0.05267820361593946 final: -0.05267820361593946
yPlus min: 48.424080659381 max: 83.48198813689829 mean: 78.51267074784242
ExecutionTime = 1.32 s  ClockTime = 1 s

Time = 100

U0 initRes: 0.0006472315242955361 finalRes: 4.818793505259727e-05 nIters: 6
U1 initRes: 0.0005607621302136541 finalRes: 5.517230232981014e-05 nIters: 5
U2 initRes: 0.0001732604311799977 finalRes: 1.427217432618773e-05 nIters: 4
p initRes: 0.005311208985455837 finalRes: 0.000417959392468083 nIters: 2
Time step continuity errors : sum local = 1.045799794350559e-05
                                 global = 6.649230575189727e-07
                             cumulative = -4.135415780659205e-05
nuTilda initRes: 4.850225019077842e-05 finalRes: 4.154181415492011e-06 nIters: 2
Bounding nuTilda>1e-16
CD: 0.02208516076729879 final: 0.02208516076729879
CL: 0.4820979203745785 final: 0.4820979203745785
yPlus min: 14.77241303956517 max: 100.1542574685638 mean: 60.2324356235473
ExecutionTime = 2.41 s  ClockTime = 2 s

Time = 200

U0 initRes: 1.477431108152133e-05 finalRes: 1.192591299534549e-06 nIters: 6
U1 initRes: 1.218470470246894e-05 finalRes: 9.714174445478369e-07 nIters: 6
U2 initRes: 4.428714230881573e-06 finalRes: 4.203949098923048e-07 nIters: 4
p initRes: 1.665569507436888e-05 finalRes: 1.56466908039292e-06 nIters: 2
Time step continuity errors : sum local = 3.978154049914632e-08
                                 global = 2.959461151507132e-10
                             cumulative = -4.13538618604769e-05
nuTilda initRes: 3.659930163472093e-07 finalRes: 3.598296727599662e-08 nIters: 4
Bounding nuTilda>1e-16
CD: 0.02093893637426402 final: 0.02093893637426402
CL: 0.4982968407023848 final: 0.4982968407023848
yPlus min: 14.26186664050509 max: 101.0414160539782 mean: 59.96747624453722
ExecutionTime = 3.53 s  ClockTime = 3 s

Time = 300

U0 initRes: 5.358211616064248e-07 finalRes: 4.265934563960112e-08 nIters: 6
U1 initRes: 4.689509524405532e-07 finalRes: 3.599162118574223e-08 nIters: 6
U2 initRes: 1.106766394067798e-06 finalRes: 6.184950344408127e-08 nIters: 2
p initRes: 1.005603429632365e-06 finalRes: 8.132164986796415e-08 nIters: 2
Time step continuity errors : sum local = 2.068750446921136e-09
                                 global = 1.692169973346644e-10
                             cumulative = -4.135369264347957e-05
nuTilda initRes: 1.776706953593075e-08 finalRes: 1.482544576560004e-09 nIters: 4
Bounding nuTilda>1e-16
CD: 0.02090962462712699 final: 0.02090962462712699
CL: 0.4988856686296671 final: 0.4988856686296671
yPlus min: 14.25138270521917 max: 101.069040814981 mean: 59.96217245490481
ExecutionTime = 4.64 s  ClockTime = 5 s

Time = 400

U0 initRes: 1.332900019462268e-08 finalRes: 9.87070718943281e-10 nIters: 6
U1 initRes: 1.072171309428953e-08 finalRes: 7.860441740273777e-10 nIters: 6
U2 initRes: 3.602514069938964e-08 finalRes: 1.659630319121577e-09 nIters: 2
p initRes: 3.297614353365696e-08 finalRes: 1.806864973653642e-09 nIters: 2
Time step continuity errors : sum local = 4.596582099914109e-11
                                 global = 4.50227880270989e-12
                             cumulative = -4.135368814120076e-05
nuTilda initRes: 5.830952431405507e-10 finalRes: 4.347285681280759e-11 nIters: 4
Bounding nuTilda>1e-16
CD: 0.02090854557082845 final: 0.02090854557082845
CL: 0.4989041719458935 final: 0.4989041719458935
yPlus min: 14.25104981097546 max: 101.0699508720159 mean: 59.96201196922478
ExecutionTime = 5.73 s  ClockTime = 6 s

Time = 435
Minimal residual 9.769200016303845e-09 satisfied the prescribed tolerance 1e-08

CD: 0.0209085260272014 final: 0.0209085260272014
CL: 0.4989044476575003 final: 0.4989044476575003
End

Printing Primal Residual Statistics.
U Residual Norm2: (0.0002152983951326916 0.0002387596637480403 4.851958154337791e-09)
U Residual Mean: (1.62346048160039e-06 6.560361857619571e-07 3.181429451137413e-11)
U Residual Max: (5.539901576412376e-05 0.0001035610985127278 1.330790719839455e-09)
p Residual Norm2: 7.304600425360091e-05
p Residual Mean: 1.050347584867197e-07
p Residual Max: 3.333251625359782e-05
nuTilda Residual Norm2: 9.183231085163297e-08
nuTilda Residual Mean: 3.148687981429432e-10
nuTilda Residual Max: 1.725425589039496e-08
phi Residual Norm2: 3.27297466744123e-07
phi Residual Mean: 8.173542062708438e-10
phi Residual Max: 8.33043862526136e-08
Total Residual Norm2: 0.000329689869874028
 
 
CHECKMESH_BEGIN tag=idx1_plus
Checking mesh quality for time = 435
    Overall domain bounding box (-17.36956021774907 -18.58090725721678 0) (18.72808920007682 18.58095061714657 0.1)
    Mesh has 3 geometric (non-empty/wedge) directions (1 1 1)
    Mesh has 3 solution (non-empty) directions (1 1 1)
    Boundary openness (-6.554419209286311e-19 4.727374854697751e-19 -2.770283717267467e-15) OK.
    Max cell openness = 2.632798249698691e-16 OK.
    Max aspect ratio = 97.87218727990749 OK.
    Minimum face area = 2.254099141542897e-06. Maximum face area = 4.224820552099932.  Face area magnitudes OK.
    Min volume = 2.254099143211596e-07. Max volume = 0.4224820551660123.  Total volume = 105.2803987853273.  Cell volumes OK.
    Mesh non-orthogonality Max: 22.74891489592209 average: 2.547732357399598
    Non-orthogonality check OK.
    Face pyramids OK.
    Max skewness = 1.432464755868416 OK.
    Coupled point location match (average 0) OK.

Mesh OK.

CHECKMESH_END tag=idx1_plus meshOK=1
PROBE tag=idx1_plus idx=1 step=1.000000e-04 finalTime=435 CD=2.090852602720140e-02 CL=4.989044476575003e-01 bcType=nutUSpaldingWallFunction nWingFaces=126 nZero=0 nPos=126 nNeg=0
PROBE_VALUES tag=idx1_plus 1.1665547483e-05 1.3597991121e-05 1.6750742842e-05 1.8267843057e-05 2.0397196072e-05 2.1353207732e-05 2.2902874627e-05 2.3759703758e-05 2.4933107759e-05 2.5823194917e-05 2.6704699392e-05 2.7503921235e-05 2.8377086131e-05 2.9536467710e-05 3.0933167988e-05 3.2305894658e-05 3.3594306118e-05 3.4733639345e-05 3.5780246670e-05 3.6733978623e-05 3.7636714553e-05 3.8490530424e-05 3.9316930750e-05 4.0118426124e-05 4.0907972257e-05 4.1686575900e-05 4.2461622948e-05 4.3234189899e-05 4.4009082173e-05 4.4787044061e-05 4.5571454199e-05 4.6362386151e-05 4.7162065255e-05 4.7969614187e-05 4.8784952984e-05 4.9605969762e-05 5.0430660390e-05 5.1254122158e-05 5.2072037697e-05 5.2878178749e-05 5.3664251184e-05 5.4419534044e-05 5.5132158217e-05 5.5788062932e-05 5.6371534485e-05 5.6866892146e-05 5.7260376171e-05 5.7539547711e-05 5.7701385126e-05 5.7770578588e-05 5.7839623297e-05 5.8165708929e-05 5.9361082138e-05 6.2031536431e-05 6.6054480854e-05 7.0473558934e-05 7.4261662739e-05 7.6207810200e-05 7.4876967305e-05 6.8490633061e-05 5.5928853155e-05 3.9349558363e-05 1.9806081972e-05 5.9362501371e-06 1.7317153246e-05 3.0214940349e-05 3.8824057557e-05 4.4189228318e-05 4.7692970552e-05 5.0122331318e-05 5.2019428861e-05 5.3460997923e-05 5.4467672464e-05 5.5114177364e-05 5.5488745449e-05 5.5666358725e-05 5.5702845839e-05 5.5639486247e-05 5.5502491970e-05 5.5309821023e-05 5.5074238608e-05 5.4804804772e-05 5.4508110287e-05 5.4189671403e-05 5.3854084220e-05 5.3504457113e-05 5.3143631711e-05 5.2774738769e-05 5.2400061255e-05 5.2021497597e-05 5.1640471690e-05 5.1258297412e-05 5.0875551195e-05 5.0493059687e-05 5.0110732600e-05 4.9728455312e-05 4.9345795698e-05 4.8961721688e-05 4.8574139108e-05 4.8181306056e-05 4.7777676447e-05 4.7358974038e-05 4.6913976088e-05 4.6432051471e-05 4.5890802552e-05 4.5268477139e-05 4.4546014984e-05 4.3766709227e-05 4.3119796613e-05 4.2796772354e-05 4.2794194165e-05 4.2816744684e-05 4.2637039943e-05 4.2350730170e-05 4.1533333240e-05 4.1000344503e-05 3.9528984373e-05 3.8283651143e-05 3.5839795412e-05 3.3256865954e-05 2.8633044177e-05 2.4456183510e-05 2.1476632560e-05 1.3825902447e-05 6.6129785441e-06 9.1921669551e-06
PROBE_ZEROMASK tag=idx1_plus 0 0 0 0 0 0 0 0 0 0 0 0 0 0 0 0 0 0 0 0 0 0 0 0 0 0 0 0 0 0 0 0 0 0 0 0 0 0 0 0 0 0 0 0 0 0 0 0 0 0 0 0 0 0 0 0 0 0 0 0 0 0 0 0 0 0 0 0 0 0 0 0 0 0 0 0 0 0 0 0 0 0 0 0 0 0 0 0 0 0 0 0 0 0 0 0 0 0 0 0 0 0 0 0 0 0 0 0 0 0 0 0 0 0 0 0 0 0 0 0 0 0 0 0 0 0
PROBE DONE tag=idx1_plus
WRITECELLVOLUMES_RC tag=idx1_plus rc=0
PROBE_CELLVOL tag=idx1_plus 5.4093374847e-07 7.5803957161e-07 1.0084422444e-06 1.2941754956e-06 1.6219051622e-06 2.0012680992e-06 2.4435797576e-06 2.9612018131e-06 3.5669316864e-06 4.2730745587e-06 5.0911782056e-06 6.0365786154e-06 7.1477509250e-06 8.1543636756e-06 8.1681970393e-06 8.2187656210e-06 8.2652914375e-06 8.2983354441e-06 8.3195990737e-06 8.3327716479e-06 8.3408250064e-06 8.3457235613e-06 8.3486903640e-06 8.3504737917e-06 8.3515298481e-06 8.3521359183e-06 8.3524597398e-06 8.3526029654e-06 8.3526257703e-06 8.3525631248e-06 8.3524349117e-06 8.3522523327e-06 8.3520162223e-06 8.3517199157e-06 8.3513496849e-06 8.3508871737e-06 8.3503054711e-06 8.3495636541e-06 8.3486053450e-06 8.3473385368e-06 8.3456200784e-06 8.3432315879e-06 8.3398368049e-06 8.3349135028e-06 8.3276473175e-06 8.3167635337e-06 8.3002722549e-06 8.2750961185e-06 8.2366628480e-06 8.1789524219e-06 8.0968856083e-06 7.9952060594e-06 7.9076920595e-06 6.8816188331e-06 5.7256188418e-06 4.7407631429e-06 3.8952359396e-06 3.1849957758e-06 2.6138474812e-06 2.1739700086e-06 1.8293231715e-06 1.8292442517e-06 2.1737030886e-06 2.6134271419e-06 3.1844833645e-06 3.8946759205e-06 4.7401858882e-06 5.7250484827e-06 6.8810760778e-06 7.9072141951e-06 7.9948404193e-06 8.0966066470e-06 8.1787425930e-06 8.2365079800e-06 8.2749842830e-06 8.3001931959e-06 8.3167081310e-06 8.3276074928e-06 8.3348822162e-06 8.3398080381e-06 8.3432001428e-06 8.3455817571e-06 8.3472902968e-06 8.3485454845e-06 8.3494917830e-06 8.3502226996e-06 8.3507960628e-06 8.3512541052e-06 8.3516250022e-06 8.3519266678e-06 8.3521695288e-06 8.3523580565e-06 8.3524927976e-06 8.3525624574e-06 8.3525467861e-06 8.3524105638e-06 8.3520933784e-06 8.3514934724e-06 8.3504430721e-06 8.3486646512e-06 8.3457022980e-06 8.3408076347e-06 8.3327576745e-06 8.3195880974e-06 8.2983270041e-06 8.2652851316e-06 8.2187610043e-06 8.1681936912e-06 8.1543613130e-06 7.1477496533e-06 6.0365779653e-06 5.0911778770e-06 4.2730744038e-06 3.5669316223e-06 2.9612017986e-06 2.4435797620e-06 2.0012681117e-06 1.6219051735e-06 1.2941755091e-06 1.0084422604e-06 7.5803958573e-07 5.4093374652e-07 2.3339229475e-07 2.2540991432e-07 2.2540991559e-07 2.3339229641e-07
PROBE_CELLVOL_SUMMARY tag=idx1_plus minCellVol=2.2540991432e-07 minCellVolIdx=123 nNegOrZero=0
PROBE_CELLVOL_DONE tag=idx1_plus
