WARNING 7: VSPAERO Viewer Not Found. 
	Expected here: /home/dafoamuser/dafoam/packages/miniconda3/lib/python3.10/site-packages/openvsp/vspviewer
WARNING 7: VSPAERO Viewer Not Found. 
	Expected here: /home/dafoamuser/dafoam/packages/miniconda3/lib/python3.10/site-packages/openvsp/vspviewer
WARNING 7: VSPAERO Viewer Not Found. 
	Expected here: /home/dafoamuser/dafoam/packages/miniconda3/lib/python3.10/site-packages/openvsp/vspviewer
WARNING 7: VSPAERO Viewer Not Found. 
	Expected here: /home/dafoamuser/dafoam/packages/miniconda3/lib/python3.10/site-packages/openvsp/vspviewer
 
-------------------------------------------------------------------------------
|                               DAFoam v5.0.0                                 |
-------------------------------------------------------------------------------
 
/*---------------------------------------------------------------------------*\
| =========                 |                                                 |
| \\      /  F ield         | OpenFOAM: The Open Source CFD Toolbox           |
|  \\    /   O peration     | Version:  2506                                  |
|   \\  /    A nd           | Website:  www.openfoam.com                      |
|    \\/     M anipulation  |                                                 |
\*---------------------------------------------------------------------------*/
Build  : _615aae61d7-20250627 OPENFOAM=2506 version=v2506
Arch   : "LSB;label=32;scalar=64"
Exec   : decomposePar
Date   : Jul 27 2026
Time   : 04:31:56
Host   : 353881510ab9
PID    : 407
I/O    : uncollated
Case   : /home/dafoamuser/mount
nProcs : 1
trapFpe: Floating point exception trapping enabled (FOAM_SIGFPE).
fileModificationChecking : Monitoring run-time modified files using timeStampMaster (fileModificationSkew 5, maxFileModificationPolls 20)
allowSystemOperations : Allowing user-supplied system call operations

// * * * * * * * * * * * * * * * * * * * * * * * * * * * * * * * * * * * * * //
Create time

Overriding DebugSwitches according to controlDict
    SolverPerformance 0;



Decomposing mesh



--> FOAM FATAL ERROR: (openfoam-2506)
Case is already decomposed with 4 domains, use the -force option or manually
remove processor directories before decomposing. e.g.,
    rm -rf /home/dafoamuser/mount/processor*


    From decomposePar
    in file decomposePar.C at line 645.

FOAM exiting


Unable to run decomposePar, the domain has been already decomposed?

I/O    : uncollated
Case   : /home/dafoamuser/mount
nProcs : 4
Hosts  :
(
    (353881510ab9 4)
)
Pstream initialized with:
    node communication : off [type=host] (4 ranks, 1 nodes)
    topology controls  : none
    consensus exchange : 0 (tuning: 0)
    exchange algorithm : 0
    commsType          : nonBlocking
    polling iterations : 0
Initializing mesh and runtime for DASolver
Create time

Overriding DebugSwitches according to controlDict
    SolverPerformance 0;

Create mesh for time = 0
Replacing wallDist.method meshWave -> meshWaveFrozen
DAOption created. DASolver initialized.
[1] UPstream::init : could not attach buffer
[0] UPstream::init : could not attach buffer
[3] UPstream::init : could not attach buffer
[2] UPstream::init : could not attach buffer
I/O    : uncollated
Case   : /home/dafoamuser/mount
nProcs : 4
Hosts  :
(
    (353881510ab9 4)
)
Pstream initialized with:
    node communication : off [type=host] (4 ranks, 1 nodes)
    topology controls  : none
    consensus exchange : 0 (tuning: 0)
    exchange algorithm : 0
    commsType          : nonBlocking
    polling iterations : 0
Initializing mesh and runtime for DASolver
Create time

Overriding DebugSwitches according to controlDict
    SolverPerformance 0;

Create mesh for time = 0
Replacing wallDist.method meshWave -> meshWaveFrozen
DAOption created. DASolver initialized.
Initializing fields for DASimpleFoam
Create simpleControl.

SIMPLE: no convergence criteria found. Calculations will run for 3000 steps.

Reading field p

Reading field U

Reading/calculating face flux field phi

Creating source term. 
Selecting incompressible transport model Newtonian
Selecting turbulence model type RAS
Selecting RAS turbulence model SpalartAllmaras
Selecting patchDistMethod meshWaveFrozen
ft2 term: inactive
No MRF models present

Turbulence model is incompressible
Adjoint States: 
4
(
U volVectorState
nuTilda modelState
phi surfaceScalarState
p volScalarState
)
Global Cells: 14720
Global Faces: 59366
Global Xv: 91260
Undecomposed points: 29900
Global Adjoint States: 132966

SIMPLE: no convergence criteria found. Calculations will run for 3000 steps.

DACheckMesh Thresholds: 
maxNonOrth: 70
maxSkewness: 4
maxAspectRatio: 1000
maxIncorrectlyOrientedFaces: 0
    Adding all faces of patches: (wing) ...
    Found matching patch wing with 230 faces
    Adding all faces of patches: (wing) ...
    Found matching patch wing with 230 faces
Initializing fields for DASimpleFoam
Create simpleControl.

SIMPLE: no convergence criteria found. Calculations will run for 3000 steps.

Reading field p

Reading field U

Reading/calculating face flux field phi

Creating source term. 
Selecting incompressible transport model Newtonian
Selecting turbulence model type RAS
Selecting RAS turbulence model SpalartAllmaras
Selecting patchDistMethod meshWaveFrozen
ft2 term: inactive
No MRF models present

Turbulence model is incompressible
Adjoint States: 
4
(
U volVectorState
nuTilda modelState
phi surfaceScalarState
p volScalarState
)
Global Cells: 14720
Global Faces: 59366
Global Xv: 91260
Undecomposed points: 29900
Global Adjoint States: 132966

SIMPLE: no convergence criteria found. Calculations will run for 3000 steps.

DACheckMesh Thresholds: 
maxNonOrth: 70
maxSkewness: 4
maxAspectRatio: 1000
maxIncorrectlyOrientedFaces: 0
    Adding all faces of patches: (wing) ...
    Found matching patch wing with 230 faces
    Adding all faces of patches: (wing) ...
    Found matching patch wing with 230 faces
Init solver done! ElapsedClockTime 0.000000 s
Init solver done! ElapsedCpuTime 0.390000 s
initState: 
6
(
nuTilda 4.499999999999931e-05
phi 0
U1 0
U2 0
p 0
U0 9.999999999999565
)
Setting up primal boundary conditions based on pyOptions: 
Setting primal boundary conditions...
Setting U = (10 0 0) at inout
Setting primal boundary conditions...
Setting p = 0 at inout
Setting primal boundary conditions...
Setting nuTilda = 4.5e-05 at inout
Setting nut wall BC for wing. BCType=nutUSpaldingWallFunction
Reading OpenFOAM mesh information...
I/O    : uncollated
Case   : /home/dafoamuser/mount
nProcs : 4
Hosts  :
(
    (353881510ab9 4)
)
Pstream initialized with:
    node communication : off [type=host] (4 ranks, 1 nodes)
    topology controls  : none
    consensus exchange : 0 (tuning: 0)
    exchange algorithm : 0
    commsType          : nonBlocking
    polling iterations : 0
Reading the OpenFOAM mesh..
Overriding DebugSwitches according to controlDict
    SolverPerformance 0;

Checking if we need to compress the mesh files
Checking if we need to compress the mesh files
Finalising parallel run
I/O    : uncollated
DAFoam option dictionary: 
{
    solverName      DASimpleFoam;
    primalMinResTol 9.999999999999999e-12;
    primalFuncStdTol
    {
        stdTol          -1;
        slopeTol        -1;
        funcNames       1 ( CD );
        nStepsFrac      0.2;
    }
    primalBC
    {
        U0
        {
            variable        U;
            patches         1 ( inout );
            value           3 ( 10 0 0 );
        }
        p0
        {
            variable        p;
            patches         1 ( inout );
            value           1 ( 0 );
        }
        nuTilda0
        {
            variable        nuTilda;
            patches         1 ( inout );
            value           1 ( 4.5e-05 );
        }
        useWallFunction 1;
    }
    primalInitCondition
    {
    }
    normalizeStates
    {
        U               10;
        p               50;
        nuTilda         0.00045;
        phi             1;
    }
    function
    {
        CD
        {
            type            force;
            source          patchToFace;
            patches         1 ( wing );
            directionMode   parallelToFlow;
            patchVelocityInputName patchV;
            scale           0.2;
        }
        CL
        {
            type            force;
            source          patchToFace;
            patches         1 ( wing );
            directionMode   normalToFlow;
            patchVelocityInputName patchV;
            scale           0.2;
        }
    }
    inputInfo
    {
        aero_vol_coords
        {
            type            volCoord;
            components      2 ( solver function );
        }
        patchV
        {
            type            patchVelocity;
            patches         1 ( inout );
            flowAxis        x;
            normalAxis      y;
            components      2 ( solver function );
        }
    }
    outputInfo
    {
    }
    designSurfaces  1 ( wing );
    fvSource
    {
    }
    prepareCaseOnly 0;
    adjEqnSolMethod Krylov;
    dynamicMesh
    {
        active          0;
        mode            rotation;
        center          3 ( 0.25 0 0 );
        axis            z;
        omega           0.1;
        s               2;
        t0              0.35;
    }
    primalVarBounds
    {
        UMax            1000;
        UMin            -1000;
        pMax            50000;
        pMin            -50000;
        p_rghMax        50000;
        p_rghMin        -50000;
        eMax            55000;
        eMin            -220000;
        TMax            1000;
        TMin            100;
        hMax            200000;
        hMin            -200000;
        DMax            1e+16;
        DMin            -1e+16;
        rhoMax          5;
        rhoMin          0.2;
        nuTildaMax      1e+16;
        nuTildaMin      1e-16;
        kMax            1e+16;
        kMin            1e-16;
        omegaMax        1e+16;
        omegaMin        1e-16;
        epsilonMax      1e+16;
        epsilonMin      1e-16;
        ReThetatMax     1e+16;
        ReThetatMin     1e-16;
        gammaIntMax     1e+16;
        gammaIntMin     1e-16;
    }
    discipline      aero;
    adjPartDerivFDStep
    {
        State           1e-06;
    }
    transonicPCOption -1;
    unsteadyAdjoint
    {
        mode            None;
        PCMatPrecomputeInterval 100;
        PCMatUpdateInterval 1;
        reduceIO        1;
        additionalOutput 1 ( None );
        additionalOldTime 1 ( None );
        readZeroFields  1;
    }
    adjPCLag        10000;
    useAD
    {
        mode            reverse;
        dvName          None;
        seedIndex       -9999;
    }
    useConstrainHbyA 1;
    forceMeshWaveFrozen 1;
    useDdtCorr      0;
    regressionModel
    {
        active          0;
    }
    useMeanStates   0;
    solveLinearFunctionName None;
    printDAOptions  1;
    debug           0;
    writeJacobians  1 ( None );
    printInterval   100;
    printIntervalUnsteady 1;
    primalMinResTolDiff 100;
    adjUseColoring  1;
    adjEqnOption
    {
        globalPCIters   0;
        asmOverlap      1;
        localPCIters    1;
        jacMatReOrdering rcm;
        pcFillLevel     1;
        gmresMaxIters   1000;
        gmresRestart    1000;
        gmresRelTol     1e-06;
        gmresAbsTol     1e-14;
        gmresTolDiff    100;
        useNonZeroInitGuess 0;
        useMGSO         0;
        printInfo       1;
        fpMaxIters      1000;
        fpRelTol        1e-06;
        fpMinResTolDiff 100;
        fpPCUpwind      0;
        dynAdjustTol    0;
        KSPCalcEigen    0;
        KSPCalcSingularVal 0;
        readPCMat       0;
    }
    normalizeResiduals 11 ( URes pRes p_rghRes nuTildaRes phiRes TRes DRes kRes omegaRes epsilonRes alpha.waterRes );
    maxResConLv4JacPCMat
    {
        pRes            2;
        phiRes          1;
        URes            2;
        TRes            2;
        nuTildaRes      2;
        kRes            2;
        epsilonRes      2;
        omegaRes        2;
        p_rghRes        2;
        DRes            2;
        gammaIntRes     2;
        ReThetatRes     2;
        alpha.waterRes  2;
    }
    jacLowerBounds
    {
        dRdW            1e-30;
        dRdWPC          1e-30;
    }
    maxTractionBCIters 100;
    decomposeParDict
    {
        method          scotch;
        simpleCoeffs
        {
            n               3 ( 2 2 1 );
            delta           0.001;
        }
        kahipCoeffs
        {
            config          fast;
            imbalance       0.01;
        }
        preservePatches 1 ( None );
        singleProcessorFaceSets 1 ( None );
        args            1 ( None );
    }
    adjStateOrdering state;
    checkMeshThreshold
    {
        maxAspectRatio  1000;
        maxNonOrth      70;
        maxSkewness     4;
        maxIncorrectlyOrientedFaces 0;
    }
    writeDeformedFFDs 0;
    writeDeformedConstraints 0;
    writeAdjointFields 0;
    maxCorrectBCCalls 2;
    writeMinorIterations 0;
    primalMinIters  1;
    tensorflow
    {
        active          0;
    }
    wallDistanceMethod default;
    unsteadyCompOutput
    {
    }
}

pyDAFoam initialization done!
+----------------------------------------+
|          All IDWarp Options:           |
+----------------------------------------+
{'LdefFact': 1.0,
 'aExp': 3.0,
 'alpha': 0.25,
 'bExp': 5.0,
 'bucketSize': 8,
 'cornerAngle': 30.0,
 'errTol': 0.0005,
 'evalMode': 'fast',
 'fileType': 'OpenFOAM',
 'gridFile': '/home/dafoamuser/mount',
 'restartFile': None,
 'specifiedSurfaces': None,
 'symmTol': 1e-06,
 'symmetryPlanes': [[[0.0, 0.0, 0.0], [0.0, 0.0, 1.0]],
                    [[0.0, 0.0, 0.1], [0.0, 0.0, 1.0]]],
 'symmetrySurfaces': None,
 'useRotations': True,
 'zeroCornerRotations': True}
I/O    : uncollated
Case   : /home/dafoamuser/mount
nProcs : 4
Hosts  :
(
    (353881510ab9 4)
)
Pstream initialized with:
    node communication : off [type=host] (4 ranks, 1 nodes)
    topology controls  : none
    consensus exchange : 0 (tuning: 0)
    exchange algorithm : 0
    commsType          : nonBlocking
    polling iterations : 0
Reading the OpenFOAM mesh..
Overriding DebugSwitches according to controlDict
    SolverPerformance 0;

Checking if we need to compress the mesh files
Checking if we need to compress the mesh files
#------------------------------#
 Total Volume Nodes :     30420 
#------------------------------#
Finalising parallel run
I/O    : uncollated
+-------------------- Symmetry Planes -------------------+
|           Point                        Normal          |
| (  0.000   0.000   0.000)    (  0.000   0.000   1.000) |
| (  0.000   0.000   0.100)    (  0.000   0.000   1.000) |
+--------------------------------------------------------+
#--------------------------------#
 Unique Surface Nodes :       460 
#--------------------------------#
 Computing Denominator Estimate...
 Load Balancing...
 Finished Mesh Initialization.
OrderedDict([('inout', [0]), ('procBoundary0to1', [1]), ('procBoundary0to3', [2]), ('symmetry1', [3]), ('symmetry2', [4]), ('wing', [5]), ('allSurfaces', [0, 1, 2, 3, 4, 5]), ('allWalls', [5]), ('designSurfaces', [5])])
dRdWT Jacobian Free created!
/home/dafoamuser/dafoam/packages/miniconda3/lib/python3.10/site-packages/openmdao/core/component.py:140: OMDeprecationWarning:'scenario1.coupling.solver' <class DAFoamSolver>: It appears this component mixes distributed/non-distributed inputs and outputs, so it may break starting with OpenMDAO 3.25, where the convention used when passing data between distributed and non-distributed inputs and outputs within a matrix free component will change. See https://github.com/OpenMDAO/POEMs/blob/master/POEM_075.md for details.
/home/dafoamuser/dafoam/packages/miniconda3/lib/python3.10/site-packages/openmdao/core/component.py:140: OMDeprecationWarning:'scenario1.coupling.solver' <class DAFoamSolver>: It appears this component mixes distributed/non-distributed inputs and outputs, so it may break starting with OpenMDAO 3.25, where the convention used when passing data between distributed and non-distributed inputs and outputs within a matrix free component will change. See https://github.com/OpenMDAO/POEMs/blob/master/POEM_075.md for details.
/home/dafoamuser/dafoam/packages/miniconda3/lib/python3.10/site-packages/openmdao/core/component.py:140: OMDeprecationWarning:'scenario1.coupling.solver' <class DAFoamSolver>: It appears this component mixes distributed/non-distributed inputs and outputs, so it may break starting with OpenMDAO 3.25, where the convention used when passing data between distributed and non-distributed inputs and outputs within a matrix free component will change. See https://github.com/OpenMDAO/POEMs/blob/master/POEM_075.md for details.
/home/dafoamuser/dafoam/packages/miniconda3/lib/python3.10/site-packages/openmdao/core/component.py:140: OMDeprecationWarning:'scenario1.coupling.solver' <class DAFoamSolver>: It appears this component mixes distributed/non-distributed inputs and outputs, so it may break starting with OpenMDAO 3.25, where the convention used when passing data between distributed and non-distributed inputs and outputs within a matrix free component will change. See https://github.com/OpenMDAO/POEMs/blob/master/POEM_075.md for details.
/home/dafoamuser/dafoam/packages/miniconda3/lib/python3.10/site-packages/openmdao/core/component.py:140: OMDeprecationWarning:'scenario1.aero_post.functionals' <class DAFoamFunctions>: It appears this component mixes distributed/non-distributed inputs and outputs, so it may break starting with OpenMDAO 3.25, where the convention used when passing data between distributed and non-distributed inputs and outputs within a matrix free component will change. See https://github.com/OpenMDAO/POEMs/blob/master/POEM_075.md for details.
/home/dafoamuser/dafoam/packages/miniconda3/lib/python3.10/site-packages/openmdao/core/component.py:140: OMDeprecationWarning:'scenario1.aero_post.functionals' <class DAFoamFunctions>: It appears this component mixes distributed/non-distributed inputs and outputs, so it may break starting with OpenMDAO 3.25, where the convention used when passing data between distributed and non-distributed inputs and outputs within a matrix free component will change. See https://github.com/OpenMDAO/POEMs/blob/master/POEM_075.md for details.
/home/dafoamuser/dafoam/packages/miniconda3/lib/python3.10/site-packages/openmdao/core/component.py:140: OMDeprecationWarning:'scenario1.aero_post.functionals' <class DAFoamFunctions>: It appears this component mixes distributed/non-distributed inputs and outputs, so it may break starting with OpenMDAO 3.25, where the convention used when passing data between distributed and non-distributed inputs and outputs within a matrix free component will change. See https://github.com/OpenMDAO/POEMs/blob/master/POEM_075.md for details.
/home/dafoamuser/dafoam/packages/miniconda3/lib/python3.10/site-packages/openmdao/core/component.py:140: OMDeprecationWarning:'scenario1.aero_post.functionals' <class DAFoamFunctions>: It appears this component mixes distributed/non-distributed inputs and outputs, so it may break starting with OpenMDAO 3.25, where the convention used when passing data between distributed and non-distributed inputs and outputs within a matrix free component will change. See https://github.com/OpenMDAO/POEMs/blob/master/POEM_075.md for details.
/home/dafoamuser/dafoam/packages/miniconda3/lib/python3.10/site-packages/openmdao/core/problem.py:1011: DerivativesWarning:Inefficient choice of derivative mode.  You chose 'rev' for a problem with 10 design variables and 25 response variables (objectives and nonlinear constraints).
/home/dafoamuser/dafoam/packages/miniconda3/lib/python3.10/site-packages/openmdao/core/problem.py:1011: DerivativesWarning:Inefficient choice of derivative mode.  You chose 'rev' for a problem with 10 design variables and 25 response variables (objectives and nonlinear constraints).
/home/dafoamuser/dafoam/packages/miniconda3/lib/python3.10/site-packages/openmdao/core/problem.py:1011: DerivativesWarning:Inefficient choice of derivative mode.  You chose 'rev' for a problem with 10 design variables and 25 response variables (objectives and nonlinear constraints).
/home/dafoamuser/dafoam/packages/miniconda3/lib/python3.10/site-packages/openmdao/core/problem.py:1011: DerivativesWarning:Inefficient choice of derivative mode.  You chose 'rev' for a problem with 10 design variables and 25 response variables (objectives and nonlinear constraints).
DAInputVolCoord. 
Setting volume coordinates. 
DAInputPatchVelocity. 
Setting UMag = 10 AoA = 5.13918623195176 degs at 1(inout)
Checking mesh quality for time = 0
    Overall domain bounding box (-17.97860166803363 -19.32943188458521 0) (19.10692340233037 19.3294730340626 0.1)
    Mesh has 3 geometric (non-empty/wedge) directions (1 1 1)
    Mesh has 3 solution (non-empty) directions (1 1 1)
    Boundary openness (-5.65807771638456e-19 -3.111180199844879e-19 1.755779824366762e-16) OK.
    Max cell openness = 3.339793717331654e-16 OK.
    Max aspect ratio = 167.4971792379077 OK.
    Minimum face area = 9.68311113770496e-07. Maximum face area = 1.867132152631796.  Face area magnitudes OK.
    Min volume = 9.683111143417046e-08. Max volume = 0.1867132152598764.  Total volume = 112.3943434878279.  Cell volumes OK.
    Mesh non-orthogonality Max: 26.95959980462621 average: 1.896556270151143
    Non-orthogonality check OK.
    Face pyramids OK.
    Max skewness = 0.8620398439714883 OK.
    Coupled point location match (average 0) OK.

Mesh OK.

Running Primal Solver 001
Previous solution time -1e+10 not found and nothing deleted.
No finite volume options present

Starting time loop

Time = 1

U0 initRes: 0.9999999999974288 finalRes: 0.08390851620765241 nIters: 7
U1 initRes: 1 finalRes: 0.08173578113909 nIters: 7
U2 initRes: 0.9999999677709462 finalRes: 0.09556663042167264 nIters: 6
p initRes: 1 finalRes: 0.09045315091788524 nIters: 8
Time step continuity errors : sum local = 0.0005970133198342309
                                 global = -7.716798285066117e-05
                             cumulative = -7.716798285066117e-05
nuTilda initRes: 0.9999999999271877 finalRes: 0.07632196459354347 nIters: 7
Bounding nuTilda>1e-16
CD: 0.9545181901051931 final: 0.9545181901051931
CL: -0.09105195079160233 final: -0.09105195079160233
yPlus min: 26.68452472845252 max: 46.72125831637127 mean: 44.25178281953237
ExecutionTime = 1.03 s  ClockTime = 1 s

Time = 100

U0 initRes: 0.004915933984566196 finalRes: 0.0004846446277710995 nIters: 5
U1 initRes: 0.004470115844821551 finalRes: 0.0004171864536017375 nIters: 6
U2 initRes: 0.0003981391630535104 finalRes: 2.765368470247148e-05 nIters: 5
p initRes: 0.003614271544067403 finalRes: 0.0002875971104749485 nIters: 3
Time step continuity errors : sum local = 8.975348939337439e-06
                                 global = -1.414611226921606e-07
                             cumulative = -7.730944397335334e-05
nuTilda initRes: 0.0001558503992397842 finalRes: 1.065844405881313e-05 nIters: 4
Bounding nuTilda>1e-16
CD: 0.01809233133354403 final: 0.01809233133354403
CL: 0.4544171160964861 final: 0.4544171160964861
yPlus min: 5.740773314361777 max: 58.21520799779903 mean: 31.57960888086452
ExecutionTime = 2.25 s  ClockTime = 3 s

Time = 200

U0 initRes: 0.0004797257171538992 finalRes: 3.687495510520193e-05 nIters: 6
U1 initRes: 0.0001482714387895929 finalRes: 1.368176617564618e-05 nIters: 6
U2 initRes: 6.243243766100676e-05 finalRes: 5.17314366417026e-06 nIters: 5
p initRes: 0.0001548159759134191 finalRes: 1.228417819750951e-05 nIters: 4
Time step continuity errors : sum local = 3.804979154594631e-07
                                 global = -2.463935558884973e-08
                             cumulative = -7.733408332894219e-05
nuTilda initRes: 2.321410801434382e-05 finalRes: 1.631591467999037e-06 nIters: 3
Bounding nuTilda>1e-16
CD: 0.01929062117735519 final: 0.01929062117735519
CL: 0.4990859164949091 final: 0.4990859164949091
yPlus min: 4.823225123918788 max: 58.56257439449937 mean: 32.07639443292393
ExecutionTime = 3.38 s  ClockTime = 4 s

Time = 300

U0 initRes: 6.209929326487708e-05 finalRes: 5.648513054941995e-06 nIters: 6
U1 initRes: 3.300328943308923e-05 finalRes: 2.771784896147812e-06 nIters: 6
U2 initRes: 8.185036706619159e-06 finalRes: 6.972721980064214e-07 nIters: 5
p initRes: 2.538873108502983e-05 finalRes: 2.109766193271461e-06 nIters: 4
Time step continuity errors : sum local = 6.62282028180597e-08
                                 global = 1.223949520124061e-08
                             cumulative = -7.732184383374095e-05
nuTilda initRes: 7.726852399260872e-07 finalRes: 6.032971214818901e-08 nIters: 4
Bounding nuTilda>1e-16
CD: 0.01833174866429691 final: 0.01833174866429691
CL: 0.5127281746671259 final: 0.5127281746671259
yPlus min: 4.890433811924939 max: 59.03345441334563 mean: 32.0551980505531
ExecutionTime = 4.5 s  ClockTime = 6 s

Time = 400

U0 initRes: 1.422140730088576e-05 finalRes: 1.205992580581174e-06 nIters: 6
U1 initRes: 5.83340048849442e-06 finalRes: 5.202413150048352e-07 nIters: 6
U2 initRes: 1.734891087657007e-06 finalRes: 1.47513942212988e-07 nIters: 5
p initRes: 5.1888989944183e-06 finalRes: 4.372973387063352e-07 nIters: 4
Time step continuity errors : sum local = 1.37590252255948e-08
                                 global = 2.760529574371672e-09
                             cumulative = -7.731908330416658e-05
nuTilda initRes: 2.599425632816422e-07 finalRes: 2.135326742970782e-08 nIters: 4
Bounding nuTilda>1e-16
CD: 0.01818822300063159 final: 0.01818822300063159
CL: 0.5159665094698793 final: 0.5159665094698793
yPlus min: 4.871834024174658 max: 59.12075026419334 mean: 32.05756853828704
ExecutionTime = 5.82 s  ClockTime = 8 s

Time = 500

U0 initRes: 3.030127028080326e-06 finalRes: 2.616099370824308e-07 nIters: 6
U1 initRes: 1.319339156985307e-06 finalRes: 1.156386119061878e-07 nIters: 6
U2 initRes: 3.474360661922285e-07 finalRes: 3.049500095494662e-08 nIters: 5
p initRes: 1.047177571147666e-06 finalRes: 9.508289010711672e-08 nIters: 4
Time step continuity errors : sum local = 2.99314525092958e-09
                                 global = 5.425145667396974e-10
                             cumulative = -7.731854078959984e-05
nuTilda initRes: 4.289914329488653e-08 finalRes: 3.917930121037901e-09 nIters: 4
Bounding nuTilda>1e-16
CD: 0.01815550547981531 final: 0.01815550547981531
CL: 0.5166259681274441 final: 0.5166259681274441
yPlus min: 4.869353381614371 max: 59.13936954481696 mean: 32.05801226809518
ExecutionTime = 6.93 s  ClockTime = 9 s

Time = 600

U0 initRes: 6.392449419008071e-07 finalRes: 5.506715387548388e-08 nIters: 6
U1 initRes: 2.772604317150563e-07 finalRes: 2.431071671411846e-08 nIters: 6
U2 initRes: 7.434570176877176e-08 finalRes: 6.4854036402779e-09 nIters: 5
p initRes: 2.434472956413061e-07 finalRes: 2.008924983263593e-08 nIters: 4
Time step continuity errors : sum local = 6.324627030221382e-10
                                 global = 1.199164791632073e-10
                             cumulative = -7.731842087312068e-05
nuTilda initRes: 9.809854686460631e-09 finalRes: 8.71260102620502e-10 nIters: 4
Bounding nuTilda>1e-16
CD: 0.01814855391927438 final: 0.01814855391927438
CL: 0.516767648755828 final: 0.516767648755828
yPlus min: 4.86877955051051 max: 59.1433528155157 mean: 32.05810397654945
ExecutionTime = 8.039999999999999 s  ClockTime = 11 s

Time = 700

U0 initRes: 1.372330434042836e-07 finalRes: 1.184937586472933e-08 nIters: 6
U1 initRes: 5.977498513298729e-08 finalRes: 5.244151200576696e-09 nIters: 6
U2 initRes: 1.589118917988565e-08 finalRes: 1.391068392010557e-09 nIters: 5
p initRes: 5.069073792111547e-08 finalRes: 4.348382990918203e-09 nIters: 4
Time step continuity errors : sum local = 1.36901694093348e-10
                                 global = 2.526509039263027e-11
                             cumulative = -7.731839560803028e-05
nuTilda initRes: 1.957776124323687e-09 finalRes: 1.807845785101428e-10 nIters: 4
Bounding nuTilda>1e-16
CD: 0.01814709020180311 final: 0.01814709020180311
CL: 0.5167978524780497 final: 0.5167978524780497
yPlus min: 4.868655002536737 max: 59.14421360020275 mean: 32.05813564263885
ExecutionTime = 9.15 s  ClockTime = 12 s

Time = 800

U0 initRes: 3.0348665333708e-08 finalRes: 2.622690263169764e-09 nIters: 6
U1 initRes: 1.322117368214758e-08 finalRes: 1.159576510824706e-09 nIters: 6
U2 initRes: 3.485364436688511e-09 finalRes: 3.063986254688378e-10 nIters: 5
p initRes: 1.118564934011463e-08 finalRes: 9.607921636976668e-10 nIters: 4
Time step continuity errors : sum local = 3.024916293364955e-11
                                 global = 5.419355809601954e-12
                             cumulative = -7.731839018867447e-05
nuTilda initRes: 4.180273203319166e-10 finalRes: 3.990484660769278e-11 nIters: 4
Bounding nuTilda>1e-16
CD: 0.01814677826992069 final: 0.01814677826992069
CL: 0.5168044755984872 final: 0.5168044755984872
yPlus min: 4.868624976673945 max: 59.14439976501639 mean: 32.05814452010066
ExecutionTime = 10.26 s  ClockTime = 14 s

Time = 900

U0 initRes: 6.612421998351166e-09 finalRes: 5.718655466769479e-10 nIters: 6
U1 initRes: 2.892149090516866e-09 finalRes: 2.53606621085283e-10 nIters: 6
U2 initRes: 7.624709470819065e-10 finalRes: 6.692718064489108e-11 nIters: 5
p initRes: 2.396795044042202e-09 finalRes: 2.098844460449982e-10 nIters: 4
Time step continuity errors : sum local = 6.607912306423945e-12
                                 global = 1.196782639555333e-12
                             cumulative = -7.731838899189183e-05
nuTilda initRes: 9.103244722536394e-11 finalRes: 8.615636705241687e-12 nIters: 4
Bounding nuTilda>1e-16
CD: 0.0181467092473768 final: 0.0181467092473768
CL: 0.5168059254523898 final: 0.5168059254523898
yPlus min: 4.868618618890428 max: 59.14444069268175 mean: 32.0581463213494
ExecutionTime = 11.45 s  ClockTime = 15 s

Time = 1000

U0 initRes: 1.449015864580659e-09 finalRes: 1.251441491876801e-10 nIters: 6
U1 initRes: 6.302640609961449e-10 finalRes: 5.531983655485162e-11 nIters: 6
U2 initRes: 1.677761319573213e-10 finalRes: 1.474310233023213e-11 nIters: 5
p initRes: 5.2299197406976e-10 finalRes: 4.585114793193976e-11 nIters: 4
Time step continuity errors : sum local = 1.443574911122079e-12
                                 global = 2.61695525978527e-13
                             cumulative = -7.73183887301963e-05
nuTilda initRes: 2.041572870645548e-11 finalRes: 1.915786753514585e-12 nIters: 4
Bounding nuTilda>1e-16
CD: 0.01814669415768702 final: 0.01814669415768702
CL: 0.5168062431776601 final: 0.5168062431776601
yPlus min: 4.868617203203216 max: 59.14444962802948 mean: 32.05814669155536
ExecutionTime = 12.59 s  ClockTime = 17 s

Time = 1100

U0 initRes: 3.161490108888906e-10 finalRes: 2.73155433515308e-11 nIters: 6
U1 initRes: 1.377587737753355e-10 finalRes: 1.208672576346921e-11 nIters: 6
U2 initRes: 3.725457049671094e-11 finalRes: 3.291790651820433e-12 nIters: 5
p initRes: 1.143772854510489e-10 finalRes: 1.000861769020704e-11 nIters: 4
Time step continuity errors : sum local = 3.151079014579761e-13
                                 global = 5.7142350778503e-14
                             cumulative = -7.731838867305395e-05
nuTilda initRes: 4.43919988540498e-12 finalRes: 4.167011130840893e-13 nIters: 4
Bounding nuTilda>1e-16
CD: 0.01814669085336054 final: 0.01814669085336054
CL: 0.5168063124769186 final: 0.5168063124769186
yPlus min: 4.8686168988028 max: 59.14445157975353 mean: 32.05814677123361
ExecutionTime = 14.07 s  ClockTime = 19 s

Time = 1200

U0 initRes: 6.9011146489437e-11 finalRes: 5.962930911024841e-12 nIters: 6
U1 initRes: 3.007407348101229e-11 finalRes: 2.638623474516496e-12 nIters: 6
U2 initRes: 8.88164100347649e-12 finalRes: 8.061502875103838e-13 nIters: 5
p initRes: 2.499131373272521e-11 finalRes: 2.185269453037697e-12 nIters: 4
Time step continuity errors : sum local = 6.891320910178349e-14
                                 global = 1.247454955423344e-14
                             cumulative = -7.731838866057941e-05
nuTilda initRes: 9.681852807400941e-13 finalRes: 9.091652213495412e-14 nIters: 4
Bounding nuTilda>1e-16
CD: 0.01814669013244869 final: 0.01814669013244869
CL: 0.5168063276066887 final: 0.5168063276066887
yPlus min: 4.868616832195323 max: 59.14445200589171 mean: 32.0581467887702
ExecutionTime = 15.12 s  ClockTime = 20 s

Time = 1273
Minimal residual 9.90042591685606e-12 satisfied the prescribed tolerance 9.999999999999999e-12

CD: 0.0181466899974 final: 0.0181466899974
CL: 0.5168063304411555 final: 0.5168063304411555
End

Printing Primal Residual Statistics.
U Residual Norm2: (3.27648891992877e-06 3.295372255133455e-06 2.540853378762938e-11)
U Residual Mean: (1.621902578699405e-08 5.312595243254436e-09 1.162608925711138e-13)
U Residual Max: (4.033308869111352e-07 6.580075933015905e-07 1.509833909403842e-12)
p Residual Norm2: 4.94912379554164e-07
p Residual Mean: 2.449312250614927e-10
p Residual Max: 1.577061141610205e-07
nuTilda Residual Norm2: 4.62298114020839e-10
nuTilda Residual Mean: 9.166100499293351e-13
nuTilda Residual Max: 4.412985108646773e-11
phi Residual Norm2: 2.310751175025898e-09
phi Residual Mean: 3.731925661969386e-12
phi Residual Max: 2.944185827296312e-10
Total Residual Norm2: 4.673307368416018e-06
 
 
PROBE rank=1 idx=1 step=1.000000e-04 CD=1.814668999740000e-02 nCells=3648 yWall_min=8.9299778992e-04 yWall_max=1.8288218589e+01 yWall_mean=2.6430566371e+00
PROBE rank=2 idx=1 step=1.000000e-04 CD=1.814668999740000e-02 nCells=3648 yWall_min=8.9381942713e-04 yWall_max=1.8292100753e+01 yWall_mean=2.6602700763e+00
PROBE rank=3 idx=1 step=1.000000e-04 CD=1.814668999740000e-02 nCells=3712 yWall_min=5.2095665499e-04 yWall_max=1.8291562889e+01 yWall_mean=2.6435756929e+00
PROBE rank=0 idx=1 step=1.000000e-04 CD=1.814668999740000e-02 nCells=3712 yWall_min=5.2095665138e-04 yWall_max=1.8292100778e+01 yWall_mean=2.6597982249e+00
PROBE_GLOBAL idx=1 step=1.000000e-04 CD=1.814668999740000e-02 nCellsGlobal=14720 yWall_min=5.2095665138e-04 yWall_max=1.8292100778e+01 yWall_mean=2.6516752604e+00
PROBE DONE
Finalising parallel run
Finalising parallel run
