WARNING 7: VSPAERO Viewer Not Found. 
	Expected here: /home/dafoamuser/dafoam/packages/miniconda3/lib/python3.10/site-packages/openvsp/vspviewer
WARNING 7: VSPAERO Viewer Not Found. 
	Expected here: /home/dafoamuser/dafoam/packages/miniconda3/lib/python3.10/site-packages/openvsp/vspviewer
WARNING 7: VSPAERO Viewer Not Found. 
	Expected here: /home/dafoamuser/dafoam/packages/miniconda3/lib/python3.10/site-packages/openvsp/vspviewer
WARNING 7: VSPAERO Viewer Not Found. 
	Expected here: /home/dafoamuser/dafoam/packages/miniconda3/lib/python3.10/site-packages/openvsp/vspviewer
 
-------------------------------------------------------------------------------
|                               DAFoam v5.0.0                                 |
-------------------------------------------------------------------------------
 
/*---------------------------------------------------------------------------*\
| =========                 |                                                 |
| \\      /  F ield         | OpenFOAM: The Open Source CFD Toolbox           |
|  \\    /   O peration     | Version:  2506                                  |
|   \\  /    A nd           | Website:  www.openfoam.com                      |
|    \\/     M anipulation  |                                                 |
\*---------------------------------------------------------------------------*/
Build  : _615aae61d7-20250627 OPENFOAM=2506 version=v2506
Arch   : "LSB;label=32;scalar=64"
Exec   : decomposePar
Date   : Jul 27 2026
Time   : 04:29:31
Host   : 18d3eac20f0a
PID    : 407
I/O    : uncollated
Case   : /home/dafoamuser/mount
nProcs : 1
trapFpe: Floating point exception trapping enabled (FOAM_SIGFPE).
fileModificationChecking : Monitoring run-time modified files using timeStampMaster (fileModificationSkew 5, maxFileModificationPolls 20)
allowSystemOperations : Allowing user-supplied system call operations

// * * * * * * * * * * * * * * * * * * * * * * * * * * * * * * * * * * * * * //
Create time

Overriding DebugSwitches according to controlDict
    SolverPerformance 0;



Decomposing mesh



--> FOAM FATAL ERROR: (openfoam-2506)
Case is already decomposed with 4 domains, use the -force option or manually
remove processor directories before decomposing. e.g.,
    rm -rf /home/dafoamuser/mount/processor*


    From decomposePar
    in file decomposePar.C at line 645.

FOAM exiting


Unable to run decomposePar, the domain has been already decomposed?

I/O    : uncollated
Case   : /home/dafoamuser/mount
nProcs : 4
Hosts  :
(
    (18d3eac20f0a 4)
)
Pstream initialized with:
    node communication : off [type=host] (4 ranks, 1 nodes)
    topology controls  : none
    consensus exchange : 0 (tuning: 0)
    exchange algorithm : 0
    commsType          : nonBlocking
    polling iterations : 0
Initializing mesh and runtime for DASolver
Create time

Overriding DebugSwitches according to controlDict
    SolverPerformance 0;

Create mesh for time = 0
Replacing wallDist.method meshWave -> meshWaveFrozen
DAOption created. DASolver initialized.
I/O    : uncollated
[2] UPstream::init : could not attach buffer
[0] UPstream::init : could not attach buffer
[3] UPstream::init : could not attach buffer
[1] UPstream::init : could not attach buffer
Case   : /home/dafoamuser/mount
nProcs : 4
Hosts  :
(
    (18d3eac20f0a 4)
)
Pstream initialized with:
    node communication : off [type=host] (4 ranks, 1 nodes)
    topology controls  : none
    consensus exchange : 0 (tuning: 0)
    exchange algorithm : 0
    commsType          : nonBlocking
    polling iterations : 0
Initializing mesh and runtime for DASolver
Create time

Overriding DebugSwitches according to controlDict
    SolverPerformance 0;

Create mesh for time = 0
Replacing wallDist.method meshWave -> meshWaveFrozen
DAOption created. DASolver initialized.
Initializing fields for DASimpleFoam
Create simpleControl.

SIMPLE: no convergence criteria found. Calculations will run for 3000 steps.

Reading field p

Reading field U

Reading/calculating face flux field phi

Creating source term. 
Selecting incompressible transport model Newtonian
Selecting turbulence model type RAS
Selecting RAS turbulence model SpalartAllmaras
Selecting patchDistMethod meshWaveFrozen
ft2 term: inactive
No MRF models present

Turbulence model is incompressible
Adjoint States: 
4
(
U volVectorState
nuTilda modelState
phi surfaceScalarState
p volScalarState
)
Global Cells: 14720
Global Faces: 59366
Global Xv: 91260
Undecomposed points: 29900
Global Adjoint States: 132966

SIMPLE: no convergence criteria found. Calculations will run for 3000 steps.

DACheckMesh Thresholds: 
maxNonOrth: 70
maxSkewness: 4
maxAspectRatio: 1000
maxIncorrectlyOrientedFaces: 0
    Adding all faces of patches: (wing) ...
    Found matching patch wing with 230 faces
    Adding all faces of patches: (wing) ...
    Found matching patch wing with 230 faces
Initializing fields for DASimpleFoam
Create simpleControl.

SIMPLE: no convergence criteria found. Calculations will run for 3000 steps.

Reading field p

Reading field U

Reading/calculating face flux field phi

Creating source term. 
Selecting incompressible transport model Newtonian
Selecting turbulence model type RAS
Selecting RAS turbulence model SpalartAllmaras
Selecting patchDistMethod meshWaveFrozen
ft2 term: inactive
No MRF models present

Turbulence model is incompressible
Adjoint States: 
4
(
U volVectorState
nuTilda modelState
phi surfaceScalarState
p volScalarState
)
Global Cells: 14720
Global Faces: 59366
Global Xv: 91260
Undecomposed points: 29900
Global Adjoint States: 132966

SIMPLE: no convergence criteria found. Calculations will run for 3000 steps.

DACheckMesh Thresholds: 
maxNonOrth: 70
maxSkewness: 4
maxAspectRatio: 1000
maxIncorrectlyOrientedFaces: 0
    Adding all faces of patches: (wing) ...
    Found matching patch wing with 230 faces
    Adding all faces of patches: (wing) ...
    Found matching patch wing with 230 faces
Init solver done! ElapsedClockTime 0.000000 s
Init solver done! ElapsedCpuTime 0.330000 s
initState: 
6
(
nuTilda 4.499999999999931e-05
phi 0
U1 0
U2 0
p 0
U0 9.999999999999565
)
Setting up primal boundary conditions based on pyOptions: 
Setting primal boundary conditions...
Setting U = (10 0 0) at inout
Setting primal boundary conditions...
Setting p = 0 at inout
Setting primal boundary conditions...
Setting nuTilda = 4.5e-05 at inout
Setting nut wall BC for wing. BCType=nutUSpaldingWallFunction
Reading OpenFOAM mesh information...
I/O    : uncollated
Case   : /home/dafoamuser/mount
nProcs : 4
Hosts  :
(
    (18d3eac20f0a 4)
)
Pstream initialized with:
    node communication : off [type=host] (4 ranks, 1 nodes)
    topology controls  : none
    consensus exchange : 0 (tuning: 0)
    exchange algorithm : 0
    commsType          : nonBlocking
    polling iterations : 0
Reading the OpenFOAM mesh..
Overriding DebugSwitches according to controlDict
    SolverPerformance 0;

Checking if we need to compress the mesh files
Checking if we need to compress the mesh files
Finalising parallel run
I/O    : uncollated
DAFoam option dictionary: 
{
    solverName      DASimpleFoam;
    primalMinResTol 9.999999999999999e-12;
    primalFuncStdTol
    {
        stdTol          -1;
        slopeTol        -1;
        funcNames       1 ( CD );
        nStepsFrac      0.2;
    }
    primalBC
    {
        U0
        {
            variable        U;
            patches         1 ( inout );
            value           3 ( 10 0 0 );
        }
        p0
        {
            variable        p;
            patches         1 ( inout );
            value           1 ( 0 );
        }
        nuTilda0
        {
            variable        nuTilda;
            patches         1 ( inout );
            value           1 ( 4.5e-05 );
        }
        useWallFunction 1;
    }
    primalInitCondition
    {
    }
    normalizeStates
    {
        U               10;
        p               50;
        nuTilda         0.00045;
        phi             1;
    }
    function
    {
        CD
        {
            type            force;
            source          patchToFace;
            patches         1 ( wing );
            directionMode   parallelToFlow;
            patchVelocityInputName patchV;
            scale           0.2;
        }
        CL
        {
            type            force;
            source          patchToFace;
            patches         1 ( wing );
            directionMode   normalToFlow;
            patchVelocityInputName patchV;
            scale           0.2;
        }
    }
    inputInfo
    {
        aero_vol_coords
        {
            type            volCoord;
            components      2 ( solver function );
        }
        patchV
        {
            type            patchVelocity;
            patches         1 ( inout );
            flowAxis        x;
            normalAxis      y;
            components      2 ( solver function );
        }
    }
    outputInfo
    {
    }
    designSurfaces  1 ( wing );
    fvSource
    {
    }
    prepareCaseOnly 0;
    adjEqnSolMethod Krylov;
    dynamicMesh
    {
        active          0;
        mode            rotation;
        center          3 ( 0.25 0 0 );
        axis            z;
        omega           0.1;
        s               2;
        t0              0.35;
    }
    primalVarBounds
    {
        UMax            1000;
        UMin            -1000;
        pMax            50000;
        pMin            -50000;
        p_rghMax        50000;
        p_rghMin        -50000;
        eMax            55000;
        eMin            -220000;
        TMax            1000;
        TMin            100;
        hMax            200000;
        hMin            -200000;
        DMax            1e+16;
        DMin            -1e+16;
        rhoMax          5;
        rhoMin          0.2;
        nuTildaMax      1e+16;
        nuTildaMin      1e-16;
        kMax            1e+16;
        kMin            1e-16;
        omegaMax        1e+16;
        omegaMin        1e-16;
        epsilonMax      1e+16;
        epsilonMin      1e-16;
        ReThetatMax     1e+16;
        ReThetatMin     1e-16;
        gammaIntMax     1e+16;
        gammaIntMin     1e-16;
    }
    discipline      aero;
    adjPartDerivFDStep
    {
        State           1e-06;
    }
    transonicPCOption -1;
    unsteadyAdjoint
    {
        mode            None;
        PCMatPrecomputeInterval 100;
        PCMatUpdateInterval 1;
        reduceIO        1;
        additionalOutput 1 ( None );
        additionalOldTime 1 ( None );
        readZeroFields  1;
    }
    adjPCLag        10000;
    useAD
    {
        mode            reverse;
        dvName          None;
        seedIndex       -9999;
    }
    useConstrainHbyA 1;
    forceMeshWaveFrozen 1;
    useDdtCorr      0;
    regressionModel
    {
        active          0;
    }
    useMeanStates   0;
    solveLinearFunctionName None;
    printDAOptions  1;
    debug           0;
    writeJacobians  1 ( None );
    printInterval   100;
    printIntervalUnsteady 1;
    primalMinResTolDiff 100;
    adjUseColoring  1;
    adjEqnOption
    {
        globalPCIters   0;
        asmOverlap      1;
        localPCIters    1;
        jacMatReOrdering rcm;
        pcFillLevel     1;
        gmresMaxIters   1000;
        gmresRestart    1000;
        gmresRelTol     1e-06;
        gmresAbsTol     1e-14;
        gmresTolDiff    100;
        useNonZeroInitGuess 0;
        useMGSO         0;
        printInfo       1;
        fpMaxIters      1000;
        fpRelTol        1e-06;
        fpMinResTolDiff 100;
        fpPCUpwind      0;
        dynAdjustTol    0;
        KSPCalcEigen    0;
        KSPCalcSingularVal 0;
        readPCMat       0;
    }
    normalizeResiduals 11 ( URes pRes p_rghRes nuTildaRes phiRes TRes DRes kRes omegaRes epsilonRes alpha.waterRes );
    maxResConLv4JacPCMat
    {
        pRes            2;
        phiRes          1;
        URes            2;
        TRes            2;
        nuTildaRes      2;
        kRes            2;
        epsilonRes      2;
        omegaRes        2;
        p_rghRes        2;
        DRes            2;
        gammaIntRes     2;
        ReThetatRes     2;
        alpha.waterRes  2;
    }
    jacLowerBounds
    {
        dRdW            1e-30;
        dRdWPC          1e-30;
    }
    maxTractionBCIters 100;
    decomposeParDict
    {
        method          scotch;
        simpleCoeffs
        {
            n               3 ( 2 2 1 );
            delta           0.001;
        }
        kahipCoeffs
        {
            config          fast;
            imbalance       0.01;
        }
        preservePatches 1 ( None );
        singleProcessorFaceSets 1 ( None );
        args            1 ( None );
    }
    adjStateOrdering state;
    checkMeshThreshold
    {
        maxAspectRatio  1000;
        maxNonOrth      70;
        maxSkewness     4;
        maxIncorrectlyOrientedFaces 0;
    }
    writeDeformedFFDs 0;
    writeDeformedConstraints 0;
    writeAdjointFields 0;
    maxCorrectBCCalls 2;
    writeMinorIterations 0;
    primalMinIters  1;
    tensorflow
    {
        active          0;
    }
    wallDistanceMethod default;
    unsteadyCompOutput
    {
    }
}

pyDAFoam initialization done!
+----------------------------------------+
|          All IDWarp Options:           |
+----------------------------------------+
{'LdefFact': 1.0,
 'aExp': 3.0,
 'alpha': 0.25,
 'bExp': 5.0,
 'bucketSize': 8,
 'cornerAngle': 30.0,
 'errTol': 0.0005,
 'evalMode': 'fast',
 'fileType': 'OpenFOAM',
 'gridFile': '/home/dafoamuser/mount',
 'restartFile': None,
 'specifiedSurfaces': None,
 'symmTol': 1e-06,
 'symmetryPlanes': [[[0.0, 0.0, 0.0], [0.0, 0.0, 1.0]],
                    [[0.0, 0.0, 0.1], [0.0, 0.0, 1.0]]],
 'symmetrySurfaces': None,
 'useRotations': True,
 'zeroCornerRotations': True}
I/O    : uncollated
Case   : /home/dafoamuser/mount
nProcs : 4
Hosts  :
(
    (18d3eac20f0a 4)
)
Pstream initialized with:
    node communication : off [type=host] (4 ranks, 1 nodes)
    topology controls  : none
    consensus exchange : 0 (tuning: 0)
    exchange algorithm : 0
    commsType          : nonBlocking
    polling iterations : 0
Reading the OpenFOAM mesh..
Overriding DebugSwitches according to controlDict
    SolverPerformance 0;

Checking if we need to compress the mesh files
Checking if we need to compress the mesh files
#------------------------------#
 Total Volume Nodes :     30420 
#------------------------------#
Finalising parallel run
I/O    : uncollated
+-------------------- Symmetry Planes -------------------+
|           Point                        Normal          |
| (  0.000   0.000   0.000)    (  0.000   0.000   1.000) |
| (  0.000   0.000   0.100)    (  0.000   0.000   1.000) |
+--------------------------------------------------------+
#--------------------------------#
 Unique Surface Nodes :       460 
#--------------------------------#
 Computing Denominator Estimate...
 Load Balancing...
 Finished Mesh Initialization.
OrderedDict([('inout', [0]), ('procBoundary0to1', [1]), ('procBoundary0to3', [2]), ('symmetry1', [3]), ('symmetry2', [4]), ('wing', [5]), ('allSurfaces', [0, 1, 2, 3, 4, 5]), ('allWalls', [5]), ('designSurfaces', [5])])
dRdWT Jacobian Free created!
/home/dafoamuser/dafoam/packages/miniconda3/lib/python3.10/site-packages/openmdao/core/component.py:140: OMDeprecationWarning:'scenario1.coupling.solver' <class DAFoamSolver>: It appears this component mixes distributed/non-distributed inputs and outputs, so it may break starting with OpenMDAO 3.25, where the convention used when passing data between distributed and non-distributed inputs and outputs within a matrix free component will change. See https://github.com/OpenMDAO/POEMs/blob/master/POEM_075.md for details.
/home/dafoamuser/dafoam/packages/miniconda3/lib/python3.10/site-packages/openmdao/core/component.py:140: OMDeprecationWarning:'scenario1.aero_post.functionals' <class DAFoamFunctions>: It appears this component mixes distributed/non-distributed inputs and outputs, so it may break starting with OpenMDAO 3.25, where the convention used when passing data between distributed and non-distributed inputs and outputs within a matrix free component will change. See https://github.com/OpenMDAO/POEMs/blob/master/POEM_075.md for details.
/home/dafoamuser/dafoam/packages/miniconda3/lib/python3.10/site-packages/openmdao/core/component.py:140: OMDeprecationWarning:'scenario1.coupling.solver' <class DAFoamSolver>: It appears this component mixes distributed/non-distributed inputs and outputs, so it may break starting with OpenMDAO 3.25, where the convention used when passing data between distributed and non-distributed inputs and outputs within a matrix free component will change. See https://github.com/OpenMDAO/POEMs/blob/master/POEM_075.md for details.
/home/dafoamuser/dafoam/packages/miniconda3/lib/python3.10/site-packages/openmdao/core/component.py:140: OMDeprecationWarning:'scenario1.aero_post.functionals' <class DAFoamFunctions>: It appears this component mixes distributed/non-distributed inputs and outputs, so it may break starting with OpenMDAO 3.25, where the convention used when passing data between distributed and non-distributed inputs and outputs within a matrix free component will change. See https://github.com/OpenMDAO/POEMs/blob/master/POEM_075.md for details.
/home/dafoamuser/dafoam/packages/miniconda3/lib/python3.10/site-packages/openmdao/core/component.py:140: OMDeprecationWarning:'scenario1.coupling.solver' <class DAFoamSolver>: It appears this component mixes distributed/non-distributed inputs and outputs, so it may break starting with OpenMDAO 3.25, where the convention used when passing data between distributed and non-distributed inputs and outputs within a matrix free component will change. See https://github.com/OpenMDAO/POEMs/blob/master/POEM_075.md for details.
/home/dafoamuser/dafoam/packages/miniconda3/lib/python3.10/site-packages/openmdao/core/component.py:140: OMDeprecationWarning:'scenario1.aero_post.functionals' <class DAFoamFunctions>: It appears this component mixes distributed/non-distributed inputs and outputs, so it may break starting with OpenMDAO 3.25, where the convention used when passing data between distributed and non-distributed inputs and outputs within a matrix free component will change. See https://github.com/OpenMDAO/POEMs/blob/master/POEM_075.md for details.
/home/dafoamuser/dafoam/packages/miniconda3/lib/python3.10/site-packages/openmdao/core/component.py:140: OMDeprecationWarning:'scenario1.coupling.solver' <class DAFoamSolver>: It appears this component mixes distributed/non-distributed inputs and outputs, so it may break starting with OpenMDAO 3.25, where the convention used when passing data between distributed and non-distributed inputs and outputs within a matrix free component will change. See https://github.com/OpenMDAO/POEMs/blob/master/POEM_075.md for details.
/home/dafoamuser/dafoam/packages/miniconda3/lib/python3.10/site-packages/openmdao/core/component.py:140: OMDeprecationWarning:'scenario1.aero_post.functionals' <class DAFoamFunctions>: It appears this component mixes distributed/non-distributed inputs and outputs, so it may break starting with OpenMDAO 3.25, where the convention used when passing data between distributed and non-distributed inputs and outputs within a matrix free component will change. See https://github.com/OpenMDAO/POEMs/blob/master/POEM_075.md for details.
/home/dafoamuser/dafoam/packages/miniconda3/lib/python3.10/site-packages/openmdao/core/problem.py:1011: DerivativesWarning:Inefficient choice of derivative mode.  You chose 'rev' for a problem with 10 design variables and 25 response variables (objectives and nonlinear constraints).
/home/dafoamuser/dafoam/packages/miniconda3/lib/python3.10/site-packages/openmdao/core/problem.py:1011: DerivativesWarning:Inefficient choice of derivative mode.  You chose 'rev' for a problem with 10 design variables and 25 response variables (objectives and nonlinear constraints).
/home/dafoamuser/dafoam/packages/miniconda3/lib/python3.10/site-packages/openmdao/core/problem.py:1011: DerivativesWarning:Inefficient choice of derivative mode.  You chose 'rev' for a problem with 10 design variables and 25 response variables (objectives and nonlinear constraints).
/home/dafoamuser/dafoam/packages/miniconda3/lib/python3.10/site-packages/openmdao/core/problem.py:1011: DerivativesWarning:Inefficient choice of derivative mode.  You chose 'rev' for a problem with 10 design variables and 25 response variables (objectives and nonlinear constraints).
DAInputVolCoord. 
Setting volume coordinates. 
DAInputPatchVelocity. 
Setting UMag = 10 AoA = 5.13918623195176 degs at 1(inout)
Checking mesh quality for time = 0
    Overall domain bounding box (-17.97860100367298 -19.32943184988483 0) (19.10692386450122 19.32947306862753 0.1)
    Mesh has 3 geometric (non-empty/wedge) directions (1 1 1)
    Mesh has 3 solution (non-empty) directions (1 1 1)
    Boundary openness (7.289922034144972e-19 2.798537015200005e-19 -1.276791212146144e-15) OK.
    Max cell openness = 3.324135200730148e-16 OK.
    Max aspect ratio = 167.4971794448323 OK.
    Minimum face area = 9.683111132193945e-07. Maximum face area = 1.867132139926931.  Face area magnitudes OK.
    Min volume = 9.683111138095035e-08. Max volume = 0.1867132139894545.  Total volume = 112.3943463912681.  Cell volumes OK.
    Mesh non-orthogonality Max: 26.95959979085254 average: 1.896912614915501
    Non-orthogonality check OK.
    Face pyramids OK.
    Max skewness = 0.8620397861572704 OK.
    Coupled point location match (average 0) OK.

Mesh OK.

Running Primal Solver 001
Previous solution time -1e+10 not found and nothing deleted.
No finite volume options present

Starting time loop

Time = 1

U0 initRes: 0.9999999999975528 finalRes: 0.08390858285530263 nIters: 7
U1 initRes: 1 finalRes: 0.0817357815228175 nIters: 7
U2 initRes: 0.999999968121641 finalRes: 0.09487265995483285 nIters: 6
p initRes: 1 finalRes: 0.09038720814154931 nIters: 8
Time step continuity errors : sum local = 0.0005964153609997354
                                 global = -7.705812557142139e-05
                             cumulative = -7.705812557142139e-05
nuTilda initRes: 0.9999999999271499 finalRes: 0.07632220727452584 nIters: 7
Bounding nuTilda>1e-16
CD: 0.9535552756513243 final: 0.9535552756513243
CL: -0.09096969764010188 final: -0.09096969764010188
yPlus min: 26.68455275555815 max: 46.7206719379158 mean: 44.25163576316405
ExecutionTime = 0.89 s  ClockTime = 1 s

Time = 100

U0 initRes: 0.004915223531315165 finalRes: 0.0004845260328568178 nIters: 5
U1 initRes: 0.004469279184559461 finalRes: 0.000417123341326433 nIters: 6
U2 initRes: 0.0004869946976663966 finalRes: 3.258155130846497e-05 nIters: 5
p initRes: 0.003614815861935653 finalRes: 0.0002886709869291511 nIters: 3
Time step continuity errors : sum local = 9.004214090084691e-06
                                 global = -1.329610924487869e-07
                             cumulative = -7.719108666387017e-05
nuTilda initRes: 0.0001558532463031405 finalRes: 1.066025897165767e-05 nIters: 4
Bounding nuTilda>1e-16
CD: 0.01808886779972496 final: 0.01808886779972496
CL: 0.4543859371975231 final: 0.4543859371975231
yPlus min: 5.741070896178651 max: 58.22452469618747 mean: 31.57919913021956
ExecutionTime = 1.98 s  ClockTime = 2 s

Time = 200

U0 initRes: 0.0004796370710171686 finalRes: 3.686734615350563e-05 nIters: 6
U1 initRes: 0.0001482739253973533 finalRes: 1.3681721367659e-05 nIters: 6
U2 initRes: 5.222701817098695e-05 finalRes: 3.828915229978342e-06 nIters: 6
p initRes: 0.0001548258215712581 finalRes: 1.228661445511825e-05 nIters: 4
Time step continuity errors : sum local = 3.804329515265891e-07
                                 global = -2.460899277354767e-08
                             cumulative = -7.721569565664373e-05
nuTilda initRes: 2.321653511553337e-05 finalRes: 1.631980834749118e-06 nIters: 3
Bounding nuTilda>1e-16
CD: 0.01928959973557011 final: 0.01928959973557011
CL: 0.499071414275869 final: 0.499071414275869
yPlus min: 4.823211610117402 max: 58.57178681002164 mean: 32.07599479497636
ExecutionTime = 3.03 s  ClockTime = 4 s

Time = 300

U0 initRes: 6.207381750111171e-05 finalRes: 5.646272767788165e-06 nIters: 6
U1 initRes: 3.2996340276223e-05 finalRes: 2.771145554606532e-06 nIters: 6
U2 initRes: 8.332469600432634e-06 finalRes: 7.238170790111544e-07 nIters: 5
p initRes: 2.539855707389804e-05 finalRes: 2.110296341934756e-06 nIters: 4
Time step continuity errors : sum local = 6.622064340810557e-08
                                 global = 1.224177082687713e-08
                             cumulative = -7.720345388581684e-05
nuTilda initRes: 7.732201598602636e-07 finalRes: 6.03506118963158e-08 nIters: 4
Bounding nuTilda>1e-16
CD: 0.01833078436251437 final: 0.01833078436251437
CL: 0.5127106610448278 final: 0.5127106610448278
yPlus min: 4.890451054302729 max: 59.04267656068284 mean: 32.0547719901961
ExecutionTime = 4.11 s  ClockTime = 5 s

Time = 400

U0 initRes: 1.421482375731783e-05 finalRes: 1.205417341115904e-06 nIters: 6
U1 initRes: 5.83119995655979e-06 finalRes: 5.20046936244764e-07 nIters: 6
U2 initRes: 1.941846291590921e-06 finalRes: 1.70773689350256e-07 nIters: 5
p initRes: 5.190210121581791e-06 finalRes: 4.373434870017373e-07 nIters: 4
Time step continuity errors : sum local = 1.375545467339676e-08
                                 global = 2.760043416047591e-09
                             cumulative = -7.720069384240079e-05
nuTilda initRes: 2.601313911768738e-07 finalRes: 2.137153380973808e-08 nIters: 4
Bounding nuTilda>1e-16
CD: 0.01818729775478771 final: 0.01818729775478771
CL: 0.5159481296903263 final: 0.5159481296903263
yPlus min: 4.871854664730629 max: 59.1299622414831 mean: 32.05713611946918
ExecutionTime = 5.21 s  ClockTime = 6 s

Time = 500

U0 initRes: 3.028462789216285e-06 finalRes: 2.614631305503575e-07 nIters: 6
U1 initRes: 1.318737852789189e-06 finalRes: 1.155856581756783e-07 nIters: 6
U2 initRes: 3.921514627006015e-07 finalRes: 3.517339420274661e-08 nIters: 5
p initRes: 1.047236541124119e-06 finalRes: 9.508711944776855e-08 nIters: 4
Time step continuity errors : sum local = 2.992186012411598e-09
                                 global = 5.424166272610992e-10
                             cumulative = -7.720015142577352e-05
nuTilda initRes: 4.293701268771786e-08 finalRes: 3.920657700056355e-09 nIters: 4
Bounding nuTilda>1e-16
CD: 0.01815459120372637 final: 0.01815459120372637
CL: 0.5166073457383059 final: 0.5166073457383059
yPlus min: 4.869375043362133 max: 59.1485778846534 mean: 32.05757860284552
ExecutionTime = 6.28 s  ClockTime = 8 s

Time = 600

U0 initRes: 6.388333998049264e-07 finalRes: 5.503132140636411e-08 nIters: 6
U1 initRes: 2.7710926485862e-07 finalRes: 2.429733708986541e-08 nIters: 6
U2 initRes: 8.40071157317754e-08 finalRes: 7.491642568286657e-09 nIters: 5
p initRes: 2.434782052946161e-07 finalRes: 2.008890377910964e-08 nIters: 4
Time step continuity errors : sum local = 6.322209688178218e-10
                                 global = 1.19868650111223e-10
                             cumulative = -7.720003155712342e-05
nuTilda initRes: 9.822256791282692e-09 finalRes: 8.715271642948625e-10 nIters: 4
Bounding nuTilda>1e-16
CD: 0.01814764272351939 final: 0.01814764272351939
CL: 0.5167489608903577 final: 0.5167489608903577
yPlus min: 4.868801417476393 max: 59.15256038538467 mean: 32.05767013070056
ExecutionTime = 7.33 s  ClockTime = 9 s

Time = 700

U0 initRes: 1.371361783355217e-07 finalRes: 1.184089491040866e-08 nIters: 6
U1 initRes: 5.97398415534453e-08 finalRes: 5.240983122131001e-09 nIters: 6
U2 initRes: 1.794128333939359e-08 finalRes: 1.605043586326103e-09 nIters: 5
p initRes: 5.069383460460114e-08 finalRes: 4.348148304258809e-09 nIters: 4
Time step continuity errors : sum local = 1.368442771406808e-10
                                 global = 2.525309946870712e-11
                             cumulative = -7.720000630402395e-05
nuTilda initRes: 1.957563075134683e-09 finalRes: 1.808209708278847e-10 nIters: 4
Bounding nuTilda>1e-16
CD: 0.01814617980069581 final: 0.01814617980069581
CL: 0.5167791486931526 final: 0.5167791486931526
yPlus min: 4.868676922950248 max: 59.15342092680243 mean: 32.05770176227738
ExecutionTime = 8.41 s  ClockTime = 11 s

Time = 800

U0 initRes: 3.032528859005498e-08 finalRes: 2.620716130926269e-09 nIters: 6
U1 initRes: 1.321301082947191e-08 finalRes: 1.1588387486514e-09 nIters: 6
U2 initRes: 3.933195689876996e-09 finalRes: 3.534222930063673e-10 nIters: 5
p initRes: 1.117030788224745e-08 finalRes: 9.606727442116903e-10 nIters: 4
Time step continuity errors : sum local = 3.023435459836869e-11
                                 global = 5.415352939454635e-12
                             cumulative = -7.720000088867101e-05
nuTilda initRes: 4.176813335718464e-10 finalRes: 3.991194880507904e-11 nIters: 4
Bounding nuTilda>1e-16
CD: 0.01814586806498277 final: 0.01814586806498277
CL: 0.5167857679188274 final: 0.5167857679188274
yPlus min: 4.868646905432256 max: 59.15360705095593 mean: 32.05771063485177
ExecutionTime = 9.52 s  ClockTime = 12 s

Time = 900

U0 initRes: 6.608502779121894e-09 finalRes: 5.715247821445119e-10 nIters: 6
U1 initRes: 2.890802952851479e-09 finalRes: 2.534850419883969e-10 nIters: 6
U2 initRes: 8.607112412698409e-10 finalRes: 7.721087315887682e-11 nIters: 5
p initRes: 2.396545663007888e-09 finalRes: 2.098734527538308e-10 nIters: 4
Time step continuity errors : sum local = 6.6051014457616e-12
                                 global = 1.195984067300979e-12
                             cumulative = -7.719999969268694e-05
nuTilda initRes: 9.104197440981985e-11 finalRes: 8.622535617802156e-12 nIters: 4
Bounding nuTilda>1e-16
CD: 0.01814579908677674 final: 0.01814579908677674
CL: 0.5167872170124381 final: 0.5167872170124381
yPlus min: 4.868640547326916 max: 59.15364795913153 mean: 32.05771243392353
ExecutionTime = 10.6 s  ClockTime = 14 s

Time = 1000

U0 initRes: 1.447799047417323e-09 finalRes: 1.250389657280627e-10 nIters: 6
U1 initRes: 6.298406906729813e-10 finalRes: 5.528203395690837e-11 nIters: 6
U2 initRes: 1.893216129612671e-10 finalRes: 1.700218566689455e-11 nIters: 5
p initRes: 5.228849288221949e-10 finalRes: 4.58407844815499e-11 nIters: 4
Time step continuity errors : sum local = 1.442677267003532e-12
                                 global = 2.616826931434776e-13
                             cumulative = -7.719999943100424e-05
nuTilda initRes: 2.041409087111515e-11 finalRes: 1.915846167804773e-12 nIters: 4
Bounding nuTilda>1e-16
CD: 0.01814578400431033 final: 0.01814578400431033
CL: 0.5167875345352622 final: 0.5167875345352622
yPlus min: 4.868639133236666 max: 59.15365689089997 mean: 32.05771280339631
ExecutionTime = 11.69 s  ClockTime = 15 s

Time = 1100

U0 initRes: 3.158745166520498e-10 finalRes: 2.729093868002582e-11 nIters: 6
U1 initRes: 1.376495515873343e-10 finalRes: 1.20770970419391e-11 nIters: 6
U2 initRes: 4.194766441936483e-11 finalRes: 3.786254481249259e-12 nIters: 5
p initRes: 1.143369291518367e-10 finalRes: 1.000630506080693e-11 nIters: 4
Time step continuity errors : sum local = 3.149610187726226e-13
                                 global = 5.706001902415788e-14
                             cumulative = -7.719999937394423e-05
nuTilda initRes: 4.438415017716418e-12 finalRes: 4.167515669442121e-13 nIters: 4
Bounding nuTilda>1e-16
CD: 0.01814578070234446 final: 0.01814578070234446
CL: 0.5167876037868165 final: 0.5167876037868165
yPlus min: 4.868638828968336 max: 59.153658841637 mean: 32.05771288293791
ExecutionTime = 12.85 s  ClockTime = 17 s

Time = 1200

U0 initRes: 6.894618841869578e-11 finalRes: 5.957050528591193e-12 nIters: 6
U1 initRes: 3.004924590284818e-11 finalRes: 2.636447078478803e-12 nIters: 6
U2 initRes: 9.967674784067019e-12 finalRes: 9.265359227628364e-13 nIters: 5
p initRes: 2.498113862677078e-11 finalRes: 2.184295923757656e-12 nIters: 4
Time step continuity errors : sum local = 6.880121699051525e-14
                                 global = 1.254567207132957e-14
                             cumulative = -7.719999936139856e-05
nuTilda initRes: 9.682451708212379e-13 finalRes: 9.096173732107098e-14 nIters: 4
Bounding nuTilda>1e-16
CD: 0.0181457799819606 final: 0.0181457799819606
CL: 0.5167876189050236 final: 0.5167876189050236
yPlus min: 4.868638762405205 max: 59.15365926744889 mean: 32.05771290042261
ExecutionTime = 13.94 s  ClockTime = 18 s

Time = 1273
Minimal residual 9.891897223793163e-12 satisfied the prescribed tolerance 9.999999999999999e-12

CD: 0.01814577984701936 final: 0.01814577984701936
CL: 0.5167876217372023 final: 0.5167876217372023
End

Printing Primal Residual Statistics.
U Residual Norm2: (3.274160306470657e-06 3.293214428431163e-06 2.768546906299033e-11)
U Residual Mean: (1.620605772872599e-08 5.307988135263895e-09 1.277023200731442e-13)
U Residual Max: (4.031044227303937e-07 6.575401130248792e-07 1.40754082703141e-12)
p Residual Norm2: 4.946225214849412e-07
p Residual Mean: 2.447959951755201e-10
p Residual Max: 1.57588242360061e-07
nuTilda Residual Norm2: 4.624268584955628e-10
nuTilda Residual Mean: 9.167096676962055e-13
nuTilda Residual Max: 4.41447130344851e-11
phi Residual Norm2: 2.309050258888926e-09
phi Residual Mean: 3.728975664142165e-12
phi Residual Max: 2.943589829489931e-10
Total Residual Norm2: 4.670122479033448e-06
 
 
PROBE rank=1 idx=0 step=1.000000e-04 CD=1.814577984701936e-02 nCells=3648 yWall_min=8.9299778992e-04 yWall_max=1.8288218589e+01 yWall_mean=2.6430566371e+00
PROBE rank=2 idx=0 step=1.000000e-04 CD=1.814577984701936e-02 nCells=3648 yWall_min=8.9381942713e-04 yWall_max=1.8292100753e+01 yWall_mean=2.6602700763e+00
PROBE rank=3 idx=0 step=1.000000e-04 CD=1.814577984701936e-02 nCells=3712 yWall_min=5.2095665499e-04 yWall_max=1.8291562889e+01 yWall_mean=2.6435756929e+00
PROBE rank=0 idx=0 step=1.000000e-04 CD=1.814577984701936e-02 nCells=3712 yWall_min=5.2095665138e-04 yWall_max=1.8292100778e+01 yWall_mean=2.6597982249e+00
PROBE_GLOBAL idx=0 step=1.000000e-04 CD=1.814577984701936e-02 nCellsGlobal=14720 yWall_min=5.2095665138e-04 yWall_max=1.8292100778e+01 yWall_mean=2.6516752604e+00
PROBE DONE
Finalising parallel run
Finalising parallel run
