WARNING 7: VSPAERO Viewer Not Found. 
	Expected here: /home/dafoamuser/dafoam/packages/miniconda3/lib/python3.10/site-packages/openvsp/vspviewer
WARNING 7: VSPAERO Viewer Not Found. 
	Expected here: /home/dafoamuser/dafoam/packages/miniconda3/lib/python3.10/site-packages/openvsp/vspviewer
WARNING 7: VSPAERO Viewer Not Found. 
	Expected here: /home/dafoamuser/dafoam/packages/miniconda3/lib/python3.10/site-packages/openvsp/vspviewer
WARNING 7: VSPAERO Viewer Not Found. 
	Expected here: /home/dafoamuser/dafoam/packages/miniconda3/lib/python3.10/site-packages/openvsp/vspviewer
 
-------------------------------------------------------------------------------
|                               DAFoam v5.0.0                                 |
-------------------------------------------------------------------------------
 
/*---------------------------------------------------------------------------*\
| =========                 |                                                 |
| \\      /  F ield         | OpenFOAM: The Open Source CFD Toolbox           |
|  \\    /   O peration     | Version:  2506                                  |
|   \\  /    A nd           | Website:  www.openfoam.com                      |
|    \\/     M anipulation  |                                                 |
\*---------------------------------------------------------------------------*/
Build  : _615aae61d7-20250627 OPENFOAM=2506 version=v2506
Arch   : "LSB;label=32;scalar=64"
Exec   : decomposePar
Date   : Jul 27 2026
Time   : 04:33:41
Host   : 5c088b62bb1d
PID    : 407
I/O    : uncollated
Case   : /home/dafoamuser/mount
nProcs : 1
trapFpe: Floating point exception trapping enabled (FOAM_SIGFPE).
fileModificationChecking : Monitoring run-time modified files using timeStampMaster (fileModificationSkew 5, maxFileModificationPolls 20)
allowSystemOperations : Allowing user-supplied system call operations

// * * * * * * * * * * * * * * * * * * * * * * * * * * * * * * * * * * * * * //
Create time

Overriding DebugSwitches according to controlDict
    SolverPerformance 0;



Decomposing mesh



--> FOAM FATAL ERROR: (openfoam-2506)
Case is already decomposed with 4 domains, use the -force option or manually
remove processor directories before decomposing. e.g.,
    rm -rf /home/dafoamuser/mount/processor*


    From decomposePar
    in file decomposePar.C at line 645.

FOAM exiting


Unable to run decomposePar, the domain has been already decomposed?

I/O    : uncollated
Case   : /home/dafoamuser/mount
nProcs : 4
Hosts  :
(
    (5c088b62bb1d 4)
)
Pstream initialized with:
    node communication : off [type=host] (4 ranks, 1 nodes)
    topology controls  : none
    consensus exchange : 0 (tuning: 0)
    exchange algorithm : 0
    commsType          : nonBlocking
    polling iterations : 0
Initializing mesh and runtime for DASolver
Create time

Overriding DebugSwitches according to controlDict
    SolverPerformance 0;

Create mesh for time = 0
Replacing wallDist.method meshWave -> meshWaveFrozen
DAOption created. DASolver initialized.
[2] UPstream::init : could not attach buffer
[0] UPstream::init : could not attach buffer
[3] UPstream::init : could not attach buffer
[1] UPstream::init : could not attach buffer
I/O    : uncollated
Case   : /home/dafoamuser/mount
nProcs : 4
Hosts  :
(
    (5c088b62bb1d 4)
)
Pstream initialized with:
    node communication : off [type=host] (4 ranks, 1 nodes)
    topology controls  : none
    consensus exchange : 0 (tuning: 0)
    exchange algorithm : 0
    commsType          : nonBlocking
    polling iterations : 0
Initializing mesh and runtime for DASolver
Create time

Overriding DebugSwitches according to controlDict
    SolverPerformance 0;

Create mesh for time = 0
Replacing wallDist.method meshWave -> meshWaveFrozen
DAOption created. DASolver initialized.
Initializing fields for DASimpleFoam
Create simpleControl.

SIMPLE: no convergence criteria found. Calculations will run for 3000 steps.

Reading field p

Reading field U

Reading/calculating face flux field phi

Creating source term. 
Selecting incompressible transport model Newtonian
Selecting turbulence model type RAS
Selecting RAS turbulence model SpalartAllmaras
Selecting patchDistMethod meshWaveFrozen
ft2 term: inactive
No MRF models present

Turbulence model is incompressible
Adjoint States: 
4
(
U volVectorState
nuTilda modelState
phi surfaceScalarState
p volScalarState
)
Global Cells: 14720
Global Faces: 59366
Global Xv: 91260
Undecomposed points: 29900
Global Adjoint States: 132966

SIMPLE: no convergence criteria found. Calculations will run for 3000 steps.

DACheckMesh Thresholds: 
maxNonOrth: 70
maxSkewness: 4
maxAspectRatio: 1000
maxIncorrectlyOrientedFaces: 0
    Adding all faces of patches: (wing) ...
    Found matching patch wing with 230 faces
    Adding all faces of patches: (wing) ...
    Found matching patch wing with 230 faces
Initializing fields for DASimpleFoam
Create simpleControl.

SIMPLE: no convergence criteria found. Calculations will run for 3000 steps.

Reading field p

Reading field U

Reading/calculating face flux field phi

Creating source term. 
Selecting incompressible transport model Newtonian
Selecting turbulence model type RAS
Selecting RAS turbulence model SpalartAllmaras
Selecting patchDistMethod meshWaveFrozen
ft2 term: inactive
No MRF models present

Turbulence model is incompressible
Adjoint States: 
4
(
U volVectorState
nuTilda modelState
phi surfaceScalarState
p volScalarState
)
Global Cells: 14720
Global Faces: 59366
Global Xv: 91260
Undecomposed points: 29900
Global Adjoint States: 132966

SIMPLE: no convergence criteria found. Calculations will run for 3000 steps.

DACheckMesh Thresholds: 
maxNonOrth: 70
maxSkewness: 4
maxAspectRatio: 1000
maxIncorrectlyOrientedFaces: 0
    Adding all faces of patches: (wing) ...
    Found matching patch wing with 230 faces
    Adding all faces of patches: (wing) ...
    Found matching patch wing with 230 faces
Init solver done! ElapsedClockTime 0.000000 s
Init solver done! ElapsedCpuTime 0.410000 s
initState: 
6
(
nuTilda 4.499999999999931e-05
phi 0
U1 0
U2 0
p 0
U0 9.999999999999565
)
Setting up primal boundary conditions based on pyOptions: 
Setting primal boundary conditions...
Setting U = (10 0 0) at inout
Setting primal boundary conditions...
Setting p = 0 at inout
Setting primal boundary conditions...
Setting nuTilda = 4.5e-05 at inout
Setting nut wall BC for wing. BCType=nutUSpaldingWallFunction
Reading OpenFOAM mesh information...
I/O    : uncollated
Case   : /home/dafoamuser/mount
nProcs : 4
Hosts  :
(
    (5c088b62bb1d 4)
)
Pstream initialized with:
    node communication : off [type=host] (4 ranks, 1 nodes)
    topology controls  : none
    consensus exchange : 0 (tuning: 0)
    exchange algorithm : 0
    commsType          : nonBlocking
    polling iterations : 0
Reading the OpenFOAM mesh..
Overriding DebugSwitches according to controlDict
    SolverPerformance 0;

Checking if we need to compress the mesh files
Checking if we need to compress the mesh files
Finalising parallel run
I/O    : uncollated
DAFoam option dictionary: 
{
    solverName      DASimpleFoam;
    primalMinResTol 9.999999999999999e-12;
    primalFuncStdTol
    {
        stdTol          -1;
        slopeTol        -1;
        funcNames       1 ( CD );
        nStepsFrac      0.2;
    }
    primalBC
    {
        U0
        {
            variable        U;
            patches         1 ( inout );
            value           3 ( 10 0 0 );
        }
        p0
        {
            variable        p;
            patches         1 ( inout );
            value           1 ( 0 );
        }
        nuTilda0
        {
            variable        nuTilda;
            patches         1 ( inout );
            value           1 ( 4.5e-05 );
        }
        useWallFunction 1;
    }
    primalInitCondition
    {
    }
    normalizeStates
    {
        U               10;
        p               50;
        nuTilda         0.00045;
        phi             1;
    }
    function
    {
        CD
        {
            type            force;
            source          patchToFace;
            patches         1 ( wing );
            directionMode   parallelToFlow;
            patchVelocityInputName patchV;
            scale           0.2;
        }
        CL
        {
            type            force;
            source          patchToFace;
            patches         1 ( wing );
            directionMode   normalToFlow;
            patchVelocityInputName patchV;
            scale           0.2;
        }
    }
    inputInfo
    {
        aero_vol_coords
        {
            type            volCoord;
            components      2 ( solver function );
        }
        patchV
        {
            type            patchVelocity;
            patches         1 ( inout );
            flowAxis        x;
            normalAxis      y;
            components      2 ( solver function );
        }
    }
    outputInfo
    {
    }
    designSurfaces  1 ( wing );
    fvSource
    {
    }
    prepareCaseOnly 0;
    adjEqnSolMethod Krylov;
    dynamicMesh
    {
        active          0;
        mode            rotation;
        center          3 ( 0.25 0 0 );
        axis            z;
        omega           0.1;
        s               2;
        t0              0.35;
    }
    primalVarBounds
    {
        UMax            1000;
        UMin            -1000;
        pMax            50000;
        pMin            -50000;
        p_rghMax        50000;
        p_rghMin        -50000;
        eMax            55000;
        eMin            -220000;
        TMax            1000;
        TMin            100;
        hMax            200000;
        hMin            -200000;
        DMax            1e+16;
        DMin            -1e+16;
        rhoMax          5;
        rhoMin          0.2;
        nuTildaMax      1e+16;
        nuTildaMin      1e-16;
        kMax            1e+16;
        kMin            1e-16;
        omegaMax        1e+16;
        omegaMin        1e-16;
        epsilonMax      1e+16;
        epsilonMin      1e-16;
        ReThetatMax     1e+16;
        ReThetatMin     1e-16;
        gammaIntMax     1e+16;
        gammaIntMin     1e-16;
    }
    discipline      aero;
    adjPartDerivFDStep
    {
        State           1e-06;
    }
    transonicPCOption -1;
    unsteadyAdjoint
    {
        mode            None;
        PCMatPrecomputeInterval 100;
        PCMatUpdateInterval 1;
        reduceIO        1;
        additionalOutput 1 ( None );
        additionalOldTime 1 ( None );
        readZeroFields  1;
    }
    adjPCLag        10000;
    useAD
    {
        mode            reverse;
        dvName          None;
        seedIndex       -9999;
    }
    useConstrainHbyA 1;
    forceMeshWaveFrozen 1;
    useDdtCorr      0;
    regressionModel
    {
        active          0;
    }
    useMeanStates   0;
    solveLinearFunctionName None;
    printDAOptions  1;
    debug           0;
    writeJacobians  1 ( None );
    printInterval   100;
    printIntervalUnsteady 1;
    primalMinResTolDiff 100;
    adjUseColoring  1;
    adjEqnOption
    {
        globalPCIters   0;
        asmOverlap      1;
        localPCIters    1;
        jacMatReOrdering rcm;
        pcFillLevel     1;
        gmresMaxIters   1000;
        gmresRestart    1000;
        gmresRelTol     1e-06;
        gmresAbsTol     1e-14;
        gmresTolDiff    100;
        useNonZeroInitGuess 0;
        useMGSO         0;
        printInfo       1;
        fpMaxIters      1000;
        fpRelTol        1e-06;
        fpMinResTolDiff 100;
        fpPCUpwind      0;
        dynAdjustTol    0;
        KSPCalcEigen    0;
        KSPCalcSingularVal 0;
        readPCMat       0;
    }
    normalizeResiduals 11 ( URes pRes p_rghRes nuTildaRes phiRes TRes DRes kRes omegaRes epsilonRes alpha.waterRes );
    maxResConLv4JacPCMat
    {
        pRes            2;
        phiRes          1;
        URes            2;
        TRes            2;
        nuTildaRes      2;
        kRes            2;
        epsilonRes      2;
        omegaRes        2;
        p_rghRes        2;
        DRes            2;
        gammaIntRes     2;
        ReThetatRes     2;
        alpha.waterRes  2;
    }
    jacLowerBounds
    {
        dRdW            1e-30;
        dRdWPC          1e-30;
    }
    maxTractionBCIters 100;
    decomposeParDict
    {
        method          scotch;
        simpleCoeffs
        {
            n               3 ( 2 2 1 );
            delta           0.001;
        }
        kahipCoeffs
        {
            config          fast;
            imbalance       0.01;
        }
        preservePatches 1 ( None );
        singleProcessorFaceSets 1 ( None );
        args            1 ( None );
    }
    adjStateOrdering state;
    checkMeshThreshold
    {
        maxAspectRatio  1000;
        maxNonOrth      70;
        maxSkewness     4;
        maxIncorrectlyOrientedFaces 0;
    }
    writeDeformedFFDs 0;
    writeDeformedConstraints 0;
    writeAdjointFields 0;
    maxCorrectBCCalls 2;
    writeMinorIterations 0;
    primalMinIters  1;
    tensorflow
    {
        active          0;
    }
    wallDistanceMethod default;
    unsteadyCompOutput
    {
    }
}

pyDAFoam initialization done!
+----------------------------------------+
|          All IDWarp Options:           |
+----------------------------------------+
{'LdefFact': 1.0,
 'aExp': 3.0,
 'alpha': 0.25,
 'bExp': 5.0,
 'bucketSize': 8,
 'cornerAngle': 30.0,
 'errTol': 0.0005,
 'evalMode': 'fast',
 'fileType': 'OpenFOAM',
 'gridFile': '/home/dafoamuser/mount',
 'restartFile': None,
 'specifiedSurfaces': None,
 'symmTol': 1e-06,
 'symmetryPlanes': [[[0.0, 0.0, 0.0], [0.0, 0.0, 1.0]],
                    [[0.0, 0.0, 0.1], [0.0, 0.0, 1.0]]],
 'symmetrySurfaces': None,
 'useRotations': True,
 'zeroCornerRotations': True}
I/O    : uncollated
Case   : /home/dafoamuser/mount
nProcs : 4
Hosts  :
(
    (5c088b62bb1d 4)
)
Pstream initialized with:
    node communication : off [type=host] (4 ranks, 1 nodes)
    topology controls  : none
    consensus exchange : 0 (tuning: 0)
    exchange algorithm : 0
    commsType          : nonBlocking
    polling iterations : 0
Reading the OpenFOAM mesh..
Overriding DebugSwitches according to controlDict
    SolverPerformance 0;

Checking if we need to compress the mesh files
Checking if we need to compress the mesh files
#------------------------------#
 Total Volume Nodes :     30420 
#------------------------------#
Finalising parallel run
I/O    : uncollated
+-------------------- Symmetry Planes -------------------+
|           Point                        Normal          |
| (  0.000   0.000   0.000)    (  0.000   0.000   1.000) |
| (  0.000   0.000   0.100)    (  0.000   0.000   1.000) |
+--------------------------------------------------------+
#--------------------------------#
 Unique Surface Nodes :       460 
#--------------------------------#
 Computing Denominator Estimate...
 Load Balancing...
 Finished Mesh Initialization.
OrderedDict([('inout', [0]), ('procBoundary0to1', [1]), ('procBoundary0to3', [2]), ('symmetry1', [3]), ('symmetry2', [4]), ('wing', [5]), ('allSurfaces', [0, 1, 2, 3, 4, 5]), ('allWalls', [5]), ('designSurfaces', [5])])
dRdWT Jacobian Free created!
/home/dafoamuser/dafoam/packages/miniconda3/lib/python3.10/site-packages/openmdao/core/component.py:140: OMDeprecationWarning:'scenario1.coupling.solver' <class DAFoamSolver>: It appears this component mixes distributed/non-distributed inputs and outputs, so it may break starting with OpenMDAO 3.25, where the convention used when passing data between distributed and non-distributed inputs and outputs within a matrix free component will change. See https://github.com/OpenMDAO/POEMs/blob/master/POEM_075.md for details.
/home/dafoamuser/dafoam/packages/miniconda3/lib/python3.10/site-packages/openmdao/core/component.py:140: OMDeprecationWarning:'scenario1.aero_post.functionals' <class DAFoamFunctions>: It appears this component mixes distributed/non-distributed inputs and outputs, so it may break starting with OpenMDAO 3.25, where the convention used when passing data between distributed and non-distributed inputs and outputs within a matrix free component will change. See https://github.com/OpenMDAO/POEMs/blob/master/POEM_075.md for details.
/home/dafoamuser/dafoam/packages/miniconda3/lib/python3.10/site-packages/openmdao/core/component.py:140: OMDeprecationWarning:'scenario1.coupling.solver' <class DAFoamSolver>: It appears this component mixes distributed/non-distributed inputs and outputs, so it may break starting with OpenMDAO 3.25, where the convention used when passing data between distributed and non-distributed inputs and outputs within a matrix free component will change. See https://github.com/OpenMDAO/POEMs/blob/master/POEM_075.md for details.
/home/dafoamuser/dafoam/packages/miniconda3/lib/python3.10/site-packages/openmdao/core/component.py:140: OMDeprecationWarning:'scenario1.aero_post.functionals' <class DAFoamFunctions>: It appears this component mixes distributed/non-distributed inputs and outputs, so it may break starting with OpenMDAO 3.25, where the convention used when passing data between distributed and non-distributed inputs and outputs within a matrix free component will change. See https://github.com/OpenMDAO/POEMs/blob/master/POEM_075.md for details.
/home/dafoamuser/dafoam/packages/miniconda3/lib/python3.10/site-packages/openmdao/core/component.py:140: OMDeprecationWarning:'scenario1.coupling.solver' <class DAFoamSolver>: It appears this component mixes distributed/non-distributed inputs and outputs, so it may break starting with OpenMDAO 3.25, where the convention used when passing data between distributed and non-distributed inputs and outputs within a matrix free component will change. See https://github.com/OpenMDAO/POEMs/blob/master/POEM_075.md for details.
/home/dafoamuser/dafoam/packages/miniconda3/lib/python3.10/site-packages/openmdao/core/component.py:140: OMDeprecationWarning:'scenario1.aero_post.functionals' <class DAFoamFunctions>: It appears this component mixes distributed/non-distributed inputs and outputs, so it may break starting with OpenMDAO 3.25, where the convention used when passing data between distributed and non-distributed inputs and outputs within a matrix free component will change. See https://github.com/OpenMDAO/POEMs/blob/master/POEM_075.md for details.
/home/dafoamuser/dafoam/packages/miniconda3/lib/python3.10/site-packages/openmdao/core/component.py:140: OMDeprecationWarning:'scenario1.coupling.solver' <class DAFoamSolver>: It appears this component mixes distributed/non-distributed inputs and outputs, so it may break starting with OpenMDAO 3.25, where the convention used when passing data between distributed and non-distributed inputs and outputs within a matrix free component will change. See https://github.com/OpenMDAO/POEMs/blob/master/POEM_075.md for details.
/home/dafoamuser/dafoam/packages/miniconda3/lib/python3.10/site-packages/openmdao/core/component.py:140: OMDeprecationWarning:'scenario1.aero_post.functionals' <class DAFoamFunctions>: It appears this component mixes distributed/non-distributed inputs and outputs, so it may break starting with OpenMDAO 3.25, where the convention used when passing data between distributed and non-distributed inputs and outputs within a matrix free component will change. See https://github.com/OpenMDAO/POEMs/blob/master/POEM_075.md for details.
/home/dafoamuser/dafoam/packages/miniconda3/lib/python3.10/site-packages/openmdao/core/problem.py:1011: DerivativesWarning:Inefficient choice of derivative mode.  You chose 'rev' for a problem with 10 design variables and 25 response variables (objectives and nonlinear constraints).
/home/dafoamuser/dafoam/packages/miniconda3/lib/python3.10/site-packages/openmdao/core/problem.py:1011: DerivativesWarning:Inefficient choice of derivative mode.  You chose 'rev' for a problem with 10 design variables and 25 response variables (objectives and nonlinear constraints).
/home/dafoamuser/dafoam/packages/miniconda3/lib/python3.10/site-packages/openmdao/core/problem.py:1011: DerivativesWarning:Inefficient choice of derivative mode.  You chose 'rev' for a problem with 10 design variables and 25 response variables (objectives and nonlinear constraints).
/home/dafoamuser/dafoam/packages/miniconda3/lib/python3.10/site-packages/openmdao/core/problem.py:1011: DerivativesWarning:Inefficient choice of derivative mode.  You chose 'rev' for a problem with 10 design variables and 25 response variables (objectives and nonlinear constraints).
DAInputVolCoord. 
Setting volume coordinates. 
DAInputPatchVelocity. 
Setting UMag = 10 AoA = 5.13918623195176 degs at 1(inout)
Checking mesh quality for time = 0
    Overall domain bounding box (-17.97860265347905 -19.32945228534727 0) (19.10692219850863 19.32945234613941 0.1)
    Mesh has 3 geometric (non-empty/wedge) directions (1 1 1)
    Mesh has 3 solution (non-empty) directions (1 1 1)
    Boundary openness (3.705964688657939e-19 -2.196127222908409e-19 -1.314960740002527e-16) OK.
    Max cell openness = 2.805359162877857e-16 OK.
    Max aspect ratio = 167.4971796526819 OK.
    Minimum face area = 9.683111134932375e-07. Maximum face area = 1.867132035291323.  Face area magnitudes OK.
    Min volume = 9.68311114073358e-08. Max volume = 0.186713203523816.  Total volume = 112.3943419312296.  Cell volumes OK.
    Mesh non-orthogonality Max: 26.95959996019421 average: 1.896744844239328
    Non-orthogonality check OK.
    Face pyramids OK.
    Max skewness = 0.8620395885256803 OK.
    Coupled point location match (average 0) OK.

Mesh OK.

Running Primal Solver 001
Previous solution time -1e+10 not found and nothing deleted.
No finite volume options present

Starting time loop

Time = 1

U0 initRes: 0.9999999999974263 finalRes: 0.08389944923283894 nIters: 7
U1 initRes: 1 finalRes: 0.08173074330785206 nIters: 7
U2 initRes: 0.9999999772295656 finalRes: 0.09618153456909222 nIters: 5
p initRes: 1 finalRes: 0.0906564100496267 nIters: 8
Time step continuity errors : sum local = 0.0005999478713571755
                                 global = -7.036372906494759e-05
                             cumulative = -7.036372906494759e-05
nuTilda initRes: 0.9999999999271342 finalRes: 0.07631970795475676 nIters: 7
Bounding nuTilda>1e-16
CD: 0.9547351710843577 final: 0.9547351710843577
CL: -0.09203903753247933 final: -0.09203903753247933
yPlus min: 26.68449326827921 max: 46.72314430006211 mean: 44.25156807956773
ExecutionTime = 1 s  ClockTime = 1 s

Time = 100

U0 initRes: 0.004915533841302301 finalRes: 0.0004845441954875709 nIters: 5
U1 initRes: 0.004470206355648427 finalRes: 0.0004172195534519848 nIters: 6
U2 initRes: 0.0005226569196613134 finalRes: 5.19282572338368e-05 nIters: 4
p initRes: 0.003612577747903635 finalRes: 0.0002886690741602729 nIters: 3
Time step continuity errors : sum local = 9.007712397340191e-06
                                 global = -1.329582267445283e-07
                             cumulative = -7.049668729169212e-05
nuTilda initRes: 0.0001558480380191775 finalRes: 1.065834418553771e-05 nIters: 4
Bounding nuTilda>1e-16
CD: 0.01808976622535565 final: 0.01808976622535565
CL: 0.4543095279671274 final: 0.4543095279671274
yPlus min: 5.741212996444698 max: 58.23360568149007 mean: 31.57938744767232
ExecutionTime = 2.41 s  ClockTime = 3 s

Time = 200

U0 initRes: 0.0004797629314034884 finalRes: 3.687815201217732e-05 nIters: 6
U1 initRes: 0.0001483181968216575 finalRes: 1.368619597495508e-05 nIters: 6
U2 initRes: 5.394646106544465e-05 finalRes: 5.020258669460386e-06 nIters: 5
p initRes: 0.0001547762406041078 finalRes: 1.228597496972351e-05 nIters: 4
Time step continuity errors : sum local = 3.805631167851765e-07
                                 global = -2.460901471668174e-08
                             cumulative = -7.05212963064088e-05
nuTilda initRes: 2.320894895264782e-05 finalRes: 1.631475449333488e-06 nIters: 3
Bounding nuTilda>1e-16
CD: 0.01929032990671657 final: 0.01929032990671657
CL: 0.4989957983101588 final: 0.4989957983101588
yPlus min: 4.823094996211842 max: 58.58115059281571 mean: 32.07631666326996
ExecutionTime = 3.8 s  ClockTime = 5 s

Time = 300

U0 initRes: 6.209913494490759e-05 finalRes: 5.647796211112747e-06 nIters: 6
U1 initRes: 3.29980025291092e-05 finalRes: 2.770498776729731e-06 nIters: 6
U2 initRes: 8.181934208445833e-06 finalRes: 6.565817055244577e-07 nIters: 5
p initRes: 2.538222630868128e-05 finalRes: 2.112397369569447e-06 nIters: 4
Time step continuity errors : sum local = 6.631209472793959e-08
                                 global = 1.235672366983215e-08
                             cumulative = -7.050893958273896e-05
nuTilda initRes: 7.716114935061703e-07 finalRes: 6.029874672763048e-08 nIters: 4
Bounding nuTilda>1e-16
CD: 0.0183315036494344 final: 0.0183315036494344
CL: 0.5126365227742367 final: 0.5126365227742367
yPlus min: 4.890316148790476 max: 59.05257319187521 mean: 32.05520210836968
ExecutionTime = 5.11 s  ClockTime = 7 s

Time = 400

U0 initRes: 1.422368780591032e-05 finalRes: 1.206196262464077e-06 nIters: 6
U1 initRes: 5.835075230443586e-06 finalRes: 5.203877413562064e-07 nIters: 6
U2 initRes: 1.740341656307137e-06 finalRes: 1.515409721468721e-07 nIters: 5
p initRes: 5.189043502883835e-06 finalRes: 4.373664569670643e-07 nIters: 4
Time step continuity errors : sum local = 1.376148888186837e-08
                                 global = 2.760274058712504e-09
                             cumulative = -7.050617930868025e-05
nuTilda initRes: 2.599047874052151e-07 finalRes: 2.135399350058685e-08 nIters: 4
Bounding nuTilda>1e-16
CD: 0.01818811434131421 final: 0.01818811434131421
CL: 0.5158759860119656 final: 0.5158759860119656
yPlus min: 4.871697311420049 max: 59.13998089762026 mean: 32.05758489985953
ExecutionTime = 6.3 s  ClockTime = 8 s

Time = 500

U0 initRes: 3.030924277591468e-06 finalRes: 2.616834018043686e-07 nIters: 6
U1 initRes: 1.31991319490837e-06 finalRes: 1.15687236087436e-07 nIters: 6
U2 initRes: 3.511607234256837e-07 finalRes: 3.065007523972541e-08 nIters: 5
p initRes: 1.047182456135887e-06 finalRes: 9.510744438414089e-08 nIters: 4
Time step continuity errors : sum local = 2.993980986370863e-09
                                 global = 5.422681059837673e-10
                             cumulative = -7.050563704057427e-05
nuTilda initRes: 4.287683887231721e-08 finalRes: 3.916376206408378e-09 nIters: 4
Bounding nuTilda>1e-16
CD: 0.01815539804450597 final: 0.01815539804450597
CL: 0.5165355820297691 final: 0.5165355820297691
yPlus min: 4.869214451617491 max: 59.15862669637571 mean: 32.05803184761255
ExecutionTime = 7.8 s  ClockTime = 10 s

Time = 600

U0 initRes: 6.395007560908289e-07 finalRes: 5.508988366048455e-08 nIters: 6
U1 initRes: 2.77411984542248e-07 finalRes: 2.432367147607523e-08 nIters: 6
U2 initRes: 7.545062253041768e-08 finalRes: 6.559790242871679e-09 nIters: 5
p initRes: 2.435197359469929e-07 finalRes: 2.009714805867867e-08 nIters: 4
Time step continuity errors : sum local = 6.32724597333201e-10
                                 global = 1.199473177434492e-10
                             cumulative = -7.050551709325652e-05
nuTilda initRes: 9.817426484234111e-09 finalRes: 8.714373374445006e-10 nIters: 4
Bounding nuTilda>1e-16
CD: 0.0181484459631119 final: 0.0181484459631119
CL: 0.5166773103825435 final: 0.5166773103825435
yPlus min: 4.868640060919673 max: 59.16261598991544 mean: 32.05812424273847
ExecutionTime = 9.17 s  ClockTime = 12 s

Time = 700

U0 initRes: 1.373032895260704e-07 finalRes: 1.185559572948222e-08 nIters: 6
U1 initRes: 5.981409441842211e-08 finalRes: 5.247565744034813e-09 nIters: 6
U2 initRes: 1.606813876297224e-08 finalRes: 1.399821592599331e-09 nIters: 5
p initRes: 5.071073366288529e-08 finalRes: 4.350435470436952e-09 nIters: 4
Time step continuity errors : sum local = 1.369691225616322e-10
                                 global = 2.527219954437219e-11
                             cumulative = -7.050549182105697e-05
nuTilda initRes: 1.957653846676192e-09 finalRes: 1.80855908149818e-10 nIters: 4
Bounding nuTilda>1e-16
CD: 0.01814698193975982 final: 0.01814698193975982
CL: 0.5167075277223521 final: 0.5167075277223521
yPlus min: 4.868515380201864 max: 59.16347812092899 mean: 32.05815604973214
ExecutionTime = 10.62 s  ClockTime = 14 s

Time = 800

U0 initRes: 3.036659500715686e-08 finalRes: 2.624238236976087e-09 nIters: 6
U1 initRes: 1.323070158339064e-08 finalRes: 1.160400876215953e-09 nIters: 6
U2 initRes: 3.518578200944093e-09 finalRes: 3.073923781919748e-10 nIters: 5
p initRes: 1.11967425423235e-08 finalRes: 9.613304898344116e-10 nIters: 4
Time step continuity errors : sum local = 3.026665473771352e-11
                                 global = 5.42187408093148e-12
                             cumulative = -7.05054863991829e-05
nuTilda initRes: 4.180581045186983e-10 finalRes: 3.990249136840286e-11 nIters: 4
Bounding nuTilda>1e-16
CD: 0.01814666990979157 final: 0.01814666990979157
CL: 0.516714154428412 final: 0.516714154428412
yPlus min: 4.868485325990118 max: 59.16366461613469 mean: 32.05816496067455
ExecutionTime = 11.99 s  ClockTime = 17 s

Time = 900

U0 initRes: 6.616302751131768e-09 finalRes: 5.722038700543393e-10 nIters: 6
U1 initRes: 2.894212393583345e-09 finalRes: 2.537862028629643e-10 nIters: 6
U2 initRes: 7.726634599260842e-10 finalRes: 6.7382289346966e-11 nIters: 5
p initRes: 2.398274884245617e-09 finalRes: 2.100096070584779e-10 nIters: 4
Time step continuity errors : sum local = 6.611986815388745e-12
                                 global = 1.197348988758216e-12
                             cumulative = -7.050548520183391e-05
nuTilda initRes: 9.098328755116609e-11 finalRes: 8.610375142127716e-12 nIters: 4
Bounding nuTilda>1e-16
CD: 0.01814660086265793 final: 0.01814660086265793
CL: 0.5167156051145954 final: 0.5167156051145954
yPlus min: 4.86847896248598 max: 59.16370562764823 mean: 32.05816677165165
ExecutionTime = 13.34 s  ClockTime = 19 s

Time = 1000

U0 initRes: 1.450093255406781e-09 finalRes: 1.252380583004897e-10 nIters: 6
U1 initRes: 6.308103315936472e-10 finalRes: 5.536725599079225e-11 nIters: 6
U2 initRes: 1.709973794818317e-10 finalRes: 1.499472614195219e-11 nIters: 5
p initRes: 5.233767361057852e-10 finalRes: 4.588408155493389e-11 nIters: 4
Time step continuity errors : sum local = 1.444610708875125e-12
                                 global = 2.618713498450116e-13
                             cumulative = -7.050548493996257e-05
nuTilda initRes: 2.040596911979397e-11 finalRes: 1.915353266074097e-12 nIters: 4
Bounding nuTilda>1e-16
CD: 0.01814658576764789 final: 0.01814658576764789
CL: 0.5167159230544072 final: 0.5167159230544072
yPlus min: 4.868477544832473 max: 59.16371458153403 mean: 32.05816714408241
ExecutionTime = 14.93 s  ClockTime = 21 s

Time = 1100

U0 initRes: 3.164057111396786e-10 finalRes: 2.733776405687281e-11 nIters: 6
U1 initRes: 1.378919190956107e-10 finalRes: 1.209823866255941e-11 nIters: 6
U2 initRes: 3.892085324109483e-11 finalRes: 3.466303794238452e-12 nIters: 5
p initRes: 1.144605489253127e-10 finalRes: 1.00170014112429e-11 nIters: 4
Time step continuity errors : sum local = 3.154067666806699e-13
                                 global = 5.723618762104734e-14
                             cumulative = -7.050548488272638e-05
nuTilda initRes: 4.437590759729508e-12 finalRes: 4.166165268033639e-13 nIters: 4
Bounding nuTilda>1e-16
CD: 0.01814658246162891 final: 0.01814658246162891
CL: 0.516715992406132 final: 0.516715992406132
yPlus min: 4.868477240070146 max: 59.16371653750553 mean: 32.0581672242327
ExecutionTime = 16.77 s  ClockTime = 23 s

Time = 1200

U0 initRes: 6.907345196841989e-11 finalRes: 5.968128360402433e-12 nIters: 6
U1 initRes: 3.010613017525106e-11 finalRes: 2.641399689970038e-12 nIters: 6
U2 initRes: 1.029281940036413e-11 finalRes: 9.740747247696227e-13 nIters: 5
p initRes: 2.501468836106876e-11 finalRes: 2.186830293034796e-12 nIters: 4
Time step continuity errors : sum local = 6.899607874878333e-14
                                 global = 1.253160920961833e-14
                             cumulative = -7.050548487019477e-05
nuTilda initRes: 9.683045226606908e-13 finalRes: 9.095153244517379e-14 nIters: 4
Bounding nuTilda>1e-16
CD: 0.01814658174027306 final: 0.01814658174027306
CL: 0.5167160075487965 final: 0.5167160075487965
yPlus min: 4.868477173371856 max: 59.16371696452125 mean: 32.05816724185568
ExecutionTime = 18.4 s  ClockTime = 25 s

Time = 1273
Minimal residual 9.911427824890874e-12 satisfied the prescribed tolerance 9.999999999999999e-12

CD: 0.0181465816051285 final: 0.0181465816051285
CL: 0.5167160103859535 final: 0.5167160103859535
End

Printing Primal Residual Statistics.
U Residual Norm2: (3.279334761495726e-06 3.295416705083045e-06 1.876558538195082e-11)
U Residual Mean: (1.623510865977057e-08 5.31598726924922e-09 7.061280699028494e-14)
U Residual Max: (4.029889169032685e-07 6.567724994965829e-07 1.204099119507618e-12)
p Residual Norm2: 4.947600110826283e-07
p Residual Mean: 2.449953321805721e-10
p Residual Max: 1.576002483911083e-07
nuTilda Residual Norm2: 4.624423096085502e-10
nuTilda Residual Mean: 9.170452959692948e-13
nuTilda Residual Max: 4.413855012523109e-11
phi Residual Norm2: 2.312624440718803e-09
phi Residual Mean: 3.735472962577678e-12
phi Residual Max: 2.944636956527495e-10
Total Residual Norm2: 4.675318253242013e-06
 
 
PROBE rank=1 idx=6 step=-1.000000e-04 CD=1.814658160512850e-02 nCells=3648 yWall_min=8.9299778992e-04 yWall_max=1.8288218589e+01 yWall_mean=2.6430566371e+00
PROBE rank=2 idx=6 step=-1.000000e-04 CD=1.814658160512850e-02 nCells=3648 yWall_min=8.9381942713e-04 yWall_max=1.8292100753e+01 yWall_mean=2.6602700763e+00
PROBE rank=3 idx=6 step=-1.000000e-04 CD=1.814658160512850e-02 nCells=3712 yWall_min=5.2095665499e-04 yWall_max=1.8291562889e+01 yWall_mean=2.6435756929e+00
PROBE rank=0 idx=6 step=-1.000000e-04 CD=1.814658160512850e-02 nCells=3712 yWall_min=5.2095665138e-04 yWall_max=1.8292100778e+01 yWall_mean=2.6597982249e+00
PROBE_GLOBAL idx=6 step=-1.000000e-04 CD=1.814658160512850e-02 nCellsGlobal=14720 yWall_min=5.2095665138e-04 yWall_max=1.8292100778e+01 yWall_mean=2.6516752604e+00
PROBE DONE
Finalising parallel run
Finalising parallel run
