WARNING 7: VSPAERO Viewer Not Found. 
	Expected here: /home/dafoamuser/dafoam/packages/miniconda3/lib/python3.10/site-packages/openvsp/vspviewer
#--------------------#
 Total Nodes:    6765 
 Unique Nodes:   6309 
 Total Faces:    6240 
#--------------------#
 Normal orientation check ...
 Normals are consistent!
 Determining topology ...
 Topology complete.
#--------------------#
Grid Ratio:  1.0611 
#--------------------#
#-------------------------------------------------------------------------------------------------------------------#
# Grid | CPU  | Sub | KSP | nAvg |  Sl  | Sensor | Sensor | Min     | Min     |  deltaS  | March    | cMax  | Ratio |
# Lvl  | Time | Its | Its |      |      | Max    | Min    | Quality | Volume  |          | Distance |       | kMax  |
#-------------------------------------------------------------------------------------------------------------------#
      2    0.1     4     6      0  0.179  1.00222  0.45742  0.25860  0.309E-10  0.337E-04  0.123E-03  0.1000  0.0000 
      3    0.1     3     6      0  0.195  1.00209  0.57347  0.21381  0.378E-10  0.358E-04  0.222E-03  0.1000  1.0727 
      4    0.2     3     5      0  0.207  1.00242  0.64145  0.21642  0.486E-10  0.382E-04  0.328E-03  0.1000  1.0756 
      5    0.3     3     5      0  0.216  1.00284  0.69075  0.23670  0.629E-10  0.408E-04  0.441E-03  0.1000  1.0749 
      6    0.3     4     5      0  0.227  1.00291  0.73713  0.25688  0.793E-10  0.445E-04  0.604E-03  0.1000  1.0741 
      7    0.4     3     5      0  0.233  1.00272  0.76422  0.27615  0.980E-10  0.467E-04  0.733E-03  0.1000  1.0704 
      8    0.5     3     5      0  0.239  1.00244  0.78597  0.29345  0.121E-09  0.492E-04  0.870E-03  0.1000  1.0732 
      9    0.5     3     5      0  0.245  1.00225  0.80366  0.30929  0.147E-09  0.517E-04  0.101E-02  0.1000  1.0728 
     10    0.6     3     5      0  0.250  1.00229  0.81946  0.32358  0.178E-09  0.539E-04  0.116E-02  0.1000  1.0730 
     11    0.6     4     5      0  0.256  1.00236  0.83724  0.33649  0.213E-09  0.571E-04  0.137E-02  0.1000  1.0729 
     12    0.7     3     5      0  0.261  1.00242  0.84771  0.34836  0.253E-09  0.595E-04  0.154E-02  0.1000  1.0694 
     13    0.7     3     5      0  0.265  1.00247  0.85767  0.35860  0.301E-09  0.617E-04  0.171E-02  0.1000  1.0726 
     14    0.8     4     5      0  0.270  1.00255  0.86907  0.36782  0.356E-09  0.649E-04  0.195E-02  0.1000  1.0723 
     15    0.9     3     5      0  0.274  1.00262  0.87597  0.37624  0.417E-09  0.673E-04  0.214E-02  0.1000  1.0694 
     16    0.9     4     5      0  0.279  1.00270  0.88279  0.38347  0.490E-09  0.702E-04  0.240E-02  0.1000  1.0719 
     17    1.0     3     5      0  0.282  1.00276  0.88708  0.39007  0.571E-09  0.726E-04  0.261E-02  0.1000  1.0695 
     18    1.0     4     5      0  0.287  1.00286  0.89243  0.39579  0.646E-09  0.760E-04  0.289E-02  0.1000  1.0712 
     19    1.1     4     5      0  0.291  1.00295  0.89773  0.40092  0.728E-09  0.789E-04  0.318E-02  0.1000  1.0694 
     20    1.2     4     5      0  0.295  1.00304  0.90247  0.40543  0.820E-09  0.820E-04  0.348E-02  0.1000  1.0695 
     21    1.3     4     5      0  0.299  1.00313  0.90635  0.40940  0.925E-09  0.853E-04  0.380E-02  0.1000  1.0695 
     22    1.3     4     5      0  0.302  1.00323  0.91019  0.41287  0.104E-08  0.885E-04  0.413E-02  0.1000  1.0696 
     23    1.4     4     5      0  0.306  1.00333  0.91369  0.41589  0.118E-08  0.918E-04  0.447E-02  0.1000  1.0697 
     24    1.4     4     5      0  0.309  1.00342  0.91698  0.41851  0.133E-08  0.950E-04  0.483E-02  0.1000  1.0697 
     25    1.5     4     5      0  0.313  1.00352  0.92019  0.42076  0.151E-08  0.981E-04  0.519E-02  0.1000  1.0698 
     26    1.6     5     5      0  0.317  1.00364  0.92391  0.42271  0.171E-08  0.102E-03  0.566E-02  0.1000  1.0699 
     27    1.7     4     5      0  0.320  1.00374  0.92654  0.42449  0.193E-08  0.106E-03  0.606E-02  0.1000  1.0691 
     28    1.8     5     5      0  0.324  1.00386  0.92976  0.42592  0.219E-08  0.110E-03  0.657E-02  0.1000  1.0700 
     29    1.8     4     5      0  0.327  1.00396  0.93202  0.42721  0.248E-08  0.113E-03  0.699E-02  0.1000  1.0693 
     30    1.9     5     5      0  0.331  1.00409  0.93468  0.42829  0.282E-08  0.117E-03  0.753E-02  0.1000  1.0701 
     31    2.0     5     5      0  0.334  1.00423  0.93717  0.42925  0.321E-08  0.122E-03  0.810E-02  0.1000  1.0695 
     32    2.1     5     5      0  0.338  1.00436  0.93950  0.43008  0.365E-08  0.126E-03  0.868E-02  0.1000  1.0695 
     33    2.2     5     5      0  0.341  1.00449  0.94169  0.43080  0.415E-08  0.131E-03  0.929E-02  0.1000  1.0697 
     34    2.3     6     5      0  0.345  1.00466  0.94401  0.43146  0.473E-08  0.136E-03  0.100E-01  0.1000  1.0699 
     35    2.4     5     5      0  0.349  1.00479  0.94582  0.43206  0.539E-08  0.141E-03  0.107E-01  0.1000  1.0694 
     36    2.5     6     5      0  0.353  1.00497  0.94782  0.43259  0.615E-08  0.146E-03  0.115E-01  0.1000  1.0701 
     37    2.6     5     5      0  0.356  1.00511  0.94945  0.43309  0.702E-08  0.151E-03  0.122E-01  0.1000  1.0698 
     38    2.7     6     5      0  0.359  1.00528  0.95124  0.43356  0.803E-08  0.157E-03  0.131E-01  0.1000  1.0703 
     39    2.8     6     5      0  0.363  1.00546  0.95282  0.43404  0.918E-08  0.163E-03  0.140E-01  0.1000  1.0701 
     40    2.9     6     5      0  0.367  1.00563  0.95436  0.43450  0.105E-07  0.169E-03  0.149E-01  0.1000  1.0702 
     41    3.1     7     5      0  0.371  1.00582  0.95622  0.43496  0.120E-07  0.176E-03  0.161E-01  0.1000  1.0703 
     42    3.2     6     5      0  0.374  1.00598  0.95765  0.43546  0.138E-07  0.182E-03  0.171E-01  0.1000  1.0702 
     43    3.3     6     5      0  0.378  1.00616  0.95895  0.43594  0.158E-07  0.188E-03  0.182E-01  0.1000  1.0703 
     44    3.4     7     5      0  0.381  1.00635  0.96045  0.43644  0.181E-07  0.195E-03  0.194E-01  0.1000  1.0705 
     45    3.6     7     5      0  0.385  1.00654  0.96179  0.43697  0.207E-07  0.203E-03  0.207E-01  0.1000  1.0702 
     46    3.7     7     5      0  0.389  1.00673  0.96302  0.43751  0.238E-07  0.211E-03  0.221E-01  0.1000  1.0701 
     47    3.9     7     5      0  0.393  1.00693  0.96418  0.43808  0.273E-07  0.218E-03  0.235E-01  0.1000  1.0701 
     48    4.0     7     5      0  0.396  1.00711  0.96530  0.43865  0.313E-07  0.226E-03  0.250E-01  0.1000  1.0699 
     49    4.1     8     5      0  0.400  1.00732  0.96649  0.43923  0.360E-07  0.235E-03  0.267E-01  0.1000  1.0699 
#-------------------------------------------------------------------------------------------------------------------#
# Grid | CPU  | Sub | KSP | nAvg |  Sl  | Sensor | Sensor | Min     | Min     |  deltaS  | March    | cMax  | Ratio |
# Lvl  | Time | Its | Its |      |      | Max    | Min    | Quality | Volume  |          | Distance |       | kMax  |
#-------------------------------------------------------------------------------------------------------------------#
     50    4.3     7     5      0  0.404  1.00750  0.96745  0.43983  0.409E-07  0.244E-03  0.283E-01  0.1000  1.0693 
     51    4.4     8     5      0  0.407  1.00768  0.96852  0.44042  0.462E-07  0.253E-03  0.302E-01  0.1000  1.0694 
     52    4.6     8     5      0  0.411  1.00784  0.96948  0.44101  0.524E-07  0.263E-03  0.321E-01  0.1000  1.0690 
     53    4.7     8     5      0  0.415  1.00798  0.97040  0.44159  0.594E-07  0.272E-03  0.342E-01  0.1000  1.0687 
     54    4.9     9     5      0  0.419  1.00811  0.97135  0.44215  0.674E-07  0.283E-03  0.365E-01  0.1000  1.0684 
     55    5.0     8     5      0  0.423  1.00819  0.97217  0.44269  0.765E-07  0.292E-03  0.387E-01  0.1000  1.0680 
     56    5.2     9     5      0  0.427  1.00825  0.97302  0.44319  0.871E-07  0.303E-03  0.412E-01  0.1000  1.0678 
     57    5.4     9     5      0  0.431  1.00823  0.97392  0.44367  0.991E-07  0.313E-03  0.439E-01  0.1000  1.0674 
     58    5.6     9     5      0  0.435  1.00816  0.97476  0.44409  0.113E-06  0.323E-03  0.466E-01  0.1000  1.0673 
     59    5.7    10     5      0  0.439  1.00802  0.97561  0.44447  0.129E-06  0.335E-03  0.497E-01  0.1000  1.0674 
     60    6.0    10     5      0  0.443  1.00779  0.97642  0.44481  0.147E-06  0.346E-03  0.529E-01  0.1000  1.0674 
     61    6.2    10     5      0  0.447  1.00748  0.97719  0.44508  0.168E-06  0.358E-03  0.562E-01  0.1000  1.0677 
     62    6.3    10     5      0  0.451  1.00707  0.97790  0.44479  0.191E-06  0.370E-03  0.596E-01  0.1000  1.0678 
     63    6.5    10     5      0  0.455  1.00657  0.97852  0.44452  0.216E-06  0.382E-03  0.632E-01  0.1000  1.0679 
     64    6.7    11     5      0  0.459  1.00589  0.97920  0.44433  0.245E-06  0.396E-03  0.672E-01  0.1000  1.0680 
     65    6.9    11     5      0  0.464  1.00510  0.97983  0.44421  0.278E-06  0.410E-03  0.714E-01  0.1000  1.0680 
     66    7.0    12     5      0  0.468  1.00411  0.98045  0.44414  0.316E-06  0.426E-03  0.761E-01  0.1000  1.0683 
     67    7.2    11     5      0  0.472  1.00392  0.98099  0.44411  0.360E-06  0.440E-03  0.806E-01  0.1000  1.0683 
     68    7.4    12     5      0  0.477  1.00396  0.98154  0.44410  0.410E-06  0.457E-03  0.857E-01  0.1000  1.0685 
     69    7.6    12     5      0  0.481  1.00398  0.98205  0.44409  0.467E-06  0.473E-03  0.910E-01  0.1000  1.0686 
     70    7.9    13     5      0  0.485  1.00421  0.98255  0.44407  0.527E-06  0.493E-03  0.969E-01  0.1000  1.0686 
     71    8.1    12     5      0  0.490  1.00443  0.98301  0.44401  0.596E-06  0.510E-03  0.103E+00  0.1000  1.0688 
     72    8.4    13     5      0  0.494  1.00465  0.98346  0.44391  0.675E-06  0.530E-03  0.109E+00  0.1000  1.0688 
     73    8.6    14     5      0  0.499  1.00487  0.98390  0.44376  0.764E-06  0.552E-03  0.116E+00  0.1000  1.0690 
     74    8.9    13     5      0  0.503  1.00504  0.98430  0.44356  0.865E-06  0.573E-03  0.123E+00  0.1000  1.0691 
     75    9.2    14     5      0  0.508  1.00516  0.98470  0.44330  0.980E-06  0.596E-03  0.131E+00  0.1000  1.0692 
     76    9.4    14     5      0  0.512  1.00523  0.98507  0.44298  0.111E-05  0.620E-03  0.139E+00  0.1000  1.0693 
     77    9.7    14     5      0  0.517  1.00521  0.98544  0.44261  0.126E-05  0.644E-03  0.147E+00  0.1000  1.0695 
     78    9.9    15     5      0  0.522  1.00523  0.98581  0.44219  0.143E-05  0.671E-03  0.156E+00  0.1000  1.0697 
     79   10.2    15     5      0  0.526  1.00532  0.98614  0.44173  0.162E-05  0.700E-03  0.166E+00  0.1000  1.0700 
     80   10.4    15     5      0  0.531  1.00530  0.98647  0.44125  0.183E-05  0.728E-03  0.176E+00  0.1000  1.0704 
     81   10.7    16     5      0  0.536  1.00517  0.98680  0.44075  0.208E-05  0.760E-03  0.187E+00  0.1000  1.0711 
     82   11.0    15     5      0  0.540  1.00508  0.98709  0.44024  0.235E-05  0.791E-03  0.198E+00  0.1000  1.0722 
     83   11.3    17     5      0  0.546  1.00544  0.98740  0.43973  0.266E-05  0.826E-03  0.211E+00  0.1000  1.0736 
     84   11.5    16     5      0  0.550  1.00581  0.98768  0.43922  0.301E-05  0.861E-03  0.224E+00  0.1000  1.0751 
     85   11.8    16     5      0  0.555  1.00609  0.98795  0.43874  0.341E-05  0.897E-03  0.237E+00  0.1000  1.0769 
     86   12.1    17     5      0  0.560  1.00623  0.98822  0.43827  0.385E-05  0.936E-03  0.252E+00  0.1000  1.0786 
     87   12.5    18     5      0  0.565  1.00620  0.98850  0.43782  0.435E-05  0.978E-03  0.268E+00  0.1000  1.0803 
     88   12.9    17     5      0  0.570  1.00608  0.98874  0.43740  0.491E-05  0.102E-02  0.284E+00  0.1000  1.0816 
     89   13.2    18     5      0  0.576  1.00597  0.98899  0.43701  0.552E-05  0.106E-02  0.302E+00  0.1000  1.0828 
     90   13.5    18     5      0  0.581  1.00596  0.98925  0.43664  0.619E-05  0.111E-02  0.320E+00  0.1000  1.0836 
     91   13.9    18     5      0  0.586  1.00604  0.98952  0.43629  0.689E-05  0.115E-02  0.340E+00  0.1000  1.0840 
     92   14.2    19     5      0  0.591  1.00617  0.98986  0.43596  0.761E-05  0.118E-02  0.361E+00  0.1000  1.0839 
     93   14.6    20     5      0  0.596  1.00650  0.99034  0.43564  0.838E-05  0.120E-02  0.383E+00  0.1000  1.0854 
     94   14.9    21     5      0  0.602  1.00668  0.99094  0.43532  0.922E-05  0.120E-02  0.407E+00  0.1000  1.0894 
     95   15.4    22     5      0  0.607  1.00694  0.99154  0.43500  0.102E-04  0.120E-02  0.432E+00  0.1000  1.0924 
     96   15.8    23     5      0  0.613  1.00709  0.99208  0.43469  0.112E-04  0.119E-02  0.458E+00  0.1000  1.0932 
     97   16.3    25     5      0  0.618  1.00694  0.99255  0.43439  0.124E-04  0.120E-02  0.486E+00  0.1000  1.0903 
     98   16.8    27     5      0  0.624  1.00623  0.99293  0.43410  0.137E-04  0.121E-02  0.516E+00  0.1000  1.0866 
     99   17.3    27     5      0  0.629  1.00517  0.99324  0.43382  0.152E-04  0.123E-02  0.547E+00  0.1000  1.0880 
#-------------------------------------------------------------------------------------------------------------------#
# Grid | CPU  | Sub | KSP | nAvg |  Sl  | Sensor | Sensor | Min     | Min     |  deltaS  | March    | cMax  | Ratio |
# Lvl  | Time | Its | Its |      |      | Max    | Min    | Quality | Volume  |          | Distance |       | kMax  |
#-------------------------------------------------------------------------------------------------------------------#
    100   17.9    29     5      0  0.635  1.00495  0.99352  0.43354  0.168E-04  0.126E-02  0.581E+00  0.1000  1.0890 
    101   18.4    29     5      0  0.641  1.00524  0.99375  0.43326  0.185E-04  0.129E-02  0.616E+00  0.1000  1.0901 
    102   19.0    31     5      0  0.646  1.00573  0.99397  0.43299  0.202E-04  0.133E-02  0.655E+00  0.1000  1.0922 
    103   19.6    31     5      0  0.652  1.00646  0.99416  0.43271  0.219E-04  0.138E-02  0.694E+00  0.1000  1.0930 
    104   20.1    32     5      0  0.658  1.00729  0.99432  0.43244  0.235E-04  0.144E-02  0.737E+00  0.1000  1.0932 
    105   20.7    33     5      0  0.664  1.00820  0.99446  0.43216  0.253E-04  0.151E-02  0.783E+00  0.1000  1.0921 
    106   21.4    33     5      0  0.670  1.00868  0.99457  0.43189  0.274E-04  0.158E-02  0.831E+00  0.1000  1.0903 
    107   22.0    33     5      0  0.676  1.00862  0.99466  0.43161  0.300E-04  0.166E-02  0.881E+00  0.1000  1.0918 
    108   22.7    34     5      0  0.682  1.00729  0.99469  0.43134  0.331E-04  0.175E-02  0.935E+00  0.1000  1.0884 
    109   23.2    34     5      0  0.688  1.00722  0.99450  0.43107  0.368E-04  0.184E-02  0.993E+00  0.1000  1.0895 
    110   23.8    34     5      0  0.694  1.00693  0.99440  0.43081  0.411E-04  0.193E-02  0.105E+01  0.1000  1.0906 
    111   24.6    36     5      0  0.700  1.00540  0.99489  0.43050  0.461E-04  0.180E-02  0.112E+01  0.1000  1.0903 
    112   25.3    42     5      0  0.707  1.00554  0.99525  0.43017  0.519E-04  0.169E-02  0.119E+01  0.1000  1.0904 
    113   26.2    47     5      0  0.713  1.00817  0.99566  0.42986  0.587E-04  0.159E-02  0.126E+01  0.1000  1.0921 
    114   27.1    54     5      0  0.719  1.00911  0.99632  0.42955  0.666E-04  0.139E-02  0.133E+01  0.1000  1.1011 
    115   28.5    69     5      0  0.726  1.00696  0.99711  0.42923  0.755E-04  0.114E-02  0.142E+01  0.1000  1.1133 
    116   30.1    89     5      0  0.732  1.00642  0.99766  0.42894  0.842E-04  0.952E-03  0.150E+01  0.1000  1.1321 
    117   32.3   111     5      0  0.739  1.00448  0.99807  0.42870  0.902E-04  0.812E-03  0.159E+01  0.1000  1.1393 
    118   34.8   136     5      0  0.745  1.00292  0.99836  0.42850  0.958E-04  0.722E-03  0.169E+01  0.1000  1.1229 
    119   37.6   158     5      0  0.752  1.00174  0.99856  0.42836  0.102E-03  0.674E-03  0.180E+01  0.1000  1.1237 
    120   40.6   176     5      0  0.759  1.00114  0.99869  0.42827  0.111E-03  0.661E-03  0.191E+01  0.1000  1.1229 
    121   43.9   185     5      0  0.766  1.00102  0.99876  0.42824  0.122E-03  0.675E-03  0.202E+01  0.1000  1.1199 
    122   47.3   190     5      0  0.772  1.00092  0.99879  0.42828  0.139E-03  0.710E-03  0.215E+01  0.1000  1.1158 
    123   50.7   190     5      0  0.779  1.00078  0.99881  0.42840  0.163E-03  0.762E-03  0.228E+01  0.1000  1.1092 
    124   53.9   186     5      0  0.786  1.00064  0.99877  0.42860  0.194E-03  0.827E-03  0.242E+01  0.1000  1.1029 
    125   57.0   182     5      0  0.793  1.00050  0.99863  0.42889  0.233E-03  0.906E-03  0.256E+01  0.1000  1.0968 
    126   59.8   175     5      0  0.800  1.00037  0.99853  0.42928  0.283E-03  0.997E-03  0.272E+01  0.1000  1.0920 
    127   62.5   168     5      0  0.808  1.00025  0.99844  0.42978  0.346E-03  0.110E-02  0.289E+01  0.1000  1.0870 
MARCH_OK wrote volumeMesh_Lc_yp35.cgns
    128   65.0   162     5      0  0.815  1.00013  0.99837  0.43038  0.424E-03  0.122E-02  0.306E+01  0.1000  1.0836 
    129   67.5   155     5      0  0.822  1.00004  0.99831  0.43109  0.520E-03  0.135E-02  0.325E+01  0.1000  1.0805 
    130   69.8   149     5      0  0.830  0.99999  0.99825  0.43194  0.639E-03  0.150E-02  0.345E+01  0.1000  1.0780 
    131   72.0   142     5      0  0.837  0.99996  0.99820  0.43292  0.787E-03  0.166E-02  0.366E+01  0.1000  1.0762 
    132   74.1   136     5      0  0.844  0.99996  0.99815  0.43405  0.968E-03  0.184E-02  0.389E+01  0.1000  1.0749 
    133   76.2   131     5      0  0.852  0.99993  0.99810  0.43535  0.119E-02  0.203E-02  0.412E+01  0.1000  1.0739 
    134   78.1   125     5      0  0.860  0.99989  0.99806  0.43680  0.147E-02  0.225E-02  0.438E+01  0.1000  1.0731 
    135   80.0   120     5      0  0.867  0.99981  0.99801  0.43839  0.180E-02  0.249E-02  0.464E+01  0.1000  1.0724 
    136   81.9   115     5      0  0.875  0.99976  0.99797  0.44005  0.222E-02  0.275E-02  0.493E+01  0.1000  1.0717 
    137   83.8   110     5      0  0.883  0.99969  0.99793  0.44171  0.272E-02  0.304E-02  0.523E+01  0.1000  1.0710 
    138   85.6   107     5      0  0.891  0.99962  0.99790  0.44163  0.334E-02  0.335E-02  0.555E+01  0.1000  1.0703 
    139   87.3   102     5      0  0.899  0.99955  0.99786  0.44098  0.410E-02  0.369E-02  0.589E+01  0.1000  1.0696 
    140   88.9    99     5      0  0.907  0.99949  0.99783  0.44025  0.503E-02  0.407E-02  0.625E+01  0.1000  1.0693 
    141   90.5    95     5      0  0.915  0.99946  0.99781  0.43949  0.617E-02  0.447E-02  0.663E+01  0.1000  1.0692 
    142   92.0    92     5      0  0.923  0.99941  0.99778  0.43870  0.756E-02  0.491E-02  0.704E+01  0.1000  1.0694 
    143   93.5    88     5      0  0.931  0.99936  0.99776  0.43789  0.925E-02  0.538E-02  0.746E+01  0.1000  1.0694 
    144   94.9    86     5      0  0.940  0.99931  0.99774  0.43706  0.113E-01  0.589E-02  0.792E+01  0.1000  1.0694 
    145   96.3    84     5      0  0.948  0.99927  0.99772  0.43621  0.138E-01  0.644E-02  0.841E+01  0.1000  1.0694 
    146   97.5    81     5      0  0.957  0.99922  0.99770  0.43537  0.169E-01  0.704E-02  0.892E+01  0.1000  1.0694 
    147   98.6    79     5      0  0.965  0.99918  0.99768  0.43455  0.206E-01  0.769E-02  0.947E+01  0.1000  1.0694 
    148   99.6    76     5      0  0.974  0.99916  0.99766  0.43376  0.252E-01  0.838E-02  0.100E+02  0.1000  1.0694 
    149  100.7    75     5      0  0.982  0.99913  0.99764  0.43301  0.307E-01  0.913E-02  0.107E+02  0.1000  1.0693 
#-------------------------------------------------------------------------------------------------------------------#
# Grid | CPU  | Sub | KSP | nAvg |  Sl  | Sensor | Sensor | Min     | Min     |  deltaS  | March    | cMax  | Ratio |
# Lvl  | Time | Its | Its |      |      | Max    | Min    | Quality | Volume  |          | Distance |       | kMax  |
#-------------------------------------------------------------------------------------------------------------------#
    150  101.7    72     5      0  0.991  0.99911  0.99762  0.43232  0.374E-01  0.993E-02  0.113E+02  0.1000  1.0692 
    151  102.7    71     5      0  1.000  0.99908  0.99760  0.43169  0.456E-01  0.108E-01  0.120E+02  0.1000  1.0690 
