WARNING 7: VSPAERO Viewer Not Found. 
	Expected here: /home/dafoamuser/dafoam/packages/miniconda3/lib/python3.10/site-packages/openvsp/vspviewer
#--------------------#
 Total Nodes:    3358 
 Unique Nodes:   2819 
 Total Faces:    2784 
#--------------------#
 Normal orientation check ...
 Normals are consistent!
 Determining topology ...
 Topology complete.
#--------------------#
Grid Ratio:  1.2335 
#--------------------#
#-------------------------------------------------------------------------------------------------------------------#
# Grid | CPU  | Sub | KSP | nAvg |  Sl  | Sensor | Sensor | Min     | Min     |  deltaS  | March    | cMax  | Ratio |
# Lvl  | Time | Its | Its |      |      | Max    | Min    | Quality | Volume  |          | Distance |       | kMax  |
#-------------------------------------------------------------------------------------------------------------------#
      2    0.0     2     6      0  0.158  1.01551  0.19030  0.02282  0.157E-09  0.242E-03  0.420E-03  0.3186  0.0000 
      3    0.1     2     6      0  0.178  1.04379  0.26228 -0.07180  0.210E-09  0.293E-03  0.928E-03  0.2952  1.2498 
      4    0.1     2     6      0  0.192  1.00684  0.30116  0.12334  0.457E-09  0.354E-03  0.154E-02  0.2993  1.9047 
      5    0.1     2     6      0  0.203  1.00743  0.35168  0.20822  0.973E-09  0.429E-03  0.229E-02  0.3113  1.6397 
      6    0.1     2     6      0  0.214  1.00820  0.40198  0.24154  0.183E-08  0.519E-03  0.319E-02  0.3230  1.3745 
      7    0.1     3     6      0  0.228  1.00975  0.46950  0.27261  0.323E-08  0.690E-03  0.490E-02  0.3443  1.2928 
      8    0.2     2     6      0  0.237  1.01089  0.50677  0.30065  0.541E-08  0.835E-03  0.635E-02  0.3622  1.2436 
      9    0.2     2     6      0  0.246  1.01207  0.53499  0.31738  0.890E-08  0.101E-02  0.811E-02  0.3833  1.2373 
     10    0.2     2     6      0  0.254  1.01322  0.55508  0.32419  0.142E-07  0.122E-02  0.102E-01  0.4078  1.2345 
     11    0.2     2     6      0  0.263  1.01423  0.57240  0.32923  0.222E-07  0.148E-02  0.128E-01  0.4359  1.2346 
     12    0.2     2     6      0  0.272  1.01491  0.58798  0.33327  0.345E-07  0.179E-02  0.159E-01  0.4678  1.2346 
     13    0.2     2     6      0  0.281  1.01567  0.60220  0.33634  0.537E-07  0.217E-02  0.197E-01  0.5036  1.2346 
     14    0.3     3     6      0  0.294  1.01787  0.62141  0.33877  0.831E-07  0.288E-02  0.268E-01  0.5650  1.2346 
     15    0.3     2     6      0  0.303  1.01936  0.63279  0.34041  0.128E-06  0.349E-02  0.329E-01  0.6114  1.2346 
     16    0.3     2     6      0  0.312  1.02076  0.64288  0.34119  0.199E-06  0.422E-02  0.402E-01  0.6622  1.2346 
     17    0.3     2     6      0  0.322  1.02197  0.65122  0.34149  0.309E-06  0.511E-02  0.491E-01  0.7176  1.2370 
     18    0.3     2     6      0  0.332  1.02285  0.65737  0.34143  0.480E-06  0.618E-02  0.598E-01  0.7779  1.2391 
     19    0.4     3     7      0  0.347  1.02312  0.66594  0.34121  0.745E-06  0.823E-02  0.803E-01  0.8778  1.2408 
     20    0.4     2     7      0  0.357  1.02221  0.67165  0.34103  0.115E-05  0.996E-02  0.976E-01  0.9512  1.2419 
     21    0.4     2     7      0  0.367  1.02379  0.67734  0.34046  0.179E-05  0.120E-01  0.118E+00  1.0303  1.2427 
     22    0.4     2     8      0  0.378  1.02562  0.68300  0.33989  0.278E-05  0.146E-01  0.144E+00  1.1154  1.2432 
     23    0.5     2     8      0  0.389  1.02941  0.68894  0.33939  0.434E-05  0.176E-01  0.174E+00  1.2175  1.2432 
     24    0.5     3     9      0  0.407  1.03904  0.69760  0.33906  0.678E-05  0.235E-01  0.233E+00  1.3972  1.2427 
     25    0.5     2     9      0  0.418  1.04764  0.70359  0.33909  0.106E-04  0.284E-01  0.282E+00  1.5280  1.2441 
     26    0.5     2    10      0  0.431  1.05846  0.70965  0.33895  0.161E-04  0.344E-01  0.342E+00  1.7454  1.2442 
     27    0.5     2    10      0  0.443  1.07066  0.71562  0.33888  0.245E-04  0.416E-01  0.414E+00  1.9774  1.2450 
     28    0.6     2    11      0  0.456  1.08407  0.72132  0.33885  0.374E-04  0.503E-01  0.501E+00  2.2202  1.2485 
     29    0.6     3    12      0  0.476  1.10391  0.72894  0.33893  0.573E-04  0.670E-01  0.668E+00  2.6020  1.2521 
     30    0.6     2    13      0  0.490  1.11536  0.73275  0.33924  0.882E-04  0.811E-01  0.809E+00  2.8646  1.2557 
PYHYP_WROTE volumeMesh.xyz
     31    0.6     2    13      0  0.504  1.12449  0.73539  0.33925  0.136E-03  0.981E-01  0.979E+00  3.1322  1.2561 
     32    0.6     2    14      0  0.519  1.13678  0.73698  0.33923  0.211E-03  0.119E+00  0.118E+01  3.4044  1.2560 
     33    0.7     2    15      0  0.534  1.15127  0.73688  0.33884  0.330E-03  0.144E+00  0.143E+01  3.6810  1.2541 
     34    0.7     3    16      0  0.557  1.17738  0.73528  0.33785  0.516E-03  0.191E+00  0.191E+01  4.1047  1.2492 
     35    0.7     2    18      0  0.574  1.18356  0.73551  0.33722  0.810E-03  0.231E+00  0.231E+01  4.3935  1.2424 
     36    0.7     2    19      0  0.590  1.17616  0.73825  0.33638  0.128E-02  0.280E+00  0.280E+01  4.6892  1.2323 
     37    0.8     2    20      0  0.607  1.15084  0.74483  0.33517  0.202E-02  0.330E+00  0.338E+01  5.0000  1.2355 
     38    0.8     3    16      0  0.628  1.10290  0.78978  0.32408  0.348E-02  0.309E+00  0.424E+01  5.0000  1.3126 
     39    0.8     3    15      0  0.645  1.06436  0.83099  0.30704  0.651E-02  0.296E+00  0.505E+01  5.0000  1.3670 
     40    0.9     5    14      0  0.668  1.01923  0.87174  0.29324  0.128E-01  0.288E+00  0.637E+01  5.0000  1.3620 
     41    0.9     5    13      0  0.687  0.99398  0.89011  0.28503  0.258E-01  0.294E+00  0.769E+01  5.0000  1.3395 
     42    1.0     6    13      0  0.707  0.97788  0.90398  0.28246  0.519E-01  0.313E+00  0.935E+01  5.0000  1.3089 
     43    1.1     8    13      0  0.733  0.96439  0.91551  0.28362  0.103E+00  0.357E+00  0.118E+02  5.0000  1.2840 
     44    1.1     7    14      0  0.754  0.95931  0.92198  0.28666  0.200E+00  0.412E+00  0.143E+02  5.0000  1.2654 
     45    1.2     8    14      0  0.778  0.95594  0.92708  0.29026  0.379E+00  0.495E+00  0.176E+02  5.0000  1.2530 
     46    1.3     9    14      0  0.805  0.95433  0.93102  0.29373  0.678E+00  0.622E+00  0.222E+02  5.0000  1.2441 
     47    1.4     8    14      0  0.831  0.95380  0.93355  0.29675  0.123E+01  0.773E+00  0.273E+02  5.0000  1.2379 
     48    1.4     8    14      0  0.857  0.95309  0.93400  0.29920  0.226E+01  0.971E+00  0.337E+02  5.0000  1.2336 
     49    1.5     7    14      0  0.882  0.95241  0.93354  0.30110  0.417E+01  0.120E+01  0.407E+02  5.0000  1.2305 
#-------------------------------------------------------------------------------------------------------------------#
# Grid | CPU  | Sub | KSP | nAvg |  Sl  | Sensor | Sensor | Min     | Min     |  deltaS  | March    | cMax  | Ratio |
# Lvl  | Time | Its | Its |      |      | Max    | Min    | Quality | Volume  |          | Distance |       | kMax  |
#-------------------------------------------------------------------------------------------------------------------#
     50    1.6     8    15      0  0.912  0.95166  0.93338  0.30252  0.751E+01  0.153E+01  0.507E+02  5.0000  1.2282 
     51    1.7     7    15      0  0.939  0.95184  0.93338  0.30350  0.132E+02  0.191E+01  0.618E+02  5.0000  1.2264 
     52    1.8     8    15      0  0.972  0.95236  0.93364  0.30413  0.232E+02  0.249E+01  0.780E+02  5.0000  1.2252 
     53    1.9     7    15      0  1.003  0.95275  0.93400  0.30445  0.406E+02  0.316E+01  0.961E+02  5.0000  1.2244 
