IDWARP_IMPORTED_FROM: /home/dafoamuser/dafoam/packages/miniconda3/lib/python3.10/site-packages/idwarp/__init__.py
--- baseline objective (first TP1) ---
TP1: 2869.524210823638 final: 2869.524210823638
--- final Total Derivatives table ---
Total Derivatives
-----------------

  Full Model: 'OBJ.val' wrt 'shapexUpper'
    Analytic Magnitude: 1.938364e+01
          Fd Magnitude: 3.340851e+01 (fd:central)
    Absolute Error (Jan - Jfd) : 1.558097e+01 *

    Relative Error (Jan - Jfd) / Jfd : 4.663773e-01 *

    MPI Rank 0

    Raw Analytic Derivative (Jfor)
[[  0.23711358  -0.43555559  -0.41765751   1.96883727  -0.10505221
   -1.3953011    1.61077383   0.90578111  -0.84337258   7.81935558
    4.80044882   3.90871135  -4.43512493  -0.91203487   0.55598334
  -13.86041673  -3.77483865  -0.62881205  -4.33825856  -0.94864214
    1.90894278  -1.78264732  -1.17260622  -2.25173312  -0.96908608
    0.74690602  -1.95653977]]

    Raw FD Derivative (Jfd)
[[  0.11014272  -0.46795044  -0.41318594   0.70507069  -0.43988042
   -1.21264221   1.36334461   1.32813824   0.78391094  11.56847782
    7.26987125   8.17581134 -10.30517542  -1.25570429   4.64654844
  -24.27272214  -4.30296296   2.90530257  -8.3270225   -0.35516609
    4.82273715  -3.07833484  -0.94309108  -1.37501596  -1.05939121
    0.7642915   -1.90571577]]
 - - - - - - - - - - - - - - - - - - - - - - - - - - - - - -
Finalising parallel run
Finalising parallel run
