IDWARP_IMPORTED_FROM: /patch/idwarp/idwarp/__init__.py
--- baseline objective (first TP1) ---
TP1: 2869.524210823638 final: 2869.524210823638
--- final Total Derivatives table ---
Total Derivatives
-----------------

  Full Model: 'OBJ.val' wrt 'shapexUpper'
    Analytic Magnitude: 3.350432e+01
          Fd Magnitude: 3.340851e+01 (fd:central)
    Absolute Error (Jan - Jfd) : 7.474091e-01 *

    Relative Error (Jan - Jfd) / Jfd : 2.237182e-02 *

    MPI Rank 2

    Raw Analytic Derivative (Jfor)
[[  0.1158186   -0.46064884  -0.40688122   0.70862544  -0.42805026
   -1.20611725   1.37216526   1.33298754   0.78790074  11.57052904
    7.27577794   8.17405245 -10.29541057  -1.24697995   4.68928065
  -24.25642805  -5.04787848   2.91313528  -8.3193169   -0.34628578
    4.83905816  -3.07161465  -0.93517536  -1.35750888  -1.05637443
    0.77108483  -1.89917091]]

    Raw FD Derivative (Jfd)
[[  0.11014272  -0.46795044  -0.41318594   0.70507069  -0.43988042
   -1.21264221   1.36334461   1.32813824   0.78391094  11.56847782
    7.26987125   8.17581134 -10.30517542  -1.25570429   4.64654844
  -24.27272214  -4.30296296   2.90530257  -8.3270225   -0.35516609
    4.82273715  -3.07833484  -0.94309108  -1.37501596  -1.05939121
    0.7642915   -1.90571577]]
 - - - - - - - - - - - - - - - - - - - - - - - - - - - - - -
Finalising parallel run
Finalising parallel run
