START Thu Jul 30 15:32:23 UTC 2026
built /home/ubuntu/Certonomous/demo-output/website/dafoam/f6d_random_matrix_uq/ens/null
launched null
done null
all launched/finished
NULL done Thu Jul 30 15:34:59 UTC 2026
built /home/ubuntu/Certonomous/demo-output/website/dafoam/f6d_random_matrix_uq/ens/corner_oneC
built /home/ubuntu/Certonomous/demo-output/website/dafoam/f6d_random_matrix_uq/ens/corner_twoC
built /home/ubuntu/Certonomous/demo-output/website/dafoam/f6d_random_matrix_uq/ens/corner_threeC
launched corner_oneC
launched corner_twoC
launched corner_threeC
done corner_oneC
done corner_twoC
done corner_threeC
all launched/finished
CORNERS done Thu Jul 30 15:41:43 UTC 2026
built /home/ubuntu/Certonomous/demo-output/website/dafoam/f6d_random_matrix_uq/signdemo/f6asign_threeC
built /home/ubuntu/Certonomous/demo-output/website/dafoam/f6d_random_matrix_uq/signdemo/corrected_threeC
done
SIGNDEMO done Thu Jul 30 15:48:01 UTC 2026
