[2026-08-08T23:10:06Z] FPE diagnosis arm starting (prereg FPE_DIAG_PREREGISTRATION.md)
[2026-08-08T23:11:16Z] FPE diagnosis arm starting (prereg FPE_DIAG_PREREGISTRATION.md)
[2026-08-08T23:11:20Z] HP1: crashed=True fatal=['S1 floating point exception'] last_iter=13 0.065 core-min
[2026-08-08T23:11:20Z] [tmr:coarse] blockMesh started
[2026-08-08T23:11:20Z] [tmr:coarse] blockMesh finished in 0.3 s
[2026-08-08T23:11:20Z] [tmr:coarse] checkMesh started
[2026-08-08T23:11:21Z] [tmr:coarse] checkMesh finished in 0.3 s
[2026-08-08T23:11:23Z] BP1: crashed=True fatal=['S1 floating point exception'] last_iter=44 0.043 core-min
[2026-08-08T23:11:23Z] [tmr:coarse] blockMesh started
[2026-08-08T23:11:24Z] [tmr:coarse] blockMesh finished in 0.3 s
[2026-08-08T23:11:24Z] [tmr:coarse] checkMesh started
[2026-08-08T23:11:24Z] [tmr:coarse] checkMesh finished in 0.3 s
[2026-08-08T23:11:26Z] BP2: crashed=True fatal=['S1 floating point exception'] last_iter=38 0.036 core-min
[2026-08-08T23:14:24Z] HL1: crashed=False fatal=[] last_iter=3000 2.963 core-min
[2026-08-08T23:14:24Z] [tmr:coarse] blockMesh started
[2026-08-08T23:14:24Z] [tmr:coarse] blockMesh finished in 0.3 s
[2026-08-08T23:14:24Z] [tmr:coarse] checkMesh started
[2026-08-08T23:14:24Z] [tmr:coarse] checkMesh finished in 0.3 s
[2026-08-08T23:14:50Z] BL1: crashed=False fatal=[] last_iter=2000 0.43 core-min
[2026-08-08T23:14:50Z] FPE diagnosis arm complete
