WARNING 7: VSPAERO Viewer Not Found. 
	Expected here: /home/dafoamuser/dafoam/packages/miniconda3/lib/python3.10/site-packages/openvsp/vspviewer
WARNING 7: VSPAERO Viewer Not Found. 
	Expected here: /home/dafoamuser/dafoam/packages/miniconda3/lib/python3.10/site-packages/openvsp/vspviewer
 
-------------------------------------------------------------------------------
|                               DAFoam v5.0.0                                 |
-------------------------------------------------------------------------------
 
/*---------------------------------------------------------------------------*\
| =========                 |                                                 |
| \\      /  F ield         | OpenFOAM: The Open Source CFD Toolbox           |
|  \\    /   O peration     | Version:  2506                                  |
|   \\  /    A nd           | Website:  www.openfoam.com                      |
|    \\/     M anipulation  |                                                 |
\*---------------------------------------------------------------------------*/
Build  : _615aae61d7-20250627 OPENFOAM=2506 version=v2506
Arch   : "LSB;label=32;scalar=64"
Exec   : decomposePar
Date   : Jul 28 2026
Time   : 04:55:57
Host   : ip-172-31-43-247
PID    : 267
I/O    : uncollated
Case   : /home/dafoamuser/mount/ladder-a1-naca0012
nProcs : 1
trapFpe: Floating point exception trapping enabled (FOAM_SIGFPE).
fileModificationChecking : Monitoring run-time modified files using timeStampMaster (fileModificationSkew 5, maxFileModificationPolls 20)
allowSystemOperations : Allowing user-supplied system call operations

// * * * * * * * * * * * * * * * * * * * * * * * * * * * * * * * * * * * * * //
Create time

Overriding DebugSwitches according to controlDict
    SolverPerformance 0;



Decomposing mesh

Create mesh

Calculating distribution of cells
Decomposition method scotch [2] (region region0)

Finished decomposition in 0 s

Calculating original mesh data

Distributing cells to processors

Distributing faces to processors

Distributing points to processors

Constructing processor meshes
Overriding DebugSwitches according to controlDict
    SolverPerformance 0;


Processor 0
    Number of cells = 2016
    Number of points = 4224
    Number of faces shared with processor 1 = 64
    Number of processor patches = 1
    Number of processor faces = 64
    Number of boundary faces = 4158
Overriding DebugSwitches according to controlDict
    SolverPerformance 0;


Processor 1
    Number of cells = 2016
    Number of points = 4224
    Number of faces shared with processor 0 = 64
    Number of processor patches = 1
    Number of processor faces = 64
    Number of boundary faces = 4158

Number of processor faces = 64
Max number of cells = 2016 (0% above average 2016)
Max number of processor patches = 1 (0% above average 1)
Max number of faces between processors = 64 (0% above average 64)

Time = 0

Processor 0: field transfer
Overriding DebugSwitches according to controlDict
    SolverPerformance 0;

Processor 1: field transfer
Overriding DebugSwitches according to controlDict
    SolverPerformance 0;


End

I/O    : uncollated
Case   : /home/dafoamuser/mount/ladder-a1-naca0012
nProcs : 2
Hosts  :
(
    (ip-172-31-43-247 2)
)
Pstream initialized with:
    node communication : off [type=host] (2 ranks, 1 nodes)
    topology controls  : none
    consensus exchange : 0 (tuning: 0)
    exchange algorithm : 0
    commsType          : nonBlocking
    polling iterations : 0
Initializing mesh and runtime for DASolver
Create time

Overriding DebugSwitches according to controlDict
    SolverPerformance 0;

Create mesh for time = 0
Replacing wallDist.method meshWave -> meshWaveFrozen
DAOption created. DASolver initialized.
[1] UPstream::init : could not attach buffer
[0] UPstream::init : could not attach buffer
I/O    : uncollated
Case   : /home/dafoamuser/mount/ladder-a1-naca0012
nProcs : 2
Hosts  :
(
    (ip-172-31-43-247 2)
)
Pstream initialized with:
    node communication : off [type=host] (2 ranks, 1 nodes)
    topology controls  : none
    consensus exchange : 0 (tuning: 0)
    exchange algorithm : 0
    commsType          : nonBlocking
    polling iterations : 0
Initializing mesh and runtime for DASolver
Create time

Overriding DebugSwitches according to controlDict
    SolverPerformance 0;

Create mesh for time = 0
Replacing wallDist.method meshWave -> meshWaveFrozen
DAOption created. DASolver initialized.
Initializing fields for DASimpleFoam
Create simpleControl.

SIMPLE: no convergence criteria found. Calculations will run for 1000 steps.

Reading field p

Reading field U

Reading/calculating face flux field phi

Creating source term. 
Selecting incompressible transport model Newtonian
Selecting turbulence model type RAS
Selecting RAS turbulence model SpalartAllmaras
Selecting patchDistMethod meshWaveFrozen
ft2 term: inactive
No MRF models present

Turbulence model is incompressible
Adjoint States: 
4
(
U volVectorState
nuTilda modelState
phi surfaceScalarState
p volScalarState
)
Global Cells: 4032
Global Faces: 16318
Global Xv: 25344
Undecomposed points: 8316
Global Adjoint States: 36478

SIMPLE: no convergence criteria found. Calculations will run for 1000 steps.

DACheckMesh Thresholds: 
maxNonOrth: 70
maxSkewness: 4
maxAspectRatio: 1000
maxIncorrectlyOrientedFaces: 0
    Adding all faces of patches: (wing) ...
    Found matching patch wing with 126 faces
    Adding all faces of patches: (wing) ...
    Found matching patch wing with 126 faces
Initializing fields for DASimpleFoam
Create simpleControl.

SIMPLE: no convergence criteria found. Calculations will run for 1000 steps.

Reading field p

Reading field U

Reading/calculating face flux field phi

Creating source term. 
Selecting incompressible transport model Newtonian
Selecting turbulence model type RAS
Selecting RAS turbulence model SpalartAllmaras
Selecting patchDistMethod meshWaveFrozen
ft2 term: inactive
No MRF models present

Turbulence model is incompressible
Adjoint States: 
4
(
U volVectorState
nuTilda modelState
phi surfaceScalarState
p volScalarState
)
Global Cells: 4032
Global Faces: 16318
Global Xv: 25344
Undecomposed points: 8316
Global Adjoint States: 36478

SIMPLE: no convergence criteria found. Calculations will run for 1000 steps.

DACheckMesh Thresholds: 
maxNonOrth: 70
maxSkewness: 4
maxAspectRatio: 1000
maxIncorrectlyOrientedFaces: 0
    Adding all faces of patches: (wing) ...
    Found matching patch wing with 126 faces
    Adding all faces of patches: (wing) ...
    Found matching patch wing with 126 faces
Init solver done! ElapsedClockTime 0.000000 s
Init solver done! ElapsedCpuTime 0.280000 s
initState: 
6
(
nuTilda 4.500000000000217e-05
phi 0
U1 0
U2 0
p 0
U0 10.00000000000015
)
Setting up primal boundary conditions based on pyOptions: 
Setting primal boundary conditions...
Setting U = (10 0 0) at inout
Setting primal boundary conditions...
Setting p = 0 at inout
Setting primal boundary conditions...
Setting nuTilda = 4.5e-05 at inout
Setting nut wall BC for wing. BCType=nutUSpaldingWallFunction
Reading OpenFOAM mesh information...
I/O    : uncollated
Case   : /home/dafoamuser/mount/ladder-a1-naca0012
nProcs : 2
Hosts  :
(
    (ip-172-31-43-247 2)
)
Pstream initialized with:
    node communication : off [type=host] (2 ranks, 1 nodes)
    topology controls  : none
    consensus exchange : 0 (tuning: 0)
    exchange algorithm : 0
    commsType          : nonBlocking
    polling iterations : 0
Reading the OpenFOAM mesh..
Overriding DebugSwitches according to controlDict
    SolverPerformance 0;

Checking if we need to compress the mesh files
Checking if we need to compress the mesh files
Finalising parallel run
I/O    : uncollated
DAFoam option dictionary: 
{
    solverName      DASimpleFoam;
    primalMinResTol 1e-08;
    primalFuncStdTol
    {
        stdTol          -1;
        slopeTol        -1;
        funcNames       1 ( CD );
        nStepsFrac      0.2;
    }
    primalBC
    {
        U0
        {
            variable        U;
            patches         1 ( inout );
            value           3 ( 10 0 0 );
        }
        p0
        {
            variable        p;
            patches         1 ( inout );
            value           1 ( 0 );
        }
        nuTilda0
        {
            variable        nuTilda;
            patches         1 ( inout );
            value           1 ( 4.5e-05 );
        }
        useWallFunction 1;
    }
    primalInitCondition
    {
    }
    normalizeStates
    {
        U               10;
        p               50;
        nuTilda         0.00045;
        phi             1;
    }
    function
    {
        CD
        {
            type            force;
            source          patchToFace;
            patches         1 ( wing );
            directionMode   parallelToFlow;
            patchVelocityInputName patchV;
            scale           0.2;
        }
        CL
        {
            type            force;
            source          patchToFace;
            patches         1 ( wing );
            directionMode   normalToFlow;
            patchVelocityInputName patchV;
            scale           0.2;
        }
    }
    inputInfo
    {
        aero_vol_coords
        {
            type            volCoord;
            components      2 ( solver function );
        }
        patchV
        {
            type            patchVelocity;
            patches         1 ( inout );
            flowAxis        x;
            normalAxis      y;
            components      2 ( solver function );
        }
    }
    outputInfo
    {
    }
    designSurfaces  1 ( wing );
    fvSource
    {
    }
    prepareCaseOnly 0;
    adjEqnSolMethod Krylov;
    dynamicMesh
    {
        active          0;
        mode            rotation;
        center          3 ( 0.25 0 0 );
        axis            z;
        omega           0.1;
        s               2;
        t0              0.35;
    }
    primalVarBounds
    {
        UMax            1000;
        UMin            -1000;
        pMax            50000;
        pMin            -50000;
        p_rghMax        50000;
        p_rghMin        -50000;
        eMax            55000;
        eMin            -220000;
        TMax            1000;
        TMin            100;
        hMax            200000;
        hMin            -200000;
        DMax            1e+16;
        DMin            -1e+16;
        rhoMax          5;
        rhoMin          0.2;
        nuTildaMax      1e+16;
        nuTildaMin      1e-16;
        kMax            1e+16;
        kMin            1e-16;
        omegaMax        1e+16;
        omegaMin        1e-16;
        epsilonMax      1e+16;
        epsilonMin      1e-16;
        ReThetatMax     1e+16;
        ReThetatMin     1e-16;
        gammaIntMax     1e+16;
        gammaIntMin     1e-16;
    }
    discipline      aero;
    adjPartDerivFDStep
    {
        State           1e-06;
    }
    transonicPCOption -1;
    unsteadyAdjoint
    {
        mode            None;
        PCMatPrecomputeInterval 100;
        PCMatUpdateInterval 1;
        reduceIO        1;
        additionalOutput 1 ( None );
        additionalOldTime 1 ( None );
        readZeroFields  1;
    }
    adjPCLag        10000;
    useAD
    {
        mode            reverse;
        dvName          None;
        seedIndex       -9999;
    }
    useConstrainHbyA 1;
    forceMeshWaveFrozen 1;
    useDdtCorr      0;
    regressionModel
    {
        active          0;
    }
    useMeanStates   0;
    solveLinearFunctionName None;
    printDAOptions  1;
    debug           0;
    writeJacobians  1 ( None );
    printInterval   100;
    printIntervalUnsteady 1;
    primalMinResTolDiff 100;
    adjUseColoring  1;
    adjEqnOption
    {
        globalPCIters   0;
        asmOverlap      1;
        localPCIters    1;
        jacMatReOrdering rcm;
        pcFillLevel     1;
        gmresMaxIters   1000;
        gmresRestart    1000;
        gmresRelTol     1e-06;
        gmresAbsTol     1e-14;
        gmresTolDiff    100;
        useNonZeroInitGuess 0;
        useMGSO         0;
        printInfo       1;
        fpMaxIters      1000;
        fpRelTol        1e-06;
        fpMinResTolDiff 100;
        fpPCUpwind      0;
        dynAdjustTol    0;
        KSPCalcEigen    0;
        KSPCalcSingularVal 0;
        readPCMat       0;
    }
    normalizeResiduals 11 ( URes pRes p_rghRes nuTildaRes phiRes TRes DRes kRes omegaRes epsilonRes alpha.waterRes );
    maxResConLv4JacPCMat
    {
        pRes            2;
        phiRes          1;
        URes            2;
        TRes            2;
        nuTildaRes      2;
        kRes            2;
        epsilonRes      2;
        omegaRes        2;
        p_rghRes        2;
        DRes            2;
        gammaIntRes     2;
        ReThetatRes     2;
        alpha.waterRes  2;
    }
    jacLowerBounds
    {
        dRdW            1e-30;
        dRdWPC          1e-30;
    }
    maxTractionBCIters 100;
    decomposeParDict
    {
        method          scotch;
        simpleCoeffs
        {
            n               3 ( 2 2 1 );
            delta           0.001;
        }
        kahipCoeffs
        {
            config          fast;
            imbalance       0.01;
        }
        preservePatches 1 ( None );
        singleProcessorFaceSets 1 ( None );
        args            1 ( None );
    }
    adjStateOrdering state;
    checkMeshThreshold
    {
        maxAspectRatio  1000;
        maxNonOrth      70;
        maxSkewness     4;
        maxIncorrectlyOrientedFaces 0;
    }
    writeDeformedFFDs 0;
    writeDeformedConstraints 0;
    writeAdjointFields 0;
    maxCorrectBCCalls 2;
    writeMinorIterations 0;
    primalMinIters  1;
    tensorflow
    {
        active          0;
    }
    wallDistanceMethod default;
    unsteadyCompOutput
    {
    }
}

pyDAFoam initialization done!
+----------------------------------------+
|          All IDWarp Options:           |
+----------------------------------------+
{'LdefFact': 1.0,
 'aExp': 3.0,
 'alpha': 0.25,
 'bExp': 5.0,
 'bucketSize': 8,
 'cornerAngle': 30.0,
 'errTol': 0.0005,
 'evalMode': 'fast',
 'fileType': 'OpenFOAM',
 'gridFile': '/home/dafoamuser/mount/ladder-a1-naca0012',
 'restartFile': None,
 'specifiedSurfaces': None,
 'symmTol': 1e-06,
 'symmetryPlanes': [[[0.0, 0.0, 0.0], [0.0, 0.0, 1.0]],
                    [[0.0, 0.0, 0.1], [0.0, 0.0, 1.0]]],
 'symmetrySurfaces': None,
 'useRotations': True,
 'zeroCornerRotations': True}
I/O    : uncollated
Case   : /home/dafoamuser/mount/ladder-a1-naca0012
nProcs : 2
Hosts  :
(
    (ip-172-31-43-247 2)
)
Pstream initialized with:
    node communication : off [type=host] (2 ranks, 1 nodes)
    topology controls  : none
    consensus exchange : 0 (tuning: 0)
    exchange algorithm : 0
    commsType          : nonBlocking
    polling iterations : 0
Reading the OpenFOAM mesh..
Overriding DebugSwitches according to controlDict
    SolverPerformance 0;

Checking if we need to compress the mesh files
Checking if we need to compress the mesh files
#------------------------------#
 Total Volume Nodes :      8448 
#------------------------------#
Finalising parallel run
I/O    : uncollated
+-------------------- Symmetry Planes -------------------+
|           Point                        Normal          |
| (  0.000   0.000   0.000)    (  0.000   0.000   1.000) |
| (  0.000   0.000   0.100)    (  0.000   0.000   1.000) |
+--------------------------------------------------------+
#--------------------------------#
 Unique Surface Nodes :       252 
#--------------------------------#
 Computing Denominator Estimate...
 Load Balancing...
 Finished Mesh Initialization.
OrderedDict([('inout', [0]), ('procBoundary0to1', [1]), ('symmetry1', [2]), ('symmetry2', [3]), ('wing', [4]), ('allSurfaces', [0, 1, 2, 3, 4]), ('allWalls', [4]), ('designSurfaces', [4])])
dRdWT Jacobian Free created!
/home/dafoamuser/dafoam/packages/miniconda3/lib/python3.10/site-packages/openmdao/core/component.py:140: OMDeprecationWarning:'scenario1.coupling.solver' <class DAFoamSolver>: It appears this component mixes distributed/non-distributed inputs and outputs, so it may break starting with OpenMDAO 3.25, where the convention used when passing data between distributed and non-distributed inputs and outputs within a matrix free component will change. See https://github.com/OpenMDAO/POEMs/blob/master/POEM_075.md for details.
/home/dafoamuser/dafoam/packages/miniconda3/lib/python3.10/site-packages/openmdao/core/component.py:140: OMDeprecationWarning:'scenario1.coupling.solver' <class DAFoamSolver>: It appears this component mixes distributed/non-distributed inputs and outputs, so it may break starting with OpenMDAO 3.25, where the convention used when passing data between distributed and non-distributed inputs and outputs within a matrix free component will change. See https://github.com/OpenMDAO/POEMs/blob/master/POEM_075.md for details.
/home/dafoamuser/dafoam/packages/miniconda3/lib/python3.10/site-packages/openmdao/core/component.py:140: OMDeprecationWarning:'scenario1.aero_post.functionals' <class DAFoamFunctions>: It appears this component mixes distributed/non-distributed inputs and outputs, so it may break starting with OpenMDAO 3.25, where the convention used when passing data between distributed and non-distributed inputs and outputs within a matrix free component will change. See https://github.com/OpenMDAO/POEMs/blob/master/POEM_075.md for details.
/home/dafoamuser/dafoam/packages/miniconda3/lib/python3.10/site-packages/openmdao/core/component.py:140: OMDeprecationWarning:'scenario1.aero_post.functionals' <class DAFoamFunctions>: It appears this component mixes distributed/non-distributed inputs and outputs, so it may break starting with OpenMDAO 3.25, where the convention used when passing data between distributed and non-distributed inputs and outputs within a matrix free component will change. See https://github.com/OpenMDAO/POEMs/blob/master/POEM_075.md for details.
/home/dafoamuser/dafoam/packages/miniconda3/lib/python3.10/site-packages/openmdao/core/problem.py:1011: DerivativesWarning:Inefficient choice of derivative mode.  You chose 'rev' for a problem with 10 design variables and 25 response variables (objectives and nonlinear constraints).
/home/dafoamuser/dafoam/packages/miniconda3/lib/python3.10/site-packages/openmdao/core/problem.py:1011: DerivativesWarning:Inefficient choice of derivative mode.  You chose 'rev' for a problem with 10 design variables and 25 response variables (objectives and nonlinear constraints).
DAInputVolCoord. 
Setting volume coordinates. 
DAInputPatchVelocity. 
Setting UMag = 10 AoA = 5.13918623195176 degs at 1(inout)
Checking mesh quality for time = 0
    Overall domain bounding box (-17.36955992934097 -18.580929029828 0) (18.72808974732804 18.580929008908 0.1)
    Mesh has 3 geometric (non-empty/wedge) directions (1 1 1)
    Mesh has 3 solution (non-empty) directions (1 1 1)
    Boundary openness (1.306540180385999e-19 -4.180928577235196e-19 5.672622979343512e-16) OK.
    Max cell openness = 2.647572244145361e-16 OK.
    Max aspect ratio = 97.87218721638284 OK.
    Minimum face area = 2.254099143164308e-06. Maximum face area = 4.224820321497278.  Face area magnitudes OK.
    Min volume = 2.254099144856892e-07. Max volume = 0.422482032106397.  Total volume = 105.2804018655528.  Cell volumes OK.
    Mesh non-orthogonality Max: 22.74891598092847 average: 2.547934581911865
    Non-orthogonality check OK.
    Face pyramids OK.
    Max skewness = 1.432464754647905 OK.
    Coupled point location match (average 0) OK.

Mesh OK.

Running Primal Solver 001
Previous solution time -1e+10 not found and nothing deleted.
No finite volume options present

Starting time loop

Time = 1

U0 initRes: 0.9999999999987094 finalRes: 0.08240773103290355 nIters: 7
U1 initRes: 1 finalRes: 0.08007995203822876 nIters: 7
U2 initRes: 0.9999999554390596 finalRes: 0.07268393220932351 nIters: 7
p initRes: 1 finalRes: 0.07187397990410722 nIters: 5
Time step continuity errors : sum local = 0.0005118255752470035
                                 global = -0.0002147973597912893
                             cumulative = -0.0002147973597912893
nuTilda initRes: 0.9999999999994288 finalRes: 0.07775220995390689 nIters: 7
Bounding nuTilda>1e-16
CD: 0.5134283813042979 final: 0.5134283813042979
CL: -0.04735005829205319 final: -0.04735005829205319
yPlus min: 48.427160900542 max: 83.46943413795927 mean: 78.5052645091826
ExecutionTime = 0.53 s  ClockTime = 0 s

Time = 100

U0 initRes: 0.0006511379032105874 finalRes: 4.821350669665884e-05 nIters: 6
U1 initRes: 0.0005602160955192194 finalRes: 5.513923276255421e-05 nIters: 5
U2 initRes: 0.001257053179405664 finalRes: 8.915904984469259e-05 nIters: 5
p initRes: 0.004572993158884976 finalRes: 0.0002985841256299898 nIters: 3
Time step continuity errors : sum local = 7.486274122170795e-06
                                 global = 2.955844809515611e-06
                             cumulative = -0.0002118415149817737
nuTilda initRes: 4.857441934071923e-05 finalRes: 4.159896838915736e-06 nIters: 2
Bounding nuTilda>1e-16
CD: 0.02195940525460195 final: 0.02195940525460195
CL: 0.4820488556561873 final: 0.4820488556561873
yPlus min: 14.76217836832865 max: 100.1804613092615 mean: 60.22718010574255
ExecutionTime = 1.04 s  ClockTime = 1 s

Time = 200

U0 initRes: 1.461712219358176e-05 finalRes: 1.174806869404198e-06 nIters: 6
U1 initRes: 1.200755024437199e-05 finalRes: 9.549773580137554e-07 nIters: 6
U2 initRes: 1.924826759307126e-05 finalRes: 1.695734256537362e-06 nIters: 5
p initRes: 1.708445654867035e-05 finalRes: 1.171929980820245e-06 nIters: 3
Time step continuity errors : sum local = 2.97930536082814e-08
                                 global = -4.564845611502323e-10
                             cumulative = -0.0002118419714663348
nuTilda initRes: 3.658825790524557e-07 finalRes: 3.58470881353768e-08 nIters: 4
Bounding nuTilda>1e-16
CD: 0.02094090710210191 final: 0.02094090710210191
CL: 0.498172600562674 final: 0.498172600562674
yPlus min: 14.26012555845825 max: 101.0569468598949 mean: 59.96225903599317
ExecutionTime = 1.55 s  ClockTime = 1 s

Time = 300

U0 initRes: 5.292272932750685e-07 finalRes: 4.213923210164576e-08 nIters: 6
U1 initRes: 4.64261735106737e-07 finalRes: 3.558179108521869e-08 nIters: 6
U2 initRes: 8.173396001410862e-07 finalRes: 6.111836559474882e-08 nIters: 5
p initRes: 9.932086205866696e-07 finalRes: 8.301870726667985e-08 nIters: 2
Time step continuity errors : sum local = 2.111694514612639e-09
                                 global = 5.005437607156939e-11
                             cumulative = -0.0002118419214119587
nuTilda initRes: 1.742450932730459e-08 finalRes: 1.465324231600644e-09 nIters: 4
Bounding nuTilda>1e-16
CD: 0.02091159378076924 final: 0.02091159378076924
CL: 0.4987468184647176 final: 0.4987468184647176
yPlus min: 14.24985836787034 max: 101.0842086106887 mean: 59.95703502496877
ExecutionTime = 2.06 s  ClockTime = 2 s

Time = 400

U0 initRes: 1.304874201737753e-08 finalRes: 9.648178152901668e-10 nIters: 6
U1 initRes: 1.050013925017425e-08 finalRes: 7.689918483276391e-10 nIters: 6
U2 initRes: 4.953544328305407e-08 finalRes: 4.792237090131385e-09 nIters: 5
p initRes: 3.250174177381142e-08 finalRes: 1.890504525044521e-09 nIters: 2
Time step continuity errors : sum local = 4.808840568242922e-11
                                 global = 3.215168439177059e-13
                             cumulative = -0.0002118419210904419
nuTilda initRes: 5.725655422898753e-10 finalRes: 4.273798481589864e-11 nIters: 4
Bounding nuTilda>1e-16
CD: 0.02091052898117485 final: 0.02091052898117485
CL: 0.4987649981000701 final: 0.4987649981000701
yPlus min: 14.24953306917098 max: 101.0851042561296 mean: 59.95687650896587
ExecutionTime = 2.56 s  ClockTime = 2 s

Time = 435
Minimal residual 9.646409714038222e-09 satisfied the prescribed tolerance 1e-08

CD: 0.0209105098587985 final: 0.0209105098587985
CL: 0.4987652667308054 final: 0.4987652667308054
End

Printing Primal Residual Statistics.
U Residual Norm2: (0.0002105327983258587 0.0002330165586608974 1.110205286501277e-12)
U Residual Mean: (1.5840547055946e-06 6.405153862492725e-07 8.466176891510717e-15)
U Residual Max: (5.405370757216588e-05 0.0001012390903269988 1.569068997107427e-13)
p Residual Norm2: 7.141263244826142e-05
p Residual Mean: 1.027564027778892e-07
p Residual Max: 3.259231539034248e-05
nuTilda Residual Norm2: 8.982893799957654e-08
nuTilda Residual Mean: 3.078842823559093e-10
nuTilda Residual Max: 1.687064342536775e-08
phi Residual Norm2: 3.229452109274434e-07
phi Residual Mean: 8.041198399928111e-10
phi Residual Max: 8.133465440628386e-08
Total Residual Norm2: 0.0003220569083518035
 
 
FDSWEEP step=1.0e-05 BASELINE_CD=2.091050985879850e-02
Computing d[CD]/d[aero_states]^T * psi 2.63 s
Computing d[CD]/d[aero_vol_coords]^T * psi 2.66 s
Computing d[CD]/d[patchV]^T * psi 2.85 s
Checking if Coloring file exists..
dRdWColoring_2.bin exists.
Moving time 435 to 0.0001
Driver total derivatives for iteration: 1
---------------------------------------------
Computing dRdWTPC 3.13 s
Initializing dRdWCon. 3.13 s
dRdWCon Created. 3.85 s
Reading Coloring dRdWColoring_2
Validating Coloring...
No Conflicting Colors Found!
Partial derivative matrix created. 3.88 s
dRdWTPC: 0 of 375, ExecutionTime: 3.89 s
dRdWTPC: 100 of 375, ExecutionTime: 4.62 s
dRdWTPC: 200 of 375, ExecutionTime: 5.34 s
dRdWTPC: 300 of 375, ExecutionTime: 6.06 s
dRdWTPC: 374 of 375, ExecutionTime: 6.58 s
Solver Type: gmres
GMRES Restart: 1000
ASM Overlap: 1
Global PC Iters: 0
Local PC Iters: 1
Mat ReOrdering: rcm
ILU PC Fill Level: 1
GMRES Max Iterations: 1000
GMRES Relative Tolerance: 1e-06
GMRES Absolute Tolerance: 1e-14
Solving Linear Equation... 6.39 s
Main iteration 0 KSP Residual norm 3.216467351428e-02 6.51 s. 
Main iteration 100 KSP Residual norm 1.160017526641e-05 8.86 s. 
Main iteration 164 KSP Residual norm 3.177553666748e-08 10.56 s 
**Completed**! Total iterations: 164. PetscConvergedReason: 2. 10.56 s
Residual tolerance satisfied, solution finished!
Computing d[aero_residuals]/d[aero_vol_coords]^T * psi 10.61 s
Computing d[aero_residuals]/d[patchV]^T * psi 10.92 s
FDSWEEP step=1.0e-05 ADJOINT idx=0 value=-1.134166189414765e-02
FDSWEEP step=1.0e-05 ADJOINT idx=1 value=-2.217954850367528e-02
FDSWEEP step=1.0e-05 ADJOINT idx=2 value=6.798534080782308e-03
FDSWEEP step=1.0e-05 ADJOINT idx=3 value=1.238018588499110e-02
FDSWEEP step=1.0e-05 ADJOINT idx=4 value=3.893834958886989e-02
FDSWEEP step=1.0e-05 ADJOINT idx=5 value=4.234249725549186e-02
FDSWEEP step=1.0e-05 ADJOINT idx=6 value=5.690764277189245e-03
FDSWEEP step=1.0e-05 ADJOINT idx=7 value=3.466797184914756e-03
/home/dafoamuser/dafoam/packages/miniconda3/lib/python3.10/site-packages/openmdao/core/problem.py:1011: DerivativesWarning:Inefficient choice of derivative mode.  You chose 'rev' for a problem with 10 design variables and 25 response variables (objectives and nonlinear constraints).
/home/dafoamuser/dafoam/packages/miniconda3/lib/python3.10/site-packages/openmdao/core/problem.py:1011: DerivativesWarning:Inefficient choice of derivative mode.  You chose 'rev' for a problem with 10 design variables and 25 response variables (objectives and nonlinear constraints).
DAInputVolCoord. 
Setting volume coordinates. 
DAInputPatchVelocity. 
Setting UMag = 10 AoA = 5.13918623195176 degs at 1(inout)
Checking mesh quality for time = 435
    Overall domain bounding box (-17.36955989185965 -18.58092685198381 0) (18.72808979285787 18.58093118522792 0.1)
    Mesh has 3 geometric (non-empty/wedge) directions (1 1 1)
    Mesh has 3 solution (non-empty) directions (1 1 1)
    Boundary openness (3.135696426919144e-19 -5.748776782685097e-19 -1.270387050492811e-15) OK.
    Max cell openness = 2.371554727398005e-16 OK.
    Max aspect ratio = 97.87218719478902 OK.
    Minimum face area = 2.254099143249849e-06. Maximum face area = 4.224820344535802.  Face area magnitudes OK.
    Min volume = 2.254099144943618e-07. Max volume = 0.4224820344102061.  Total volume = 105.2804020735841.  Cell volumes OK.
    Mesh non-orthogonality Max: 22.74891601121728 average: 2.547954790720782
    Non-orthogonality check OK.
    Face pyramids OK.
    Max skewness = 1.432464753624819 OK.
    Coupled point location match (average 0) OK.

Mesh OK.

Running Primal Solver 002
Previous solution time 435 found and deleted.
No finite volume options present

Starting time loop

Time = 1

U0 initRes: 7.957187594469588e-08 finalRes: 6.020847741991622e-09 nIters: 7
U1 initRes: 1.120384248590499e-07 finalRes: 8.302281648563371e-09 nIters: 7
U2 initRes: 0.7177403335275384 finalRes: 0.05387953925522361 nIters: 7
p initRes: 5.559129772613988e-06 finalRes: 4.38584021035692e-07 nIters: 5
Time step continuity errors : sum local = 1.11561752908206e-08
                                 global = -8.50560267947961e-09
                             cumulative = -0.0002118504266931214
nuTilda initRes: 2.495317206271328e-08 finalRes: 1.803514135817483e-09 nIters: 3
Bounding nuTilda>1e-16
CD: 0.02090404674574508 final: 0.02090404674574508
CL: 0.4988120209901656 final: 0.4988120209901656
yPlus min: 14.24973468457646 max: 101.0850833802844 mean: 59.95685782196043
ExecutionTime = 11.38 s  ClockTime = 11 s

Time = 100

U0 initRes: 8.931368490348581e-09 finalRes: 6.670068387369913e-10 nIters: 5
U1 initRes: 1.452017833422301e-08 finalRes: 9.625964808970918e-10 nIters: 5
U2 initRes: 4.266651540339228e-09 finalRes: 3.56619974286527e-10 nIters: 3
p initRes: 2.842651116547016e-07 finalRes: 2.125471895071808e-08 nIters: 2
Time step continuity errors : sum local = 5.406417528500945e-10
                                 global = -3.397508474333961e-11
                             cumulative = -0.0002118504606682061
nuTilda initRes: 3.31528067711413e-10 finalRes: 2.098971416830818e-11 nIters: 4
Bounding nuTilda>1e-16
CD: 0.02091040993780949 final: 0.02091040993780949
CL: 0.4987754606753227 final: 0.4987754606753227
yPlus min: 14.25013336195856 max: 101.0849881151301 mean: 59.95702412366711
ExecutionTime = 11.89 s  ClockTime = 12 s

Time = 145
Minimal residual 9.644046702650118e-09 satisfied the prescribed tolerance 1e-08

CD: 0.02091040591904696 final: 0.02091040591904696
CL: 0.4987756264370691 final: 0.4987756264370691
End

Printing Primal Residual Statistics.
U Residual Norm2: (9.205744012934576e-05 9.129127782133656e-05 1.080952750029059e-10)
U Residual Mean: (7.616128974439287e-07 2.999895494882999e-07 8.45082378312979e-13)
U Residual Max: (2.038688853644999e-05 3.22390724249999e-05 1.914224722135628e-11)
p Residual Norm2: 2.41095435518371e-05
p Residual Mean: 4.066919906749467e-08
p Residual Max: 1.036715356522492e-05
nuTilda Residual Norm2: 2.192295534648066e-08
nuTilda Residual Mean: 8.309696941049106e-11
nuTilda Residual Max: 3.919392691453598e-09
phi Residual Norm2: 1.344783716981652e-07
phi Residual Mean: 4.036003296382467e-10
phi Residual Max: 2.909958224479918e-08
Total Residual Norm2: 0.000131870991293607
 
 
/home/dafoamuser/dafoam/packages/miniconda3/lib/python3.10/site-packages/openmdao/core/problem.py:1011: DerivativesWarning:Inefficient choice of derivative mode.  You chose 'rev' for a problem with 10 design variables and 25 response variables (objectives and nonlinear constraints).
/home/dafoamuser/dafoam/packages/miniconda3/lib/python3.10/site-packages/openmdao/core/problem.py:1011: DerivativesWarning:Inefficient choice of derivative mode.  You chose 'rev' for a problem with 10 design variables and 25 response variables (objectives and nonlinear constraints).
DAInputVolCoord. 
Setting volume coordinates. 
DAInputPatchVelocity. 
Setting UMag = 10 AoA = 5.13918623195176 degs at 1(inout)
Checking mesh quality for time = 145
    Overall domain bounding box (-17.36955996518383 -18.58093120599183 0) (18.72808970021417 18.58092683094799 0.1)
    Mesh has 3 geometric (non-empty/wedge) directions (1 1 1)
    Mesh has 3 solution (non-empty) directions (1 1 1)
    Boundary openness (4.44223662261054e-19 -1.829156256369046e-19 -3.833790427211755e-16) OK.
    Max cell openness = 2.641079650538874e-16 OK.
    Max aspect ratio = 97.87218723813297 OK.
    Minimum face area = 2.254099143078385e-06. Maximum face area = 4.224820339817146.  Face area magnitudes OK.
    Min volume = 2.254099144769511e-07. Max volume = 0.4224820339557341.  Total volume = 105.2804016387657.  Cell volumes OK.
    Mesh non-orthogonality Max: 22.74891595203918 average: 2.547914382841979
    Non-orthogonality check OK.
    Face pyramids OK.
    Max skewness = 1.432464755680317 OK.
    Coupled point location match (average 0) OK.

Mesh OK.

Running Primal Solver 003
Previous solution time 145 found and deleted.
No finite volume options present

Starting time loop

Time = 1

U0 initRes: 1.590207014407255e-07 finalRes: 1.209104226865286e-08 nIters: 7
U1 initRes: 2.236113680586059e-07 finalRes: 1.657587293611445e-08 nIters: 7
U2 initRes: 0.003544307878561293 finalRes: 0.0002660648263436425 nIters: 7
p initRes: 1.111487663866405e-05 finalRes: 8.762997015813583e-07 nIters: 5
Time step continuity errors : sum local = 2.228988432771149e-08
                                 global = 1.69879974602681e-08
                             cumulative = -0.0002118334726707458
nuTilda initRes: 4.968690950815908e-08 finalRes: 3.591982216481648e-09 nIters: 3
Bounding nuTilda>1e-16
CD: 0.02092333621066805 final: 0.02092333621066805
CL: 0.4986821286615942 final: 0.4986821286615942
yPlus min: 14.24971713149315 max: 101.0850664069832 mean: 59.95705598604599
ExecutionTime = 12.34 s  ClockTime = 12 s

Time = 100

U0 initRes: 1.787272225595469e-08 finalRes: 1.328709630071837e-09 nIters: 5
U1 initRes: 2.90884922124506e-08 finalRes: 1.924070773909624e-09 nIters: 5
U2 initRes: 8.513949717333396e-09 finalRes: 7.04816656149182e-10 nIters: 3
p initRes: 5.699140564429821e-07 finalRes: 4.277802518718584e-08 nIters: 2
Time step continuity errors : sum local = 1.088159463557305e-09
                                 global = 7.355036377148935e-11
                             cumulative = -0.0002118333991203821
nuTilda initRes: 6.474540938509248e-10 finalRes: 4.0930095030928e-11 nIters: 4
Bounding nuTilda>1e-16
CD: 0.020910592891913 final: 0.020910592891913
CL: 0.498755444682549 final: 0.498755444682549
yPlus min: 14.24891691044461 max: 101.0852666836417 mean: 59.95672225093968
ExecutionTime = 12.84 s  ClockTime = 13 s

Time = 154
Minimal residual 9.845673863026234e-09 satisfied the prescribed tolerance 1e-08

CD: 0.02091060169983142 final: 0.02091060169983142
CL: 0.4987550839677714 final: 0.4987550839677714
End

Printing Primal Residual Statistics.
U Residual Norm2: (0.0001364478792342256 0.0001386917772012407 1.587541342137113e-10)
U Residual Mean: (1.153052109983608e-06 4.272271958824138e-07 1.252306151111261e-12)
U Residual Max: (3.070173443120439e-05 4.892655033472693e-05 2.902890601030499e-11)
p Residual Norm2: 3.627424502511042e-05
p Residual Mean: 5.753350989696637e-08
p Residual Max: 1.561775051498143e-05
nuTilda Residual Norm2: 3.548183961648589e-08
nuTilda Residual Mean: 1.370263536777655e-10
nuTilda Residual Max: 6.336723409155363e-09
phi Residual Norm2: 1.99924443820255e-07
phi Residual Mean: 5.736906249896347e-10
phi Residual Max: 4.393991947166681e-08
Total Residual Norm2: 0.0001979123414334426
 
 
FDSWEEP step=1.0e-05 FD idx=0 CD_plus=2.091040591904696e-02 CD_minus=2.091060169983142e-02 fd=-9.789039222968254e-03
/home/dafoamuser/dafoam/packages/miniconda3/lib/python3.10/site-packages/openmdao/core/problem.py:1011: DerivativesWarning:Inefficient choice of derivative mode.  You chose 'rev' for a problem with 10 design variables and 25 response variables (objectives and nonlinear constraints).
/home/dafoamuser/dafoam/packages/miniconda3/lib/python3.10/site-packages/openmdao/core/problem.py:1011: DerivativesWarning:Inefficient choice of derivative mode.  You chose 'rev' for a problem with 10 design variables and 25 response variables (objectives and nonlinear constraints).
DAInputVolCoord. 
Setting volume coordinates. 
DAInputPatchVelocity. 
Setting UMag = 10 AoA = 5.13918623195176 degs at 1(inout)
Checking mesh quality for time = 154
    Overall domain bounding box (-17.36955996555297 -18.58092686018278 0) (18.72808969972156 18.58093117704638 0.1)
    Mesh has 3 geometric (non-empty/wedge) directions (1 1 1)
    Mesh has 3 solution (non-empty) directions (1 1 1)
    Boundary openness (4.70354465898157e-19 -4.442236622371483e-19 9.71241547105218e-16) OK.
    Max cell openness = 2.514155533124309e-16 OK.
    Max aspect ratio = 97.87218721308599 OK.
    Minimum face area = 2.254099142991284e-06. Maximum face area = 4.224820348025508.  Face area magnitudes OK.
    Min volume = 2.254099144681482e-07. Max volume = 0.4224820347591554.  Total volume = 105.2804016418572.  Cell volumes OK.
    Mesh non-orthogonality Max: 22.74891579784483 average: 2.547914314952649
    Non-orthogonality check OK.
    Face pyramids OK.
    Max skewness = 1.432464754205323 OK.
    Coupled point location match (average 0) OK.

Mesh OK.

Running Primal Solver 004
Previous solution time 154 found and deleted.
No finite volume options present

Starting time loop

Time = 1

U0 initRes: 1.727838063051676e-07 finalRes: 1.314695970845981e-08 nIters: 7
U1 initRes: 2.344999746903942e-07 finalRes: 1.740643951454829e-08 nIters: 7
U2 initRes: 0.003079500661312464 finalRes: 0.0002327470733129875 nIters: 7
p initRes: 1.20188239462689e-05 finalRes: 8.89335502484229e-07 nIters: 4
Time step continuity errors : sum local = 2.262228518862197e-08
                                 global = 2.696504609063105e-09
                             cumulative = -0.000211830702615773
nuTilda initRes: 5.569271343606282e-08 finalRes: 3.768011718864735e-09 nIters: 3
Bounding nuTilda>1e-16
CD: 0.02091946414777954 final: 0.02091946414777954
CL: 0.4988432483727188 final: 0.4988432483727188
yPlus min: 14.24920146026627 max: 101.0850616866219 mean: 59.95675151184766
ExecutionTime = 13.33 s  ClockTime = 13 s

Time = 100

U0 initRes: 2.902702557843075e-08 finalRes: 2.102708992231658e-09 nIters: 5
U1 initRes: 4.230831222302676e-08 finalRes: 2.756459127244093e-09 nIters: 5
U2 initRes: 1.174961167769882e-07 finalRes: 2.539320798763481e-09 nIters: 2
p initRes: 7.773315276023238e-07 finalRes: 6.870159307679491e-08 nIters: 2
Time step continuity errors : sum local = 1.747568416586501e-09
                                 global = 2.055253651020948e-10
                             cumulative = -0.0002118304970904079
nuTilda initRes: 9.014386946790023e-10 finalRes: 5.581778450018591e-11 nIters: 4
Bounding nuTilda>1e-16
CD: 0.02091029586995641 final: 0.02091029586995641
CL: 0.4987784291870278 final: 0.4987784291870278
yPlus min: 14.2496892124872 max: 101.0835780226888 mean: 59.95739269706499
ExecutionTime = 13.85 s  ClockTime = 14 s

Time = 158
Minimal residual 9.323940494906823e-09 satisfied the prescribed tolerance 1e-08

CD: 0.02091031063873027 final: 0.02091031063873027
CL: 0.4987791593436702 final: 0.4987791593436702
End

Printing Primal Residual Statistics.
U Residual Norm2: (0.000168840772922495 0.000180899646420787 2.399836408834893e-10)
U Residual Mean: (1.429344998525631e-06 5.361350738072908e-07 1.804187253190874e-12)
U Residual Max: (3.985329476563493e-05 6.644441873504547e-05 5.539670277975887e-11)
p Residual Norm2: 4.783632929826644e-05
p Residual Mean: 7.309094492449891e-08
p Residual Max: 2.103933348644381e-05
nuTilda Residual Norm2: 4.60834890577739e-08
nuTilda Residual Mean: 1.772643487952981e-10
nuTilda Residual Max: 8.231419328642805e-09
phi Residual Norm2: 2.537685890634917e-07
phi Residual Mean: 7.117635267929203e-10
phi Residual Max: 5.795056443792374e-08
Total Residual Norm2: 0.0002520322788834911
 
 
/home/dafoamuser/dafoam/packages/miniconda3/lib/python3.10/site-packages/openmdao/core/problem.py:1011: DerivativesWarning:Inefficient choice of derivative mode.  You chose 'rev' for a problem with 10 design variables and 25 response variables (objectives and nonlinear constraints).
/home/dafoamuser/dafoam/packages/miniconda3/lib/python3.10/site-packages/openmdao/core/problem.py:1011: DerivativesWarning:Inefficient choice of derivative mode.  You chose 'rev' for a problem with 10 design variables and 25 response variables (objectives and nonlinear constraints).
DAInputVolCoord. 
Setting volume coordinates. 
DAInputPatchVelocity. 
Setting UMag = 10 AoA = 5.13918623195176 degs at 1(inout)
Checking mesh quality for time = 158
    Overall domain bounding box (-17.36955989149184 -18.58093119781885 0) (18.72808979335133 18.58092683910584 0.1)
    Mesh has 3 geometric (non-empty/wedge) directions (1 1 1)
    Mesh has 3 solution (non-empty) directions (1 1 1)
    Boundary openness (0 -4.442236605040564e-19 -5.45624631861818e-16) OK.
    Max cell openness = 2.482208651044198e-16 OK.
    Max aspect ratio = 97.87218721967847 OK.
    Minimum face area = 2.254099143336796e-06. Maximum face area = 4.224820336855895.  Face area magnitudes OK.
    Min volume = 2.254099145031674e-07. Max volume = 0.422482033659589.  Total volume = 105.2804020705074.  Cell volumes OK.
    Mesh non-orthogonality Max: 22.74891616372594 average: 2.547954858658544
    Non-orthogonality check OK.
    Face pyramids OK.
    Max skewness = 1.432464755090352 OK.
    Coupled point location match (average 0) OK.

Mesh OK.

Running Primal Solver 005
Previous solution time 158 found and deleted.
No finite volume options present

Starting time loop

Time = 1

U0 initRes: 2.127460209745212e-07 finalRes: 1.619185508594593e-08 nIters: 7
U1 initRes: 2.582661258917288e-07 finalRes: 1.905892923927014e-08 nIters: 7
U2 initRes: 0.00456019561818552 finalRes: 0.0003480170325717483 nIters: 7
p initRes: 1.430461538039678e-05 finalRes: 6.103455092522067e-07 nIters: 5
Time step continuity errors : sum local = 1.552541970825326e-08
                                 global = 8.205282456022333e-10
                             cumulative = -0.0002118296765621623
nuTilda initRes: 6.744832907796779e-08 finalRes: 5.540737373323744e-09 nIters: 3
Bounding nuTilda>1e-16
CD: 0.02087919702720048 final: 0.02087919702720048
CL: 0.4986907375182554 final: 0.4986907375182554
yPlus min: 14.24953659847353 max: 101.0839102588715 mean: 59.9573026504706
ExecutionTime = 14.36 s  ClockTime = 14 s

Time = 100

U0 initRes: 4.602378344486343e-08 finalRes: 2.919919146455252e-09 nIters: 5
U1 initRes: 7.047503344701305e-08 finalRes: 4.47958092977157e-09 nIters: 5
U2 initRes: 1.562340769738037e-07 finalRes: 3.848289475042654e-09 nIters: 2
p initRes: 1.091373302244477e-06 finalRes: 1.016913870142791e-07 nIters: 2
Time step continuity errors : sum local = 2.5866837459688e-09
                                 global = -1.521666057874178e-10
                             cumulative = -0.0002118298287287681
nuTilda initRes: 1.190366546671006e-09 finalRes: 7.722549092563696e-11 nIters: 4
Bounding nuTilda>1e-16
CD: 0.02091072771522445 final: 0.02091072771522445
CL: 0.4987525012798532 final: 0.4987525012798532
yPlus min: 14.24936174279173 max: 101.0866759311972 mean: 59.95635418081724
ExecutionTime = 14.87 s  ClockTime = 15 s

Time = 163
Minimal residual 8.60424061521625e-09 satisfied the prescribed tolerance 1e-08

CD: 0.02091069763858452 final: 0.02091069763858452
CL: 0.4987515355432079 final: 0.4987515355432079
End

Printing Primal Residual Statistics.
U Residual Norm2: (0.0001818838497640283 0.0001987241274406055 2.725022127750075e-10)
U Residual Mean: (1.556852424111027e-06 5.708609548371031e-07 2.049907625395708e-12)
U Residual Max: (4.530492242338369e-05 7.498540526285069e-05 6.389007175104042e-11)
p Residual Norm2: 5.380128771122644e-05
p Residual Mean: 7.977475512122267e-08
p Residual Max: 2.399604438843409e-05
nuTilda Residual Norm2: 5.390069246626755e-08
nuTilda Residual Mean: 2.054258773474195e-10
nuTilda Residual Max: 9.692301297860749e-09
phi Residual Norm2: 2.789157329475831e-07
phi Residual Mean: 7.576775408454632e-10
phi Residual Max: 6.503877324568317e-08
Total Residual Norm2: 0.0002747138017842292
 
 
FDSWEEP step=1.0e-05 FD idx=1 CD_plus=2.091031063873027e-02 CD_minus=2.091069763858452e-02 fd=-1.934999271265003e-02
/home/dafoamuser/dafoam/packages/miniconda3/lib/python3.10/site-packages/openmdao/core/problem.py:1011: DerivativesWarning:Inefficient choice of derivative mode.  You chose 'rev' for a problem with 10 design variables and 25 response variables (objectives and nonlinear constraints).
/home/dafoamuser/dafoam/packages/miniconda3/lib/python3.10/site-packages/openmdao/core/problem.py:1011: DerivativesWarning:Inefficient choice of derivative mode.  You chose 'rev' for a problem with 10 design variables and 25 response variables (objectives and nonlinear constraints).
DAInputVolCoord. 
Setting volume coordinates. 
DAInputPatchVelocity. 
Setting UMag = 10 AoA = 5.13918623195176 degs at 1(inout)
Checking mesh quality for time = 163
    Overall domain bounding box (-17.36955996003801 -18.58092700360064 0) (18.72808972550451 18.5809310340839 0.1)
    Mesh has 3 geometric (non-empty/wedge) directions (1 1 1)
    Mesh has 3 solution (non-empty) directions (1 1 1)
    Boundary openness (5.226160713007118e-19 9.145781247762459e-19 -8.301921269162055e-16) OK.
    Max cell openness = 2.68418575523663e-16 OK.
    Max aspect ratio = 97.87219001245788 OK.
    Minimum face area = 2.254099108730589e-06. Maximum face area = 4.224820346913369.  Face area magnitudes OK.
    Min volume = 2.254099110467799e-07. Max volume = 0.4224820346479601.  Total volume = 105.2804020410789.  Cell volumes OK.
    Mesh non-orthogonality Max: 22.7489245556226 average: 2.547945358277404
    Non-orthogonality check OK.
    Face pyramids OK.
    Max skewness = 1.432464887254234 OK.
    Coupled point location match (average 0) OK.

Mesh OK.

Running Primal Solver 006
Previous solution time 163 found and deleted.
No finite volume options present

Starting time loop

Time = 1

U0 initRes: 1.388829696612899e-07 finalRes: 1.046718956552688e-08 nIters: 7
U1 initRes: 1.783416161896635e-07 finalRes: 1.296154164004064e-08 nIters: 7
U2 initRes: 0.002649111953478818 finalRes: 0.000193282852703003 nIters: 7
p initRes: 1.074013130567007e-05 finalRes: 6.399849579805428e-07 nIters: 4
Time step continuity errors : sum local = 1.627900850757032e-08
                                 global = 1.585888643214088e-09
                             cumulative = -0.0002118282428401249
nuTilda initRes: 4.873472774353512e-08 finalRes: 3.600763729023115e-09 nIters: 3
Bounding nuTilda>1e-16
CD: 0.02092002585002209 final: 0.02092002585002209
CL: 0.4987947475492351 final: 0.4987947475492351
yPlus min: 14.24947320949064 max: 101.0864493415133 mean: 59.95638714236515
ExecutionTime = 15.4 s  ClockTime = 15 s

Time = 100

U0 initRes: 2.610418530072398e-08 finalRes: 1.950845327768846e-09 nIters: 5
U1 initRes: 3.765110145376845e-08 finalRes: 2.56791680497746e-09 nIters: 5
U2 initRes: 4.145723216228738e-08 finalRes: 3.825252902563392e-09 nIters: 2
p initRes: 5.775512502738669e-07 finalRes: 5.026272813516449e-08 nIters: 2
Time step continuity errors : sum local = 1.27851311047067e-09
                                 global = 1.846911816539791e-11
                             cumulative = -0.0002118282243710067
nuTilda initRes: 8.665210377613429e-10 finalRes: 5.422350000325749e-11 nIters: 4
Bounding nuTilda>1e-16
CD: 0.02091057401035845 final: 0.02091057401035845
CL: 0.4987767490589327 final: 0.4987767490589327
yPlus min: 14.24959118574611 max: 101.0851523190411 mean: 59.95687601567767
ExecutionTime = 15.91 s  ClockTime = 16 s

Time = 155
Minimal residual 9.808797153213083e-09 satisfied the prescribed tolerance 1e-08

CD: 0.02091058299004726 final: 0.02091058299004726
CL: 0.4987774397484856 final: 0.4987774397484856
End

Printing Primal Residual Statistics.
U Residual Norm2: (0.0001858649548234336 0.0002012284950627242 6.365068759939726e-11)
U Residual Mean: (1.584949250037075e-06 5.805648816748421e-07 4.484318734537311e-13)
U Residual Max: (4.517109846347012e-05 7.378560621873476e-05 1.229504658583117e-11)
p Residual Norm2: 5.340262417564668e-05
p Residual Mean: 8.032902674413457e-08
p Residual Max: 2.351047802903721e-05
nuTilda Residual Norm2: 5.344967019918831e-08
nuTilda Residual Mean: 2.044445019419146e-10
nuTilda Residual Max: 9.590289780090194e-09
phi Residual Norm2: 2.842619972415394e-07
phi Residual Mean: 7.855966458587947e-10
phi Residual Max: 6.481916431190415e-08
Total Residual Norm2: 0.0002790888972842266
 
 
/home/dafoamuser/dafoam/packages/miniconda3/lib/python3.10/site-packages/openmdao/core/problem.py:1011: DerivativesWarning:Inefficient choice of derivative mode.  You chose 'rev' for a problem with 10 design variables and 25 response variables (objectives and nonlinear constraints).
/home/dafoamuser/dafoam/packages/miniconda3/lib/python3.10/site-packages/openmdao/core/problem.py:1011: DerivativesWarning:Inefficient choice of derivative mode.  You chose 'rev' for a problem with 10 design variables and 25 response variables (objectives and nonlinear constraints).
DAInputVolCoord. 
Setting volume coordinates. 
DAInputPatchVelocity. 
Setting UMag = 10 AoA = 5.13918623195176 degs at 1(inout)
Checking mesh quality for time = 155
    Overall domain bounding box (-17.3695598977911 -18.58093105514939 0) (18.72808976827111 18.58092698285138 0.1)
    Mesh has 3 geometric (non-empty/wedge) directions (1 1 1)
    Mesh has 3 solution (non-empty) directions (1 1 1)
    Boundary openness (4.899525684919436e-19 0 -7.919004656603821e-16) OK.
    Max cell openness = 2.989111668473299e-16 OK.
    Max aspect ratio = 97.87218874304794 OK.
    Minimum face area = 2.254099177574848e-06. Maximum face area = 4.22482033396405.  Face area magnitudes OK.
    Min volume = 2.254099179222495e-07. Max volume = 0.4224820333704069.  Total volume = 105.2804016799123.  Cell volumes OK.
    Mesh non-orthogonality Max: 22.74892355240802 average: 2.54792381155195
    Non-orthogonality check OK.
    Face pyramids OK.
    Max skewness = 1.43246487550813 OK.
    Coupled point location match (average 0) OK.

Mesh OK.

Running Primal Solver 007
Previous solution time 155 found and deleted.
No finite volume options present

Starting time loop

Time = 1

U0 initRes: 8.60898842325268e-08 finalRes: 6.147283993396632e-09 nIters: 7
U1 initRes: 1.279031290132395e-07 finalRes: 8.996948005265886e-09 nIters: 7
U2 initRes: 0.0168055409001219 finalRes: 0.001665219201411098 nIters: 6
p initRes: 9.398023179440337e-06 finalRes: 5.830685210760436e-07 nIters: 5
Time step continuity errors : sum local = 1.483129699744781e-08
                                 global = -3.975460319870162e-10
                             cumulative = -0.0002118286219170387
nuTilda initRes: 5.171464196330688e-08 finalRes: 3.537916923665486e-09 nIters: 4
Bounding nuTilda>1e-16
CD: 0.0209223758297599 final: 0.0209223758297599
CL: 0.4987732238898661 final: 0.4987732238898661
yPlus min: 14.24952681676614 max: 101.0852558050449 mean: 59.95690248021934
ExecutionTime = 16.42 s  ClockTime = 16 s

Time = 100

U0 initRes: 1.032329455018064e-08 finalRes: 7.793400531307373e-10 nIters: 6
U1 initRes: 1.127241362134128e-08 finalRes: 1.124188302712116e-09 nIters: 5
U2 initRes: 1.237889808630012e-08 finalRes: 1.167319944078467e-09 nIters: 3
p initRes: 1.073943870550464e-07 finalRes: 5.807773150181897e-09 nIters: 3
Time step continuity errors : sum local = 1.477324348817273e-10
                                 global = -6.03989619183096e-12
                             cumulative = -0.0002118286279569349
nuTilda initRes: 5.598309525831508e-10 finalRes: 3.433676146424082e-11 nIters: 4
Bounding nuTilda>1e-16
CD: 0.02091040739855276 final: 0.02091040739855276
CL: 0.4987536104258064 final: 0.4987536104258064
yPlus min: 14.24946590599819 max: 101.0850840443076 mean: 59.95687330685499
ExecutionTime = 16.92 s  ClockTime = 17 s

Time = 137
Minimal residual 9.765481405199017e-09 satisfied the prescribed tolerance 1e-08

CD: 0.02091042458740422 final: 0.02091042458740422
CL: 0.4987532753673522 final: 0.4987532753673522
End

Printing Primal Residual Statistics.
U Residual Norm2: (0.0002331741754757576 0.0002497824055987161 7.475038732085976e-11)
U Residual Mean: (1.969211763493177e-06 7.595922848743488e-07 5.359870056616086e-13)
U Residual Max: (5.577576121140737e-05 9.161545312963426e-05 1.36068358073812e-11)
p Residual Norm2: 6.639106412271284e-05
p Residual Mean: 9.775030249778241e-08
p Residual Max: 2.93756757932471e-05
nuTilda Residual Norm2: 6.402792176582206e-08
nuTilda Residual Mean: 2.423670781331529e-10
nuTilda Residual Max: 1.154458693843486e-08
phi Residual Norm2: 3.519303868318718e-07
phi Residual Mean: 9.8455297101939e-10
phi Residual Max: 8.077778243032236e-08
Total Residual Norm2: 0.0003480938775752952
 
 
FDSWEEP step=1.0e-05 FD idx=2 CD_plus=2.091058299004726e-02 CD_minus=2.091042458740422e-02 fd=7.920132151853498e-03
/home/dafoamuser/dafoam/packages/miniconda3/lib/python3.10/site-packages/openmdao/core/problem.py:1011: DerivativesWarning:Inefficient choice of derivative mode.  You chose 'rev' for a problem with 10 design variables and 25 response variables (objectives and nonlinear constraints).
/home/dafoamuser/dafoam/packages/miniconda3/lib/python3.10/site-packages/openmdao/core/problem.py:1011: DerivativesWarning:Inefficient choice of derivative mode.  You chose 'rev' for a problem with 10 design variables and 25 response variables (objectives and nonlinear constraints).
DAInputVolCoord. 
Setting volume coordinates. 
DAInputPatchVelocity. 
Setting UMag = 10 AoA = 5.13918623195176 degs at 1(inout)
Checking mesh quality for time = 137
    Overall domain bounding box (-17.36955989827686 -18.58092701222705 0) (18.72808976752383 18.58093102547151 0.1)
    Mesh has 3 geometric (non-empty/wedge) directions (1 1 1)
    Mesh has 3 solution (non-empty) directions (1 1 1)
    Boundary openness (-1.43719420092702e-19 0 1.041184618546404e-15) OK.
    Max cell openness = 2.229241365323497e-16 OK.
    Max aspect ratio = 97.87218909910676 OK.
    Minimum face area = 2.254099178969654e-06. Maximum face area = 4.224820350151424.  Face area magnitudes OK.
    Min volume = 2.254099180646586e-07. Max volume = 0.4224820349717474.  Total volume = 105.2804016781018.  Cell volumes OK.
    Mesh non-orthogonality Max: 22.74892387764893 average: 2.547923809104236
    Non-orthogonality check OK.
    Face pyramids OK.
    Max skewness = 1.432464880233643 OK.
    Coupled point location match (average 0) OK.

Mesh OK.

Running Primal Solver 008
Previous solution time 137 found and deleted.
No finite volume options present

Starting time loop

Time = 1

U0 initRes: 9.267522553858903e-08 finalRes: 6.692888021045236e-09 nIters: 7
U1 initRes: 1.332462655916374e-07 finalRes: 9.441361358118048e-09 nIters: 7
U2 initRes: 0.01413304519330352 finalRes: 0.001367299400337023 nIters: 6
p initRes: 9.774060711505864e-06 finalRes: 4.799407619137411e-07 nIters: 4
Time step continuity errors : sum local = 1.220825914053346e-08
                                 global = -3.55158305764085e-10
                             cumulative = -0.0002118289831152406
nuTilda initRes: 5.259829915093316e-08 finalRes: 5.160936161080739e-09 nIters: 3
Bounding nuTilda>1e-16
CD: 0.02090948701642312 final: 0.02090948701642312
CL: 0.4987509545098301 final: 0.4987509545098301
yPlus min: 14.24950949342784 max: 101.0849439371134 mean: 59.95687139234528
ExecutionTime = 17.32 s  ClockTime = 17 s

Time = 100

U0 initRes: 1.015699002293766e-08 finalRes: 7.923118979513689e-10 nIters: 6
U1 initRes: 1.099687344448339e-08 finalRes: 7.401111667089946e-10 nIters: 6
U2 initRes: 2.314780518481326e-08 finalRes: 1.612288026784995e-09 nIters: 2
p initRes: 1.146358823191278e-07 finalRes: 9.406354798049661e-09 nIters: 2
Time step continuity errors : sum local = 2.392715237958142e-10
                                 global = -1.284045516460757e-11
                             cumulative = -0.0002118289959556958
nuTilda initRes: 5.623094673820229e-10 finalRes: 3.442746762909283e-11 nIters: 4
Bounding nuTilda>1e-16
CD: 0.02091064942170248 final: 0.02091064942170248
CL: 0.4987770372811007 final: 0.4987770372811007
yPlus min: 14.24952524002534 max: 101.0848446702641 mean: 59.9569309185488
ExecutionTime = 17.82 s  ClockTime = 18 s

Time = 139
Minimal residual 9.391290080279408e-09 satisfied the prescribed tolerance 1e-08

CD: 0.02091064039575479 final: 0.02091064039575479
CL: 0.4987774119470714 final: 0.4987774119470714
End

Printing Primal Residual Statistics.
U Residual Norm2: (0.0002248483350617393 0.0002418068982041258 7.290961938921374e-11)
U Residual Mean: (1.893930771255495e-06 7.130729369370949e-07 5.201950982135215e-13)
U Residual Max: (5.443721147457836e-05 8.944148248701822e-05 1.420796100776749e-11)
p Residual Norm2: 6.459462861685081e-05
p Residual Mean: 9.308511290624568e-08
p Residual Max: 2.864634962448981e-05
nuTilda Residual Norm2: 6.219646092188975e-08
nuTilda Residual Mean: 2.368975464477664e-10
nuTilda Residual Max: 1.114770409045091e-08
phi Residual Norm2: 3.378702530915129e-07
phi Residual Mean: 9.281440038517991e-10
phi Residual Max: 7.833865367305395e-08
Total Residual Norm2: 0.0003364519785496862
 
 
/home/dafoamuser/dafoam/packages/miniconda3/lib/python3.10/site-packages/openmdao/core/problem.py:1011: DerivativesWarning:Inefficient choice of derivative mode.  You chose 'rev' for a problem with 10 design variables and 25 response variables (objectives and nonlinear constraints).
/home/dafoamuser/dafoam/packages/miniconda3/lib/python3.10/site-packages/openmdao/core/problem.py:1011: DerivativesWarning:Inefficient choice of derivative mode.  You chose 'rev' for a problem with 10 design variables and 25 response variables (objectives and nonlinear constraints).
DAInputVolCoord. 
Setting volume coordinates. 
DAInputPatchVelocity. 
Setting UMag = 10 AoA = 5.13918623195176 degs at 1(inout)
Checking mesh quality for time = 139
    Overall domain bounding box (-17.36955995955637 -18.58093104655642 0) (18.72808972625725 18.58092699144028 0.1)
    Mesh has 3 geometric (non-empty/wedge) directions (1 1 1)
    Mesh has 3 solution (non-empty) directions (1 1 1)
    Boundary openness (-1.045232142588268e-19 -8.361857140706147e-19 -1.081372146508201e-15) OK.
    Max cell openness = 2.67666100188657e-16 OK.
    Max aspect ratio = 97.87218967120899 OK.
    Minimum face area = 2.254099107355078e-06. Maximum face area = 4.224820331521946.  Face area magnitudes OK.
    Min volume = 2.254099109063015e-07. Max volume = 0.4224820331261801.  Total volume = 105.2804020429459.  Cell volumes OK.
    Mesh non-orthogonality Max: 22.74892430186108 average: 2.547945360692044
    Non-orthogonality check OK.
    Face pyramids OK.
    Max skewness = 1.432464883000525 OK.
    Coupled point location match (average 0) OK.

Mesh OK.

Running Primal Solver 009
Previous solution time 139 found and deleted.
No finite volume options present

Starting time loop

Time = 1

U0 initRes: 1.122993196800842e-07 finalRes: 8.189383129710213e-09 nIters: 7
U1 initRes: 1.437362025868685e-07 finalRes: 1.024691925105516e-08 nIters: 7
U2 initRes: 0.01293382245401381 finalRes: 0.001254576680857622 nIters: 6
p initRes: 1.085590271334593e-05 finalRes: 5.83580871022728e-07 nIters: 5
Time step continuity errors : sum local = 1.484468667048549e-08
                                 global = 2.779300717190175e-11
                             cumulative = -0.0002118289681626886
nuTilda initRes: 6.002213349631489e-08 finalRes: 3.882129459861437e-09 nIters: 4
Bounding nuTilda>1e-16
CD: 0.02090099193017793 final: 0.02090099193017793
CL: 0.498786850868455 final: 0.498786850868455
yPlus min: 14.24949750337372 max: 101.0850360689809 mean: 59.9569062587948
ExecutionTime = 18.25 s  ClockTime = 18 s

Time = 100

U0 initRes: 1.111883196652871e-08 finalRes: 8.139719334282483e-10 nIters: 6
U1 initRes: 1.275582884889145e-08 finalRes: 1.173731546782067e-09 nIters: 5
U2 initRes: 3.142171017013125e-08 finalRes: 1.73609117702974e-09 nIters: 2
p initRes: 1.281116722938537e-07 finalRes: 1.238186598166859e-08 nIters: 2
Time step continuity errors : sum local = 3.149504520906065e-10
                                 global = -2.076470971151979e-11
                             cumulative = -0.0002118289889273983
nuTilda initRes: 5.660062771422637e-10 finalRes: 3.509894477082742e-11 nIters: 4
Bounding nuTilda>1e-16
CD: 0.02091035684379119 final: 0.02091035684379119
CL: 0.4987536510298314 final: 0.4987536510298314
yPlus min: 14.2495285547935 max: 101.0854008863904 mean: 59.95681688779917
ExecutionTime = 18.75 s  ClockTime = 19 s

Time = 141
Minimal residual 9.355807221758156e-09 satisfied the prescribed tolerance 1e-08

CD: 0.02091036875150809 final: 0.02091036875150809
CL: 0.498753266000485 final: 0.498753266000485
End

Printing Primal Residual Statistics.
U Residual Norm2: (0.0002130686664532516 0.0002351323815358472 7.382630621123624e-11)
U Residual Mean: (1.802596551316027e-06 6.928343892076569e-07 5.244244272798497e-13)
U Residual Max: (5.251746279100189e-05 8.743166381464107e-05 1.478302945142569e-11)
p Residual Norm2: 6.326046102284243e-05
p Residual Mean: 9.323095803811453e-08
p Residual Max: 2.80852330800383e-05
nuTilda Residual Norm2: 6.165098361979405e-08
nuTilda Residual Mean: 2.34345166767865e-10
nuTilda Residual Max: 1.107850425501139e-08
phi Residual Norm2: 3.298643433188544e-07
phi Residual Mean: 9.115874090734733e-10
phi Residual Max: 7.670531489273575e-08
Total Residual Norm2: 0.0003235544652930059
 
 
FDSWEEP step=1.0e-05 FD idx=3 CD_plus=2.091064039575479e-02 CD_minus=2.091036875150809e-02 fd=1.358221233503653e-02
/home/dafoamuser/dafoam/packages/miniconda3/lib/python3.10/site-packages/openmdao/core/problem.py:1011: DerivativesWarning:Inefficient choice of derivative mode.  You chose 'rev' for a problem with 10 design variables and 25 response variables (objectives and nonlinear constraints).
/home/dafoamuser/dafoam/packages/miniconda3/lib/python3.10/site-packages/openmdao/core/problem.py:1011: DerivativesWarning:Inefficient choice of derivative mode.  You chose 'rev' for a problem with 10 design variables and 25 response variables (objectives and nonlinear constraints).
DAInputVolCoord. 
Setting volume coordinates. 
DAInputPatchVelocity. 
Setting UMag = 10 AoA = 5.13918623195176 degs at 1(inout)
Checking mesh quality for time = 141
    Overall domain bounding box (-17.36955998185654 -18.58092688334983 0) (18.72808969759824 18.58093115412121 0.1)
    Mesh has 3 geometric (non-empty/wedge) directions (1 1 1)
    Mesh has 3 solution (non-empty) directions (1 1 1)
    Boundary openness (-4.180928572475117e-19 8.361857144950234e-19 6.968278912736182e-16) OK.
    Max cell openness = 2.277483222991454e-16 OK.
    Max aspect ratio = 97.87235102047967 OK.
    Minimum face area = 2.254094137789576e-06. Maximum face area = 4.224820347906173.  Face area magnitudes OK.
    Min volume = 2.254094139476628e-07. Max volume = 0.4224820347472369.  Total volume = 105.2804019900497.  Cell volumes OK.
    Mesh non-orthogonality Max: 22.74906487957279 average: 2.547941967057
    Non-orthogonality check OK.
    Face pyramids OK.
    Max skewness = 1.432470312441251 OK.
    Coupled point location match (average 0) OK.

Mesh OK.

Running Primal Solver 010
Previous solution time 141 found and deleted.
No finite volume options present

Starting time loop

Time = 1

U0 initRes: 8.414088247008254e-08 finalRes: 5.813916487323114e-09 nIters: 7
U1 initRes: 1.215548684457211e-07 finalRes: 1.176550698532582e-08 nIters: 6
U2 initRes: 0.01064154275736443 finalRes: 0.0008433609180500738 nIters: 6
p initRes: 9.311849513524292e-06 finalRes: 6.57063440149054e-07 nIters: 4
Time step continuity errors : sum local = 1.671333385431685e-08
                                 global = 2.073363178637602e-10
                             cumulative = -0.0002118287815910805
nuTilda initRes: 6.209556264831987e-08 finalRes: 5.786275282086741e-09 nIters: 3
Bounding nuTilda>1e-16
CD: 0.02090827282284632 final: 0.02090827282284632
CL: 0.4987105612058834 final: 0.4987105612058834
yPlus min: 14.24955734972673 max: 101.0852734752987 mean: 59.95680821743242
ExecutionTime = 19.17 s  ClockTime = 19 s

Time = 100

U0 initRes: 1.912879838943357e-08 finalRes: 1.529579195910892e-09 nIters: 6
U1 initRes: 1.911269100594597e-08 finalRes: 1.416716110895628e-09 nIters: 6
U2 initRes: 1.207117860551357e-08 finalRes: 8.61614658163115e-10 nIters: 4
p initRes: 9.901452760705914e-08 finalRes: 6.418230828454051e-09 nIters: 3
Time step continuity errors : sum local = 1.632609768737867e-10
                                 global = -8.622244533939996e-11
                             cumulative = -0.0002118288678135258
nuTilda initRes: 1.107831723890508e-09 finalRes: 1.039553565924938e-10 nIters: 3
Bounding nuTilda>1e-16
CD: 0.02091094735381815 final: 0.02091094735381815
CL: 0.4987961581947968 final: 0.4987961581947968
yPlus min: 14.24935508779467 max: 101.0855991973776 mean: 59.95680044776337
ExecutionTime = 19.69 s  ClockTime = 20 s

Time = 149
Minimal residual 9.984407038468199e-09 satisfied the prescribed tolerance 1e-08

CD: 0.02091091422829939 final: 0.02091091422829939
CL: 0.4987969413335365 final: 0.4987969413335365
End

Printing Primal Residual Statistics.
U Residual Norm2: (0.0003145950175573022 0.0003389556129737045 2.860865061916333e-11)
U Residual Mean: (2.736460992721877e-06 9.631844087374833e-07 2.574782286435241e-13)
U Residual Max: (7.579879184049787e-05 0.0001222533301188378 4.058984873851246e-12)
p Residual Norm2: 9.041058325868532e-05
p Residual Mean: 1.321595342635452e-07
p Residual Max: 3.914322142846509e-05
nuTilda Residual Norm2: 1.014192578581274e-07
nuTilda Residual Mean: 3.836037104939908e-10
nuTilda Residual Max: 1.836742026753571e-08
phi Residual Norm2: 4.785928965617697e-07
phi Residual Mean: 1.324025332550943e-09
phi Residual Max: 1.087719496378151e-07
Total Residual Norm2: 0.0004712061603379799
 
 
/home/dafoamuser/dafoam/packages/miniconda3/lib/python3.10/site-packages/openmdao/core/problem.py:1011: DerivativesWarning:Inefficient choice of derivative mode.  You chose 'rev' for a problem with 10 design variables and 25 response variables (objectives and nonlinear constraints).
/home/dafoamuser/dafoam/packages/miniconda3/lib/python3.10/site-packages/openmdao/core/problem.py:1011: DerivativesWarning:Inefficient choice of derivative mode.  You chose 'rev' for a problem with 10 design variables and 25 response variables (objectives and nonlinear constraints).
DAInputVolCoord. 
Setting volume coordinates. 
DAInputPatchVelocity. 
Setting UMag = 10 AoA = 5.13918623195176 degs at 1(inout)
Checking mesh quality for time = 149
    Overall domain bounding box (-17.36955987557584 -18.58093117496773 0) (18.72808979572497 18.58092686237444 0.1)
    Mesh has 3 geometric (non-empty/wedge) directions (1 1 1)
    Mesh has 3 solution (non-empty) directions (1 1 1)
    Boundary openness (3.658312509766286e-19 -4.964852691825674e-19 -1.04818483062023e-15) OK.
    Max cell openness = 2.438709631040908e-16 OK.
    Max aspect ratio = 97.87221480105684 OK.
    Minimum face area = 2.254104106803349e-06. Maximum face area = 4.224820330593383.  Face area magnitudes OK.
    Min volume = 2.25410410938032e-07. Max volume = 0.4224820330333275.  Total volume = 105.2804017260122.  Cell volumes OK.
    Mesh non-orthogonality Max: 22.74907264892897 average: 2.547927209624938
    Non-orthogonality check OK.
    Face pyramids OK.
    Max skewness = 1.432469282625927 OK.
    Coupled point location match (average 0) OK.

Mesh OK.

Running Primal Solver 011
Previous solution time 149 found and deleted.
No finite volume options present

Starting time loop

Time = 1

U0 initRes: 7.377492119340809e-08 finalRes: 6.636883211082621e-09 nIters: 6
U1 initRes: 1.188911857966038e-07 finalRes: 1.046811451199682e-08 nIters: 6
U2 initRes: 0.01583086598832386 finalRes: 0.001122747197101403 nIters: 6
p initRes: 1.119436812574897e-05 finalRes: 1.002662177461256e-06 nIters: 4
Time step continuity errors : sum local = 2.550480530672352e-08
                                 global = 2.365485043516916e-09
                             cumulative = -0.0002118265023284823
nuTilda initRes: 9.898407985208644e-08 finalRes: 6.618941832568313e-09 nIters: 4
Bounding nuTilda>1e-16
CD: 0.02092501811899575 final: 0.02092501811899575
CL: 0.4988764406470239 final: 0.4988764406470239
yPlus min: 14.2493192944018 max: 101.0856814594725 mean: 59.9568394444463
ExecutionTime = 20.15 s  ClockTime = 20 s

Time = 100

U0 initRes: 2.797947124193699e-08 finalRes: 2.275864316023309e-09 nIters: 6
U1 initRes: 2.760826181905364e-08 finalRes: 2.099436580617665e-09 nIters: 6
U2 initRes: 1.543695594144819e-08 finalRes: 1.175453214196402e-09 nIters: 4
p initRes: 9.13619106278129e-08 finalRes: 5.587028792518246e-09 nIters: 3
Time step continuity errors : sum local = 1.421149488272413e-10
                                 global = -7.11675501854379e-11
                             cumulative = -0.0002118265734960325
nuTilda initRes: 1.594044147647393e-09 finalRes: 1.465119616082402e-10 nIters: 3
Bounding nuTilda>1e-16
CD: 0.02091004473113369 final: 0.02091004473113369
CL: 0.4987350080354502 final: 0.4987350080354502
yPlus min: 14.24969199870485 max: 101.0846666230831 mean: 59.95694468072296
ExecutionTime = 20.66 s  ClockTime = 21 s

Time = 166
Minimal residual 9.871871875818554e-09 satisfied the prescribed tolerance 1e-08

CD: 0.02091009659805992 final: 0.02091009659805992
CL: 0.498733711315718 final: 0.498733711315718
End

Printing Primal Residual Statistics.
U Residual Norm2: (0.0002859400092896507 0.0002907285760171812 2.425257024280287e-11)
U Residual Mean: (2.454626288545282e-06 8.149388795835637e-07 2.189390346516805e-13)
U Residual Max: (6.466143895522691e-05 0.0001059774886016385 3.293050064247156e-12)
p Residual Norm2: 7.746752750662525e-05
p Residual Mean: 1.117168482519814e-07
p Residual Max: 3.391581421861384e-05
nuTilda Residual Norm2: 9.759156207950739e-08
nuTilda Residual Mean: 3.644439873572024e-10
nuTilda Residual Max: 1.772155706799975e-08
phi Residual Norm2: 4.196217449937799e-07
phi Residual Mean: 1.158245463468506e-09
phi Residual Max: 9.365375775102927e-08
Total Residual Norm2: 0.0004150737250779139
 
 
FDSWEEP step=1.0e-05 FD idx=4 CD_plus=2.091091422829939e-02 CD_minus=2.091009659805992e-02 fd=4.088151197342155e-02
/home/dafoamuser/dafoam/packages/miniconda3/lib/python3.10/site-packages/openmdao/core/problem.py:1011: DerivativesWarning:Inefficient choice of derivative mode.  You chose 'rev' for a problem with 10 design variables and 25 response variables (objectives and nonlinear constraints).
/home/dafoamuser/dafoam/packages/miniconda3/lib/python3.10/site-packages/openmdao/core/problem.py:1011: DerivativesWarning:Inefficient choice of derivative mode.  You chose 'rev' for a problem with 10 design variables and 25 response variables (objectives and nonlinear constraints).
DAInputVolCoord. 
Setting volume coordinates. 
DAInputPatchVelocity. 
Setting UMag = 10 AoA = 5.13918623195176 degs at 1(inout)
Checking mesh quality for time = 166
    Overall domain bounding box (-17.36955987443957 -18.58092690807268 0) (18.72808979687795 18.58093112942106 0.1)
    Mesh has 3 geometric (non-empty/wedge) directions (1 1 1)
    Mesh has 3 solution (non-empty) directions (1 1 1)
    Boundary openness (2.090464291404038e-19 8.36185716561615e-19 6.52498109653762e-17) OK.
    Max cell openness = 2.694898330179041e-16 OK.
    Max aspect ratio = 97.87221529060375 OK.
    Minimum face area = 2.254104095651612e-06. Maximum face area = 4.224820348895101.  Face area magnitudes OK.
    Min volume = 2.254104097166474e-07. Max volume = 0.4224820348461238.  Total volume = 105.2804017253769.  Cell volumes OK.
    Mesh non-orthogonality Max: 22.74907298893589 average: 2.547927203919051
    Non-orthogonality check OK.
    Face pyramids OK.
    Max skewness = 1.432469287748917 OK.
    Coupled point location match (average 0) OK.

Mesh OK.

Running Primal Solver 012
Previous solution time 166 found and deleted.
No finite volume options present

Starting time loop

Time = 1

U0 initRes: 7.31094006804263e-08 finalRes: 6.620306012480846e-09 nIters: 6
U1 initRes: 1.20394098010649e-07 finalRes: 1.069716409952075e-08 nIters: 6
U2 initRes: 0.01563390702440575 finalRes: 0.001092120377334416 nIters: 6
p initRes: 1.091545647431624e-05 finalRes: 6.516918227230121e-07 nIters: 4
Time step continuity errors : sum local = 1.657678309884577e-08
                                 global = -1.555759649510382e-09
                             cumulative = -0.000211828129255682
nuTilda initRes: 9.558661490373808e-08 finalRes: 5.845192488047796e-09 nIters: 4
Bounding nuTilda>1e-16
CD: 0.02089958959158227 final: 0.02089958959158227
CL: 0.4986472114583044 final: 0.4986472114583044
yPlus min: 14.2497304664184 max: 101.0845492088669 mean: 59.95694128142881
ExecutionTime = 21.21 s  ClockTime = 21 s

Time = 100

U0 initRes: 2.629336092904523e-08 finalRes: 2.161852675118366e-09 nIters: 6
U1 initRes: 2.660339311967425e-08 finalRes: 2.045123200072307e-09 nIters: 6
U2 initRes: 2.213951084693389e-08 finalRes: 1.661439305713158e-09 nIters: 3
p initRes: 8.052701427267412e-08 finalRes: 6.031061708642821e-09 nIters: 2
Time step continuity errors : sum local = 1.534146391658298e-10
                                 global = 7.801027486029807e-12
                             cumulative = -0.0002118281214546545
nuTilda initRes: 1.538572802501465e-09 finalRes: 1.416978107983842e-10 nIters: 3
Bounding nuTilda>1e-16
CD: 0.0209109983031845 final: 0.0209109983031845
CL: 0.4987923945980405 final: 0.4987923945980405
yPlus min: 14.24937286148255 max: 101.0854261454419 mean: 59.95681768952197
ExecutionTime = 21.72 s  ClockTime = 22 s

Time = 161
Minimal residual 9.780705897253867e-09 satisfied the prescribed tolerance 1e-08

CD: 0.02091094724129496 final: 0.02091094724129496
CL: 0.4987935826574331 final: 0.4987935826574331
End

Printing Primal Residual Statistics.
U Residual Norm2: (0.0003096748180625277 0.0003181529280511764 4.012235557379987e-11)
U Residual Mean: (2.691319328985525e-06 8.971128237005129e-07 3.501268459739464e-13)
U Residual Max: (7.050809108477551e-05 0.0001128720768974745 7.159617053803274e-12)
p Residual Norm2: 8.3903056389935e-05
p Residual Mean: 1.230172442957076e-07
p Residual Max: 3.605477628456668e-05
nuTilda Residual Norm2: 1.060880720573628e-07
nuTilda Residual Mean: 3.973536870387127e-10
nuTilda Residual Max: 1.926798897494428e-08
phi Residual Norm2: 4.574540003755582e-07
phi Residual Mean: 1.270568251248177e-09
phi Residual Max: 1.011690619145782e-07
Total Residual Norm2: 0.0004518403722112627
 
 
/home/dafoamuser/dafoam/packages/miniconda3/lib/python3.10/site-packages/openmdao/core/problem.py:1011: DerivativesWarning:Inefficient choice of derivative mode.  You chose 'rev' for a problem with 10 design variables and 25 response variables (objectives and nonlinear constraints).
/home/dafoamuser/dafoam/packages/miniconda3/lib/python3.10/site-packages/openmdao/core/problem.py:1011: DerivativesWarning:Inefficient choice of derivative mode.  You chose 'rev' for a problem with 10 design variables and 25 response variables (objectives and nonlinear constraints).
DAInputVolCoord. 
Setting volume coordinates. 
DAInputPatchVelocity. 
Setting UMag = 10 AoA = 5.13918623195176 degs at 1(inout)
Checking mesh quality for time = 161
    Overall domain bounding box (-17.36955998301396 -18.58093115027696 0) (18.72808969646001 18.58092688707913 0.1)
    Mesh has 3 geometric (non-empty/wedge) directions (1 1 1)
    Mesh has 3 solution (non-empty) directions (1 1 1)
    Boundary openness (-2.090464286124298e-19 -1.829156250358761e-19 1.799970757860986e-16) OK.
    Max cell openness = 2.740193527830445e-16 OK.
    Max aspect ratio = 97.87235061828258 OK.
    Minimum face area = 2.254094149343053e-06. Maximum face area = 4.224820329396976.  Face area magnitudes OK.
    Min volume = 2.254094151732445e-07. Max volume = 0.42248203291368.  Total volume = 105.2804019908993.  Cell volumes OK.
    Mesh non-orthogonality Max: 22.74906474491554 average: 2.547941972699323
    Non-orthogonality check OK.
    Face pyramids OK.
    Max skewness = 1.432470308381419 OK.
    Coupled point location match (average 0) OK.

Mesh OK.

Running Primal Solver 013
Previous solution time 161 found and deleted.
No finite volume options present

Starting time loop

Time = 1

U0 initRes: 8.597427819623905e-08 finalRes: 7.979810339263077e-09 nIters: 6
U1 initRes: 1.241450268842439e-07 finalRes: 1.111684813998041e-08 nIters: 6
U2 initRes: 0.01313254229949211 finalRes: 0.0009331963829818018 nIters: 6
p initRes: 1.160055347567412e-05 finalRes: 7.979999301880001e-07 nIters: 4
Time step continuity errors : sum local = 2.029912465294195e-08
                                 global = -2.897398005388676e-11
                             cumulative = -0.0002118281504286345
nuTilda initRes: 9.839082468571495e-08 finalRes: 6.13846810340451e-09 nIters: 4
Bounding nuTilda>1e-16
CD: 0.02091783314055475 final: 0.02091783314055475
CL: 0.4988868192476873 final: 0.4988868192476873
yPlus min: 14.24934087254983 max: 101.0855511247517 mean: 59.95678953057396
ExecutionTime = 22.24 s  ClockTime = 22 s

Time = 100

U0 initRes: 2.472299464016909e-08 finalRes: 2.014385442036766e-09 nIters: 6
U1 initRes: 2.463392719676068e-08 finalRes: 1.871445902506385e-09 nIters: 6
U2 initRes: 2.131892962472949e-08 finalRes: 1.596275867380596e-09 nIters: 3
p initRes: 7.827773538264588e-08 finalRes: 6.493941978463347e-09 nIters: 2
Time step continuity errors : sum local = 1.651812837668368e-10
                                 global = 1.443649660424832e-12
                             cumulative = -0.0002118281489849849
nuTilda initRes: 1.433910329586611e-09 finalRes: 1.325439281110898e-10 nIters: 3
Bounding nuTilda>1e-16
CD: 0.02091001836355961 final: 0.02091001836355961
CL: 0.4987382337481429 final: 0.4987382337481429
yPlus min: 14.24968214689935 max: 101.0848151398014 mean: 59.95693062701213
ExecutionTime = 22.76 s  ClockTime = 23 s

Time = 158
Minimal residual 9.79032712685227e-09 satisfied the prescribed tolerance 1e-08

CD: 0.02091006116639356 final: 0.02091006116639356
CL: 0.4987371089297063 final: 0.4987371089297063
End

Printing Primal Residual Statistics.
U Residual Norm2: (0.0003171281920772848 0.0003296785150859745 3.826032678971533e-11)
U Residual Mean: (2.766476538088652e-06 9.409394363091597e-07 3.390680178846047e-13)
U Residual Max: (7.338961495406693e-05 0.0001171417197838309 6.57069265747021e-12)
p Residual Norm2: 8.771143320859825e-05
p Residual Mean: 1.283734725370462e-07
p Residual Max: 3.756306359555528e-05
nuTilda Residual Norm2: 1.09408241458936e-07
nuTilda Residual Mean: 4.08494415086984e-10
nuTilda Residual Max: 1.992250847952957e-08
phi Residual Norm2: 4.740284082158996e-07
phi Residual Mean: 1.321440632529838e-09
phi Residual Max: 1.052814597246771e-07
Total Residual Norm2: 0.0004657807914761012
 
 
FDSWEEP step=1.0e-05 FD idx=5 CD_plus=2.091094724129496e-02 CD_minus=2.091006116639356e-02 fd=4.430374506980694e-02
/home/dafoamuser/dafoam/packages/miniconda3/lib/python3.10/site-packages/openmdao/core/problem.py:1011: DerivativesWarning:Inefficient choice of derivative mode.  You chose 'rev' for a problem with 10 design variables and 25 response variables (objectives and nonlinear constraints).
/home/dafoamuser/dafoam/packages/miniconda3/lib/python3.10/site-packages/openmdao/core/problem.py:1011: DerivativesWarning:Inefficient choice of derivative mode.  You chose 'rev' for a problem with 10 design variables and 25 response variables (objectives and nonlinear constraints).
DAInputVolCoord. 
Setting volume coordinates. 
DAInputPatchVelocity. 
Setting UMag = 10 AoA = 5.13918623195176 degs at 1(inout)
Checking mesh quality for time = 158
    Overall domain bounding box (-17.36955980344363 -18.58092902813694 0) (18.7280898645059 18.58092900580251 0.1)
    Mesh has 3 geometric (non-empty/wedge) directions (1 1 1)
    Mesh has 3 solution (non-empty) directions (1 1 1)
    Boundary openness (0 9.145781251383297e-19 -1.581823222270033e-15) OK.
    Max cell openness = 2.846505848716005e-16 OK.
    Max aspect ratio = 97.8721872119087 OK.
    Minimum face area = 2.254099143260414e-06. Maximum face area = 4.224820321361484.  Face area magnitudes OK.
    Min volume = 2.25409914495382e-07. Max volume = 0.4224820320928137.  Total volume = 105.2804020096491.  Cell volumes OK.
    Mesh non-orthogonality Max: 22.74891602678072 average: 2.547924166957253
    Non-orthogonality check OK.
    Face pyramids OK.
    Max skewness = 1.43246475452381 OK.
    Coupled point location match (average 0) OK.

Mesh OK.

Running Primal Solver 014
Previous solution time 158 found and deleted.
No finite volume options present

Starting time loop

Time = 1

U0 initRes: 1.336059812246647e-07 finalRes: 9.758227195562538e-09 nIters: 7
U1 initRes: 1.318530083914578e-07 finalRes: 1.301252577835259e-08 nIters: 6
U2 initRes: 0.01176778067397992 finalRes: 0.001034337612041972 nIters: 6
p initRes: 1.322195020270731e-05 finalRes: 9.019181406089505e-07 nIters: 4
Time step continuity errors : sum local = 2.294125280108145e-08
                                 global = -1.207812472592254e-09
                             cumulative = -0.0002118293567974575
nuTilda initRes: 5.603003169008133e-08 finalRes: 3.829638068041368e-09 nIters: 4
Bounding nuTilda>1e-16
CD: 0.02088762078943983 final: 0.02088762078943983
CL: 0.4986794080083362 final: 0.4986794080083362
yPlus min: 14.25030173435821 max: 101.0831832289166 mean: 59.95686421681398
ExecutionTime = 23.27 s  ClockTime = 23 s

Time = 100

U0 initRes: 5.856456271714489e-08 finalRes: 5.743294361755843e-09 nIters: 4
U1 initRes: 8.089962193929964e-08 finalRes: 7.939886156155864e-09 nIters: 4
U2 initRes: 1.350995411492651e-07 finalRes: 3.780621211548579e-09 nIters: 2
p initRes: 1.168150954493558e-06 finalRes: 7.708010646348817e-08 nIters: 3
Time step continuity errors : sum local = 1.960635271500282e-09
                                 global = -1.13132959165029e-09
                             cumulative = -0.0002118304881270491
nuTilda initRes: 4.746309546809351e-10 finalRes: 4.089770722162642e-11 nIters: 3
Bounding nuTilda>1e-16
CD: 0.02091046703928263 final: 0.02091046703928263
CL: 0.4987606981814118 final: 0.4987606981814118
yPlus min: 14.25011074772656 max: 101.0834286279995 mean: 59.95646833431501
ExecutionTime = 23.76 s  ClockTime = 24 s

Time = 163
Minimal residual 9.625963403880067e-09 satisfied the prescribed tolerance 1e-08

CD: 0.02091049725470609 final: 0.02091049725470609
CL: 0.4987614168630951 final: 0.4987614168630951
End

Printing Primal Residual Statistics.
U Residual Norm2: (0.0001212843103800127 0.0001261455366800183 1.597382781480874e-10)
U Residual Mean: (1.034998014156352e-06 3.7598208262381e-07 9.410395239337855e-13)
U Residual Max: (2.834946644725278e-05 4.632779382518493e-05 4.553413366975612e-11)
p Residual Norm2: 3.403479469595029e-05
p Residual Mean: 5.24128787561992e-08
p Residual Max: 1.49242193855656e-05
nuTilda Residual Norm2: 4.133304616401654e-08
nuTilda Residual Mean: 1.538386431175745e-10
nuTilda Residual Max: 7.540713596105047e-09
phi Residual Norm2: 1.832705682242424e-07
phi Residual Mean: 5.220745109002314e-10
phi Residual Max: 4.121079963173801e-08
Total Residual Norm2: 0.0001782722157689975
 
 
/home/dafoamuser/dafoam/packages/miniconda3/lib/python3.10/site-packages/openmdao/core/problem.py:1011: DerivativesWarning:Inefficient choice of derivative mode.  You chose 'rev' for a problem with 10 design variables and 25 response variables (objectives and nonlinear constraints).
/home/dafoamuser/dafoam/packages/miniconda3/lib/python3.10/site-packages/openmdao/core/problem.py:1011: DerivativesWarning:Inefficient choice of derivative mode.  You chose 'rev' for a problem with 10 design variables and 25 response variables (objectives and nonlinear constraints).
DAInputVolCoord. 
Setting volume coordinates. 
DAInputPatchVelocity. 
Setting UMag = 10 AoA = 5.13918623195176 degs at 1(inout)
Checking mesh quality for time = 163
    Overall domain bounding box (-17.36956005045646 -18.58092902672228 0) (18.72808962561701 18.58092900721523 0.1)
    Mesh has 3 geometric (non-empty/wedge) directions (1 1 1)
    Mesh has 3 solution (non-empty) directions (1 1 1)
    Boundary openness (1.633175228342696e-19 -4.180928584557301e-19 -7.541541248748505e-16) OK.
    Max cell openness = 2.482943117963204e-16 OK.
    Max aspect ratio = 97.87218722087061 OK.
    Minimum face area = 2.254099143067723e-06. Maximum face area = 4.224820319372308.  Face area magnitudes OK.
    Min volume = 2.254099144759184e-07. Max volume = 0.422482031893904.  Total volume = 105.2804016671294.  Cell volumes OK.
    Mesh non-orthogonality Max: 22.74891593496012 average: 2.547945015600888
    Non-orthogonality check OK.
    Face pyramids OK.
    Max skewness = 1.432464754772252 OK.
    Coupled point location match (average 0) OK.

Mesh OK.

Running Primal Solver 015
Previous solution time 163 found and deleted.
No finite volume options present

Starting time loop

Time = 1

U0 initRes: 1.929377930129523e-07 finalRes: 1.491731845772107e-08 nIters: 7
U1 initRes: 1.598165286246435e-07 finalRes: 1.173921961422086e-08 nIters: 7
U2 initRes: 0.005928229972813304 finalRes: 0.0004517356134470894 nIters: 7
p initRes: 1.54650601605704e-05 finalRes: 1.135983494797472e-06 nIters: 5
Time step continuity errors : sum local = 2.889544801652972e-08
                                 global = 7.476042707239012e-09
                             cumulative = -0.0002118230120843419
nuTilda initRes: 2.618786238323534e-08 finalRes: 1.754946500774234e-09 nIters: 5
Bounding nuTilda>1e-16
CD: 0.02094896369036128 final: 0.02094896369036128
CL: 0.4987861610495564 final: 0.4987861610495564
yPlus min: 14.24891411240405 max: 101.0865423735357 mean: 59.95663357770885
ExecutionTime = 24.31 s  ClockTime = 24 s

Time = 100

U0 initRes: 1.224692253464269e-07 finalRes: 8.002293336921586e-09 nIters: 5
U1 initRes: 1.732953816743807e-07 finalRes: 1.699650242446451e-08 nIters: 4
U2 initRes: 3.137844873172598e-07 finalRes: 6.950780928521006e-09 nIters: 2
p initRes: 2.481459576969048e-06 finalRes: 1.30141315566909e-07 nIters: 3
Time step continuity errors : sum local = 3.310442707733889e-09
                                 global = 1.766557455321346e-09
                             cumulative = -0.0002118212455268865
nuTilda initRes: 6.552117431984765e-10 finalRes: 6.184525201246481e-11 nIters: 3
Bounding nuTilda>1e-16
CD: 0.0209106403489473 final: 0.0209106403489473
CL: 0.4987694250127197 final: 0.4987694250127197
yPlus min: 14.24895500038068 max: 101.086779428542 mean: 59.95728460890985
ExecutionTime = 24.81 s  ClockTime = 25 s

Time = 167
Minimal residual 9.885393418536911e-09 satisfied the prescribed tolerance 1e-08

CD: 0.02091051711349693 final: 0.02091051711349693
CL: 0.4987691638605102 final: 0.4987691638605102
End

Printing Primal Residual Statistics.
U Residual Norm2: (5.774983695779945e-05 6.398555005983593e-05 7.667232906396111e-11)
U Residual Mean: (4.8705139525626e-07 2.065101782779266e-07 4.67964113990048e-13)
U Residual Max: (1.432531371392542e-05 2.265284365421394e-05 2.054156574794318e-11)
p Residual Norm2: 1.744479327126844e-05
p Residual Mean: 3.208370035930033e-08
p Residual Max: 7.46139273450616e-06
nuTilda Residual Norm2: 1.800195356149871e-08
nuTilda Residual Mean: 6.753890212352315e-11
nuTilda Residual Max: 3.26407752191063e-09
phi Residual Norm2: 1.003099329741042e-07
phi Residual Mean: 3.245108887449976e-10
phi Residual Max: 2.077450810272722e-08
Total Residual Norm2: 8.7940465563632e-05
 
 
FDSWEEP step=1.0e-05 FD idx=6 CD_plus=2.091049725470609e-02 CD_minus=2.091051711349693e-02 fd=-9.929395422200726e-04
/home/dafoamuser/dafoam/packages/miniconda3/lib/python3.10/site-packages/openmdao/core/problem.py:1011: DerivativesWarning:Inefficient choice of derivative mode.  You chose 'rev' for a problem with 10 design variables and 25 response variables (objectives and nonlinear constraints).
/home/dafoamuser/dafoam/packages/miniconda3/lib/python3.10/site-packages/openmdao/core/problem.py:1011: DerivativesWarning:Inefficient choice of derivative mode.  You chose 'rev' for a problem with 10 design variables and 25 response variables (objectives and nonlinear constraints).
DAInputVolCoord. 
Setting volume coordinates. 
DAInputPatchVelocity. 
Setting UMag = 10 AoA = 5.13918623195176 degs at 1(inout)
Checking mesh quality for time = 167
    Overall domain bounding box (-17.36955996736081 -18.58092902226861 0) (18.72808970646589 18.58092901604616 0.1)
    Mesh has 3 geometric (non-empty/wedge) directions (1 1 1)
    Mesh has 3 solution (non-empty) directions (1 1 1)
    Boundary openness (-1.567848215618166e-19 2.351772323427249e-19 3.758414821047049e-16) OK.
    Max cell openness = 2.691105112186759e-16 OK.
    Max aspect ratio = 97.87522057157622 OK.
    Minimum face area = 2.253874682100137e-06. Maximum face area = 4.224820321820016.  Face area magnitudes OK.
    Min volume = 2.253874683927821e-07. Max volume = 0.4224820321386683.  Total volume = 105.2804019234351.  Cell volumes OK.
    Mesh non-orthogonality Max: 22.74874063504397 average: 2.547954980329166
    Non-orthogonality check OK.
    Face pyramids OK.
    Max skewness = 1.432484077914394 OK.
    Coupled point location match (average 0) OK.

Mesh OK.

Running Primal Solver 016
Previous solution time 167 found and deleted.
No finite volume options present

Starting time loop

Time = 1

U0 initRes: 1.039059177911329e-07 finalRes: 7.843688138415386e-09 nIters: 7
U1 initRes: 8.322017192059387e-08 finalRes: 5.985838977061854e-09 nIters: 7
U2 initRes: 0.003202665276560221 finalRes: 0.0002320367313161094 nIters: 7
p initRes: 9.693926400292091e-06 finalRes: 5.716242771192531e-07 nIters: 5
Time step continuity errors : sum local = 1.454055138115437e-08
                                 global = -2.821201437418566e-09
                             cumulative = -0.000211824066728324
nuTilda initRes: 2.298511254446738e-08 finalRes: 2.025681262619651e-09 nIters: 4
Bounding nuTilda>1e-16
CD: 0.02089148041480496 final: 0.02089148041480496
CL: 0.4987573539425819 final: 0.4987573539425819
yPlus min: 14.24954753023448 max: 101.0852453244775 mean: 59.95715754252952
ExecutionTime = 25.38 s  ClockTime = 25 s

Time = 100

U0 initRes: 5.139098268569292e-08 finalRes: 4.51835601985093e-09 nIters: 4
U1 initRes: 7.45189683724976e-08 finalRes: 7.062558075394595e-09 nIters: 4
U2 initRes: 6.645289049860075e-07 finalRes: 3.881047076910566e-08 nIters: 2
p initRes: 1.161091265630784e-06 finalRes: 7.68076291968985e-08 nIters: 3
Time step continuity errors : sum local = 1.953741036020082e-09
                                 global = -9.553026134512712e-10
                             cumulative = -0.0002118250220309374
nuTilda initRes: 1.791125172185252e-10 finalRes: 1.104876523140559e-11 nIters: 4
Bounding nuTilda>1e-16
CD: 0.02091050645853139 final: 0.02091050645853139
CL: 0.4987718475873943 final: 0.4987718475873943
yPlus min: 14.24947180348007 max: 101.0852755723512 mean: 59.95678634763888
ExecutionTime = 25.88 s  ClockTime = 26 s

Time = 161
Minimal residual 9.204102071250154e-09 satisfied the prescribed tolerance 1e-08

CD: 0.02091053968291283 final: 0.02091053968291283
CL: 0.4987721152489987 final: 0.4987721152489987
End

Printing Primal Residual Statistics.
U Residual Norm2: (1.828028192372007e-05 1.166563947871874e-05 8.620876125582587e-13)
U Residual Mean: (1.299560597796172e-07 6.48821021491013e-08 7.314819062277425e-15)
U Residual Max: (5.433380465547089e-06 3.777162305595994e-06 1.000129633417393e-13)
p Residual Norm2: 3.005785326021051e-06
p Residual Mean: 1.142766138281256e-08
p Residual Max: 1.48917626092268e-06
nuTilda Residual Norm2: 4.729737316944966e-09
nuTilda Residual Mean: 1.807352520923349e-11
nuTilda Residual Max: 8.332208704058948e-10
phi Residual Norm2: 4.060148961601425e-08
phi Residual Mean: 1.524853002271019e-10
phi Residual Max: 2.916110197219175e-09
Total Residual Norm2: 2.189274464144746e-05
 
 
/home/dafoamuser/dafoam/packages/miniconda3/lib/python3.10/site-packages/openmdao/core/problem.py:1011: DerivativesWarning:Inefficient choice of derivative mode.  You chose 'rev' for a problem with 10 design variables and 25 response variables (objectives and nonlinear constraints).
/home/dafoamuser/dafoam/packages/miniconda3/lib/python3.10/site-packages/openmdao/core/problem.py:1011: DerivativesWarning:Inefficient choice of derivative mode.  You chose 'rev' for a problem with 10 design variables and 25 response variables (objectives and nonlinear constraints).
DAInputVolCoord. 
Setting volume coordinates. 
DAInputPatchVelocity. 
Setting UMag = 10 AoA = 5.13918623195176 degs at 1(inout)
Checking mesh quality for time = 161
    Overall domain bounding box (-17.36955989093741 -18.58092903697278 0) (18.72808978775694 18.58092900134403 0.1)
    Mesh has 3 geometric (non-empty/wedge) directions (1 1 1)
    Mesh has 3 solution (non-empty) directions (1 1 1)
    Boundary openness (7.839241086894502e-20 2.613080362298167e-19 -1.813045938643039e-15) OK.
    Max cell openness = 2.564227848888233e-16 OK.
    Max aspect ratio = 97.86915410227239 OK.
    Minimum face area = 2.254323603905514e-06. Maximum face area = 4.224820320990524.  Face area magnitudes OK.
    Min volume = 2.254323605462771e-07. Max volume = 0.4224820320557242.  Total volume = 105.2804018029041.  Cell volumes OK.
    Mesh non-orthogonality Max: 22.74909140893286 average: 2.547914185963675
    Non-orthogonality check OK.
    Face pyramids OK.
    Max skewness = 1.432445431435164 OK.
    Coupled point location match (average 0) OK.

Mesh OK.

Running Primal Solver 017
Previous solution time 161 found and deleted.
No finite volume options present

Starting time loop

Time = 1

U0 initRes: 1.609187061195461e-08 finalRes: 1.271949312799693e-09 nIters: 6
U1 initRes: 9.373568782047684e-09 finalRes: 6.142194338748159e-10 nIters: 6
U2 initRes: 0.02535331235560052 finalRes: 0.001682142620888135 nIters: 6
p initRes: 3.966636257612534e-06 finalRes: 3.742744876356316e-07 nIters: 4
Time step continuity errors : sum local = 9.520317505891196e-09
                                 global = 1.370079558667336e-09
                             cumulative = -0.0002118236519513787
nuTilda initRes: 2.534140109714392e-08 finalRes: 1.897371240436443e-09 nIters: 4
Bounding nuTilda>1e-16
CD: 0.02091017012131804 final: 0.02091017012131804
CL: 0.4987710454075541 final: 0.4987710454075541
yPlus min: 14.24946978188435 max: 101.0852749890493 mean: 59.95686771904692
ExecutionTime = 26.41 s  ClockTime = 26 s

Time = 100

U0 initRes: 6.695266988093191e-09 finalRes: 5.481302415130758e-10 nIters: 6
U1 initRes: 6.741994271997444e-09 finalRes: 5.172288331987726e-10 nIters: 6
U2 initRes: 6.635286570736856e-08 finalRes: 2.244368660125577e-09 nIters: 2
p initRes: 1.966707014374231e-08 finalRes: 1.931222592368786e-09 nIters: 2
Time step continuity errors : sum local = 4.912434015845743e-11
                                 global = -2.590144018543021e-12
                             cumulative = -0.0002118236545415228
nuTilda initRes: 3.963007264881198e-10 finalRes: 3.431517759625174e-11 nIters: 3
Bounding nuTilda>1e-16
CD: 0.02091045491588375 final: 0.02091045491588375
CL: 0.498758925266077 final: 0.498758925266077
yPlus min: 14.24957757354604 max: 101.0849830863456 mean: 59.95696064712092
ExecutionTime = 26.92 s  ClockTime = 27 s

Time = 112
Minimal residual 9.723490606504165e-09 satisfied the prescribed tolerance 1e-08

CD: 0.02091045820030492 final: 0.02091045820030492
CL: 0.4987588089090172 final: 0.4987588089090172
End

Printing Primal Residual Statistics.
U Residual Norm2: (0.0004124911934071409 0.0003921605676764065 6.918674224154048e-12)
U Residual Mean: (3.381810175139167e-06 1.31280691783051e-06 4.411159391541268e-14)
U Residual Max: (8.663924836582737e-05 0.0001504193442087853 2.009620324719716e-12)
p Residual Norm2: 0.0001072047843687699
p Residual Mean: 1.57917500709239e-07
p Residual Max: 4.788790085314941e-05
nuTilda Residual Norm2: 9.589919680592676e-08
nuTilda Residual Mean: 3.559434704698034e-10
nuTilda Residual Max: 1.701641674201435e-08
phi Residual Norm2: 5.630923035204334e-07
phi Residual Mean: 1.566476966584594e-09
phi Residual Max: 1.282669625973033e-07
Total Residual Norm2: 0.0005791649916387224
 
 
FDSWEEP step=1.0e-05 FD idx=7 CD_plus=2.091053968291283e-02 CD_minus=2.091045820030492e-02 fd=4.074130395374798e-03
FDSWEEP step=1.0e-05 SUMMARY an_mag=6.460294387919781e-02 fd_mag=6.609959763842542e-02 abs_err=8.110671758198008e-03 rel_err=1.227037992358831e-01 rel_err_pct=12.270380
FDSWEEP step=1.0e-05 DONE
Finalising parallel run
Finalising parallel run
