WARNING 7: VSPAERO Viewer Not Found. 
	Expected here: /home/dafoamuser/dafoam/packages/miniconda3/lib/python3.10/site-packages/openvsp/vspviewer
WARNING 7: VSPAERO Viewer Not Found. 
	Expected here: /home/dafoamuser/dafoam/packages/miniconda3/lib/python3.10/site-packages/openvsp/vspviewer
 
-------------------------------------------------------------------------------
|                               DAFoam v5.0.0                                 |
-------------------------------------------------------------------------------
 
/*---------------------------------------------------------------------------*\
| =========                 |                                                 |
| \\      /  F ield         | OpenFOAM: The Open Source CFD Toolbox           |
|  \\    /   O peration     | Version:  2506                                  |
|   \\  /    A nd           | Website:  www.openfoam.com                      |
|    \\/     M anipulation  |                                                 |
\*---------------------------------------------------------------------------*/
Build  : _615aae61d7-20250627 OPENFOAM=2506 version=v2506
Arch   : "LSB;label=32;scalar=64"
Exec   : decomposePar
Date   : Jul 28 2026
Time   : 04:54:07
Host   : ip-172-31-43-247
PID    : 267
I/O    : uncollated
Case   : /home/dafoamuser/mount/ladder-a1-naca0012
nProcs : 1
trapFpe: Floating point exception trapping enabled (FOAM_SIGFPE).
fileModificationChecking : Monitoring run-time modified files using timeStampMaster (fileModificationSkew 5, maxFileModificationPolls 20)
allowSystemOperations : Allowing user-supplied system call operations

// * * * * * * * * * * * * * * * * * * * * * * * * * * * * * * * * * * * * * //
Create time

Overriding DebugSwitches according to controlDict
    SolverPerformance 0;



Decomposing mesh

Create mesh

Calculating distribution of cells
Decomposition method scotch [2] (region region0)

Finished decomposition in 0 s

Calculating original mesh data

Distributing cells to processors

Distributing faces to processors

Distributing points to processors

Constructing processor meshes
Overriding DebugSwitches according to controlDict
    SolverPerformance 0;


Processor 0
    Number of cells = 2016
    Number of points = 4224
    Number of faces shared with processor 1 = 64
    Number of processor patches = 1
    Number of processor faces = 64
    Number of boundary faces = 4158
Overriding DebugSwitches according to controlDict
    SolverPerformance 0;


Processor 1
    Number of cells = 2016
    Number of points = 4224
    Number of faces shared with processor 0 = 64
    Number of processor patches = 1
    Number of processor faces = 64
    Number of boundary faces = 4158

Number of processor faces = 64
Max number of cells = 2016 (0% above average 2016)
Max number of processor patches = 1 (0% above average 1)
Max number of faces between processors = 64 (0% above average 64)

Time = 0

Processor 0: field transfer
Overriding DebugSwitches according to controlDict
    SolverPerformance 0;

Processor 1: field transfer
Overriding DebugSwitches according to controlDict
    SolverPerformance 0;


End

I/O    : uncollated
Case   : /home/dafoamuser/mount/ladder-a1-naca0012
nProcs : 2
Hosts  :
(
    (ip-172-31-43-247 2)
)
Pstream initialized with:
    node communication : off [type=host] (2 ranks, 1 nodes)
    topology controls  : none
    consensus exchange : 0 (tuning: 0)
    exchange algorithm : 0
    commsType          : nonBlocking
    polling iterations : 0
Initializing mesh and runtime for DASolver
Create time

Overriding DebugSwitches according to controlDict
    SolverPerformance 0;

Create mesh for time = 0
Replacing wallDist.method meshWave -> meshWaveFrozen
DAOption created. DASolver initialized.
I/O    : uncollated
[1] UPstream::init : could not attach buffer
[0] UPstream::init : could not attach buffer
Case   : /home/dafoamuser/mount/ladder-a1-naca0012
nProcs : 2
Hosts  :
(
    (ip-172-31-43-247 2)
)
Pstream initialized with:
    node communication : off [type=host] (2 ranks, 1 nodes)
    topology controls  : none
    consensus exchange : 0 (tuning: 0)
    exchange algorithm : 0
    commsType          : nonBlocking
    polling iterations : 0
Initializing mesh and runtime for DASolver
Create time

Overriding DebugSwitches according to controlDict
    SolverPerformance 0;

Create mesh for time = 0
Replacing wallDist.method meshWave -> meshWaveFrozen
DAOption created. DASolver initialized.
Initializing fields for DASimpleFoam
Create simpleControl.

SIMPLE: no convergence criteria found. Calculations will run for 1000 steps.

Reading field p

Reading field U

Reading/calculating face flux field phi

Creating source term. 
Selecting incompressible transport model Newtonian
Selecting turbulence model type RAS
Selecting RAS turbulence model SpalartAllmaras
Selecting patchDistMethod meshWaveFrozen
ft2 term: inactive
No MRF models present

Turbulence model is incompressible
Adjoint States: 
4
(
U volVectorState
nuTilda modelState
phi surfaceScalarState
p volScalarState
)
Global Cells: 4032
Global Faces: 16318
Global Xv: 25344
Undecomposed points: 8316
Global Adjoint States: 36478

SIMPLE: no convergence criteria found. Calculations will run for 1000 steps.

DACheckMesh Thresholds: 
maxNonOrth: 70
maxSkewness: 4
maxAspectRatio: 1000
maxIncorrectlyOrientedFaces: 0
    Adding all faces of patches: (wing) ...
    Found matching patch wing with 126 faces
    Adding all faces of patches: (wing) ...
    Found matching patch wing with 126 faces
Initializing fields for DASimpleFoam
Create simpleControl.

SIMPLE: no convergence criteria found. Calculations will run for 1000 steps.

Reading field p

Reading field U

Reading/calculating face flux field phi

Creating source term. 
Selecting incompressible transport model Newtonian
Selecting turbulence model type RAS
Selecting RAS turbulence model SpalartAllmaras
Selecting patchDistMethod meshWaveFrozen
ft2 term: inactive
No MRF models present

Turbulence model is incompressible
Adjoint States: 
4
(
U volVectorState
nuTilda modelState
phi surfaceScalarState
p volScalarState
)
Global Cells: 4032
Global Faces: 16318
Global Xv: 25344
Undecomposed points: 8316
Global Adjoint States: 36478

SIMPLE: no convergence criteria found. Calculations will run for 1000 steps.

DACheckMesh Thresholds: 
maxNonOrth: 70
maxSkewness: 4
maxAspectRatio: 1000
maxIncorrectlyOrientedFaces: 0
    Adding all faces of patches: (wing) ...
    Found matching patch wing with 126 faces
    Adding all faces of patches: (wing) ...
    Found matching patch wing with 126 faces
Init solver done! ElapsedClockTime 1.000000 s
Init solver done! ElapsedCpuTime 0.250000 s
initState: 
6
(
nuTilda 4.500000000000217e-05
phi 0
U1 0
U2 0
p 0
U0 10.00000000000015
)
Setting up primal boundary conditions based on pyOptions: 
Setting primal boundary conditions...
Setting U = (10 0 0) at inout
Setting primal boundary conditions...
Setting p = 0 at inout
Setting primal boundary conditions...
Setting nuTilda = 4.5e-05 at inout
Setting nut wall BC for wing. BCType=nutUSpaldingWallFunction
Reading OpenFOAM mesh information...
I/O    : uncollated
Case   : /home/dafoamuser/mount/ladder-a1-naca0012
nProcs : 2
Hosts  :
(
    (ip-172-31-43-247 2)
)
Pstream initialized with:
    node communication : off [type=host] (2 ranks, 1 nodes)
    topology controls  : none
    consensus exchange : 0 (tuning: 0)
    exchange algorithm : 0
    commsType          : nonBlocking
    polling iterations : 0
Reading the OpenFOAM mesh..
Overriding DebugSwitches according to controlDict
    SolverPerformance 0;

Checking if we need to compress the mesh files
Checking if we need to compress the mesh files
Finalising parallel run
I/O    : uncollated
DAFoam option dictionary: 
{
    solverName      DASimpleFoam;
    primalMinResTol 1e-08;
    primalFuncStdTol
    {
        stdTol          -1;
        slopeTol        -1;
        funcNames       1 ( CD );
        nStepsFrac      0.2;
    }
    primalBC
    {
        U0
        {
            variable        U;
            patches         1 ( inout );
            value           3 ( 10 0 0 );
        }
        p0
        {
            variable        p;
            patches         1 ( inout );
            value           1 ( 0 );
        }
        nuTilda0
        {
            variable        nuTilda;
            patches         1 ( inout );
            value           1 ( 4.5e-05 );
        }
        useWallFunction 1;
    }
    primalInitCondition
    {
    }
    normalizeStates
    {
        U               10;
        p               50;
        nuTilda         0.00045;
        phi             1;
    }
    function
    {
        CD
        {
            type            force;
            source          patchToFace;
            patches         1 ( wing );
            directionMode   parallelToFlow;
            patchVelocityInputName patchV;
            scale           0.2;
        }
        CL
        {
            type            force;
            source          patchToFace;
            patches         1 ( wing );
            directionMode   normalToFlow;
            patchVelocityInputName patchV;
            scale           0.2;
        }
    }
    inputInfo
    {
        aero_vol_coords
        {
            type            volCoord;
            components      2 ( solver function );
        }
        patchV
        {
            type            patchVelocity;
            patches         1 ( inout );
            flowAxis        x;
            normalAxis      y;
            components      2 ( solver function );
        }
    }
    outputInfo
    {
    }
    designSurfaces  1 ( wing );
    fvSource
    {
    }
    prepareCaseOnly 0;
    adjEqnSolMethod Krylov;
    dynamicMesh
    {
        active          0;
        mode            rotation;
        center          3 ( 0.25 0 0 );
        axis            z;
        omega           0.1;
        s               2;
        t0              0.35;
    }
    primalVarBounds
    {
        UMax            1000;
        UMin            -1000;
        pMax            50000;
        pMin            -50000;
        p_rghMax        50000;
        p_rghMin        -50000;
        eMax            55000;
        eMin            -220000;
        TMax            1000;
        TMin            100;
        hMax            200000;
        hMin            -200000;
        DMax            1e+16;
        DMin            -1e+16;
        rhoMax          5;
        rhoMin          0.2;
        nuTildaMax      1e+16;
        nuTildaMin      1e-16;
        kMax            1e+16;
        kMin            1e-16;
        omegaMax        1e+16;
        omegaMin        1e-16;
        epsilonMax      1e+16;
        epsilonMin      1e-16;
        ReThetatMax     1e+16;
        ReThetatMin     1e-16;
        gammaIntMax     1e+16;
        gammaIntMin     1e-16;
    }
    discipline      aero;
    adjPartDerivFDStep
    {
        State           1e-06;
    }
    transonicPCOption -1;
    unsteadyAdjoint
    {
        mode            None;
        PCMatPrecomputeInterval 100;
        PCMatUpdateInterval 1;
        reduceIO        1;
        additionalOutput 1 ( None );
        additionalOldTime 1 ( None );
        readZeroFields  1;
    }
    adjPCLag        10000;
    useAD
    {
        mode            reverse;
        dvName          None;
        seedIndex       -9999;
    }
    useConstrainHbyA 1;
    forceMeshWaveFrozen 1;
    useDdtCorr      0;
    regressionModel
    {
        active          0;
    }
    useMeanStates   0;
    solveLinearFunctionName None;
    printDAOptions  1;
    debug           0;
    writeJacobians  1 ( None );
    printInterval   100;
    printIntervalUnsteady 1;
    primalMinResTolDiff 100;
    adjUseColoring  1;
    adjEqnOption
    {
        globalPCIters   0;
        asmOverlap      1;
        localPCIters    1;
        jacMatReOrdering rcm;
        pcFillLevel     1;
        gmresMaxIters   1000;
        gmresRestart    1000;
        gmresRelTol     1e-06;
        gmresAbsTol     1e-14;
        gmresTolDiff    100;
        useNonZeroInitGuess 0;
        useMGSO         0;
        printInfo       1;
        fpMaxIters      1000;
        fpRelTol        1e-06;
        fpMinResTolDiff 100;
        fpPCUpwind      0;
        dynAdjustTol    0;
        KSPCalcEigen    0;
        KSPCalcSingularVal 0;
        readPCMat       0;
    }
    normalizeResiduals 11 ( URes pRes p_rghRes nuTildaRes phiRes TRes DRes kRes omegaRes epsilonRes alpha.waterRes );
    maxResConLv4JacPCMat
    {
        pRes            2;
        phiRes          1;
        URes            2;
        TRes            2;
        nuTildaRes      2;
        kRes            2;
        epsilonRes      2;
        omegaRes        2;
        p_rghRes        2;
        DRes            2;
        gammaIntRes     2;
        ReThetatRes     2;
        alpha.waterRes  2;
    }
    jacLowerBounds
    {
        dRdW            1e-30;
        dRdWPC          1e-30;
    }
    maxTractionBCIters 100;
    decomposeParDict
    {
        method          scotch;
        simpleCoeffs
        {
            n               3 ( 2 2 1 );
            delta           0.001;
        }
        kahipCoeffs
        {
            config          fast;
            imbalance       0.01;
        }
        preservePatches 1 ( None );
        singleProcessorFaceSets 1 ( None );
        args            1 ( None );
    }
    adjStateOrdering state;
    checkMeshThreshold
    {
        maxAspectRatio  1000;
        maxNonOrth      70;
        maxSkewness     4;
        maxIncorrectlyOrientedFaces 0;
    }
    writeDeformedFFDs 0;
    writeDeformedConstraints 0;
    writeAdjointFields 0;
    maxCorrectBCCalls 2;
    writeMinorIterations 0;
    primalMinIters  1;
    tensorflow
    {
        active          0;
    }
    wallDistanceMethod default;
    unsteadyCompOutput
    {
    }
}

pyDAFoam initialization done!
+----------------------------------------+
|          All IDWarp Options:           |
+----------------------------------------+
{'LdefFact': 1.0,
 'aExp': 3.0,
 'alpha': 0.25,
 'bExp': 5.0,
 'bucketSize': 8,
 'cornerAngle': 30.0,
 'errTol': 0.0005,
 'evalMode': 'fast',
 'fileType': 'OpenFOAM',
 'gridFile': '/home/dafoamuser/mount/ladder-a1-naca0012',
 'restartFile': None,
 'specifiedSurfaces': None,
 'symmTol': 1e-06,
 'symmetryPlanes': [[[0.0, 0.0, 0.0], [0.0, 0.0, 1.0]],
                    [[0.0, 0.0, 0.1], [0.0, 0.0, 1.0]]],
 'symmetrySurfaces': None,
 'useRotations': True,
 'zeroCornerRotations': True}
I/O    : uncollated
Case   : /home/dafoamuser/mount/ladder-a1-naca0012
nProcs : 2
Hosts  :
(
    (ip-172-31-43-247 2)
)
Pstream initialized with:
    node communication : off [type=host] (2 ranks, 1 nodes)
    topology controls  : none
    consensus exchange : 0 (tuning: 0)
    exchange algorithm : 0
    commsType          : nonBlocking
    polling iterations : 0
Reading the OpenFOAM mesh..
Overriding DebugSwitches according to controlDict
    SolverPerformance 0;

Checking if we need to compress the mesh files
Checking if we need to compress the mesh files
#------------------------------#
 Total Volume Nodes :      8448 
#------------------------------#
Finalising parallel run
I/O    : uncollated
+-------------------- Symmetry Planes -------------------+
|           Point                        Normal          |
| (  0.000   0.000   0.000)    (  0.000   0.000   1.000) |
| (  0.000   0.000   0.100)    (  0.000   0.000   1.000) |
+--------------------------------------------------------+
#--------------------------------#
 Unique Surface Nodes :       252 
#--------------------------------#
 Computing Denominator Estimate...
 Load Balancing...
 Finished Mesh Initialization.
OrderedDict([('inout', [0]), ('procBoundary0to1', [1]), ('symmetry1', [2]), ('symmetry2', [3]), ('wing', [4]), ('allSurfaces', [0, 1, 2, 3, 4]), ('allWalls', [4]), ('designSurfaces', [4])])
dRdWT Jacobian Free created!
/home/dafoamuser/dafoam/packages/miniconda3/lib/python3.10/site-packages/openmdao/core/component.py:140: OMDeprecationWarning:'scenario1.coupling.solver' <class DAFoamSolver>: It appears this component mixes distributed/non-distributed inputs and outputs, so it may break starting with OpenMDAO 3.25, where the convention used when passing data between distributed and non-distributed inputs and outputs within a matrix free component will change. See https://github.com/OpenMDAO/POEMs/blob/master/POEM_075.md for details.
/home/dafoamuser/dafoam/packages/miniconda3/lib/python3.10/site-packages/openmdao/core/component.py:140: OMDeprecationWarning:'scenario1.aero_post.functionals' <class DAFoamFunctions>: It appears this component mixes distributed/non-distributed inputs and outputs, so it may break starting with OpenMDAO 3.25, where the convention used when passing data between distributed and non-distributed inputs and outputs within a matrix free component will change. See https://github.com/OpenMDAO/POEMs/blob/master/POEM_075.md for details.
/home/dafoamuser/dafoam/packages/miniconda3/lib/python3.10/site-packages/openmdao/core/component.py:140: OMDeprecationWarning:'scenario1.coupling.solver' <class DAFoamSolver>: It appears this component mixes distributed/non-distributed inputs and outputs, so it may break starting with OpenMDAO 3.25, where the convention used when passing data between distributed and non-distributed inputs and outputs within a matrix free component will change. See https://github.com/OpenMDAO/POEMs/blob/master/POEM_075.md for details.
/home/dafoamuser/dafoam/packages/miniconda3/lib/python3.10/site-packages/openmdao/core/component.py:140: OMDeprecationWarning:'scenario1.aero_post.functionals' <class DAFoamFunctions>: It appears this component mixes distributed/non-distributed inputs and outputs, so it may break starting with OpenMDAO 3.25, where the convention used when passing data between distributed and non-distributed inputs and outputs within a matrix free component will change. See https://github.com/OpenMDAO/POEMs/blob/master/POEM_075.md for details.
/home/dafoamuser/dafoam/packages/miniconda3/lib/python3.10/site-packages/openmdao/core/problem.py:1011: DerivativesWarning:Inefficient choice of derivative mode.  You chose 'rev' for a problem with 10 design variables and 25 response variables (objectives and nonlinear constraints).
/home/dafoamuser/dafoam/packages/miniconda3/lib/python3.10/site-packages/openmdao/core/problem.py:1011: DerivativesWarning:Inefficient choice of derivative mode.  You chose 'rev' for a problem with 10 design variables and 25 response variables (objectives and nonlinear constraints).
DAInputVolCoord. 
Setting volume coordinates. 
DAInputPatchVelocity. 
Setting UMag = 10 AoA = 5.13918623195176 degs at 1(inout)
Checking mesh quality for time = 0
    Overall domain bounding box (-17.36955992934097 -18.580929029828 0) (18.72808974732804 18.580929008908 0.1)
    Mesh has 3 geometric (non-empty/wedge) directions (1 1 1)
    Mesh has 3 solution (non-empty) directions (1 1 1)
    Boundary openness (1.306540180385999e-19 -4.180928577235196e-19 5.672622979343512e-16) OK.
    Max cell openness = 2.647572244145361e-16 OK.
    Max aspect ratio = 97.87218721638284 OK.
    Minimum face area = 2.254099143164308e-06. Maximum face area = 4.224820321497278.  Face area magnitudes OK.
    Min volume = 2.254099144856892e-07. Max volume = 0.422482032106397.  Total volume = 105.2804018655528.  Cell volumes OK.
    Mesh non-orthogonality Max: 22.74891598092847 average: 2.547934581911865
    Non-orthogonality check OK.
    Face pyramids OK.
    Max skewness = 1.432464754647905 OK.
    Coupled point location match (average 0) OK.

Mesh OK.

Running Primal Solver 001
Previous solution time -1e+10 not found and nothing deleted.
No finite volume options present

Starting time loop

Time = 1

U0 initRes: 0.9999999999987094 finalRes: 0.08240773103290355 nIters: 7
U1 initRes: 1 finalRes: 0.08007995203822876 nIters: 7
U2 initRes: 0.9999999554390596 finalRes: 0.07268393220932351 nIters: 7
p initRes: 1 finalRes: 0.07187397990410722 nIters: 5
Time step continuity errors : sum local = 0.0005118255752470035
                                 global = -0.0002147973597912893
                             cumulative = -0.0002147973597912893
nuTilda initRes: 0.9999999999994288 finalRes: 0.07775220995390689 nIters: 7
Bounding nuTilda>1e-16
CD: 0.5134283813042979 final: 0.5134283813042979
CL: -0.04735005829205319 final: -0.04735005829205319
yPlus min: 48.427160900542 max: 83.46943413795927 mean: 78.5052645091826
ExecutionTime = 0.51 s  ClockTime = 1 s

Time = 100

U0 initRes: 0.0006511379032105874 finalRes: 4.821350669665884e-05 nIters: 6
U1 initRes: 0.0005602160955192194 finalRes: 5.513923276255421e-05 nIters: 5
U2 initRes: 0.001257053179405664 finalRes: 8.915904984469259e-05 nIters: 5
p initRes: 0.004572993158884976 finalRes: 0.0002985841256299898 nIters: 3
Time step continuity errors : sum local = 7.486274122170795e-06
                                 global = 2.955844809515611e-06
                             cumulative = -0.0002118415149817737
nuTilda initRes: 4.857441934071923e-05 finalRes: 4.159896838915736e-06 nIters: 2
Bounding nuTilda>1e-16
CD: 0.02195940525460195 final: 0.02195940525460195
CL: 0.4820488556561873 final: 0.4820488556561873
yPlus min: 14.76217836832865 max: 100.1804613092615 mean: 60.22718010574255
ExecutionTime = 1.02 s  ClockTime = 1 s

Time = 200

U0 initRes: 1.461712219358176e-05 finalRes: 1.174806869404198e-06 nIters: 6
U1 initRes: 1.200755024437199e-05 finalRes: 9.549773580137554e-07 nIters: 6
U2 initRes: 1.924826759307126e-05 finalRes: 1.695734256537362e-06 nIters: 5
p initRes: 1.708445654867035e-05 finalRes: 1.171929980820245e-06 nIters: 3
Time step continuity errors : sum local = 2.97930536082814e-08
                                 global = -4.564845611502323e-10
                             cumulative = -0.0002118419714663348
nuTilda initRes: 3.658825790524557e-07 finalRes: 3.58470881353768e-08 nIters: 4
Bounding nuTilda>1e-16
CD: 0.02094090710210191 final: 0.02094090710210191
CL: 0.498172600562674 final: 0.498172600562674
yPlus min: 14.26012555845825 max: 101.0569468598949 mean: 59.96225903599317
ExecutionTime = 1.53 s  ClockTime = 2 s

Time = 300

U0 initRes: 5.292272932750685e-07 finalRes: 4.213923210164576e-08 nIters: 6
U1 initRes: 4.64261735106737e-07 finalRes: 3.558179108521869e-08 nIters: 6
U2 initRes: 8.173396001410862e-07 finalRes: 6.111836559474882e-08 nIters: 5
p initRes: 9.932086205866696e-07 finalRes: 8.301870726667985e-08 nIters: 2
Time step continuity errors : sum local = 2.111694514612639e-09
                                 global = 5.005437607156939e-11
                             cumulative = -0.0002118419214119587
nuTilda initRes: 1.742450932730459e-08 finalRes: 1.465324231600644e-09 nIters: 4
Bounding nuTilda>1e-16
CD: 0.02091159378076924 final: 0.02091159378076924
CL: 0.4987468184647176 final: 0.4987468184647176
yPlus min: 14.24985836787034 max: 101.0842086106887 mean: 59.95703502496877
ExecutionTime = 2.04 s  ClockTime = 2 s

Time = 400

U0 initRes: 1.304874201737753e-08 finalRes: 9.648178152901668e-10 nIters: 6
U1 initRes: 1.050013925017425e-08 finalRes: 7.689918483276391e-10 nIters: 6
U2 initRes: 4.953544328305407e-08 finalRes: 4.792237090131385e-09 nIters: 5
p initRes: 3.250174177381142e-08 finalRes: 1.890504525044521e-09 nIters: 2
Time step continuity errors : sum local = 4.808840568242922e-11
                                 global = 3.215168439177059e-13
                             cumulative = -0.0002118419210904419
nuTilda initRes: 5.725655422898753e-10 finalRes: 4.273798481589864e-11 nIters: 4
Bounding nuTilda>1e-16
CD: 0.02091052898117485 final: 0.02091052898117485
CL: 0.4987649981000701 final: 0.4987649981000701
yPlus min: 14.24953306917098 max: 101.0851042561296 mean: 59.95687650896587
ExecutionTime = 2.54 s  ClockTime = 3 s

Time = 435
Minimal residual 9.646409714038222e-09 satisfied the prescribed tolerance 1e-08

CD: 0.0209105098587985 final: 0.0209105098587985
CL: 0.4987652667308054 final: 0.4987652667308054
End

Printing Primal Residual Statistics.
U Residual Norm2: (0.0002105327983258587 0.0002330165586608974 1.110205286501277e-12)
U Residual Mean: (1.5840547055946e-06 6.405153862492725e-07 8.466176891510717e-15)
U Residual Max: (5.405370757216588e-05 0.0001012390903269988 1.569068997107427e-13)
p Residual Norm2: 7.141263244826142e-05
p Residual Mean: 1.027564027778892e-07
p Residual Max: 3.259231539034248e-05
nuTilda Residual Norm2: 8.982893799957654e-08
nuTilda Residual Mean: 3.078842823559093e-10
nuTilda Residual Max: 1.687064342536775e-08
phi Residual Norm2: 3.229452109274434e-07
phi Residual Mean: 8.041198399928111e-10
phi Residual Max: 8.133465440628386e-08
Total Residual Norm2: 0.0003220569083518035
 
 
FDSWEEP step=1.0e-06 BASELINE_CD=2.091050985879850e-02
Computing d[CD]/d[aero_states]^T * psi 2.63 s
Computing d[CD]/d[aero_vol_coords]^T * psi 2.66 s
Computing d[CD]/d[patchV]^T * psi 2.84 s
Checking if Coloring file exists..
dRdWColoring_2.bin exists.
Moving time 435 to 0.0001
Driver total derivatives for iteration: 1
---------------------------------------------
Computing dRdWTPC 3.11 s
Initializing dRdWCon. 3.11 s
dRdWCon Created. 3.83 s
Reading Coloring dRdWColoring_2
Validating Coloring...
No Conflicting Colors Found!
Partial derivative matrix created. 3.86 s
dRdWTPC: 0 of 375, ExecutionTime: 3.87 s
dRdWTPC: 100 of 375, ExecutionTime: 4.59 s
dRdWTPC: 200 of 375, ExecutionTime: 5.29 s
dRdWTPC: 300 of 375, ExecutionTime: 6 s
dRdWTPC: 374 of 375, ExecutionTime: 6.52 s
Solver Type: gmres
GMRES Restart: 1000
ASM Overlap: 1
Global PC Iters: 0
Local PC Iters: 1
Mat ReOrdering: rcm
ILU PC Fill Level: 1
GMRES Max Iterations: 1000
GMRES Relative Tolerance: 1e-06
GMRES Absolute Tolerance: 1e-14
Solving Linear Equation... 6.34 s
Main iteration 0 KSP Residual norm 3.216467351428e-02 6.46 s. 
Main iteration 100 KSP Residual norm 1.160017526641e-05 8.81 s. 
Main iteration 164 KSP Residual norm 3.177553666748e-08 10.50 s 
**Completed**! Total iterations: 164. PetscConvergedReason: 2. 10.5 s
Residual tolerance satisfied, solution finished!
Computing d[aero_residuals]/d[aero_vol_coords]^T * psi 10.55 s
Computing d[aero_residuals]/d[patchV]^T * psi 10.85 s
FDSWEEP step=1.0e-06 ADJOINT idx=0 value=-1.134166189414765e-02
FDSWEEP step=1.0e-06 ADJOINT idx=1 value=-2.217954850367528e-02
FDSWEEP step=1.0e-06 ADJOINT idx=2 value=6.798534080782308e-03
FDSWEEP step=1.0e-06 ADJOINT idx=3 value=1.238018588499110e-02
FDSWEEP step=1.0e-06 ADJOINT idx=4 value=3.893834958886989e-02
FDSWEEP step=1.0e-06 ADJOINT idx=5 value=4.234249725549186e-02
FDSWEEP step=1.0e-06 ADJOINT idx=6 value=5.690764277189245e-03
FDSWEEP step=1.0e-06 ADJOINT idx=7 value=3.466797184914756e-03
/home/dafoamuser/dafoam/packages/miniconda3/lib/python3.10/site-packages/openmdao/core/problem.py:1011: DerivativesWarning:Inefficient choice of derivative mode.  You chose 'rev' for a problem with 10 design variables and 25 response variables (objectives and nonlinear constraints).
/home/dafoamuser/dafoam/packages/miniconda3/lib/python3.10/site-packages/openmdao/core/problem.py:1011: DerivativesWarning:Inefficient choice of derivative mode.  You chose 'rev' for a problem with 10 design variables and 25 response variables (objectives and nonlinear constraints).
DAInputVolCoord. 
Setting volume coordinates. 
DAInputPatchVelocity. 
Setting UMag = 10 AoA = 5.13918623195176 degs at 1(inout)
Checking mesh quality for time = 435
    Overall domain bounding box (-17.36955992566215 -18.58092881238138 0) (18.72808975195713 18.58092922635161 0.1)
    Mesh has 3 geometric (non-empty/wedge) directions (1 1 1)
    Mesh has 3 solution (non-empty) directions (1 1 1)
    Boundary openness (-5.226160720500878e-20 -3.135696432300527e-19 1.252219790890658e-15) OK.
    Max cell openness = 2.378881052583368e-16 OK.
    Max aspect ratio = 97.8721872135599 OK.
    Minimum face area = 2.254099143170523e-06. Maximum face area = 4.224820323830089.  Face area magnitudes OK.
    Min volume = 2.254099144863062e-07. Max volume = 0.4224820323396735.  Total volume = 105.2804018872012.  Cell volumes OK.
    Mesh non-orthogonality Max: 22.74891597528814 average: 2.547936602347642
    Non-orthogonality check OK.
    Face pyramids OK.
    Max skewness = 1.432464754498681 OK.
    Coupled point location match (average 0) OK.

Mesh OK.

Running Primal Solver 002
Previous solution time 435 found and deleted.
No finite volume options present

Starting time loop

Time = 1

U0 initRes: 8.944517935831782e-09 finalRes: 8.88785689542038e-10 nIters: 6
U1 initRes: 1.233835666909064e-08 finalRes: 8.683722033107817e-10 nIters: 7
U2 initRes: 0.1972727878081696 finalRes: 0.01481034185993687 nIters: 7
p initRes: 5.584395383723083e-07 finalRes: 4.407268997914863e-08 nIters: 5
Time step continuity errors : sum local = 1.121069073534583e-09
                                 global = -8.56550667329971e-10
                             cumulative = -0.0002118427776411092
nuTilda initRes: 2.573547690851588e-09 finalRes: 1.887519133138095e-10 nIters: 3
Bounding nuTilda>1e-16
CD: 0.0209098635844421 final: 0.0209098635844421
CL: 0.4987699440567075 final: 0.4987699440567075
yPlus min: 14.24954877516317 max: 101.0851151411699 mean: 59.95687261570308
ExecutionTime = 11.3 s  ClockTime = 12 s

Time = 100

U0 initRes: 9.080302425908975e-10 finalRes: 6.719122448743367e-11 nIters: 5
U1 initRes: 1.458370017402123e-09 finalRes: 9.638514873915003e-11 nIters: 5
U2 initRes: 6.601833147786298e-10 finalRes: 6.393499168637691e-11 nIters: 4
p initRes: 2.87195920975371e-08 finalRes: 2.161012305381135e-09 nIters: 2
Time step continuity errors : sum local = 5.496907369141282e-11
                                 global = -4.04865022643677e-12
                             cumulative = -0.0002118427816897595
nuTilda initRes: 3.58410531652437e-11 finalRes: 2.236167213310766e-12 nIters: 4
Bounding nuTilda>1e-16
CD: 0.02091049493439132 final: 0.02091049493439132
CL: 0.4987663541682292 final: 0.4987663541682292
yPlus min: 14.24958757539149 max: 101.0851089707327 mean: 59.95688895501713
ExecutionTime = 11.8 s  ClockTime = 12 s

Time = 118
Minimal residual 9.300577717279973e-09 satisfied the prescribed tolerance 1e-08

CD: 0.02091049510391868 final: 0.02091049510391868
CL: 0.4987663640807379 final: 0.4987663640807379
End

Printing Primal Residual Statistics.
U Residual Norm2: (2.536074929428201e-05 2.385915606260372e-05 3.039613091157708e-12)
U Residual Mean: (1.967875732842226e-07 1.075767101116132e-07 2.18061943788378e-14)
U Residual Max: (4.726973525492895e-06 7.565090527350549e-06 6.391204377769832e-13)
p Residual Norm2: 6.749252402904764e-06
p Residual Mean: 2.043399704145395e-08
p Residual Max: 2.367034501800193e-06
nuTilda Residual Norm2: 7.251721626054803e-09
nuTilda Residual Mean: 2.523945502609939e-11
nuTilda Residual Max: 1.339657415875692e-09
phi Residual Norm2: 5.899307186290075e-08
phi Residual Mean: 1.798654054527779e-10
phi Residual Max: 6.444178784571174e-09
Total Residual Norm2: 3.546805426796379e-05
 
 
/home/dafoamuser/dafoam/packages/miniconda3/lib/python3.10/site-packages/openmdao/core/problem.py:1011: DerivativesWarning:Inefficient choice of derivative mode.  You chose 'rev' for a problem with 10 design variables and 25 response variables (objectives and nonlinear constraints).
/home/dafoamuser/dafoam/packages/miniconda3/lib/python3.10/site-packages/openmdao/core/problem.py:1011: DerivativesWarning:Inefficient choice of derivative mode.  You chose 'rev' for a problem with 10 design variables and 25 response variables (objectives and nonlinear constraints).
DAInputVolCoord. 
Setting volume coordinates. 
DAInputPatchVelocity. 
Setting UMag = 10 AoA = 5.13918623195176 degs at 1(inout)
Checking mesh quality for time = 118
    Overall domain bounding box (-17.36955993300604 -18.58092924726256 0) (18.72808974268024 18.58092879144326 0.1)
    Mesh has 3 geometric (non-empty/wedge) directions (1 1 1)
    Mesh has 3 solution (non-empty) directions (1 1 1)
    Boundary openness (-1.110559153551736e-19 -4.180928578077122e-19 -5.966164971312212e-16) OK.
    Max cell openness = 2.6588482411198e-16 OK.
    Max aspect ratio = 97.87218721914013 OK.
    Minimum face area = 2.254099143157212e-06. Maximum face area = 4.224820319156616.  Face area magnitudes OK.
    Min volume = 2.254099144849594e-07. Max volume = 0.4224820318723351.  Total volume = 105.2804018437164.  Cell volumes OK.
    Mesh non-orthogonality Max: 22.74891598547816 average: 2.547932561382479
    Non-orthogonality check OK.
    Face pyramids OK.
    Max skewness = 1.432464754793223 OK.
    Coupled point location match (average 0) OK.

Mesh OK.

Running Primal Solver 003
Previous solution time 118 found and deleted.
No finite volume options present

Starting time loop

Time = 1

U0 initRes: 1.593610447794251e-08 finalRes: 1.209903185448116e-09 nIters: 7
U1 initRes: 2.242401791852969e-08 finalRes: 1.658625872132249e-09 nIters: 7
U2 initRes: 0.003561358992105036 finalRes: 0.0002673612386849235 nIters: 7
p initRes: 1.111970760051655e-06 finalRes: 8.836167357817628e-08 nIters: 5
Time step continuity errors : sum local = 2.24763620793539e-09
                                 global = 1.718483882075969e-09
                             cumulative = -0.0002118410632058774
nuTilda initRes: 4.922285253998873e-09 finalRes: 3.582242672598151e-10 nIters: 3
Bounding nuTilda>1e-16
CD: 0.02091178810229625 final: 0.02091178810229625
CL: 0.4987570195192197 final: 0.4987570195192197
yPlus min: 14.24954608351831 max: 101.0851164875492 mean: 59.95689219457336
ExecutionTime = 12.11 s  ClockTime = 12 s

Time = 100

U0 initRes: 1.777220180668378e-09 finalRes: 1.345524627479657e-10 nIters: 5
U1 initRes: 2.90725426331833e-09 finalRes: 1.933467507687273e-10 nIters: 5
U2 initRes: 1.059557555192677e-09 finalRes: 8.385829770363763e-11 nIters: 4
p initRes: 5.641350292513621e-08 finalRes: 4.17573613174878e-09 nIters: 2
Time step continuity errors : sum local = 1.062177082808671e-10
                                 global = 4.319834434820396e-12
                             cumulative = -0.0002118410588860429
nuTilda initRes: 6.451991395413304e-11 finalRes: 4.073358245532992e-12 nIters: 4
Bounding nuTilda>1e-16
CD: 0.02091051295762428 final: 0.02091051295762428
CL: 0.4987643507137127 final: 0.4987643507137127
yPlus min: 14.24946594579796 max: 101.085136809453 mean: 59.95685878326977
ExecutionTime = 12.62 s  ClockTime = 13 s

Time = 126
Minimal residual 9.806665592003948e-09 satisfied the prescribed tolerance 1e-08

CD: 0.02091051358054768 final: 0.02091051358054768
CL: 0.4987643282844484 final: 0.4987643282844484
End

Printing Primal Residual Statistics.
U Residual Norm2: (4.043345890188555e-05 3.539161897680162e-05 4.116001052011688e-12)
U Residual Mean: (2.965255194694859e-07 1.4325392531413e-07 3.037469721045122e-14)
U Residual Max: (1.306761851083138e-05 1.125462858908577e-05 8.139516713851585e-13)
p Residual Norm2: 9.304514906811702e-06
p Residual Mean: 2.241518492696016e-08
p Residual Max: 3.547672276408093e-06
nuTilda Residual Norm2: 8.66979740142164e-09
nuTilda Residual Mean: 3.136179829366282e-11
nuTilda Residual Max: 1.565199251464118e-09
phi Residual Norm2: 6.363517775067425e-08
phi Residual Mean: 2.004568478664814e-10
phi Residual Max: 9.759802139962666e-09
Total Residual Norm2: 5.453447913771529e-05
 
 
FDSWEEP step=1.0e-06 FD idx=0 CD_plus=2.091049510391868e-02 CD_minus=2.091051358054768e-02 fd=-9.238314502280076e-03
/home/dafoamuser/dafoam/packages/miniconda3/lib/python3.10/site-packages/openmdao/core/problem.py:1011: DerivativesWarning:Inefficient choice of derivative mode.  You chose 'rev' for a problem with 10 design variables and 25 response variables (objectives and nonlinear constraints).
/home/dafoamuser/dafoam/packages/miniconda3/lib/python3.10/site-packages/openmdao/core/problem.py:1011: DerivativesWarning:Inefficient choice of derivative mode.  You chose 'rev' for a problem with 10 design variables and 25 response variables (objectives and nonlinear constraints).
DAInputVolCoord. 
Setting volume coordinates. 
DAInputPatchVelocity. 
Setting UMag = 10 AoA = 5.13918623195176 degs at 1(inout)
Checking mesh quality for time = 126
    Overall domain bounding box (-17.3695599330479 -18.58092881323737 0) (18.72808974262601 18.58092922549725 0.1)
    Mesh has 3 geometric (non-empty/wedge) directions (1 1 1)
    Mesh has 3 solution (non-empty) directions (1 1 1)
    Boundary openness (1.306540180642006e-19 0 1.342632822187479e-15) OK.
    Max cell openness = 2.284358593420597e-16 OK.
    Max aspect ratio = 97.87218721546314 OK.
    Minimum face area = 2.254099143145223e-06. Maximum face area = 4.224820324179205.  Face area magnitudes OK.
    Min volume = 2.254099144837476e-07. Max volume = 0.422482032374583.  Total volume = 105.280401844025.  Cell volumes OK.
    Mesh non-orthogonality Max: 22.74891595507913 average: 2.547932554561642
    Non-orthogonality check OK.
    Face pyramids OK.
    Max skewness = 1.432464754562715 OK.
    Coupled point location match (average 0) OK.

Mesh OK.

Running Primal Solver 004
Previous solution time 126 found and deleted.
No finite volume options present

Starting time loop

Time = 1

U0 initRes: 1.728579721679999e-08 finalRes: 1.315059323948847e-09 nIters: 7
U1 initRes: 2.346767691937817e-08 finalRes: 1.740937558946097e-09 nIters: 7
U2 initRes: 0.00306286592524308 finalRes: 0.0002315108689500602 nIters: 7
p initRes: 1.204055908251116e-06 finalRes: 8.910765389806648e-08 nIters: 4
Time step continuity errors : sum local = 2.266619820800777e-09
                                 global = 2.728708288929504e-10
                             cumulative = -0.000211840786015214
nuTilda initRes: 5.524383291012915e-09 finalRes: 3.766868407163339e-10 nIters: 3
Bounding nuTilda>1e-16
CD: 0.02091139956003122 final: 0.02091139956003122
CL: 0.4987731406100618 final: 0.4987731406100618
yPlus min: 14.24949420537056 max: 101.085116850118 mean: 59.95686161962596
ExecutionTime = 12.96 s  ClockTime = 13 s

Time = 100

U0 initRes: 2.895659292691532e-09 finalRes: 2.092483585195792e-10 nIters: 5
U1 initRes: 4.226787624165604e-09 finalRes: 2.749628447708535e-10 nIters: 5
U2 initRes: 1.210839342260019e-08 finalRes: 3.70992471011973e-10 nIters: 2
p initRes: 7.773580912509456e-08 finalRes: 6.870181228860387e-09 nIters: 2
Time step continuity errors : sum local = 1.747558061707513e-10
                                 global = 2.056545255438306e-11
                             cumulative = -0.0002118407654497615
nuTilda initRes: 8.998330850806439e-11 finalRes: 5.599256667861671e-12 nIters: 4
Bounding nuTilda>1e-16
CD: 0.02091048355036535 final: 0.02091048355036535
CL: 0.4987666510160345 final: 0.4987666510160345
yPlus min: 14.24954316460296 max: 101.0849679744617 mean: 59.95692582648497
ExecutionTime = 13.47 s  ClockTime = 14 s

Time = 130
Minimal residual 9.125220992633298e-09 satisfied the prescribed tolerance 1e-08

CD: 0.02091048532199849 final: 0.02091048532199849
CL: 0.4987667071826739 final: 0.4987667071826739
End

Printing Primal Residual Statistics.
U Residual Norm2: (4.792624706054909e-05 4.209796306451036e-05 6.470320218131533e-12)
U Residual Mean: (3.77144605798718e-07 1.620793457895704e-07 4.507661646147756e-14)
U Residual Max: (1.120949082178413e-05 1.509018420620123e-05 1.515931254601044e-12)
p Residual Norm2: 1.141339735265807e-05
p Residual Mean: 2.500369291641112e-08
p Residual Max: 4.718851109987791e-06
nuTilda Residual Norm2: 1.076796046060214e-08
nuTilda Residual Mean: 3.975407102594097e-11
nuTilda Residual Max: 1.92826547410706e-09
phi Residual Norm2: 7.409067672916424e-08
phi Residual Mean: 2.289240210288791e-10
phi Residual Max: 1.305653527086492e-08
Total Residual Norm2: 6.480304696537596e-05
 
 
/home/dafoamuser/dafoam/packages/miniconda3/lib/python3.10/site-packages/openmdao/core/problem.py:1011: DerivativesWarning:Inefficient choice of derivative mode.  You chose 'rev' for a problem with 10 design variables and 25 response variables (objectives and nonlinear constraints).
/home/dafoamuser/dafoam/packages/miniconda3/lib/python3.10/site-packages/openmdao/core/problem.py:1011: DerivativesWarning:Inefficient choice of derivative mode.  You chose 'rev' for a problem with 10 design variables and 25 response variables (objectives and nonlinear constraints).
DAInputVolCoord. 
Setting volume coordinates. 
DAInputPatchVelocity. 
Setting UMag = 10 AoA = 5.13918623195176 degs at 1(inout)
Checking mesh quality for time = 130
    Overall domain bounding box (-17.369559925623 -18.58092924636987 0) (18.72808975200936 18.58092879233433 0.1)
    Mesh has 3 geometric (non-empty/wedge) directions (1 1 1)
    Mesh has 3 solution (non-empty) directions (1 1 1)
    Boundary openness (2.090464288211662e-19 0 -6.968701331198474e-16) OK.
    Max cell openness = 2.62035367977219e-16 OK.
    Max aspect ratio = 97.87218721730838 OK.
    Minimum face area = 2.254099143183373e-06. Maximum face area = 4.2248203188083.  Face area magnitudes OK.
    Min volume = 2.254099144876213e-07. Max volume = 0.4224820318375058.  Total volume = 105.2804018868947.  Cell volumes OK.
    Mesh non-orthogonality Max: 22.74891600670394 average: 2.547936609485985
    Non-orthogonality check OK.
    Face pyramids OK.
    Max skewness = 1.432464754732486 OK.
    Coupled point location match (average 0) OK.

Mesh OK.

Running Primal Solver 005
Previous solution time 130 found and deleted.
No finite volume options present

Starting time loop

Time = 1

U0 initRes: 2.139412778291213e-08 finalRes: 1.624873947362491e-09 nIters: 7
U1 initRes: 2.612109439741122e-08 finalRes: 1.914423463600138e-09 nIters: 7
U2 initRes: 0.004583839013406379 finalRes: 0.0003498390572134606 nIters: 7
p initRes: 1.43152722579835e-06 finalRes: 6.037921153861126e-08 nIters: 5
Time step continuity errors : sum local = 1.535856816157819e-09
                                 global = 6.772214028637079e-11
                             cumulative = -0.0002118406977276212
nuTilda initRes: 6.697419599899531e-09 finalRes: 5.540054471679959e-10 nIters: 3
Bounding nuTilda>1e-16
CD: 0.02090737428361872 final: 0.02090737428361872
CL: 0.4987578707402753 final: 0.4987578707402753
yPlus min: 14.24952815571579 max: 101.0850005044577 mean: 59.95691692516536
ExecutionTime = 13.84 s  ClockTime = 14 s

Time = 100

U0 initRes: 4.596175798882536e-09 finalRes: 2.911707529678686e-10 nIters: 5
U1 initRes: 7.041659476631298e-09 finalRes: 4.472858262082224e-10 nIters: 5
U2 initRes: 1.590739223656842e-08 finalRes: 5.098207564241329e-10 nIters: 2
p initRes: 1.089632632178335e-07 finalRes: 1.016393134202358e-08 nIters: 2
Time step continuity errors : sum local = 2.585379147092677e-10
                                 global = -1.542178586518191e-11
                             cumulative = -0.000211840713149407
nuTilda initRes: 1.187732518239104e-10 finalRes: 7.682619280795989e-12 nIters: 4
Bounding nuTilda>1e-16
CD: 0.0209105267887033 final: 0.0209105267887033
CL: 0.4987640575508422 final: 0.4987640575508422
yPlus min: 14.24951043451162 max: 101.0852777285015 mean: 59.95682198333679
ExecutionTime = 14.35 s  ClockTime = 15 s

Time = 133
Minimal residual 9.210983022474487e-09 satisfied the prescribed tolerance 1e-08

CD: 0.02091052256679602 final: 0.02091052256679602
CL: 0.4987639801493922 final: 0.4987639801493922
End

Printing Primal Residual Statistics.
U Residual Norm2: (5.054578470391401e-05 5.04162440123163e-05 8.273811817556042e-12)
U Residual Mean: (4.181392006810783e-07 2.004608598954873e-07 5.733220209985585e-14)
U Residual Max: (1.089169654733269e-05 1.839098149503116e-05 1.953572639989482e-12)
p Residual Norm2: 1.326510879229103e-05
p Residual Mean: 2.574483427391004e-08
p Residual Max: 5.786347279672525e-06
nuTilda Residual Norm2: 1.272145176311865e-08
nuTilda Residual Mean: 4.677482034353778e-11
nuTilda Residual Max: 2.294938130492435e-09
phi Residual Norm2: 8.333667881834142e-08
phi Residual Mean: 2.551535069887459e-10
phi Residual Max: 1.564851052325168e-08
Total Residual Norm2: 7.261297562937773e-05
 
 
FDSWEEP step=1.0e-06 FD idx=1 CD_plus=2.091048532199849e-02 CD_minus=2.091052256679602e-02 fd=-1.862239876540550e-02
/home/dafoamuser/dafoam/packages/miniconda3/lib/python3.10/site-packages/openmdao/core/problem.py:1011: DerivativesWarning:Inefficient choice of derivative mode.  You chose 'rev' for a problem with 10 design variables and 25 response variables (objectives and nonlinear constraints).
/home/dafoamuser/dafoam/packages/miniconda3/lib/python3.10/site-packages/openmdao/core/problem.py:1011: DerivativesWarning:Inefficient choice of derivative mode.  You chose 'rev' for a problem with 10 design variables and 25 response variables (objectives and nonlinear constraints).
DAInputVolCoord. 
Setting volume coordinates. 
DAInputPatchVelocity. 
Setting UMag = 10 AoA = 5.13918623195176 degs at 1(inout)
Checking mesh quality for time = 133
    Overall domain bounding box (-17.36955993244647 -18.58092882733712 0) (18.72808974518754 18.58092921137412 0.1)
    Mesh has 3 geometric (non-empty/wedge) directions (1 1 1)
    Mesh has 3 solution (non-empty) directions (1 1 1)
    Boundary openness (-4.572890630584409e-20 -6.271392864801476e-19 1.539544956465718e-15) OK.
    Max cell openness = 2.431181904768322e-16 OK.
    Max aspect ratio = 97.87218748051649 OK.
    Minimum face area = 2.254099139763477e-06. Maximum face area = 4.224820324054608.  Face area magnitudes OK.
    Min volume = 2.254099141460474e-07. Max volume = 0.4224820323621254.  Total volume = 105.2804018835596.  Cell volumes OK.
    Mesh non-orthogonality Max: 22.74891681353328 average: 2.547935659515253
    Non-orthogonality check OK.
    Face pyramids OK.
    Max skewness = 1.432464767167354 OK.
    Coupled point location match (average 0) OK.

Mesh OK.

Running Primal Solver 006
Previous solution time 133 found and deleted.
No finite volume options present

Starting time loop

Time = 1

U0 initRes: 1.388470958033061e-08 finalRes: 1.039342311994645e-09 nIters: 7
U1 initRes: 1.785229168558752e-08 finalRes: 1.28984340556858e-09 nIters: 7
U2 initRes: 0.002635909156504405 finalRes: 0.0001923400746760276 nIters: 7
p initRes: 1.074408689203617e-06 finalRes: 6.385383180097979e-08 nIters: 4
Time step continuity errors : sum local = 1.624236801614734e-09
                                 global = 1.563761724197402e-10
                             cumulative = -0.0002118405567732346
nuTilda initRes: 4.850785771465493e-09 finalRes: 3.590916313132147e-10 nIters: 3
Bounding nuTilda>1e-16
CD: 0.02091145546287657 final: 0.02091145546287657
CL: 0.498768300420587 final: 0.498768300420587
yPlus min: 14.24952128719515 max: 101.0852559309499 mean: 59.95682514068635
ExecutionTime = 14.73 s  ClockTime = 15 s

Time = 100

U0 initRes: 2.600207779632989e-09 finalRes: 1.935344653552731e-10 nIters: 5
U1 initRes: 3.758752837910351e-09 finalRes: 2.557993691036289e-10 nIters: 5
U2 initRes: 6.130289505904622e-09 finalRes: 4.770464787201125e-10 nIters: 4
p initRes: 5.7754246967244e-08 finalRes: 5.027019224164285e-09 nIters: 2
Time step continuity errors : sum local = 1.278712956077011e-10
                                 global = 1.845241139712093e-12
                             cumulative = -0.0002118405549279935
nuTilda initRes: 8.670916961158653e-11 finalRes: 5.400707793160099e-12 nIters: 4
Bounding nuTilda>1e-16
CD: 0.02091051135647541 final: 0.02091051135647541
CL: 0.4987664834083012 final: 0.4987664834083012
yPlus min: 14.24953345315498 max: 101.0851254229667 mean: 59.95687416514496
ExecutionTime = 15.24 s  ClockTime = 16 s

Time = 125
Minimal residual 9.624366197915999e-09 satisfied the prescribed tolerance 1e-08

CD: 0.02091051348246014 final: 0.02091051348246014
CL: 0.4987665337463023 final: 0.4987665337463023
End

Printing Primal Residual Statistics.
U Residual Norm2: (4.914562472636509e-05 5.070608048710344e-05 1.508335885468216e-12)
U Residual Mean: (4.178193142483918e-07 1.871581177488622e-07 1.151762108567206e-14)
U Residual Max: (1.059710575646022e-05 1.822229660319863e-05 2.491122259263191e-13)
p Residual Norm2: 1.385427447669617e-05
p Residual Mean: 3.064093899440369e-08
p Residual Max: 5.74524127823866e-06
nuTilda Residual Norm2: 1.306652838997902e-08
nuTilda Residual Mean: 4.788739246439187e-11
nuTilda Residual Max: 2.366140484543981e-09
phi Residual Norm2: 9.139593688964588e-08
phi Residual Mean: 2.986439007364814e-10
phi Residual Max: 1.558066168551733e-08
Total Residual Norm2: 7.196074258466488e-05
 
 
/home/dafoamuser/dafoam/packages/miniconda3/lib/python3.10/site-packages/openmdao/core/problem.py:1011: DerivativesWarning:Inefficient choice of derivative mode.  You chose 'rev' for a problem with 10 design variables and 25 response variables (objectives and nonlinear constraints).
/home/dafoamuser/dafoam/packages/miniconda3/lib/python3.10/site-packages/openmdao/core/problem.py:1011: DerivativesWarning:Inefficient choice of derivative mode.  You chose 'rev' for a problem with 10 design variables and 25 response variables (objectives and nonlinear constraints).
DAInputVolCoord. 
Setting volume coordinates. 
DAInputPatchVelocity. 
Setting UMag = 10 AoA = 5.13918623195176 degs at 1(inout)
Checking mesh quality for time = 125
    Overall domain bounding box (-17.36955992623226 -18.58092923234023 0) (18.72808974945392 18.58092880640266 0.1)
    Mesh has 3 geometric (non-empty/wedge) directions (1 1 1)
    Mesh has 3 solution (non-empty) directions (1 1 1)
    Boundary openness (-4.180928577940153e-19 -4.442236614061413e-19 1.403825356883771e-15) OK.
    Max cell openness = 2.272781824393538e-16 OK.
    Max aspect ratio = 97.87218697870507 OK.
    Minimum face area = 2.254099146550702e-06. Maximum face area = 4.22482031893523.  Face area magnitudes OK.
    Min volume = 2.25409914823846e-07. Max volume = 0.4224820318501968.  Total volume = 105.2804018474437.  Cell volumes OK.
    Mesh non-orthogonality Max: 22.74891641615931 average: 2.547933504570877
    Non-orthogonality check OK.
    Face pyramids OK.
    Max skewness = 1.432464760503951 OK.
    Coupled point location match (average 0) OK.

Mesh OK.

Running Primal Solver 007
Previous solution time 125 found and deleted.
No finite volume options present

Starting time loop

Time = 1

U0 initRes: 8.624960502681907e-09 finalRes: 6.09404326516512e-10 nIters: 7
U1 initRes: 1.293807485966245e-08 finalRes: 1.293482369282338e-09 nIters: 6
U2 initRes: 0.0175343503563479 finalRes: 0.001737541369751609 nIters: 6
p initRes: 9.433713595743074e-07 finalRes: 5.973644981145484e-08 nIters: 5
Time step continuity errors : sum local = 1.519504330173587e-09
                                 global = -1.065119908333259e-10
                             cumulative = -0.0002118406614399843
nuTilda initRes: 5.169531386779425e-09 finalRes: 3.537018171119011e-10 nIters: 4
Bounding nuTilda>1e-16
CD: 0.02091169236748533 final: 0.02091169236748533
CL: 0.4987661130184188 final: 0.4987661130184188
yPlus min: 14.24952729325809 max: 101.0851349135968 mean: 59.9568769491998
ExecutionTime = 15.58 s  ClockTime = 16 s

Time = 100

U0 initRes: 1.016962237956101e-09 finalRes: 7.655973492803825e-11 nIters: 6
U1 initRes: 1.112858752466453e-09 finalRes: 1.106593738745661e-10 nIters: 5
U2 initRes: 2.854946403852243e-09 finalRes: 2.433183344877636e-10 nIters: 5
p initRes: 1.070998646672163e-08 finalRes: 5.797365361689165e-10 nIters: 3
Time step continuity errors : sum local = 1.474666946708675e-11
                                 global = -7.060151125107563e-13
                             cumulative = -0.0002118406621459994
nuTilda initRes: 5.54463321281634e-11 finalRes: 3.390678615236287e-12 nIters: 4
Bounding nuTilda>1e-16
CD: 0.02091049478005788 final: 0.02091049478005788
CL: 0.498764168198538 final: 0.498764168198538
yPlus min: 14.2495208453429 max: 101.0851185074697 mean: 59.95687387931653
ExecutionTime = 16.09 s  ClockTime = 16 s

Time = 102
Minimal residual 9.216721911798849e-09 satisfied the prescribed tolerance 1e-08

CD: 0.02091049516968488 final: 0.02091049516968488
CL: 0.498764165436306 final: 0.498764165436306
End

Printing Primal Residual Statistics.
U Residual Norm2: (9.523391311739798e-05 8.163587801003558e-05 5.304018396913976e-12)
U Residual Mean: (6.68651330568593e-07 3.023126886429423e-07 3.017326251716078e-14)
U Residual Max: (3.355921626280178e-05 2.610105821077013e-05 1.293277144209221e-12)
p Residual Norm2: 2.251093148503715e-05
p Residual Mean: 5.50738001175997e-08
p Residual Max: 8.274366687437918e-06
nuTilda Residual Norm2: 2.67417954882082e-08
nuTilda Residual Mean: 9.497392901489946e-11
nuTilda Residual Max: 4.867381538395106e-09
phi Residual Norm2: 1.327737877870594e-07
phi Residual Mean: 4.028409130732747e-10
phi Residual Max: 2.255434207787657e-08
Total Residual Norm2: 0.0001274389075849598
 
 
FDSWEEP step=1.0e-06 FD idx=2 CD_plus=2.091051348246014e-02 CD_minus=2.091049516968488e-02 fd=9.156387627273777e-03
/home/dafoamuser/dafoam/packages/miniconda3/lib/python3.10/site-packages/openmdao/core/problem.py:1011: DerivativesWarning:Inefficient choice of derivative mode.  You chose 'rev' for a problem with 10 design variables and 25 response variables (objectives and nonlinear constraints).
/home/dafoamuser/dafoam/packages/miniconda3/lib/python3.10/site-packages/openmdao/core/problem.py:1011: DerivativesWarning:Inefficient choice of derivative mode.  You chose 'rev' for a problem with 10 design variables and 25 response variables (objectives and nonlinear constraints).
DAInputVolCoord. 
Setting volume coordinates. 
DAInputPatchVelocity. 
Setting UMag = 10 AoA = 5.13918623195176 degs at 1(inout)
Checking mesh quality for time = 102
    Overall domain bounding box (-17.3695599262822 -18.58092882822035 0) (18.72808974937751 18.58092921049184 0.1)
    Mesh has 3 geometric (non-empty/wedge) directions (1 1 1)
    Mesh has 3 solution (non-empty) directions (1 1 1)
    Boundary openness (0 -3.919620541823708e-19 1.541887692776253e-15) OK.
    Max cell openness = 2.541595748033804e-16 OK.
    Max aspect ratio = 97.87218736221378 OK.
    Minimum face area = 2.254099146565729e-06. Maximum face area = 4.224820324377542.  Face area magnitudes OK.
    Min volume = 2.25409914825654e-07. Max volume = 0.4224820323944171.  Total volume = 105.2804018472602.  Cell volumes OK.
    Mesh non-orthogonality Max: 22.74891672293401 average: 2.547933504193834
    Non-orthogonality check OK.
    Face pyramids OK.
    Max skewness = 1.432464764858725 OK.
    Coupled point location match (average 0) OK.

Mesh OK.

Running Primal Solver 008
Previous solution time 102 found and deleted.
No finite volume options present

Starting time loop

Time = 1

U0 initRes: 9.402966296482164e-09 finalRes: 6.74597723203643e-10 nIters: 7
U1 initRes: 1.353332228622898e-08 finalRes: 9.491206218929381e-10 nIters: 7
U2 initRes: 0.01356436479262209 finalRes: 0.001312307331662373 nIters: 6
p initRes: 9.801536394286815e-07 finalRes: 4.806631750326384e-08 nIters: 4
Time step continuity errors : sum local = 1.222655370933941e-09
                                 global = -3.490155954029953e-11
                             cumulative = -0.0002118406970475589
nuTilda initRes: 5.243490608729652e-09 finalRes: 5.142177339385004e-10 nIters: 3
Bounding nuTilda>1e-16
CD: 0.02091040146657983 final: 0.02091040146657983
CL: 0.4987639331567899 final: 0.4987639331567899
yPlus min: 14.2495247176718 max: 101.0851058346396 mean: 59.95687350820254
ExecutionTime = 16.32 s  ClockTime = 17 s

Time = 100

U0 initRes: 9.899001461987175e-10 finalRes: 7.689763545538425e-11 nIters: 6
U1 initRes: 1.075743249431017e-09 finalRes: 7.190173554607232e-11 nIters: 6
U2 initRes: 3.870710559167232e-09 finalRes: 3.213886153722737e-10 nIters: 4
p initRes: 1.145793395716034e-08 finalRes: 9.389474124631046e-10 nIters: 2
Time step continuity errors : sum local = 2.388398958066815e-11
                                 global = -1.250746072418784e-12
                             cumulative = -0.000211840698298305
nuTilda initRes: 5.560691284585039e-11 finalRes: 3.418257714419176e-12 nIters: 4
Bounding nuTilda>1e-16
CD: 0.02091051886892224 final: 0.02091051886892224
CL: 0.4987665127505582 final: 0.4987665127505582
yPlus min: 14.24952679817534 max: 101.0850946932212 mean: 59.9568796617238
ExecutionTime = 16.82 s  ClockTime = 17 s

Time = 102
Minimal residual 9.521555130935226e-09 satisfied the prescribed tolerance 1e-08

CD: 0.02091051925184117 final: 0.02091051925184117
CL: 0.4987665177993585 final: 0.4987665177993585
End

Printing Primal Residual Statistics.
U Residual Norm2: (8.072367763804524e-05 7.476994839130536e-05 3.305803006202464e-12)
U Residual Mean: (6.454002931156594e-07 3.056112557683087e-07 2.087095778426318e-14)
U Residual Max: (2.019581143031246e-05 2.657516051840503e-05 7.018143639338093e-13)
p Residual Norm2: 2.205024590527281e-05
p Residual Mean: 5.453899503669728e-08
p Residual Max: 8.473342530951089e-06
nuTilda Residual Norm2: 2.710790040569013e-08
nuTilda Residual Mean: 9.620455603129244e-11
nuTilda Residual Max: 4.967628035655116e-09
phi Residual Norm2: 1.34624962416392e-07
phi Residual Mean: 4.005775789792446e-10
phi Residual Max: 2.34145029885627e-08
Total Residual Norm2: 0.0001122189356439068
 
 
/home/dafoamuser/dafoam/packages/miniconda3/lib/python3.10/site-packages/openmdao/core/problem.py:1011: DerivativesWarning:Inefficient choice of derivative mode.  You chose 'rev' for a problem with 10 design variables and 25 response variables (objectives and nonlinear constraints).
/home/dafoamuser/dafoam/packages/miniconda3/lib/python3.10/site-packages/openmdao/core/problem.py:1011: DerivativesWarning:Inefficient choice of derivative mode.  You chose 'rev' for a problem with 10 design variables and 25 response variables (objectives and nonlinear constraints).
DAInputVolCoord. 
Setting volume coordinates. 
DAInputPatchVelocity. 
Setting UMag = 10 AoA = 5.13918623195176 degs at 1(inout)
Checking mesh quality for time = 102
    Overall domain bounding box (-17.36955993239987 -18.58092923142849 0) (18.72808974526166 18.58092880731357 0.1)
    Mesh has 3 geometric (non-empty/wedge) directions (1 1 1)
    Mesh has 3 solution (non-empty) directions (1 1 1)
    Boundary openness (-2.417099333305842e-19 2.351772324297576e-19 -1.299677388299341e-15) OK.
    Max cell openness = 3.079149766857593e-16 OK.
    Max aspect ratio = 97.87218708180323 OK.
    Minimum face area = 2.25409913942135e-06. Maximum face area = 4.224820318612708.  Face area magnitudes OK.
    Min volume = 2.254099141115298e-07. Max volume = 0.4224820318179464.  Total volume = 105.2804018837464.  Cell volumes OK.
    Mesh non-orthogonality Max: 22.74891650347466 average: 2.54793565911317
    Non-orthogonality check OK.
    Face pyramids OK.
    Max skewness = 1.432464761713299 OK.
    Coupled point location match (average 0) OK.

Mesh OK.

Running Primal Solver 009
Previous solution time 102 found and deleted.
No finite volume options present

Starting time loop

Time = 1

U0 initRes: 1.129892606363876e-08 finalRes: 8.218785170797637e-10 nIters: 7
U1 initRes: 1.45867692866216e-08 finalRes: 1.028546872744541e-09 nIters: 7
U2 initRes: 0.01332984002882416 finalRes: 0.001293015515574655 nIters: 6
p initRes: 1.087047621225581e-06 finalRes: 5.771681045063792e-08 nIters: 5
Time step continuity errors : sum local = 1.468134630194156e-09
                                 global = -3.29872955950526e-11
                             cumulative = -0.0002118407312856006
nuTilda initRes: 5.989710543903842e-09 finalRes: 3.874351723563466e-10 nIters: 4
Bounding nuTilda>1e-16
CD: 0.02090955489756487 final: 0.02090955489756487
CL: 0.498767463218697 final: 0.498767463218697
yPlus min: 14.24952450949839 max: 101.0851124029065 mean: 59.95687738357764
ExecutionTime = 17.06 s  ClockTime = 17 s

Time = 100

U0 initRes: 1.086886374533843e-09 finalRes: 7.90335901408646e-11 nIters: 6
U1 initRes: 1.252675032448402e-09 finalRes: 1.141677854970977e-10 nIters: 5
U2 initRes: 4.472198734842172e-09 finalRes: 3.086478979642313e-10 nIters: 4
p initRes: 1.279194920324632e-08 finalRes: 1.237798826026175e-09 nIters: 2
Time step continuity errors : sum local = 3.148562841753496e-11
                                 global = -2.079021360231581e-12
                             cumulative = -0.000211840733364622
nuTilda initRes: 5.615022217045098e-11 finalRes: 3.449877021746494e-12 nIters: 4
Bounding nuTilda>1e-16
CD: 0.02091048974550167 final: 0.02091048974550167
CL: 0.4987641717215875 final: 0.4987641717215875
yPlus min: 14.24952716933328 max: 101.0851501758793 mean: 59.95686825122514
ExecutionTime = 17.56 s  ClockTime = 18 s

Time = 106
Minimal residual 9.8684215850577e-09 satisfied the prescribed tolerance 1e-08

CD: 0.02091048988251045 final: 0.02091048988251045
CL: 0.4987641635140767 final: 0.4987641635140767
End

Printing Primal Residual Statistics.
U Residual Norm2: (7.122682746160009e-05 6.809380521942793e-05 3.716930885176864e-12)
U Residual Mean: (5.948686415546911e-07 2.399685228039233e-07 2.267788678674773e-14)
U Residual Max: (1.46143192978343e-05 2.474344000802375e-05 9.23286958827472e-13)
p Residual Norm2: 1.855595616124826e-05
p Residual Mean: 4.237938810777429e-08
p Residual Max: 7.691091342545345e-06
nuTilda Residual Norm2: 2.164131057505135e-08
nuTilda Residual Mean: 7.843635814533318e-11
nuTilda Residual Max: 3.909798786887317e-09
phi Residual Norm2: 1.151804124081097e-07
phi Residual Mean: 3.529794016427964e-10
phi Residual Max: 2.116510678048998e-08
Total Residual Norm2: 0.0001002714540805999
 
 
FDSWEEP step=1.0e-06 FD idx=3 CD_plus=2.091051925184117e-02 CD_minus=2.091048988251045e-02 fd=1.468466535696489e-02
/home/dafoamuser/dafoam/packages/miniconda3/lib/python3.10/site-packages/openmdao/core/problem.py:1011: DerivativesWarning:Inefficient choice of derivative mode.  You chose 'rev' for a problem with 10 design variables and 25 response variables (objectives and nonlinear constraints).
/home/dafoamuser/dafoam/packages/miniconda3/lib/python3.10/site-packages/openmdao/core/problem.py:1011: DerivativesWarning:Inefficient choice of derivative mode.  You chose 'rev' for a problem with 10 design variables and 25 response variables (objectives and nonlinear constraints).
DAInputVolCoord. 
Setting volume coordinates. 
DAInputPatchVelocity. 
Setting UMag = 10 AoA = 5.13918623195176 degs at 1(inout)
Checking mesh quality for time = 106
    Overall domain bounding box (-17.36955993467326 -18.58092881539003 0) (18.72808974239299 18.58092922333908 0.1)
    Mesh has 3 geometric (non-empty/wedge) directions (1 1 1)
    Mesh has 3 solution (non-empty) directions (1 1 1)
    Boundary openness (-6.532700901144188e-21 -4.442236612778048e-19 -5.171395556636763e-16) OK.
    Max cell openness = 2.362273934765761e-16 OK.
    Max aspect ratio = 97.87220361488332 OK.
    Minimum face area = 2.254098642627291e-06. Maximum face area = 4.224820324158001.  Face area magnitudes OK.
    Min volume = 2.254098644319324e-07. Max volume = 0.4224820323724645.  Total volume = 105.2804018786863.  Cell volumes OK.
    Mesh non-orthogonality Max: 22.74893087090761 average: 2.547935320074423
    Non-orthogonality check OK.
    Face pyramids OK.
    Max skewness = 1.432465310400846 OK.
    Coupled point location match (average 0) OK.

Mesh OK.

Running Primal Solver 010
Previous solution time 106 found and deleted.
No finite volume options present

Starting time loop

Time = 1

U0 initRes: 8.428311040457077e-09 finalRes: 8.389896807692462e-10 nIters: 6
U1 initRes: 1.229817467213166e-08 finalRes: 1.170502768929297e-09 nIters: 6
U2 initRes: 0.01035570839310359 finalRes: 0.0008206481932479694 nIters: 6
p initRes: 9.339279585963026e-07 finalRes: 6.583837527226181e-08 nIters: 4
Time step continuity errors : sum local = 1.674716380485331e-09
                                 global = 3.696062859902218e-11
                             cumulative = -0.0002118406964039934
nuTilda initRes: 6.203176036347062e-09 finalRes: 5.784579775922836e-10 nIters: 3
Bounding nuTilda>1e-16
CD: 0.02091028067518813 final: 0.02091028067518813
CL: 0.4987598948600039 final: 0.4987598948600039
yPlus min: 14.24952962356194 max: 101.0851387303343 mean: 59.95686720035919
ExecutionTime = 17.8 s  ClockTime = 18 s

Time = 99
Minimal residual 9.980875403847808e-09 satisfied the prescribed tolerance 1e-08

CD: 0.02091054871176796 final: 0.02091054871176796
CL: 0.4987684208969531 final: 0.4987684208969531
End

Printing Primal Residual Statistics.
U Residual Norm2: (0.0001788648243789958 0.0001596692245719766 4.126933743099036e-12)
U Residual Mean: (1.445945199435897e-06 5.390642576519837e-07 2.803797111763122e-14)
U Residual Max: (3.41955628755386e-05 5.822276216349564e-05 1.027782707233499e-12)
p Residual Norm2: 4.313015079397362e-05
p Residual Mean: 8.464566504036932e-08
p Residual Max: 1.838455893772044e-05
nuTilda Residual Norm2: 6.294011953872145e-08
nuTilda Residual Mean: 2.198595238791051e-10
nuTilda Residual Max: 1.162966313923328e-08
phi Residual Norm2: 2.464358726599e-07
phi Residual Mean: 7.022049094813326e-10
phi Residual Max: 4.980663590039567e-08
Total Residual Norm2: 0.000243612728064759
 
 
/home/dafoamuser/dafoam/packages/miniconda3/lib/python3.10/site-packages/openmdao/core/problem.py:1011: DerivativesWarning:Inefficient choice of derivative mode.  You chose 'rev' for a problem with 10 design variables and 25 response variables (objectives and nonlinear constraints).
/home/dafoamuser/dafoam/packages/miniconda3/lib/python3.10/site-packages/openmdao/core/problem.py:1011: DerivativesWarning:Inefficient choice of derivative mode.  You chose 'rev' for a problem with 10 design variables and 25 response variables (objectives and nonlinear constraints).
DAInputVolCoord. 
Setting volume coordinates. 
DAInputPatchVelocity. 
Setting UMag = 10 AoA = 5.13918623195176 degs at 1(inout)
Checking mesh quality for time = 99
    Overall domain bounding box (-17.3695599239925 -18.58092924425211 0) (18.72808975225358 18.58092879446419 0.1)
    Mesh has 3 geometric (non-empty/wedge) directions (1 1 1)
    Mesh has 3 solution (non-empty) directions (1 1 1)
    Boundary openness (-9.799051354087578e-20 -7.055316974943056e-19 -4.712620041009517e-16) OK.
    Max cell openness = 2.999332878963292e-16 OK.
    Max aspect ratio = 97.87218962224674 OK.
    Minimum face area = 2.254099643695202e-06. Maximum face area = 4.224820318830963.  Face area magnitudes OK.
    Min volume = 2.254099645388251e-07. Max volume = 0.4224820318397705.  Total volume = 105.2804018522692.  Cell volumes OK.
    Mesh non-orthogonality Max: 22.74893136905947 average: 2.547933843901913
    Non-orthogonality check OK.
    Face pyramids OK.
    Max skewness = 1.432465203478482 OK.
    Coupled point location match (average 0) OK.

Mesh OK.

Running Primal Solver 011
Previous solution time 99 found and deleted.
No finite volume options present

Starting time loop

Time = 1

U0 initRes: 7.279530863669119e-09 finalRes: 6.487995149576349e-10 nIters: 6
U1 initRes: 1.205268052668404e-08 finalRes: 1.03780976828389e-09 nIters: 6
U2 initRes: 0.01518744232214272 finalRes: 0.001077621190590199 nIters: 6
p initRes: 1.12104601494853e-06 finalRes: 1.021466969027875e-07 nIters: 4
Time step continuity errors : sum local = 2.598289959520731e-09
                                 global = 2.987786807052552e-10
                             cumulative = -0.0002118403976253127
nuTilda initRes: 9.880786453477829e-09 finalRes: 6.623096427066279e-10 nIters: 4
Bounding nuTilda>1e-16
CD: 0.02091195894910316 final: 0.02091195894910316
CL: 0.4987763686395066 final: 0.4987763686395066
yPlus min: 14.24950734785305 max: 101.0851748465321 mean: 59.95687093765563
ExecutionTime = 18.53 s  ClockTime = 19 s

Time = 98
Minimal residual 9.779590363104979e-09 satisfied the prescribed tolerance 1e-08

CD: 0.02091045822022598 final: 0.02091045822022598
CL: 0.4987623144712121 final: 0.4987623144712121
End

Printing Primal Residual Statistics.
U Residual Norm2: (0.0002538312723204752 0.0002285320234933955 2.140280113954246e-12)
U Residual Mean: (2.126694888111998e-06 7.745907809691287e-07 1.776238861788233e-14)
U Residual Max: (5.020580647396855e-05 8.573632203479065e-05 2.08067185713829e-13)
p Residual Norm2: 6.233004887028416e-05
p Residual Mean: 1.066713759979978e-07
p Residual Max: 2.722754965514531e-05
nuTilda Residual Norm2: 9.602660666760587e-08
nuTilda Residual Mean: 3.338542490207227e-10
nuTilda Residual Max: 1.78152578407435e-08
phi Residual Norm2: 3.465490320372642e-07
phi Residual Mean: 1.005752430004957e-09
phi Residual Max: 7.395478131241299e-08
Total Residual Norm2: 0.0003471921152320858
 
 
FDSWEEP step=1.0e-06 FD idx=4 CD_plus=2.091054871176796e-02 CD_minus=2.091045822022598e-02 fd=4.524577098749538e-02
/home/dafoamuser/dafoam/packages/miniconda3/lib/python3.10/site-packages/openmdao/core/problem.py:1011: DerivativesWarning:Inefficient choice of derivative mode.  You chose 'rev' for a problem with 10 design variables and 25 response variables (objectives and nonlinear constraints).
/home/dafoamuser/dafoam/packages/miniconda3/lib/python3.10/site-packages/openmdao/core/problem.py:1011: DerivativesWarning:Inefficient choice of derivative mode.  You chose 'rev' for a problem with 10 design variables and 25 response variables (objectives and nonlinear constraints).
DAInputVolCoord. 
Setting volume coordinates. 
DAInputPatchVelocity. 
Setting UMag = 10 AoA = 5.13918623195176 degs at 1(inout)
Checking mesh quality for time = 98
    Overall domain bounding box (-17.36955992388311 -18.58092881789687 0) (18.7280897523639 18.58092922083285 0.1)
    Mesh has 3 geometric (non-empty/wedge) directions (1 1 1)
    Mesh has 3 solution (non-empty) directions (1 1 1)
    Boundary openness (-2.090464288883223e-19 0 -8.74164337241763e-16) OK.
    Max cell openness = 2.475091647963913e-16 OK.
    Max aspect ratio = 97.87219003527312 OK.
    Minimum face area = 2.254099638413147e-06. Maximum face area = 4.22482032425589.  Face area magnitudes OK.
    Min volume = 2.254099640087897e-07. Max volume = 0.4224820323822526.  Total volume = 105.2804018521981.  Cell volumes OK.
    Mesh non-orthogonality Max: 22.74893168094906 average: 2.547933843433578
    Non-orthogonality check OK.
    Face pyramids OK.
    Max skewness = 1.432465207915114 OK.
    Coupled point location match (average 0) OK.

Mesh OK.

Running Primal Solver 012
Previous solution time 98 found and deleted.
No finite volume options present

Starting time loop

Time = 1

U0 initRes: 7.312136784781752e-09 finalRes: 6.47808476998076e-10 nIters: 6
U1 initRes: 1.262428356942277e-08 finalRes: 1.091008802523927e-09 nIters: 6
U2 initRes: 0.0161720498447445 finalRes: 0.001130009595208948 nIters: 6
p initRes: 1.094430781902241e-06 finalRes: 6.454023314920421e-08 nIters: 4
Time step continuity errors : sum local = 1.641696878599561e-09
                                 global = -1.336391025863897e-10
                             cumulative = -0.0002118405312644152
nuTilda initRes: 9.53701724254196e-09 finalRes: 5.844649081356061e-10 nIters: 4
Bounding nuTilda>1e-16
CD: 0.0209094077098004 final: 0.0209094077098004
CL: 0.4987536669052328 final: 0.4987536669052328
yPlus min: 14.24954533624833 max: 101.0850709143718 mean: 59.95687992133343
ExecutionTime = 19.24 s  ClockTime = 20 s

Time = 95
Minimal residual 9.520293939058553e-09 satisfied the prescribed tolerance 1e-08

CD: 0.02091055406864015 final: 0.02091055406864015
CL: 0.4987680288690455 final: 0.4987680288690455
End

Printing Primal Residual Statistics.
U Residual Norm2: (0.0002606867570180536 0.0002307815763628306 7.285791272835777e-12)
U Residual Mean: (2.178052612895806e-06 7.611389713615802e-07 4.961885150448696e-14)
U Residual Max: (5.127666008775122e-05 8.644686931802426e-05 1.762206822283855e-12)
p Residual Norm2: 6.27960201216803e-05
p Residual Mean: 1.093440917309954e-07
p Residual Max: 2.73312047994268e-05
nuTilda Residual Norm2: 1.095409747560692e-07
nuTilda Residual Mean: 3.769855099254721e-10
nuTilda Residual Max: 2.03178180136812e-08
phi Residual Norm2: 3.518560475265213e-07
phi Residual Mean: 1.00817311431631e-09
phi Residual Max: 7.470312722582294e-08
Total Residual Norm2: 0.0003537812844373323
 
 
/home/dafoamuser/dafoam/packages/miniconda3/lib/python3.10/site-packages/openmdao/core/problem.py:1011: DerivativesWarning:Inefficient choice of derivative mode.  You chose 'rev' for a problem with 10 design variables and 25 response variables (objectives and nonlinear constraints).
/home/dafoamuser/dafoam/packages/miniconda3/lib/python3.10/site-packages/openmdao/core/problem.py:1011: DerivativesWarning:Inefficient choice of derivative mode.  You chose 'rev' for a problem with 10 design variables and 25 response variables (objectives and nonlinear constraints).
DAInputVolCoord. 
Setting volume coordinates. 
DAInputPatchVelocity. 
Setting UMag = 10 AoA = 5.13918623195176 degs at 1(inout)
Checking mesh quality for time = 95
    Overall domain bounding box (-17.36955993478814 -18.58092924177086 0) (18.72808974227789 18.58092879694519 0.1)
    Mesh has 3 geometric (non-empty/wedge) directions (1 1 1)
    Mesh has 3 solution (non-empty) directions (1 1 1)
    Boundary openness (2.678407369454716e-19 4.1809285767098e-19 8.525120855035308e-17) OK.
    Max cell openness = 2.384966337828384e-16 OK.
    Max aspect ratio = 97.87220320406655 OK.
    Minimum face area = 2.254098647913142e-06. Maximum face area = 4.2248203187316.  Face area magnitudes OK.
    Min volume = 2.254098649623501e-07. Max volume = 0.4224820318298348.  Total volume = 105.2804018787608.  Cell volumes OK.
    Mesh non-orthogonality Max: 22.74893057869657 average: 2.547935320578244
    Non-orthogonality check OK.
    Face pyramids OK.
    Max skewness = 1.432465306063349 OK.
    Coupled point location match (average 0) OK.

Mesh OK.

Running Primal Solver 013
Previous solution time 95 found and deleted.
No finite volume options present

Starting time loop

Time = 1

U0 initRes: 8.481083010329519e-09 finalRes: 7.729089479297692e-10 nIters: 6
U1 initRes: 1.294945110338219e-08 finalRes: 1.134364655609798e-09 nIters: 6
U2 initRes: 0.012688376982766 finalRes: 0.0009018155543268392 nIters: 6
p initRes: 1.162127852856293e-06 finalRes: 7.998632846411391e-08 nIters: 4
Time step continuity errors : sum local = 2.034603215412943e-09
                                 global = -7.752431128709365e-12
                             cumulative = -0.0002118405390168464
nuTilda initRes: 9.823588799734239e-09 finalRes: 6.127116250370648e-10 nIters: 4
Bounding nuTilda>1e-16
CD: 0.02091124232385057 final: 0.02091124232385057
CL: 0.4987773514212048 final: 0.4987773514212048
yPlus min: 14.24951031640724 max: 101.0851594044975 mean: 59.95686623546165
ExecutionTime = 19.95 s  ClockTime = 20 s

Time = 95
Minimal residual 9.472935403702152e-09 satisfied the prescribed tolerance 1e-08

CD: 0.02091045479139142 final: 0.02091045479139142
CL: 0.4987626446500731 final: 0.4987626446500731
End

Printing Primal Residual Statistics.
U Residual Norm2: (0.0002405688449965176 0.0002156900312599447 2.961752167170152e-12)
U Residual Mean: (2.030358468500773e-06 7.239105256557782e-07 2.517061376832991e-14)
U Residual Max: (4.796970370080089e-05 8.048046493058791e-05 4.340275169631678e-13)
p Residual Norm2: 5.91514464764442e-05
p Residual Mean: 1.033468368707679e-07
p Residual Max: 2.562194901752548e-05
nuTilda Residual Norm2: 1.025311230766499e-07
nuTilda Residual Mean: 3.523011241756364e-10
nuTilda Residual Max: 1.90539259312311e-08
phi Residual Norm2: 3.344377571939007e-07
phi Residual Mean: 9.474020236853731e-10
phi Residual Max: 6.992348605278971e-08
Total Residual Norm2: 0.0003284730959292933
 
 
FDSWEEP step=1.0e-06 FD idx=5 CD_plus=2.091055406864015e-02 CD_minus=2.091045479139142e-02 fd=4.963862436889455e-02
/home/dafoamuser/dafoam/packages/miniconda3/lib/python3.10/site-packages/openmdao/core/problem.py:1011: DerivativesWarning:Inefficient choice of derivative mode.  You chose 'rev' for a problem with 10 design variables and 25 response variables (objectives and nonlinear constraints).
/home/dafoamuser/dafoam/packages/miniconda3/lib/python3.10/site-packages/openmdao/core/problem.py:1011: DerivativesWarning:Inefficient choice of derivative mode.  You chose 'rev' for a problem with 10 design variables and 25 response variables (objectives and nonlinear constraints).
DAInputVolCoord. 
Setting volume coordinates. 
DAInputPatchVelocity. 
Setting UMag = 10 AoA = 5.13918623195176 degs at 1(inout)
Checking mesh quality for time = 95
    Overall domain bounding box (-17.36955991697612 -18.58092902985857 0) (18.72808975924046 18.5809290088296 0.1)
    Mesh has 3 geometric (non-empty/wedge) directions (1 1 1)
    Mesh has 3 solution (non-empty) directions (1 1 1)
    Boundary openness (4.703544648698729e-19 1.567848216232909e-19 -8.035953311793475e-16) OK.
    Max cell openness = 2.588945239883285e-16 OK.
    Max aspect ratio = 97.87218721593479 OK.
    Minimum face area = 2.254099143173822e-06. Maximum face area = 4.224820321584938.  Face area magnitudes OK.
    Min volume = 2.254099144866427e-07. Max volume = 0.4224820321151626.  Total volume = 105.2804018824083.  Cell volumes OK.
    Mesh non-orthogonality Max: 22.74891598555097 average: 2.547933539580666
    Non-orthogonality check OK.
    Face pyramids OK.
    Max skewness = 1.432464754635775 OK.
    Coupled point location match (average 0) OK.

Mesh OK.

Running Primal Solver 014
Previous solution time 95 found and deleted.
No finite volume options present

Starting time loop

Time = 1

U0 initRes: 1.362543595515223e-08 finalRes: 9.825069039607041e-10 nIters: 7
U1 initRes: 1.401488677482336e-08 finalRes: 1.34437933610428e-09 nIters: 6
U2 initRes: 0.01210529015678085 finalRes: 0.001064216131904507 nIters: 6
p initRes: 1.324342924038205e-06 finalRes: 8.929011695375877e-08 nIters: 4
Time step continuity errors : sum local = 2.271250369417965e-09
                                 global = -1.412427390874553e-10
                             cumulative = -0.0002118406802595855
nuTilda initRes: 5.597559696750284e-09 finalRes: 3.828461913365872e-10 nIters: 4
Bounding nuTilda>1e-16
CD: 0.02090821082688407 final: 0.02090821082688407
CL: 0.4987568738047736 final: 0.4987568738047736
yPlus min: 14.2496025911367 max: 101.0849338898912 mean: 59.95687231347624
ExecutionTime = 20.65 s  ClockTime = 21 s

Time = 100

U0 initRes: 5.807774824341524e-09 finalRes: 5.676748939371734e-10 nIters: 4
U1 initRes: 8.016460535601954e-09 finalRes: 7.841388267762507e-10 nIters: 4
U2 initRes: 1.447314060024934e-08 finalRes: 7.108755869440871e-10 nIters: 2
p initRes: 1.161551361594128e-07 finalRes: 7.667756745787367e-09 nIters: 3
Time step continuity errors : sum local = 1.95042978480503e-10
                                 global = -1.125532295856161e-10
                             cumulative = -0.0002118407928128151
nuTilda initRes: 4.386395306945011e-11 finalRes: 3.664300201612299e-12 nIters: 3
Bounding nuTilda>1e-16
CD: 0.02091050047697647 final: 0.02091050047697647
CL: 0.4987648825611298 final: 0.4987648825611298
yPlus min: 14.24958524472807 max: 101.0849532860258 mean: 59.95683337152404
ExecutionTime = 21.15 s  ClockTime = 21 s

Time = 134
Minimal residual 9.88966390846381e-09 satisfied the prescribed tolerance 1e-08

CD: 0.02091050450999341 final: 0.02091050450999341
CL: 0.4987649399010321 final: 0.4987649399010321
End

Printing Primal Residual Statistics.
U Residual Norm2: (2.9036298554837e-05 2.991542094279582e-05 2.874375788169338e-12)
U Residual Mean: (2.412119643299082e-07 1.163755732934866e-07 1.891233725563844e-14)
U Residual Max: (6.563600436493289e-06 1.095494189939927e-05 7.466765198080949e-13)
p Residual Norm2: 8.510914515332463e-06
p Residual Mean: 2.048374229940245e-08
p Residual Max: 3.509043928416591e-06
nuTilda Residual Norm2: 6.514884218875304e-09
nuTilda Residual Mean: 2.484070166843624e-11
nuTilda Residual Max: 1.170949131885184e-09
phi Residual Norm2: 6.220732218248365e-08
phi Residual Mean: 1.951581571695246e-10
phi Residual Max: 9.522992204009888e-09
Total Residual Norm2: 4.254971941190977e-05
 
 
/home/dafoamuser/dafoam/packages/miniconda3/lib/python3.10/site-packages/openmdao/core/problem.py:1011: DerivativesWarning:Inefficient choice of derivative mode.  You chose 'rev' for a problem with 10 design variables and 25 response variables (objectives and nonlinear constraints).
/home/dafoamuser/dafoam/packages/miniconda3/lib/python3.10/site-packages/openmdao/core/problem.py:1011: DerivativesWarning:Inefficient choice of derivative mode.  You chose 'rev' for a problem with 10 design variables and 25 response variables (objectives and nonlinear constraints).
DAInputVolCoord. 
Setting volume coordinates. 
DAInputPatchVelocity. 
Setting UMag = 10 AoA = 5.13918623195176 degs at 1(inout)
Checking mesh quality for time = 134
    Overall domain bounding box (-17.36955994166523 -18.58092902973271 0) (18.72808973536326 18.58092900895517 0.1)
    Mesh has 3 geometric (non-empty/wedge) directions (1 1 1)
    Mesh has 3 solution (non-empty) directions (1 1 1)
    Boundary openness (-5.879430812630781e-20 -4.442236613987701e-19 6.713236845512627e-16) OK.
    Max cell openness = 2.32764910695786e-16 OK.
    Max aspect ratio = 97.87218721683323 OK.
    Minimum face area = 2.254099143154642e-06. Maximum face area = 4.224820321386551.  Face area magnitudes OK.
    Min volume = 2.2540991448469e-07. Max volume = 0.4224820320953248.  Total volume = 105.2804018481547.  Cell volumes OK.
    Mesh non-orthogonality Max: 22.74891597633967 average: 2.54793562443867
    Non-orthogonality check OK.
    Face pyramids OK.
    Max skewness = 1.432464754660891 OK.
    Coupled point location match (average 0) OK.

Mesh OK.

Running Primal Solver 015
Previous solution time 134 found and deleted.
No finite volume options present

Starting time loop

Time = 1

U0 initRes: 1.964404848948639e-08 finalRes: 1.500503305374212e-09 nIters: 7
U1 initRes: 1.644788215672049e-08 finalRes: 1.184237507604443e-09 nIters: 7
U2 initRes: 0.006023283621056135 finalRes: 0.000458972267362045 nIters: 7
p initRes: 1.55320332882214e-06 finalRes: 1.125153529631032e-07 nIters: 5
Time step continuity errors : sum local = 2.862029470702624e-09
                                 global = 7.178891528901968e-10
                             cumulative = -0.0002118400749236622
nuTilda initRes: 2.620061554608118e-09 finalRes: 1.754791413533162e-10 nIters: 5
Bounding nuTilda>1e-16
CD: 0.02091435067417912 final: 0.02091435067417912
CL: 0.4987674140465322 final: 0.4987674140465322
yPlus min: 14.2494658523748 max: 101.0852639352423 mean: 59.95685002688824
ExecutionTime = 21.54 s  ClockTime = 22 s

Time = 100

U0 initRes: 1.224831956897099e-08 finalRes: 8.004345186051567e-10 nIters: 5
U1 initRes: 1.733093176772606e-08 finalRes: 1.699799356667881e-09 nIters: 4
U2 initRes: 3.201451171728298e-08 finalRes: 1.090024647283502e-09 nIters: 2
p initRes: 2.48167090845005e-07 finalRes: 1.301514603494068e-08 nIters: 3
Time step continuity errors : sum local = 3.310645684682772e-10
                                 global = 1.766852627172505e-10
                             cumulative = -0.0002118398982383994
nuTilda initRes: 6.578194609658186e-11 finalRes: 6.224866905635392e-12 nIters: 3
Bounding nuTilda>1e-16
CD: 0.02091051804802474 final: 0.02091051804802474
CL: 0.498765750066189 final: 0.498765750066189
yPlus min: 14.24946975204325 max: 101.085288131554 mean: 59.95691503377791
ExecutionTime = 22.05 s  ClockTime = 22 s

Time = 142
Minimal residual 9.25505692986714e-09 satisfied the prescribed tolerance 1e-08

CD: 0.02091050569306832 final: 0.02091050569306832
CL: 0.4987657196781819 final: 0.4987657196781819
End

Printing Primal Residual Statistics.
U Residual Norm2: (1.5571876257878e-05 1.672539696662122e-05 1.539193599601695e-12)
U Residual Mean: (1.259558309753767e-07 9.86632784083347e-08 1.140994296254307e-14)
U Residual Max: (2.943254003184848e-06 5.601633347396273e-06 3.597040761844424e-13)
p Residual Norm2: 4.724111916935221e-06
p Residual Mean: 1.23412633344512e-08
p Residual Max: 1.748076472223874e-06
nuTilda Residual Norm2: 2.635974978617117e-09
nuTilda Residual Mean: 1.037159768153273e-11
nuTilda Residual Max: 4.478719918683548e-10
phi Residual Norm2: 4.374526982328487e-08
phi Residual Mean: 1.348420767131914e-10
phi Residual Max: 5.005948639057774e-09
Total Residual Norm2: 2.333541060025416e-05
 
 
FDSWEEP step=1.0e-06 FD idx=6 CD_plus=2.091050450999341e-02 CD_minus=2.091050569306832e-02 fd=-5.915374579057442e-04
/home/dafoamuser/dafoam/packages/miniconda3/lib/python3.10/site-packages/openmdao/core/problem.py:1011: DerivativesWarning:Inefficient choice of derivative mode.  You chose 'rev' for a problem with 10 design variables and 25 response variables (objectives and nonlinear constraints).
/home/dafoamuser/dafoam/packages/miniconda3/lib/python3.10/site-packages/openmdao/core/problem.py:1011: DerivativesWarning:Inefficient choice of derivative mode.  You chose 'rev' for a problem with 10 design variables and 25 response variables (objectives and nonlinear constraints).
DAInputVolCoord. 
Setting volume coordinates. 
DAInputPatchVelocity. 
Setting UMag = 10 AoA = 5.13918623195176 degs at 1(inout)
Checking mesh quality for time = 142
    Overall domain bounding box (-17.3695599331459 -18.58092902909007 0) (18.72808974327573 18.58092900964163 0.1)
    Mesh has 3 geometric (non-empty/wedge) directions (1 1 1)
    Mesh has 3 solution (non-empty) directions (1 1 1)
    Boundary openness (2.482426342594561e-19 -8.361857154002733e-19 -1.538540094789566e-15) OK.
    Max cell openness = 2.354314109780903e-16 OK.
    Max aspect ratio = 97.87249053777703 OK.
    Minimum face area = 2.254076697063722e-06. Maximum face area = 4.224820321537819.  Face area magnitudes OK.
    Min volume = 2.254076698769684e-07. Max volume = 0.422482032110451.  Total volume = 105.2804018715559.  Cell volumes OK.
    Mesh non-orthogonality Max: 22.74889844590146 average: 2.547936621750822
    Non-orthogonality check OK.
    Face pyramids OK.
    Max skewness = 1.432466686962658 OK.
    Coupled point location match (average 0) OK.

Mesh OK.

Running Primal Solver 016
Previous solution time 142 found and deleted.
No finite volume options present

Starting time loop

Time = 1

U0 initRes: 1.063785868514785e-08 finalRes: 7.88757627933071e-10 nIters: 7
U1 initRes: 8.741030031878472e-09 finalRes: 6.058326226616166e-10 nIters: 7
U2 initRes: 0.003151363385297692 finalRes: 0.0002283250457283938 nIters: 7
p initRes: 9.753915923315552e-07 finalRes: 5.657686090523302e-08 nIters: 5
Time step continuity errors : sum local = 1.439137978766706e-09
                                 global = -2.543825991097358e-10
                             cumulative = -0.0002118401526209986
nuTilda initRes: 2.298522401625121e-09 finalRes: 2.026168033465817e-10 nIters: 4
Bounding nuTilda>1e-16
CD: 0.02090860225939774 final: 0.02090860225939774
CL: 0.4987645391810638 final: 0.4987645391810638
yPlus min: 14.24952907848389 max: 101.0851345050033 mean: 59.95690235959
ExecutionTime = 22.48 s  ClockTime = 23 s

Time = 100

U0 initRes: 5.139625673895609e-09 finalRes: 4.519663949282027e-10 nIters: 4
U1 initRes: 7.452814776323349e-09 finalRes: 7.064378723238822e-10 nIters: 4
U2 initRes: 1.520143314295499e-07 finalRes: 1.334923491619675e-08 nIters: 3
p initRes: 1.161068925482496e-07 finalRes: 7.678981614822967e-09 nIters: 3
Time step continuity errors : sum local = 1.953288534874803e-10
                                 global = -9.548615391869271e-11
                             cumulative = -0.0002118402481071525
nuTilda initRes: 1.789096660495388e-11 finalRes: 1.101366219110436e-12 nIters: 4
Bounding nuTilda>1e-16
CD: 0.0209105046538973 final: 0.0209105046538973
CL: 0.4987659923963226 final: 0.4987659923963226
yPlus min: 14.24952143997277 max: 101.0851377028951 mean: 59.95686519221525
ExecutionTime = 22.98 s  ClockTime = 23 s

Time = 134
Minimal residual 9.580633688108851e-09 satisfied the prescribed tolerance 1e-08

CD: 0.02091050834056099 final: 0.02091050834056099
CL: 0.4987660191361029 final: 0.4987660191361029
End

Printing Primal Residual Statistics.
U Residual Norm2: (1.336285485013248e-05 7.454814064559881e-06 7.065905515957497e-13)
U Residual Mean: (8.702990367061618e-08 5.433065889703571e-08 4.835858526585452e-15)
U Residual Max: (3.861862680309969e-06 1.197801793750841e-06 1.417204741632658e-13)
p Residual Norm2: 3.58028420407877e-06
p Residual Mean: 1.246522291935062e-08
p Residual Max: 1.292334159910761e-06
nuTilda Residual Norm2: 1.634688500841541e-09
nuTilda Residual Mean: 5.431232548129849e-12
nuTilda Residual Max: 3.161203917491707e-10
phi Residual Norm2: 4.958983622017436e-08
phi Residual Mean: 1.625225992511621e-10
phi Residual Max: 5.088407968833286e-09
Total Residual Norm2: 1.571499409127819e-05
 
 
/home/dafoamuser/dafoam/packages/miniconda3/lib/python3.10/site-packages/openmdao/core/problem.py:1011: DerivativesWarning:Inefficient choice of derivative mode.  You chose 'rev' for a problem with 10 design variables and 25 response variables (objectives and nonlinear constraints).
/home/dafoamuser/dafoam/packages/miniconda3/lib/python3.10/site-packages/openmdao/core/problem.py:1011: DerivativesWarning:Inefficient choice of derivative mode.  You chose 'rev' for a problem with 10 design variables and 25 response variables (objectives and nonlinear constraints).
DAInputVolCoord. 
Setting volume coordinates. 
DAInputPatchVelocity. 
Setting UMag = 10 AoA = 5.13918623195176 degs at 1(inout)
Checking mesh quality for time = 134
    Overall domain bounding box (-17.36955992552818 -18.58092903055433 0) (18.72808975138 18.58092900817757 0.1)
    Mesh has 3 geometric (non-empty/wedge) directions (1 1 1)
    Mesh has 3 solution (non-empty) directions (1 1 1)
    Boundary openness (3.527658487241095e-19 2.613080360919329e-20 -9.000299144283551e-16) OK.
    Max cell openness = 2.729860818125017e-16 OK.
    Max aspect ratio = 97.87188389818199 OK.
    Minimum face area = 2.25412158926218e-06. Maximum face area = 4.224820321454828.  Face area magnitudes OK.
    Min volume = 2.254121590941138e-07. Max volume = 0.4224820321021521.  Total volume = 105.2804018595021.  Cell volumes OK.
    Mesh non-orthogonality Max: 22.74893351660127 average: 2.54793254210576
    Non-orthogonality check OK.
    Face pyramids OK.
    Max skewness = 1.432462822338982 OK.
    Coupled point location match (average 0) OK.

Mesh OK.

Running Primal Solver 017
Previous solution time 134 found and deleted.
No finite volume options present

Starting time loop

Time = 1

U0 initRes: 1.920698432441442e-09 finalRes: 1.38837160300923e-10 nIters: 6
U1 initRes: 1.41597927996775e-09 finalRes: 1.18676876115565e-10 nIters: 5
U2 initRes: 0.04240215710654109 finalRes: 0.002812345340021886 nIters: 6
p initRes: 4.02947591873064e-07 finalRes: 3.967979086140137e-08 nIters: 4
Time step continuity errors : sum local = 1.009327444805416e-09
                                 global = 1.922505391490998e-10
                             cumulative = -0.0002118400558566133
nuTilda initRes: 2.533805760706147e-09 finalRes: 1.898309796236617e-10 nIters: 4
Bounding nuTilda>1e-16
CD: 0.02091047128300352 final: 0.02091047128300352
CL: 0.4987659118449133 final: 0.4987659118449133
yPlus min: 14.24952125298314 max: 101.085137606787 mean: 59.95687334171321
ExecutionTime = 23.38 s  ClockTime = 24 s

Time = 79
Minimal residual 8.062052085492916e-09 satisfied the prescribed tolerance 1e-08

CD: 0.02091049760897889 final: 0.02091049760897889
CL: 0.498764729421542 final: 0.498764729421542
End

Printing Primal Residual Statistics.
U Residual Norm2: (0.0001352695111748616 0.0001141012825339862 1.582176802803238e-12)
U Residual Mean: (1.129813664808669e-06 3.535633810286931e-07 1.198526681613324e-14)
U Residual Max: (2.575211692601442e-05 4.281784094928298e-05 3.345077638733115e-13)
p Residual Norm2: 3.326265314983651e-05
p Residual Mean: 5.558647571921349e-08
p Residual Max: 1.390113293918325e-05
nuTilda Residual Norm2: 6.719168098581003e-08
nuTilda Residual Mean: 2.260776106063208e-10
nuTilda Residual Max: 1.286943377677425e-08
phi Residual Norm2: 1.845068143234226e-07
phi Residual Mean: 5.29926169003803e-10
phi Residual Max: 3.783433269690614e-08
Total Residual Norm2: 0.0001800649493417289
 
 
FDSWEEP step=1.0e-06 FD idx=7 CD_plus=2.091050834056099e-02 CD_minus=2.091049760897889e-02 fd=5.365791051065161e-03
FDSWEEP step=1.0e-06 SUMMARY an_mag=6.460294387919781e-02 fd_mag=7.260808132229248e-02 abs_err=1.280773250204824e-02 rel_err=1.763954131386191e-01 rel_err_pct=17.639541
FDSWEEP step=1.0e-06 DONE
Finalising parallel run
Finalising parallel run
