WARNING 7: VSPAERO Viewer Not Found. 
	Expected here: /home/dafoamuser/dafoam/packages/miniconda3/lib/python3.10/site-packages/openvsp/vspviewer
WARNING 7: VSPAERO Viewer Not Found. 
	Expected here: /home/dafoamuser/dafoam/packages/miniconda3/lib/python3.10/site-packages/openvsp/vspviewer
 
-------------------------------------------------------------------------------
|                               DAFoam v5.0.0                                 |
-------------------------------------------------------------------------------
 
/*---------------------------------------------------------------------------*\
| =========                 |                                                 |
| \\      /  F ield         | OpenFOAM: The Open Source CFD Toolbox           |
|  \\    /   O peration     | Version:  2506                                  |
|   \\  /    A nd           | Website:  www.openfoam.com                      |
|    \\/     M anipulation  |                                                 |
\*---------------------------------------------------------------------------*/
Build  : _615aae61d7-20250627 OPENFOAM=2506 version=v2506
Arch   : "LSB;label=32;scalar=64"
Exec   : decomposePar
Date   : Jul 28 2026
Time   : 04:57:11
Host   : ip-172-31-43-247
PID    : 267
I/O    : uncollated
Case   : /home/dafoamuser/mount/ladder-a1-naca0012
nProcs : 1
trapFpe: Floating point exception trapping enabled (FOAM_SIGFPE).
fileModificationChecking : Monitoring run-time modified files using timeStampMaster (fileModificationSkew 5, maxFileModificationPolls 20)
allowSystemOperations : Allowing user-supplied system call operations

// * * * * * * * * * * * * * * * * * * * * * * * * * * * * * * * * * * * * * //
Create time

Overriding DebugSwitches according to controlDict
    SolverPerformance 0;



Decomposing mesh

Create mesh

Calculating distribution of cells
Decomposition method scotch [2] (region region0)

Finished decomposition in 0 s

Calculating original mesh data

Distributing cells to processors

Distributing faces to processors

Distributing points to processors

Constructing processor meshes
Overriding DebugSwitches according to controlDict
    SolverPerformance 0;


Processor 0
    Number of cells = 2016
    Number of points = 4224
    Number of faces shared with processor 1 = 64
    Number of processor patches = 1
    Number of processor faces = 64
    Number of boundary faces = 4158
Overriding DebugSwitches according to controlDict
    SolverPerformance 0;


Processor 1
    Number of cells = 2016
    Number of points = 4224
    Number of faces shared with processor 0 = 64
    Number of processor patches = 1
    Number of processor faces = 64
    Number of boundary faces = 4158

Number of processor faces = 64
Max number of cells = 2016 (0% above average 2016)
Max number of processor patches = 1 (0% above average 1)
Max number of faces between processors = 64 (0% above average 64)

Time = 0

Processor 0: field transfer
Overriding DebugSwitches according to controlDict
    SolverPerformance 0;

Processor 1: field transfer
Overriding DebugSwitches according to controlDict
    SolverPerformance 0;


End

I/O    : uncollated
Case   : /home/dafoamuser/mount/ladder-a1-naca0012
nProcs : 2
Hosts  :
(
    (ip-172-31-43-247 2)
)
Pstream initialized with:
    node communication : off [type=host] (2 ranks, 1 nodes)
    topology controls  : none
    consensus exchange : 0 (tuning: 0)
    exchange algorithm : 0
    commsType          : nonBlocking
    polling iterations : 0
Initializing mesh and runtime for DASolver
Create time

Overriding DebugSwitches according to controlDict
    SolverPerformance 0;

Create mesh for time = 0
Replacing wallDist.method meshWave -> meshWaveFrozen
DAOption created. DASolver initialized.
I/O    : uncollated
[0] UPstream::init : could not attach buffer
[1] UPstream::init : could not attach buffer
Case   : /home/dafoamuser/mount/ladder-a1-naca0012
nProcs : 2
Hosts  :
(
    (ip-172-31-43-247 2)
)
Pstream initialized with:
    node communication : off [type=host] (2 ranks, 1 nodes)
    topology controls  : none
    consensus exchange : 0 (tuning: 0)
    exchange algorithm : 0
    commsType          : nonBlocking
    polling iterations : 0
Initializing mesh and runtime for DASolver
Create time

Overriding DebugSwitches according to controlDict
    SolverPerformance 0;

Create mesh for time = 0
Replacing wallDist.method meshWave -> meshWaveFrozen
DAOption created. DASolver initialized.
Initializing fields for DASimpleFoam
Create simpleControl.

SIMPLE: no convergence criteria found. Calculations will run for 1000 steps.

Reading field p

Reading field U

Reading/calculating face flux field phi

Creating source term. 
Selecting incompressible transport model Newtonian
Selecting turbulence model type RAS
Selecting RAS turbulence model SpalartAllmaras
Selecting patchDistMethod meshWaveFrozen
ft2 term: inactive
No MRF models present

Turbulence model is incompressible
Adjoint States: 
4
(
U volVectorState
nuTilda modelState
phi surfaceScalarState
p volScalarState
)
Global Cells: 4032
Global Faces: 16318
Global Xv: 25344
Undecomposed points: 8316
Global Adjoint States: 36478

SIMPLE: no convergence criteria found. Calculations will run for 1000 steps.

DACheckMesh Thresholds: 
maxNonOrth: 70
maxSkewness: 4
maxAspectRatio: 1000
maxIncorrectlyOrientedFaces: 0
    Adding all faces of patches: (wing) ...
    Found matching patch wing with 126 faces
    Adding all faces of patches: (wing) ...
    Found matching patch wing with 126 faces
Initializing fields for DASimpleFoam
Create simpleControl.

SIMPLE: no convergence criteria found. Calculations will run for 1000 steps.

Reading field p

Reading field U

Reading/calculating face flux field phi

Creating source term. 
Selecting incompressible transport model Newtonian
Selecting turbulence model type RAS
Selecting RAS turbulence model SpalartAllmaras
Selecting patchDistMethod meshWaveFrozen
ft2 term: inactive
No MRF models present

Turbulence model is incompressible
Adjoint States: 
4
(
U volVectorState
nuTilda modelState
phi surfaceScalarState
p volScalarState
)
Global Cells: 4032
Global Faces: 16318
Global Xv: 25344
Undecomposed points: 8316
Global Adjoint States: 36478

SIMPLE: no convergence criteria found. Calculations will run for 1000 steps.

DACheckMesh Thresholds: 
maxNonOrth: 70
maxSkewness: 4
maxAspectRatio: 1000
maxIncorrectlyOrientedFaces: 0
    Adding all faces of patches: (wing) ...
    Found matching patch wing with 126 faces
    Adding all faces of patches: (wing) ...
    Found matching patch wing with 126 faces
Init solver done! ElapsedClockTime 0.000000 s
Init solver done! ElapsedCpuTime 0.320000 s
initState: 
6
(
nuTilda 4.500000000000217e-05
phi 0
U1 0
U2 0
p 0
U0 10.00000000000015
)
Setting up primal boundary conditions based on pyOptions: 
Setting primal boundary conditions...
Setting U = (10 0 0) at inout
Setting primal boundary conditions...
Setting p = 0 at inout
Setting primal boundary conditions...
Setting nuTilda = 4.5e-05 at inout
Setting nut wall BC for wing. BCType=nutUSpaldingWallFunction
Reading OpenFOAM mesh information...
I/O    : uncollated
Case   : /home/dafoamuser/mount/ladder-a1-naca0012
nProcs : 2
Hosts  :
(
    (ip-172-31-43-247 2)
)
Pstream initialized with:
    node communication : off [type=host] (2 ranks, 1 nodes)
    topology controls  : none
    consensus exchange : 0 (tuning: 0)
    exchange algorithm : 0
    commsType          : nonBlocking
    polling iterations : 0
Reading the OpenFOAM mesh..
Overriding DebugSwitches according to controlDict
    SolverPerformance 0;

Checking if we need to compress the mesh files
Checking if we need to compress the mesh files
Finalising parallel run
I/O    : uncollated
DAFoam option dictionary: 
{
    solverName      DASimpleFoam;
    primalMinResTol 1e-08;
    primalFuncStdTol
    {
        stdTol          -1;
        slopeTol        -1;
        funcNames       1 ( CD );
        nStepsFrac      0.2;
    }
    primalBC
    {
        U0
        {
            variable        U;
            patches         1 ( inout );
            value           3 ( 10 0 0 );
        }
        p0
        {
            variable        p;
            patches         1 ( inout );
            value           1 ( 0 );
        }
        nuTilda0
        {
            variable        nuTilda;
            patches         1 ( inout );
            value           1 ( 4.5e-05 );
        }
        useWallFunction 1;
    }
    primalInitCondition
    {
    }
    normalizeStates
    {
        U               10;
        p               50;
        nuTilda         0.00045;
        phi             1;
    }
    function
    {
        CD
        {
            type            force;
            source          patchToFace;
            patches         1 ( wing );
            directionMode   parallelToFlow;
            patchVelocityInputName patchV;
            scale           0.2;
        }
        CL
        {
            type            force;
            source          patchToFace;
            patches         1 ( wing );
            directionMode   normalToFlow;
            patchVelocityInputName patchV;
            scale           0.2;
        }
    }
    inputInfo
    {
        aero_vol_coords
        {
            type            volCoord;
            components      2 ( solver function );
        }
        patchV
        {
            type            patchVelocity;
            patches         1 ( inout );
            flowAxis        x;
            normalAxis      y;
            components      2 ( solver function );
        }
    }
    outputInfo
    {
    }
    designSurfaces  1 ( wing );
    fvSource
    {
    }
    prepareCaseOnly 0;
    adjEqnSolMethod Krylov;
    dynamicMesh
    {
        active          0;
        mode            rotation;
        center          3 ( 0.25 0 0 );
        axis            z;
        omega           0.1;
        s               2;
        t0              0.35;
    }
    primalVarBounds
    {
        UMax            1000;
        UMin            -1000;
        pMax            50000;
        pMin            -50000;
        p_rghMax        50000;
        p_rghMin        -50000;
        eMax            55000;
        eMin            -220000;
        TMax            1000;
        TMin            100;
        hMax            200000;
        hMin            -200000;
        DMax            1e+16;
        DMin            -1e+16;
        rhoMax          5;
        rhoMin          0.2;
        nuTildaMax      1e+16;
        nuTildaMin      1e-16;
        kMax            1e+16;
        kMin            1e-16;
        omegaMax        1e+16;
        omegaMin        1e-16;
        epsilonMax      1e+16;
        epsilonMin      1e-16;
        ReThetatMax     1e+16;
        ReThetatMin     1e-16;
        gammaIntMax     1e+16;
        gammaIntMin     1e-16;
    }
    discipline      aero;
    adjPartDerivFDStep
    {
        State           1e-06;
    }
    transonicPCOption -1;
    unsteadyAdjoint
    {
        mode            None;
        PCMatPrecomputeInterval 100;
        PCMatUpdateInterval 1;
        reduceIO        1;
        additionalOutput 1 ( None );
        additionalOldTime 1 ( None );
        readZeroFields  1;
    }
    adjPCLag        10000;
    useAD
    {
        mode            reverse;
        dvName          None;
        seedIndex       -9999;
    }
    useConstrainHbyA 1;
    forceMeshWaveFrozen 1;
    useDdtCorr      0;
    regressionModel
    {
        active          0;
    }
    useMeanStates   0;
    solveLinearFunctionName None;
    printDAOptions  1;
    debug           0;
    writeJacobians  1 ( None );
    printInterval   100;
    printIntervalUnsteady 1;
    primalMinResTolDiff 100;
    adjUseColoring  1;
    adjEqnOption
    {
        globalPCIters   0;
        asmOverlap      1;
        localPCIters    1;
        jacMatReOrdering rcm;
        pcFillLevel     1;
        gmresMaxIters   1000;
        gmresRestart    1000;
        gmresRelTol     1e-06;
        gmresAbsTol     1e-14;
        gmresTolDiff    100;
        useNonZeroInitGuess 0;
        useMGSO         0;
        printInfo       1;
        fpMaxIters      1000;
        fpRelTol        1e-06;
        fpMinResTolDiff 100;
        fpPCUpwind      0;
        dynAdjustTol    0;
        KSPCalcEigen    0;
        KSPCalcSingularVal 0;
        readPCMat       0;
    }
    normalizeResiduals 11 ( URes pRes p_rghRes nuTildaRes phiRes TRes DRes kRes omegaRes epsilonRes alpha.waterRes );
    maxResConLv4JacPCMat
    {
        pRes            2;
        phiRes          1;
        URes            2;
        TRes            2;
        nuTildaRes      2;
        kRes            2;
        epsilonRes      2;
        omegaRes        2;
        p_rghRes        2;
        DRes            2;
        gammaIntRes     2;
        ReThetatRes     2;
        alpha.waterRes  2;
    }
    jacLowerBounds
    {
        dRdW            1e-30;
        dRdWPC          1e-30;
    }
    maxTractionBCIters 100;
    decomposeParDict
    {
        method          scotch;
        simpleCoeffs
        {
            n               3 ( 2 2 1 );
            delta           0.001;
        }
        kahipCoeffs
        {
            config          fast;
            imbalance       0.01;
        }
        preservePatches 1 ( None );
        singleProcessorFaceSets 1 ( None );
        args            1 ( None );
    }
    adjStateOrdering state;
    checkMeshThreshold
    {
        maxAspectRatio  1000;
        maxNonOrth      70;
        maxSkewness     4;
        maxIncorrectlyOrientedFaces 0;
    }
    writeDeformedFFDs 0;
    writeDeformedConstraints 0;
    writeAdjointFields 0;
    maxCorrectBCCalls 2;
    writeMinorIterations 0;
    primalMinIters  1;
    tensorflow
    {
        active          0;
    }
    wallDistanceMethod default;
    unsteadyCompOutput
    {
    }
}

pyDAFoam initialization done!
+----------------------------------------+
|          All IDWarp Options:           |
+----------------------------------------+
{'LdefFact': 1.0,
 'aExp': 3.0,
 'alpha': 0.25,
 'bExp': 5.0,
 'bucketSize': 8,
 'cornerAngle': 30.0,
 'errTol': 0.0005,
 'evalMode': 'fast',
 'fileType': 'OpenFOAM',
 'gridFile': '/home/dafoamuser/mount/ladder-a1-naca0012',
 'restartFile': None,
 'specifiedSurfaces': None,
 'symmTol': 1e-06,
 'symmetryPlanes': [[[0.0, 0.0, 0.0], [0.0, 0.0, 1.0]],
                    [[0.0, 0.0, 0.1], [0.0, 0.0, 1.0]]],
 'symmetrySurfaces': None,
 'useRotations': True,
 'zeroCornerRotations': True}
I/O    : uncollated
Case   : /home/dafoamuser/mount/ladder-a1-naca0012
nProcs : 2
Hosts  :
(
    (ip-172-31-43-247 2)
)
Pstream initialized with:
    node communication : off [type=host] (2 ranks, 1 nodes)
    topology controls  : none
    consensus exchange : 0 (tuning: 0)
    exchange algorithm : 0
    commsType          : nonBlocking
    polling iterations : 0
Reading the OpenFOAM mesh..
Overriding DebugSwitches according to controlDict
    SolverPerformance 0;

Checking if we need to compress the mesh files
Checking if we need to compress the mesh files
#------------------------------#
 Total Volume Nodes :      8448 
#------------------------------#
Finalising parallel run
I/O    : uncollated
+-------------------- Symmetry Planes -------------------+
|           Point                        Normal          |
| (  0.000   0.000   0.000)    (  0.000   0.000   1.000) |
| (  0.000   0.000   0.100)    (  0.000   0.000   1.000) |
+--------------------------------------------------------+
#--------------------------------#
 Unique Surface Nodes :       252 
#--------------------------------#
 Computing Denominator Estimate...
 Load Balancing...
 Finished Mesh Initialization.
OrderedDict([('inout', [0]), ('procBoundary0to1', [1]), ('symmetry1', [2]), ('symmetry2', [3]), ('wing', [4]), ('allSurfaces', [0, 1, 2, 3, 4]), ('allWalls', [4]), ('designSurfaces', [4])])
dRdWT Jacobian Free created!
/home/dafoamuser/dafoam/packages/miniconda3/lib/python3.10/site-packages/openmdao/core/component.py:140: OMDeprecationWarning:'scenario1.coupling.solver' <class DAFoamSolver>: It appears this component mixes distributed/non-distributed inputs and outputs, so it may break starting with OpenMDAO 3.25, where the convention used when passing data between distributed and non-distributed inputs and outputs within a matrix free component will change. See https://github.com/OpenMDAO/POEMs/blob/master/POEM_075.md for details.
/home/dafoamuser/dafoam/packages/miniconda3/lib/python3.10/site-packages/openmdao/core/component.py:140: OMDeprecationWarning:'scenario1.coupling.solver' <class DAFoamSolver>: It appears this component mixes distributed/non-distributed inputs and outputs, so it may break starting with OpenMDAO 3.25, where the convention used when passing data between distributed and non-distributed inputs and outputs within a matrix free component will change. See https://github.com/OpenMDAO/POEMs/blob/master/POEM_075.md for details.
/home/dafoamuser/dafoam/packages/miniconda3/lib/python3.10/site-packages/openmdao/core/component.py:140: OMDeprecationWarning:'scenario1.aero_post.functionals' <class DAFoamFunctions>: It appears this component mixes distributed/non-distributed inputs and outputs, so it may break starting with OpenMDAO 3.25, where the convention used when passing data between distributed and non-distributed inputs and outputs within a matrix free component will change. See https://github.com/OpenMDAO/POEMs/blob/master/POEM_075.md for details.
/home/dafoamuser/dafoam/packages/miniconda3/lib/python3.10/site-packages/openmdao/core/component.py:140: OMDeprecationWarning:'scenario1.aero_post.functionals' <class DAFoamFunctions>: It appears this component mixes distributed/non-distributed inputs and outputs, so it may break starting with OpenMDAO 3.25, where the convention used when passing data between distributed and non-distributed inputs and outputs within a matrix free component will change. See https://github.com/OpenMDAO/POEMs/blob/master/POEM_075.md for details.
/home/dafoamuser/dafoam/packages/miniconda3/lib/python3.10/site-packages/openmdao/core/problem.py:1011: DerivativesWarning:Inefficient choice of derivative mode.  You chose 'rev' for a problem with 10 design variables and 25 response variables (objectives and nonlinear constraints).
/home/dafoamuser/dafoam/packages/miniconda3/lib/python3.10/site-packages/openmdao/core/problem.py:1011: DerivativesWarning:Inefficient choice of derivative mode.  You chose 'rev' for a problem with 10 design variables and 25 response variables (objectives and nonlinear constraints).
DAInputVolCoord. 
Setting volume coordinates. 
DAInputPatchVelocity. 
Setting UMag = 10 AoA = 5.13918623195176 degs at 1(inout)
Checking mesh quality for time = 0
    Overall domain bounding box (-17.36955992934097 -18.580929029828 0) (18.72808974732804 18.580929008908 0.1)
    Mesh has 3 geometric (non-empty/wedge) directions (1 1 1)
    Mesh has 3 solution (non-empty) directions (1 1 1)
    Boundary openness (1.306540180385999e-19 -4.180928577235196e-19 5.672622979343512e-16) OK.
    Max cell openness = 2.647572244145361e-16 OK.
    Max aspect ratio = 97.87218721638284 OK.
    Minimum face area = 2.254099143164308e-06. Maximum face area = 4.224820321497278.  Face area magnitudes OK.
    Min volume = 2.254099144856892e-07. Max volume = 0.422482032106397.  Total volume = 105.2804018655528.  Cell volumes OK.
    Mesh non-orthogonality Max: 22.74891598092847 average: 2.547934581911865
    Non-orthogonality check OK.
    Face pyramids OK.
    Max skewness = 1.432464754647905 OK.
    Coupled point location match (average 0) OK.

Mesh OK.

Running Primal Solver 001
Previous solution time -1e+10 not found and nothing deleted.
No finite volume options present

Starting time loop

Time = 1

U0 initRes: 0.9999999999987094 finalRes: 0.08240773103290355 nIters: 7
U1 initRes: 1 finalRes: 0.08007995203822876 nIters: 7
U2 initRes: 0.9999999554390596 finalRes: 0.07268393220932351 nIters: 7
p initRes: 1 finalRes: 0.07187397990410722 nIters: 5
Time step continuity errors : sum local = 0.0005118255752470035
                                 global = -0.0002147973597912893
                             cumulative = -0.0002147973597912893
nuTilda initRes: 0.9999999999994288 finalRes: 0.07775220995390689 nIters: 7
Bounding nuTilda>1e-16
CD: 0.5134283813042979 final: 0.5134283813042979
CL: -0.04735005829205319 final: -0.04735005829205319
yPlus min: 48.427160900542 max: 83.46943413795927 mean: 78.5052645091826
ExecutionTime = 0.58 s  ClockTime = 0 s

Time = 100

U0 initRes: 0.0006511379032105874 finalRes: 4.821350669665884e-05 nIters: 6
U1 initRes: 0.0005602160955192194 finalRes: 5.513923276255421e-05 nIters: 5
U2 initRes: 0.001257053179405664 finalRes: 8.915904984469259e-05 nIters: 5
p initRes: 0.004572993158884976 finalRes: 0.0002985841256299898 nIters: 3
Time step continuity errors : sum local = 7.486274122170795e-06
                                 global = 2.955844809515611e-06
                             cumulative = -0.0002118415149817737
nuTilda initRes: 4.857441934071923e-05 finalRes: 4.159896838915736e-06 nIters: 2
Bounding nuTilda>1e-16
CD: 0.02195940525460195 final: 0.02195940525460195
CL: 0.4820488556561873 final: 0.4820488556561873
yPlus min: 14.76217836832865 max: 100.1804613092615 mean: 60.22718010574255
ExecutionTime = 1.19 s  ClockTime = 1 s

Time = 200

U0 initRes: 1.461712219358176e-05 finalRes: 1.174806869404198e-06 nIters: 6
U1 initRes: 1.200755024437199e-05 finalRes: 9.549773580137554e-07 nIters: 6
U2 initRes: 1.924826759307126e-05 finalRes: 1.695734256537362e-06 nIters: 5
p initRes: 1.708445654867035e-05 finalRes: 1.171929980820245e-06 nIters: 3
Time step continuity errors : sum local = 2.97930536082814e-08
                                 global = -4.564845611502323e-10
                             cumulative = -0.0002118419714663348
nuTilda initRes: 3.658825790524557e-07 finalRes: 3.58470881353768e-08 nIters: 4
Bounding nuTilda>1e-16
CD: 0.02094090710210191 final: 0.02094090710210191
CL: 0.498172600562674 final: 0.498172600562674
yPlus min: 14.26012555845825 max: 101.0569468598949 mean: 59.96225903599317
ExecutionTime = 1.84 s  ClockTime = 2 s

Time = 300

U0 initRes: 5.292272932750685e-07 finalRes: 4.213923210164576e-08 nIters: 6
U1 initRes: 4.64261735106737e-07 finalRes: 3.558179108521869e-08 nIters: 6
U2 initRes: 8.173396001410862e-07 finalRes: 6.111836559474882e-08 nIters: 5
p initRes: 9.932086205866696e-07 finalRes: 8.301870726667985e-08 nIters: 2
Time step continuity errors : sum local = 2.111694514612639e-09
                                 global = 5.005437607156939e-11
                             cumulative = -0.0002118419214119587
nuTilda initRes: 1.742450932730459e-08 finalRes: 1.465324231600644e-09 nIters: 4
Bounding nuTilda>1e-16
CD: 0.02091159378076924 final: 0.02091159378076924
CL: 0.4987468184647176 final: 0.4987468184647176
yPlus min: 14.24985836787034 max: 101.0842086106887 mean: 59.95703502496877
ExecutionTime = 2.46 s  ClockTime = 2 s

Time = 400

U0 initRes: 1.304874201737753e-08 finalRes: 9.648178152901668e-10 nIters: 6
U1 initRes: 1.050013925017425e-08 finalRes: 7.689918483276391e-10 nIters: 6
U2 initRes: 4.953544328305407e-08 finalRes: 4.792237090131385e-09 nIters: 5
p initRes: 3.250174177381142e-08 finalRes: 1.890504525044521e-09 nIters: 2
Time step continuity errors : sum local = 4.808840568242922e-11
                                 global = 3.215168439177059e-13
                             cumulative = -0.0002118419210904419
nuTilda initRes: 5.725655422898753e-10 finalRes: 4.273798481589864e-11 nIters: 4
Bounding nuTilda>1e-16
CD: 0.02091052898117485 final: 0.02091052898117485
CL: 0.4987649981000701 final: 0.4987649981000701
yPlus min: 14.24953306917098 max: 101.0851042561296 mean: 59.95687650896587
ExecutionTime = 3.07 s  ClockTime = 3 s

Time = 435
Minimal residual 9.646409714038222e-09 satisfied the prescribed tolerance 1e-08

CD: 0.0209105098587985 final: 0.0209105098587985
CL: 0.4987652667308054 final: 0.4987652667308054
End

Printing Primal Residual Statistics.
U Residual Norm2: (0.0002105327983258587 0.0002330165586608974 1.110205286501277e-12)
U Residual Mean: (1.5840547055946e-06 6.405153862492725e-07 8.466176891510717e-15)
U Residual Max: (5.405370757216588e-05 0.0001012390903269988 1.569068997107427e-13)
p Residual Norm2: 7.141263244826142e-05
p Residual Mean: 1.027564027778892e-07
p Residual Max: 3.259231539034248e-05
nuTilda Residual Norm2: 8.982893799957654e-08
nuTilda Residual Mean: 3.078842823559093e-10
nuTilda Residual Max: 1.687064342536775e-08
phi Residual Norm2: 3.229452109274434e-07
phi Residual Mean: 8.041198399928111e-10
phi Residual Max: 8.133465440628386e-08
Total Residual Norm2: 0.0003220569083518035
 
 
FDSWEEP step=1.0e-01 BASELINE_CD=2.091050985879850e-02
Computing d[CD]/d[aero_states]^T * psi 3.17 s
Computing d[CD]/d[aero_vol_coords]^T * psi 3.2 s
Computing d[CD]/d[patchV]^T * psi 3.38 s
Checking if Coloring file exists..
dRdWColoring_2.bin exists.
Moving time 435 to 0.0001
Driver total derivatives for iteration: 1
---------------------------------------------
Computing dRdWTPC 3.7 s
Initializing dRdWCon. 3.7 s
dRdWCon Created. 4.43 s
Reading Coloring dRdWColoring_2
Validating Coloring...
No Conflicting Colors Found!
Partial derivative matrix created. 4.46 s
dRdWTPC: 0 of 375, ExecutionTime: 4.47 s
dRdWTPC: 100 of 375, ExecutionTime: 5.35 s
dRdWTPC: 200 of 375, ExecutionTime: 6.22 s
dRdWTPC: 300 of 375, ExecutionTime: 7.1 s
dRdWTPC: 374 of 375, ExecutionTime: 7.73 s
Solver Type: gmres
GMRES Restart: 1000
ASM Overlap: 1
Global PC Iters: 0
Local PC Iters: 1
Mat ReOrdering: rcm
ILU PC Fill Level: 1
GMRES Max Iterations: 1000
GMRES Relative Tolerance: 1e-06
GMRES Absolute Tolerance: 1e-14
Solving Linear Equation... 7.5 s
Main iteration 0 KSP Residual norm 3.216467351428e-02 7.64 s. 
Main iteration 100 KSP Residual norm 1.160017526641e-05 10.45 s. 
Main iteration 164 KSP Residual norm 3.177553666748e-08 12.48 s 
**Completed**! Total iterations: 164. PetscConvergedReason: 2. 12.48 s
Residual tolerance satisfied, solution finished!
Computing d[aero_residuals]/d[aero_vol_coords]^T * psi 12.53 s
Computing d[aero_residuals]/d[patchV]^T * psi 12.86 s
FDSWEEP step=1.0e-01 ADJOINT idx=0 value=-1.134166189414765e-02
FDSWEEP step=1.0e-01 ADJOINT idx=1 value=-2.217954850367528e-02
FDSWEEP step=1.0e-01 ADJOINT idx=2 value=6.798534080782308e-03
FDSWEEP step=1.0e-01 ADJOINT idx=3 value=1.238018588499110e-02
FDSWEEP step=1.0e-01 ADJOINT idx=4 value=3.893834958886989e-02
FDSWEEP step=1.0e-01 ADJOINT idx=5 value=4.234249725549186e-02
FDSWEEP step=1.0e-01 ADJOINT idx=6 value=5.690764277189245e-03
FDSWEEP step=1.0e-01 ADJOINT idx=7 value=3.466797184914756e-03
/home/dafoamuser/dafoam/packages/miniconda3/lib/python3.10/site-packages/openmdao/core/problem.py:1011: DerivativesWarning:Inefficient choice of derivative mode.  You chose 'rev' for a problem with 10 design variables and 25 response variables (objectives and nonlinear constraints).
/home/dafoamuser/dafoam/packages/miniconda3/lib/python3.10/site-packages/openmdao/core/problem.py:1011: DerivativesWarning:Inefficient choice of derivative mode.  You chose 'rev' for a problem with 10 design variables and 25 response variables (objectives and nonlinear constraints).
DAInputVolCoord. 
Setting volume coordinates. 
DAInputPatchVelocity. 
Setting UMag = 10 AoA = 5.13918623195176 degs at 1(inout)
Checking mesh quality for time = 435
    Overall domain bounding box (-17.28305282117899 -18.47221681636028 0) (18.6454655277796 18.51561328812762 0.1)
    Mesh has 3 geometric (non-empty/wedge) directions (1 1 1)
    Mesh has 3 solution (non-empty) directions (1 1 1)
    Boundary openness (-3.956337209630827e-20 -4.483848837581604e-19 3.599670657360086e-17) OK.
    Max cell openness = 2.816536000940652e-16 OK.
    Max aspect ratio = 97.87234055584599 OK.
    Minimum face area = 2.254096080679134e-06. Maximum face area = 4.184568651634945.  Face area magnitudes OK.
    Min volume = 2.254096099080322e-07. Max volume = 0.4184568629247785.  Total volume = 104.2990198456923.  Cell volumes OK.
    Mesh non-orthogonality Max: 22.74811021831742 average: 3.195345313514008
    Non-orthogonality check OK.
    Face pyramids OK.
    Max skewness = 1.432469777568044 OK.
    Coupled point location match (average 0) OK.

Mesh OK.

Running Primal Solver 002
Previous solution time 435 found and deleted.
No finite volume options present

Starting time loop

Time = 1

U0 initRes: 0.0007865566504180122 finalRes: 5.959206084260507e-05 nIters: 7
U1 initRes: 0.001150357769044482 finalRes: 8.528423503710808e-05 nIters: 7
U2 initRes: 0.9999668775415146 finalRes: 0.07490110294534399 nIters: 7
p initRes: 0.05354611881482457 finalRes: 0.004414117912982003 nIters: 5
Time step continuity errors : sum local = 0.0001162295753193298
                                 global = -2.613539980069147e-05
                             cumulative = -0.0002379773208911334
nuTilda initRes: 0.0002386714818156005 finalRes: 1.669986468190905e-05 nIters: 3
Bounding nuTilda>1e-16
CD: 0.06192865331949693 final: 0.06192865331949693
CL: 0.9443849168505414 final: 0.9443849168505414
yPlus min: 14.7240599972478 max: 100.7447629497297 mean: 59.75489838109024
ExecutionTime = 13.36 s  ClockTime = 13 s

Time = 100

U0 initRes: 8.181602631810608e-05 finalRes: 6.154586417654257e-06 nIters: 5
U1 initRes: 0.0001018540491498901 finalRes: 6.548837121429201e-06 nIters: 5
U2 initRes: 2.273951820479037e-05 finalRes: 2.100903066346279e-06 nIters: 3
p initRes: 0.003620961643940204 finalRes: 0.0002502065603232705 nIters: 2
Time step continuity errors : sum local = 5.249044070273781e-06
                                 global = -3.858737487850142e-07
                             cumulative = -0.0002383631946399184
nuTilda initRes: 1.553629251379041e-06 finalRes: 1.45468104951275e-07 nIters: 3
Bounding nuTilda>1e-16
CD: 0.0206074128069158 final: 0.0206074128069158
CL: 0.5888683533877734 final: 0.5888683533877734
yPlus min: 15.84002719391066 max: 101.0738078415545 mean: 60.5959495666914
ExecutionTime = 14 s  ClockTime = 14 s

Time = 200

U0 initRes: 1.792392315045495e-06 finalRes: 1.422543866786653e-07 nIters: 6
U1 initRes: 1.35987070935178e-06 finalRes: 1.047114138901475e-07 nIters: 6
U2 initRes: 5.861232060056207e-07 finalRes: 5.015728658727371e-08 nIters: 4
p initRes: 4.300707681392914e-06 finalRes: 3.840505969930495e-07 nIters: 2
Time step continuity errors : sum local = 8.088813425751548e-09
                                 global = -5.985295296367543e-11
                             cumulative = -0.0002383632544928714
nuTilda initRes: 4.661470772353902e-08 finalRes: 3.90434592267598e-09 nIters: 4
Bounding nuTilda>1e-16
CD: 0.02053042793061487 final: 0.02053042793061487
CL: 0.5908833376307265 final: 0.5908833376307265
yPlus min: 15.81628324722585 max: 101.1448722169374 mean: 60.59365755708221
ExecutionTime = 14.65 s  ClockTime = 14 s

Time = 300

U0 initRes: 7.819550869067123e-08 finalRes: 6.064147358514921e-09 nIters: 6
U1 initRes: 5.39058093081066e-08 finalRes: 4.16184516114585e-09 nIters: 6
U2 initRes: 2.627715382494098e-08 finalRes: 2.263400356161711e-09 nIters: 4
p initRes: 1.734294379177193e-07 finalRes: 1.126709242405055e-08 nIters: 2
Time step continuity errors : sum local = 2.373258958666497e-10
                                 global = 1.100880668032146e-11
                             cumulative = -0.0002383632434840647
nuTilda initRes: 2.59057101704116e-09 finalRes: 2.11420409376196e-10 nIters: 4
Bounding nuTilda>1e-16
CD: 0.02052559566388903 final: 0.02052559566388903
CL: 0.5909709320143909 final: 0.5909709320143909
yPlus min: 15.81623408713895 max: 101.1481034269617 mean: 60.59345566141822
ExecutionTime = 15.29 s  ClockTime = 15 s

Time = 385
Minimal residual 9.851676182131925e-09 satisfied the prescribed tolerance 1e-08

CD: 0.02052538348779135 final: 0.02052538348779135
CL: 0.5909737804661809 final: 0.5909737804661809
End

Printing Primal Residual Statistics.
U Residual Norm2: (0.0002413727733487029 0.0002648505159221712 3.559844727357365e-06)
U Residual Mean: (1.857325664057214e-06 7.615378266591907e-07 2.706418722369009e-08)
U Residual Max: (5.566833442571806e-05 0.0001066508557414636 7.391106206645512e-07)
p Residual Norm2: 8.708518031124071e-05
p Residual Mean: 1.336860321143006e-07
p Residual Max: 4.239737132209963e-05
nuTilda Residual Norm2: 8.436884311592549e-08
nuTilda Residual Mean: 2.780339257878086e-10
nuTilda Residual Max: 1.635527914537038e-08
phi Residual Norm2: 4.121353358414865e-07
phi Residual Mean: 1.00855655731536e-09
phi Residual Max: 1.090398422957587e-07
Total Residual Norm2: 0.0003687862383498678
 
 
/home/dafoamuser/dafoam/packages/miniconda3/lib/python3.10/site-packages/openmdao/core/problem.py:1011: DerivativesWarning:Inefficient choice of derivative mode.  You chose 'rev' for a problem with 10 design variables and 25 response variables (objectives and nonlinear constraints).
/home/dafoamuser/dafoam/packages/miniconda3/lib/python3.10/site-packages/openmdao/core/problem.py:1011: DerivativesWarning:Inefficient choice of derivative mode.  You chose 'rev' for a problem with 10 design variables and 25 response variables (objectives and nonlinear constraints).
DAInputVolCoord. 
Setting volume coordinates. 
DAInputPatchVelocity. 
Setting UMag = 10 AoA = 5.13918623195176 degs at 1(inout)
Checking mesh quality for time = 385
    Overall domain bounding box (-17.2958524369005 -18.52718398654259 0) (18.65591824371938 18.48626519303789 0.1)
    Mesh has 3 geometric (non-empty/wedge) directions (1 1 1)
    Mesh has 3 solution (non-empty) directions (1 1 1)
    Boundary openness (-4.280559207559435e-19 -2.370771253417533e-19 -1.078348057140013e-15) OK.
    Max cell openness = 2.39165748834167e-16 OK.
    Max aspect ratio = 97.87255071961101 OK.
    Minimum face area = 2.254094064105956e-06. Maximum face area = 4.190372326116922.  Face area magnitudes OK.
    Min volume = 2.254094106883612e-07. Max volume = 0.4190372304780746.  Total volume = 104.4328570945215.  Cell volumes OK.
    Mesh non-orthogonality Max: 22.74680592741326 average: 2.796971760360809
    Non-orthogonality check OK.
    Face pyramids OK.
    Max skewness = 1.432478624776865 OK.
    Coupled point location match (average 0) OK.

Mesh OK.

Running Primal Solver 003
Previous solution time 385 found and deleted.
No finite volume options present

Starting time loop

Time = 1

U0 initRes: 0.00149214159495176 finalRes: 0.0001121198823304051 nIters: 7
U1 initRes: 0.001800731375444286 finalRes: 0.0001330777316441984 nIters: 7
U2 initRes: 0.003293460112505334 finalRes: 0.0002464867340784822 nIters: 7
p initRes: 0.1172490096423561 finalRes: 0.01059216623568234 nIters: 5
Time step continuity errors : sum local = 0.0002432291700857886
                                 global = -7.687363712538459e-05
                             cumulative = -0.0003152368806094493
nuTilda initRes: 0.0004836294033535693 finalRes: 3.338978249261677e-05 nIters: 3
Bounding nuTilda>1e-16
CD: 0.3339743988411495 final: 0.3339743988411495
CL: -0.3930286061354048 final: -0.3930286061354048
yPlus min: 16.57515058273039 max: 100.6647866682631 mean: 61.08812145131797
ExecutionTime = 16.06 s  ClockTime = 16 s

Time = 100

U0 initRes: 0.0001437094472431625 finalRes: 1.08013554857388e-05 nIters: 5
U1 initRes: 0.0002937676097363781 finalRes: 2.085514662693872e-05 nIters: 5
U2 initRes: 5.646315740319069e-05 finalRes: 5.043011269066548e-06 nIters: 4
p initRes: 0.002791035669274632 finalRes: 0.0002519870585317604 nIters: 2
Time step continuity errors : sum local = 7.774895551561745e-06
                                 global = 5.940295269949911e-07
                             cumulative = -0.0003146428510824543
nuTilda initRes: 1.520440028538612e-05 finalRes: 1.491794574284177e-06 nIters: 3
Bounding nuTilda>1e-16
CD: 0.02247338819059117 final: 0.02247338819059117
CL: 0.3853641318203384 final: 0.3853641318203384
yPlus min: 13.59086403566481 max: 104.583488361101 mean: 57.43926545779576
ExecutionTime = 16.71 s  ClockTime = 17 s

Time = 200

U0 initRes: 2.882217251728748e-06 finalRes: 2.173575439437717e-07 nIters: 6
U1 initRes: 3.923257035681864e-06 finalRes: 2.99517925658445e-07 nIters: 6
U2 initRes: 1.009128801507851e-06 finalRes: 8.005403167744795e-08 nIters: 5
p initRes: 4.834881070472566e-06 finalRes: 3.851011192368972e-07 nIters: 2
Time step continuity errors : sum local = 1.187613924071602e-08
                                 global = 1.845609037017957e-10
                             cumulative = -0.0003146426665215506
nuTilda initRes: 2.116010618762778e-07 finalRes: 1.502853505556801e-08 nIters: 4
Bounding nuTilda>1e-16
CD: 0.02277137717804785 final: 0.02277137717804785
CL: 0.3826220356485751 final: 0.3826220356485751
yPlus min: 13.79078484821321 max: 104.362030657059 mean: 57.48936562197327
ExecutionTime = 17.35 s  ClockTime = 17 s

Time = 300

U0 initRes: 6.786826114860111e-08 finalRes: 4.794483085797025e-09 nIters: 6
U1 initRes: 8.265598368049151e-08 finalRes: 6.173218324269396e-09 nIters: 6
U2 initRes: 2.642087859038215e-08 finalRes: 1.959921199091808e-09 nIters: 5
p initRes: 1.367265175373174e-07 finalRes: 8.841353388762205e-09 nIters: 2
Time step continuity errors : sum local = 2.726294678870369e-10
                                 global = 7.520720096997917e-13
                             cumulative = -0.0003146426657694786
nuTilda initRes: 6.052283656637579e-09 finalRes: 3.82436047686415e-10 nIters: 4
Bounding nuTilda>1e-16
CD: 0.02277572238136935 final: 0.02277572238136935
CL: 0.3825054282341237 final: 0.3825054282341237
yPlus min: 13.79867710957053 max: 104.3541884151912 mean: 57.49127178315728
ExecutionTime = 17.99 s  ClockTime = 18 s

Time = 370
Minimal residual 9.903744476680187e-09 satisfied the prescribed tolerance 1e-08

CD: 0.0227758155159246 final: 0.0227758155159246
CL: 0.3825029448858964 final: 0.3825029448858964
End

Printing Primal Residual Statistics.
U Residual Norm2: (0.0004029681616521153 0.0004818821650521731 3.720295777995443e-06)
U Residual Mean: (3.228946766554101e-06 1.336292938295169e-06 3.034139463292774e-08)
U Residual Max: (9.295326935898629e-05 0.0001909251268443768 5.809979493976952e-07)
p Residual Norm2: 0.0001315785098093835
p Residual Mean: 1.887587637824226e-07
p Residual Max: 5.900197847229766e-05
nuTilda Residual Norm2: 2.164399025446282e-07
nuTilda Residual Mean: 7.901902123306958e-10
nuTilda Residual Max: 4.051943032045047e-08
phi Residual Norm2: 6.244073817988258e-07
phi Residual Mean: 1.661776024206859e-09
phi Residual Max: 1.727558115898291e-07
Total Residual Norm2: 0.0006418106744794751
 
 
FDSWEEP step=1.0e-01 FD idx=0 CD_plus=2.052538348779135e-02 CD_minus=2.277581551592460e-02 fd=-1.125216014066623e-02
/home/dafoamuser/dafoam/packages/miniconda3/lib/python3.10/site-packages/openmdao/core/problem.py:1011: DerivativesWarning:Inefficient choice of derivative mode.  You chose 'rev' for a problem with 10 design variables and 25 response variables (objectives and nonlinear constraints).
/home/dafoamuser/dafoam/packages/miniconda3/lib/python3.10/site-packages/openmdao/core/problem.py:1011: DerivativesWarning:Inefficient choice of derivative mode.  You chose 'rev' for a problem with 10 design variables and 25 response variables (objectives and nonlinear constraints).
DAInputVolCoord. 
Setting volume coordinates. 
DAInputPatchVelocity. 
Setting UMag = 10 AoA = 5.13918623195176 degs at 1(inout)
Checking mesh quality for time = 370
    Overall domain bounding box (-17.29590221338565 -18.48648941632473 0) (18.65597723681574 18.52715571831141 0.1)
    Mesh has 3 geometric (non-empty/wedge) directions (1 1 1)
    Mesh has 3 solution (non-empty) directions (1 1 1)
    Boundary openness (-4.609797714795756e-20 -1.053668049096173e-18 -1.044583312999683e-15) OK.
    Max cell openness = 2.568020320140738e-16 OK.
    Max aspect ratio = 97.87254930438235 OK.
    Minimum face area = 2.254094024910182e-06. Maximum face area = 4.190333032038319.  Face area magnitudes OK.
    Min volume = 2.25409407215666e-07. Max volume = 0.4190333011404521.  Total volume = 104.4336484985129.  Cell volumes OK.
    Mesh non-orthogonality Max: 22.74681489325016 average: 2.799557887607691
    Non-orthogonality check OK.
    Face pyramids OK.
    Max skewness = 1.432478780508898 OK.
    Coupled point location match (average 0) OK.

Mesh OK.

Running Primal Solver 004
Previous solution time 370 found and deleted.
No finite volume options present

Starting time loop

Time = 1

U0 initRes: 0.001568489199220635 finalRes: 0.0001184768351252008 nIters: 7
U1 initRes: 0.003727206076571814 finalRes: 0.0002782346796410577 nIters: 7
U2 initRes: 0.004324613064672561 finalRes: 0.0003295316518059078 nIters: 7
p initRes: 0.09674123456138287 finalRes: 0.00585115286506895 nIters: 4
Time step continuity errors : sum local = 0.0001929823975560976
                                 global = 2.573869433069357e-05
                             cumulative = -0.000288903971438785
nuTilda initRes: 0.0006046676794234526 finalRes: 3.615984498443955e-05 nIters: 3
Bounding nuTilda>1e-16
CD: 0.2608812790951735 final: 0.2608812790951735
CL: 1.327469389228737 final: 1.327469389228737
yPlus min: 12.76109502654078 max: 100.9774573380745 mean: 57.84093179219771
ExecutionTime = 18.68 s  ClockTime = 18 s

Time = 100

U0 initRes: 0.0002093083063353358 finalRes: 1.499100096453157e-05 nIters: 6
U1 initRes: 0.0001804340816566388 finalRes: 1.600596465444022e-05 nIters: 5
U2 initRes: 5.651131022627936e-05 finalRes: 4.985646178053431e-06 nIters: 4
p initRes: 0.003176868253370713 finalRes: 0.0002321841492330025 nIters: 2
Time step continuity errors : sum local = 6.551054380780382e-06
                                 global = -2.41562999106196e-08
                             cumulative = -0.0002889281277386956
nuTilda initRes: 2.566356125099864e-06 finalRes: 2.424000481382307e-07 nIters: 4
Bounding nuTilda>1e-16
CD: 0.02223240240803323 final: 0.02223240240803323
CL: 0.6206671523368299 final: 0.6206671523368299
yPlus min: 15.46711270618355 max: 108.2485452593474 mean: 61.56085706366702
ExecutionTime = 19.3 s  ClockTime = 19 s

Time = 200

U0 initRes: 9.208669974019619e-06 finalRes: 7.446966047237656e-07 nIters: 6
U1 initRes: 6.386622666019144e-06 finalRes: 5.08082652505875e-07 nIters: 6
U2 initRes: 4.208187495382367e-06 finalRes: 3.908705311869215e-07 nIters: 3
p initRes: 1.028346530346e-05 finalRes: 6.698515080955378e-07 nIters: 3
Time step continuity errors : sum local = 1.895454854516134e-08
                                 global = -3.701346795646882e-09
                             cumulative = -0.0002889318290854913
nuTilda initRes: 1.352319316939133e-07 finalRes: 1.157570841378493e-08 nIters: 4
Bounding nuTilda>1e-16
CD: 0.02173010808260993 final: 0.02173010808260993
CL: 0.6294582364696233 final: 0.6294582364696233
yPlus min: 15.45281257189865 max: 108.4436711658284 mean: 61.5601304176178
ExecutionTime = 19.97 s  ClockTime = 20 s

Time = 300

U0 initRes: 4.962017188850668e-07 finalRes: 4.003052574024213e-08 nIters: 6
U1 initRes: 3.527545829496581e-07 finalRes: 2.739964541693489e-08 nIters: 6
U2 initRes: 2.476811196910095e-07 finalRes: 2.266597163215191e-08 nIters: 3
p initRes: 6.63829910316814e-07 finalRes: 3.842078241574095e-08 nIters: 3
Time step continuity errors : sum local = 1.087529811464755e-09
                                 global = -1.5676685418042e-10
                             cumulative = -0.0002889319858523454
nuTilda initRes: 7.279615806744995e-09 finalRes: 6.752544775921103e-10 nIters: 4
Bounding nuTilda>1e-16
CD: 0.02170334355414829 final: 0.02170334355414829
CL: 0.6299392053679336 final: 0.6299392053679336
yPlus min: 15.45370417133443 max: 108.4538510424442 mean: 61.56040557315199
ExecutionTime = 20.61 s  ClockTime = 20 s

Time = 400

U0 initRes: 2.138037399859258e-08 finalRes: 1.692900621927124e-09 nIters: 6
U1 initRes: 1.505115885509251e-08 finalRes: 1.156897402593286e-09 nIters: 6
U2 initRes: 1.175397873857142e-08 finalRes: 9.962760226774656e-10 nIters: 3
p initRes: 3.314397116330679e-08 finalRes: 2.695397029744293e-09 nIters: 2
Time step continuity errors : sum local = 7.629654001407138e-11
                                 global = 2.636258387025751e-12
                             cumulative = -0.000288931983216087
nuTilda initRes: 4.113930157542235e-10 finalRes: 3.383374805738986e-11 nIters: 4
Bounding nuTilda>1e-16
CD: 0.02170188459298828 final: 0.02170188459298828
CL: 0.6299626980267378 final: 0.6299626980267378
yPlus min: 15.45368829435732 max: 108.4543128769028 mean: 61.56038875491186
ExecutionTime = 21.25 s  ClockTime = 21 s

Time = 441
Minimal residual 9.807927476210343e-09 satisfied the prescribed tolerance 1e-08

CD: 0.02170183745124066 final: 0.02170183745124066
CL: 0.6299634477605075 final: 0.6299634477605075
End

Printing Primal Residual Statistics.
U Residual Norm2: (0.0003330475702334936 0.0003527056074262949 4.700378234875474e-06)
U Residual Mean: (3.078999842217069e-06 1.208704899256834e-06 3.515607076557381e-08)
U Residual Max: (6.056703841750277e-05 0.0001267928291781573 1.130181519746734e-06)
p Residual Norm2: 0.0001097900451739785
p Residual Mean: 1.592425898899312e-07
p Residual Max: 5.597469091497457e-05
nuTilda Residual Norm2: 7.473566846891551e-08
nuTilda Residual Mean: 2.868911573098763e-10
nuTilda Residual Max: 1.31323455246341e-08
phi Residual Norm2: 6.093764839873003e-07
phi Residual Mean: 1.647105074592189e-09
phi Residual Max: 1.597133858398947e-07
Total Residual Norm2: 0.0004973914495127154
 
 
/home/dafoamuser/dafoam/packages/miniconda3/lib/python3.10/site-packages/openmdao/core/problem.py:1011: DerivativesWarning:Inefficient choice of derivative mode.  You chose 'rev' for a problem with 10 design variables and 25 response variables (objectives and nonlinear constraints).
/home/dafoamuser/dafoam/packages/miniconda3/lib/python3.10/site-packages/openmdao/core/problem.py:1011: DerivativesWarning:Inefficient choice of derivative mode.  You chose 'rev' for a problem with 10 design variables and 25 response variables (objectives and nonlinear constraints).
DAInputVolCoord. 
Setting volume coordinates. 
DAInputPatchVelocity. 
Setting UMag = 10 AoA = 5.13918623195176 degs at 1(inout)
Checking mesh quality for time = 441
    Overall domain bounding box (-17.28309570099725 -18.51559648040442 0) (18.6455349809809 18.47240620630912 0.1)
    Mesh has 3 geometric (non-empty/wedge) directions (1 1 1)
    Mesh has 3 solution (non-empty) directions (1 1 1)
    Boundary openness (2.11003332378995e-19 0 -3.144814033316224e-16) OK.
    Max cell openness = 2.574099397330888e-16 OK.
    Max aspect ratio = 97.8723401573309 OK.
    Minimum face area = 2.254096133077054e-06. Maximum face area = 4.184671633863084.  Face area magnitudes OK.
    Min volume = 2.254096143423982e-07. Max volume = 0.4184671610422082.  Total volume = 104.2997123257969.  Cell volumes OK.
    Mesh non-orthogonality Max: 22.74810172271952 average: 3.198093434316856
    Non-orthogonality check OK.
    Face pyramids OK.
    Max skewness = 1.432469854651645 OK.
    Coupled point location match (average 0) OK.

Mesh OK.

Running Primal Solver 005
Previous solution time 441 found and deleted.
No finite volume options present

Starting time loop

Time = 1

U0 initRes: 0.001969194911862052 finalRes: 0.0001473513665732748 nIters: 7
U1 initRes: 0.002485161921914128 finalRes: 0.0001815689473020529 nIters: 7
U2 initRes: 0.005727486575536617 finalRes: 0.0004335044128736361 nIters: 7
p initRes: 0.1129420099501909 finalRes: 0.007976820514764 nIters: 5
Time step continuity errors : sum local = 0.0002460845773987373
                                 global = -2.06215567940886e-05
                             cumulative = -0.0003095535400101756
nuTilda initRes: 0.0007227394454654335 finalRes: 5.728725165486551e-05 nIters: 3
Bounding nuTilda>1e-16
CD: 0.05502926135993372 final: 0.05502926135993372
CL: -0.2723545583152461 final: -0.2723545583152461
yPlus min: 14.61949336326801 max: 96.22973891564658 mean: 61.33170634907559
ExecutionTime = 21.74 s  ClockTime = 22 s

Time = 100

U0 initRes: 0.0005162464620340016 finalRes: 5.126886974917147e-05 nIters: 5
U1 initRes: 0.004002714436984308 finalRes: 0.0002823147777881713 nIters: 6
U2 initRes: 0.0007701830447219145 finalRes: 7.572605301401883e-05 nIters: 3
p initRes: 0.003631744083858989 finalRes: 0.0002136628040197123 nIters: 3
Time step continuity errors : sum local = 6.960178062041552e-06
                                 global = 8.334364914484901e-07
                             cumulative = -0.0003087201035187271
nuTilda initRes: 0.0004708989615360595 finalRes: 3.509585605094831e-05 nIters: 4
Bounding nuTilda>1e-16
CD: 0.04784414899133022 final: 0.04784414899133022
CL: 0.3613115878166 final: 0.3613115878166
yPlus min: 5.199039195783852 max: 98.46738541361327 mean: 45.36698904236276
ExecutionTime = 22.38 s  ClockTime = 22 s

Time = 200

U0 initRes: 4.657130814704131e-05 finalRes: 3.82714535518807e-06 nIters: 6
U1 initRes: 0.0002001389369373977 finalRes: 1.448573482123001e-05 nIters: 6
U2 initRes: 3.832418892125845e-05 finalRes: 3.165725097177499e-06 nIters: 5
p initRes: 0.0003300425459678636 finalRes: 3.046421241504331e-05 nIters: 2
Time step continuity errors : sum local = 8.776413100151979e-07
                                 global = 1.611223133440834e-07
                             cumulative = -0.0003085589812053831
nuTilda initRes: 6.120736983751081e-05 finalRes: 4.730677737747475e-06 nIters: 4
Bounding nuTilda>1e-16
CD: 0.04574999744767277 final: 0.04574999744767277
CL: 0.3099923423665662 final: 0.3099923423665662
yPlus min: 7.595152192680056 max: 97.5344142826799 mean: 46.19157179822169
ExecutionTime = 23.02 s  ClockTime = 23 s

Time = 300

U0 initRes: 9.205075577955723e-06 finalRes: 7.069140576852478e-07 nIters: 5
U1 initRes: 2.783627486968085e-05 finalRes: 2.078645303638766e-06 nIters: 6
U2 initRes: 8.999869088785667e-06 finalRes: 8.745026446345811e-07 nIters: 4
p initRes: 0.0001322978889131426 finalRes: 5.756551351951284e-06 nIters: 2
Time step continuity errors : sum local = 1.67446730387492e-07
                                 global = 5.625286809543807e-09
                             cumulative = -0.0003085533559185735
nuTilda initRes: 2.836813652817025e-05 finalRes: 2.230780011556734e-06 nIters: 3
Bounding nuTilda>1e-16
CD: 0.04654546861333256 final: 0.04654546861333256
CL: 0.3254724642741288 final: 0.3254724642741288
yPlus min: 5.568022319363962 max: 97.55427775286603 mean: 46.26479513418621
ExecutionTime = 23.66 s  ClockTime = 23 s

Time = 400

U0 initRes: 2.206306370408983e-06 finalRes: 2.054984731470521e-07 nIters: 5
U1 initRes: 5.4740025520643e-06 finalRes: 3.925993942512582e-07 nIters: 6
U2 initRes: 2.286152544259105e-06 finalRes: 1.731352347197608e-07 nIters: 5
p initRes: 8.567449218152691e-05 finalRes: 7.516526436078605e-06 nIters: 1
Time step continuity errors : sum local = 2.186248972684713e-07
                                 global = -2.774348978772064e-10
                             cumulative = -0.0003085536333534714
nuTilda initRes: 1.471549924692023e-05 finalRes: 1.033346682393008e-06 nIters: 2
Bounding nuTilda>1e-16
CD: 0.04642361618426414 final: 0.04642361618426414
CL: 0.3225741589701452 final: 0.3225741589701452
yPlus min: 5.528073181768198 max: 97.47666986265763 mean: 46.21311575757591
ExecutionTime = 24.31 s  ClockTime = 24 s

Time = 500

U0 initRes: 5.433735412513815e-07 finalRes: 3.908606510932298e-08 nIters: 5
U1 initRes: 1.9949074360963e-06 finalRes: 1.586271646202823e-07 nIters: 5
U2 initRes: 4.200672494264113e-07 finalRes: 3.076897002862766e-08 nIters: 5
p initRes: 4.942182503380537e-05 finalRes: 3.362579900086146e-06 nIters: 1
Time step continuity errors : sum local = 9.777049633359454e-08
                                 global = -6.391009063639026e-10
                             cumulative = -0.0003085542724543777
nuTilda initRes: 9.714723213105729e-06 finalRes: 2.346774524246065e-07 nIters: 2
Bounding nuTilda>1e-16
CD: 0.04643138086890715 final: 0.04643138086890715
CL: 0.3227412658216604 final: 0.3227412658216604
yPlus min: 5.580501293061038 max: 97.4820009869554 mean: 46.22980277619908
ExecutionTime = 24.93 s  ClockTime = 25 s

Time = 600

U0 initRes: 3.062211041849263e-07 finalRes: 2.198080399841731e-08 nIters: 3
U1 initRes: 1.104337086904539e-06 finalRes: 7.493848051661752e-08 nIters: 4
U2 initRes: 6.562165434111628e-08 finalRes: 4.59579448986364e-09 nIters: 4
p initRes: 4.734902483125805e-05 finalRes: 2.514508742651816e-06 nIters: 1
Time step continuity errors : sum local = 7.31168055112844e-08
                                 global = 7.429817456816494e-11
                             cumulative = -0.0003085541981562032
nuTilda initRes: 1.196891106506506e-05 finalRes: 2.257667219868127e-07 nIters: 2
Bounding nuTilda>1e-16
CD: 0.04643159118781047 final: 0.04643159118781047
CL: 0.3227564339197752 final: 0.3227564339197752
yPlus min: 5.569391752344488 max: 97.48230117920335 mean: 46.22853718453958
ExecutionTime = 25.54 s  ClockTime = 25 s

Time = 700

U0 initRes: 2.729454271972975e-07 finalRes: 1.333296830784291e-08 nIters: 3
U1 initRes: 9.352869056151402e-07 finalRes: 7.976033473825489e-08 nIters: 3
U2 initRes: 4.420173266150619e-08 finalRes: 3.75254262617775e-09 nIters: 4
p initRes: 4.731528691106009e-05 finalRes: 2.386490418599788e-06 nIters: 1
Time step continuity errors : sum local = 6.939372446470568e-08
                                 global = 1.231254304809882e-10
                             cumulative = -0.0003085540750307727
nuTilda initRes: 1.195327259434057e-05 finalRes: 2.223005072801026e-07 nIters: 2
Bounding nuTilda>1e-16
CD: 0.04643177991582283 final: 0.04643177991582283
CL: 0.3227504251688661 final: 0.3227504251688661
yPlus min: 5.571078687259813 max: 97.48220360650832 mean: 46.22842451651986
ExecutionTime = 26.17 s  ClockTime = 26 s

Time = 800

U0 initRes: 2.757754188153663e-07 finalRes: 1.375264631597177e-08 nIters: 3
U1 initRes: 9.576963458692459e-07 finalRes: 8.460163798103672e-08 nIters: 3
U2 initRes: 3.721741919254304e-08 finalRes: 3.567407202376123e-09 nIters: 3
p initRes: 4.736921236430369e-05 finalRes: 2.425059076697586e-06 nIters: 1
Time step continuity errors : sum local = 7.051519000902582e-08
                                 global = 1.012313608704883e-10
                             cumulative = -0.0003085539737994119
nuTilda initRes: 1.19425689655195e-05 finalRes: 2.194769579539096e-07 nIters: 2
Bounding nuTilda>1e-16
CD: 0.0464314476043998 final: 0.0464314476043998
CL: 0.322751946705975 final: 0.322751946705975
yPlus min: 5.570528613047153 max: 97.48215306141532 mean: 46.22865788689482
ExecutionTime = 26.77 s  ClockTime = 27 s

Time = 900

U0 initRes: 2.853721704765459e-07 finalRes: 1.491934004864902e-08 nIters: 3
U1 initRes: 9.990991697167616e-07 finalRes: 9.490351362344347e-08 nIters: 3
U2 initRes: 4.882186235676141e-08 finalRes: 4.438079129527451e-09 nIters: 3
p initRes: 4.753516237288112e-05 finalRes: 2.448623223673327e-06 nIters: 1
Time step continuity errors : sum local = 7.120051563315352e-08
                                 global = 8.949354694664815e-12
                             cumulative = -0.0003085539648500571
nuTilda initRes: 1.195809617661673e-05 finalRes: 2.23930156627953e-07 nIters: 2
Bounding nuTilda>1e-16
CD: 0.04643154279037405 final: 0.04643154279037405
CL: 0.3227515799207078 final: 0.3227515799207078
yPlus min: 5.570909618905704 max: 97.48216650422233 mean: 46.22863072463327
ExecutionTime = 27.39 s  ClockTime = 27 s

Time = 1000

U0 initRes: 2.951515383663507e-07 finalRes: 1.697125337359025e-08 nIters: 3
U1 initRes: 1.045830508339958e-06 finalRes: 6.348677638566063e-08 nIters: 4
U2 initRes: 6.04439406223383e-08 finalRes: 5.957933677611405e-09 nIters: 3
p initRes: 4.732806637379512e-05 finalRes: 2.511200635154303e-06 nIters: 1
Time step continuity errors : sum local = 7.301980217260296e-08
                                 global = -1.076415734972108e-10
                             cumulative = -0.0003085540724916306
nuTilda initRes: 1.198178572829408e-05 finalRes: 2.327131645124504e-07 nIters: 2
Bounding nuTilda>1e-16
CD: 0.04643145528997775 final: 0.04643145528997775
CL: 0.3227521776949719 final: 0.3227521776949719
yPlus min: 5.57039974815742 max: 97.48212871045875 mean: 46.22865296875941
ExecutionTime = 28 s  ClockTime = 28 s

End

********************************************
Primal min residual 4.732806637379512e-05
did not satisfy the prescribed tolerance 1e-08
Primal solution failed!
********************************************
Traceback (most recent call last):
  File "/home/dafoamuser/dafoam/packages/miniconda3/lib/python3.10/site-packages/openmdao/core/system.py", line 2927, in _call_user_function
    yield
  File "/home/dafoamuser/dafoam/packages/miniconda3/lib/python3.10/site-packages/openmdao/core/implicitcomponent.py", line 150, in _solve_nonlinear
    self.solve_nonlinear(self._inputs, self._outputs)
  File "/home/dafoamuser/dafoam/packages/miniconda3/lib/python3.10/site-packages/dafoam/mphys/mphys_dafoam.py", line 345, in solve_nonlinear
    raise AnalysisError("Primal solution failed!")
openmdao.core.analysis_error.AnalysisError: Primal solution failed!

During handling of the above exception, another exception occurred:

Traceback (most recent call last):
  File "/home/dafoamuser/mount/ladder-a1-naca0012/fdStepSweep.py", line 184, in <module>
Traceback (most recent call last):
  File "/home/dafoamuser/dafoam/packages/miniconda3/lib/python3.10/site-packages/openmdao/core/system.py", line 2927, in _call_user_function
    prob.run_model()
  File "/home/dafoamuser/dafoam/packages/miniconda3/lib/python3.10/site-packages/openmdao/core/problem.py", line 629, in run_model
    self.model.run_solve_nonlinear()
  File "/home/dafoamuser/dafoam/packages/miniconda3/lib/python3.10/site-packages/openmdao/core/system.py", line 4684, in run_solve_nonlinear
    yield
  File "/home/dafoamuser/dafoam/packages/miniconda3/lib/python3.10/site-packages/openmdao/core/implicitcomponent.py", line 150, in _solve_nonlinear
    self.solve_nonlinear(self._inputs, self._outputs)
  File "/home/dafoamuser/dafoam/packages/miniconda3/lib/python3.10/site-packages/dafoam/mphys/mphys_dafoam.py", line 345, in solve_nonlinear
    raise AnalysisError("Primal solution failed!")
openmdao.core.analysis_error.AnalysisError: Primal solution failed!

During handling of the above exception, another exception occurred:

Traceback (most recent call last):
  File "/home/dafoamuser/mount/ladder-a1-naca0012/fdStepSweep.py", line 184, in <module>
    self._solve_nonlinear()
  File "/home/dafoamuser/dafoam/packages/miniconda3/lib/python3.10/site-packages/openmdao/core/group.py", line 2532, in _solve_nonlinear
    prob.run_model()
  File "/home/dafoamuser/dafoam/packages/miniconda3/lib/python3.10/site-packages/openmdao/core/problem.py", line 629, in run_model
    self.model.run_solve_nonlinear()
  File "/home/dafoamuser/dafoam/packages/miniconda3/lib/python3.10/site-packages/openmdao/core/system.py", line 4684, in run_solve_nonlinear
    self._nonlinear_solver._solve_with_cache_check()
  File "/home/dafoamuser/dafoam/packages/miniconda3/lib/python3.10/site-packages/openmdao/solvers/nonlinear/nonlinear_runonce.py", line 26, in _solve_with_cache_check
    self.solve()  # don't use caching
  File "/home/dafoamuser/dafoam/packages/miniconda3/lib/python3.10/site-packages/openmdao/solvers/nonlinear/nonlinear_runonce.py", line 45, in solve
    self._gs_iter()
  File "/home/dafoamuser/dafoam/packages/miniconda3/lib/python3.10/site-packages/openmdao/solvers/solver.py", line 804, in _gs_iter
    raise err
  File "/home/dafoamuser/dafoam/packages/miniconda3/lib/python3.10/site-packages/openmdao/solvers/solver.py", line 800, in _gs_iter
    self._solve_nonlinear()
    subsys._solve_nonlinear()
  File "/home/dafoamuser/dafoam/packages/miniconda3/lib/python3.10/site-packages/mphys/scenario.py", line 65, in _solve_nonlinear
  File "/home/dafoamuser/dafoam/packages/miniconda3/lib/python3.10/site-packages/openmdao/core/group.py", line 2532, in _solve_nonlinear
    return super()._solve_nonlinear()
  File "/home/dafoamuser/dafoam/packages/miniconda3/lib/python3.10/site-packages/openmdao/core/group.py", line 2532, in _solve_nonlinear
    self._nonlinear_solver._solve_with_cache_check()
  File "/home/dafoamuser/dafoam/packages/miniconda3/lib/python3.10/site-packages/openmdao/solvers/nonlinear/nonlinear_runonce.py", line 26, in _solve_with_cache_check
    self._nonlinear_solver._solve_with_cache_check()
  File "/home/dafoamuser/dafoam/packages/miniconda3/lib/python3.10/site-packages/openmdao/solvers/nonlinear/nonlinear_runonce.py", line 26, in _solve_with_cache_check
    self.solve()  # don't use caching
  File "/home/dafoamuser/dafoam/packages/miniconda3/lib/python3.10/site-packages/openmdao/solvers/nonlinear/nonlinear_runonce.py", line 45, in solve
    self.solve()  # don't use caching
  File "/home/dafoamuser/dafoam/packages/miniconda3/lib/python3.10/site-packages/openmdao/solvers/nonlinear/nonlinear_runonce.py", line 45, in solve
    self._gs_iter()
  File "/home/dafoamuser/dafoam/packages/miniconda3/lib/python3.10/site-packages/openmdao/solvers/solver.py", line 804, in _gs_iter
    self._gs_iter()
  File "/home/dafoamuser/dafoam/packages/miniconda3/lib/python3.10/site-packages/openmdao/solvers/solver.py", line 804, in _gs_iter
    raise err
  File "/home/dafoamuser/dafoam/packages/miniconda3/lib/python3.10/site-packages/openmdao/solvers/solver.py", line 800, in _gs_iter
    raise err
  File "/home/dafoamuser/dafoam/packages/miniconda3/lib/python3.10/site-packages/openmdao/solvers/solver.py", line 800, in _gs_iter
    subsys._solve_nonlinear()
  File "/home/dafoamuser/dafoam/packages/miniconda3/lib/python3.10/site-packages/mphys/scenario.py", line 65, in _solve_nonlinear
    subsys._solve_nonlinear()
  File "/home/dafoamuser/dafoam/packages/miniconda3/lib/python3.10/site-packages/openmdao/core/group.py", line 2532, in _solve_nonlinear
    return super()._solve_nonlinear()
    self._nonlinear_solver._solve_with_cache_check()
  File "/home/dafoamuser/dafoam/packages/miniconda3/lib/python3.10/site-packages/openmdao/solvers/nonlinear/nonlinear_runonce.py", line 26, in _solve_with_cache_check
    self.solve()  # don't use caching
  File "/home/dafoamuser/dafoam/packages/miniconda3/lib/python3.10/site-packages/openmdao/solvers/nonlinear/nonlinear_runonce.py", line 45, in solve
    self._gs_iter()
  File "/home/dafoamuser/dafoam/packages/miniconda3/lib/python3.10/site-packages/openmdao/solvers/solver.py", line 804, in _gs_iter
    raise err
  File "/home/dafoamuser/dafoam/packages/miniconda3/lib/python3.10/site-packages/openmdao/solvers/solver.py", line 800, in _gs_iter
    subsys._solve_nonlinear()
  File "/home/dafoamuser/dafoam/packages/miniconda3/lib/python3.10/site-packages/openmdao/core/implicitcomponent.py", line 128, in _solve_nonlinear
    with self._call_user_function('solve_nonlinear'):
  File "/home/dafoamuser/dafoam/packages/miniconda3/lib/python3.10/contextlib.py", line 153, in __exit__
    self.gen.throw(typ, value, traceback)
  File "/home/dafoamuser/dafoam/packages/miniconda3/lib/python3.10/site-packages/openmdao/core/system.py", line 2933, in _call_user_function
    raise err_type(
  File "/home/dafoamuser/dafoam/packages/miniconda3/lib/python3.10/site-packages/openmdao/core/system.py", line 2927, in _call_user_function
    yield
  File "/home/dafoamuser/dafoam/packages/miniconda3/lib/python3.10/site-packages/openmdao/core/implicitcomponent.py", line 150, in _solve_nonlinear
    self.solve_nonlinear(self._inputs, self._outputs)
  File "/home/dafoamuser/dafoam/packages/miniconda3/lib/python3.10/site-packages/dafoam/mphys/mphys_dafoam.py", line 345, in solve_nonlinear
    raise AnalysisError("Primal solution failed!")
openmdao.core.analysis_error.AnalysisError: 'scenario1.coupling.solver' <class DAFoamSolver>: Error calling solve_nonlinear(), Primal solution failed!
  File "/home/dafoamuser/dafoam/packages/miniconda3/lib/python3.10/site-packages/openmdao/core/group.py", line 2532, in _solve_nonlinear
    self._nonlinear_solver._solve_with_cache_check()
  File "/home/dafoamuser/dafoam/packages/miniconda3/lib/python3.10/site-packages/openmdao/solvers/nonlinear/nonlinear_runonce.py", line 26, in _solve_with_cache_check
    self.solve()  # don't use caching
  File "/home/dafoamuser/dafoam/packages/miniconda3/lib/python3.10/site-packages/openmdao/solvers/nonlinear/nonlinear_runonce.py", line 45, in solve
    self._gs_iter()
  File "/home/dafoamuser/dafoam/packages/miniconda3/lib/python3.10/site-packages/openmdao/solvers/solver.py", line 804, in _gs_iter
    raise err
  File "/home/dafoamuser/dafoam/packages/miniconda3/lib/python3.10/site-packages/openmdao/solvers/solver.py", line 800, in _gs_iter
    subsys._solve_nonlinear()
  File "/home/dafoamuser/dafoam/packages/miniconda3/lib/python3.10/site-packages/openmdao/core/group.py", line 2532, in _solve_nonlinear
    self._nonlinear_solver._solve_with_cache_check()
  File "/home/dafoamuser/dafoam/packages/miniconda3/lib/python3.10/site-packages/openmdao/solvers/nonlinear/nonlinear_runonce.py", line 26, in _solve_with_cache_check
    self.solve()  # don't use caching
  File "/home/dafoamuser/dafoam/packages/miniconda3/lib/python3.10/site-packages/openmdao/solvers/nonlinear/nonlinear_runonce.py", line 45, in solve
    self._gs_iter()
  File "/home/dafoamuser/dafoam/packages/miniconda3/lib/python3.10/site-packages/openmdao/solvers/solver.py", line 804, in _gs_iter
    raise err
  File "/home/dafoamuser/dafoam/packages/miniconda3/lib/python3.10/site-packages/openmdao/solvers/solver.py", line 800, in _gs_iter
    subsys._solve_nonlinear()
  File "/home/dafoamuser/dafoam/packages/miniconda3/lib/python3.10/site-packages/openmdao/core/implicitcomponent.py", line 128, in _solve_nonlinear
    with self._call_user_function('solve_nonlinear'):
  File "/home/dafoamuser/dafoam/packages/miniconda3/lib/python3.10/contextlib.py", line 153, in __exit__
    self.gen.throw(typ, value, traceback)
  File "/home/dafoamuser/dafoam/packages/miniconda3/lib/python3.10/site-packages/openmdao/core/system.py", line 2933, in _call_user_function
    raise err_type(
  File "/home/dafoamuser/dafoam/packages/miniconda3/lib/python3.10/site-packages/openmdao/core/system.py", line 2927, in _call_user_function
    yield
  File "/home/dafoamuser/dafoam/packages/miniconda3/lib/python3.10/site-packages/openmdao/core/implicitcomponent.py", line 150, in _solve_nonlinear
    self.solve_nonlinear(self._inputs, self._outputs)
  File "/home/dafoamuser/dafoam/packages/miniconda3/lib/python3.10/site-packages/dafoam/mphys/mphys_dafoam.py", line 345, in solve_nonlinear
    raise AnalysisError("Primal solution failed!")
openmdao.core.analysis_error.AnalysisError: 'scenario1.coupling.solver' <class DAFoamSolver>: Error calling solve_nonlinear(), Primal solution failed!
Finalising parallel run
Finalising parallel run
--------------------------------------------------------------------------
Primary job  terminated normally, but 1 process returned
a non-zero exit code. Per user-direction, the job has been aborted.
--------------------------------------------------------------------------
--------------------------------------------------------------------------
mpirun detected that one or more processes exited with non-zero status, thus causing
the job to be terminated. The first process to do so was:

  Process name: [[11624,1],1]
  Exit code:    1
--------------------------------------------------------------------------
