WARNING 7: VSPAERO Viewer Not Found. 
	Expected here: /home/dafoamuser/dafoam/packages/miniconda3/lib/python3.10/site-packages/openvsp/vspviewer
IDWARP_IMPORTED_FROM: /mnt/idwarp/idwarp/__init__.py
WARNING 7: VSPAERO Viewer Not Found. 
	Expected here: /home/dafoamuser/dafoam/packages/miniconda3/lib/python3.10/site-packages/openvsp/vspviewer
WARNING 7: VSPAERO Viewer Not Found. 
	Expected here: /home/dafoamuser/dafoam/packages/miniconda3/lib/python3.10/site-packages/openvsp/vspviewer
WARNING 7: VSPAERO Viewer Not Found. 
	Expected here: /home/dafoamuser/dafoam/packages/miniconda3/lib/python3.10/site-packages/openvsp/vspviewer
WARNING 7: VSPAERO Viewer Not Found. 
	Expected here: /home/dafoamuser/dafoam/packages/miniconda3/lib/python3.10/site-packages/openvsp/vspviewer
 
-------------------------------------------------------------------------------
|                               DAFoam v5.0.0                                 |
-------------------------------------------------------------------------------
 
/*---------------------------------------------------------------------------*\
| =========                 |                                                 |
| \\      /  F ield         | OpenFOAM: The Open Source CFD Toolbox           |
|  \\    /   O peration     | Version:  2506                                  |
|   \\  /    A nd           | Website:  www.openfoam.com                      |
|    \\/     M anipulation  |                                                 |
\*---------------------------------------------------------------------------*/
Build  : _615aae61d7-20250627 OPENFOAM=2506 version=v2506
Arch   : "LSB;label=32;scalar=64"
Exec   : decomposePar
Date   : Aug 01 2026
Time   : 00:07:51
Host   : e0a1cfd25f08
PID    : 441
I/O    : uncollated
Case   : /mnt/a5_case
nProcs : 1
trapFpe: Floating point exception trapping enabled (FOAM_SIGFPE).
fileModificationChecking : Monitoring run-time modified files using timeStampMaster (fileModificationSkew 5, maxFileModificationPolls 20)
allowSystemOperations : Allowing user-supplied system call operations

// * * * * * * * * * * * * * * * * * * * * * * * * * * * * * * * * * * * * * //
Create time

Overriding DebugSwitches according to controlDict
    SolverPerformance 0;



Decomposing mesh



--> FOAM FATAL ERROR: (openfoam-2506)
Case is already decomposed with 4 domains, use the -force option or manually
remove processor directories before decomposing. e.g.,
    rm -rf /mnt/a5_case/processor*


    From decomposePar
    in file decomposePar.C at line 645.

FOAM exiting


Unable to run decomposePar, the domain has been already decomposed?

I/O    : uncollated
Case   : /mnt/a5_case
nProcs : 4
Hosts  :
(
    (e0a1cfd25f08 4)
)
Pstream initialized with:
    node communication : off [type=host] (4 ranks, 1 nodes)
    topology controls  : none
    consensus exchange : 0 (tuning: 0)
    exchange algorithm : 0
    commsType          : nonBlocking
    polling iterations : 0
Initializing mesh and runtime for DASolver
Create time

Overriding DebugSwitches according to controlDict
    SolverPerformance 0;

Create mesh for time = 0
Replacing wallDist.method meshWave -> meshWaveFrozen
DAOption created. DASolver initialized.
I/O    : uncollated
[1] UPstream::init : could not attach buffer
[2] UPstream::init : could not attach buffer
[0] UPstream::init : could not attach buffer
[3] UPstream::init : could not attach buffer
Case   : /mnt/a5_case
nProcs : 4
Hosts  :
(
    (e0a1cfd25f08 4)
)
Pstream initialized with:
    node communication : off [type=host] (4 ranks, 1 nodes)
    topology controls  : none
    consensus exchange : 0 (tuning: 0)
    exchange algorithm : 0
    commsType          : nonBlocking
    polling iterations : 0
Initializing mesh and runtime for DASolver
Create time

Overriding DebugSwitches according to controlDict
    SolverPerformance 0;

Create mesh for time = 0
Replacing wallDist.method meshWave -> meshWaveFrozen
DAOption created. DASolver initialized.
Initializing fields for DASimpleFoam
Create simpleControl.

SIMPLE: no convergence criteria found. Calculations will run for 1000 steps.

Reading field p

Reading field U

Reading/calculating face flux field phi

Creating source term. 
Selecting incompressible transport model Newtonian
Selecting turbulence model type RAS
Selecting RAS turbulence model SpalartAllmaras
Selecting patchDistMethod meshWaveFrozen
ft2 term: inactive
No MRF models present

Reading field T

Reading field alphat

Turbulence model is incompressible
Adjoint States: 
5
(
U volVectorState
nuTilda modelState
phi surfaceScalarState
p volScalarState
T volScalarState
)
Global Cells: 4800
Global Faces: 15800
Global Xv: 19008
Undecomposed points: 5967
Global Adjoint States: 44600

SIMPLE: no convergence criteria found. Calculations will run for 1000 steps.

DACheckMesh Thresholds: 
maxNonOrth: 70
maxSkewness: 4
maxAspectRatio: 1000
maxIncorrectlyOrientedFaces: 0
    Adding all faces of patches: (inlet) ...
    Found matching patch inlet with 96 faces
    Adding all faces of patches: (outlet) ...
    Found matching patch outlet with 96 faces
    Adding all faces of patches: (ubend) ...
    Found matching patch ubend with 1232 faces
Initializing fields for DASimpleFoam
Create simpleControl.

SIMPLE: no convergence criteria found. Calculations will run for 1000 steps.

Reading field p

Reading field U

Reading/calculating face flux field phi

Creating source term. 
Selecting incompressible transport model Newtonian
Selecting turbulence model type RAS
Selecting RAS turbulence model SpalartAllmaras
Selecting patchDistMethod meshWaveFrozen
ft2 term: inactive
No MRF models present

Reading field T

Reading field alphat

Turbulence model is incompressible
Adjoint States: 
5
(
U volVectorState
nuTilda modelState
phi surfaceScalarState
p volScalarState
T volScalarState
)
Global Cells: 4800
Global Faces: 15800
Global Xv: 19008
Undecomposed points: 5967
Global Adjoint States: 44600

SIMPLE: no convergence criteria found. Calculations will run for 1000 steps.

DACheckMesh Thresholds: 
maxNonOrth: 70
maxSkewness: 4
maxAspectRatio: 1000
maxIncorrectlyOrientedFaces: 0
    Adding all faces of patches: (inlet) ...
    Found matching patch inlet with 96 faces
    Adding all faces of patches: (outlet) ...
    Found matching patch outlet with 96 faces
    Adding all faces of patches: (ubend) ...
    Found matching patch ubend with 1232 faces
Init solver done! ElapsedClockTime 1.000000 s
Init solver done! ElapsedCpuTime 0.260000 s
initState: 
7
(
nuTilda 0.001500000000000011
phi 0
U1 0
U2 0
p 0
T 293.1500000000029
U0 8.399999999999814
)
Setting up primal boundary conditions based on pyOptions: 
Setting nut wall BC for ubend. BCType=nutUSpaldingWallFunction
Setting nut wall BC for ubendup. BCType=nutUSpaldingWallFunction
Setting alphat wall BC for ubendBCType=incompressible::alphatWallFunction. Default Prt=0.85
Setting alphat wall BC for ubendupBCType=incompressible::alphatWallFunction. Default Prt=0.85
Reading OpenFOAM mesh information...
I/O    : uncollated
Case   : /mnt/a5_case
nProcs : 4
Hosts  :
(
    (e0a1cfd25f08 4)
)
Pstream initialized with:
    node communication : off [type=host] (4 ranks, 1 nodes)
    topology controls  : none
    consensus exchange : 0 (tuning: 0)
    exchange algorithm : 0
    commsType          : nonBlocking
    polling iterations : 0
Reading the OpenFOAM mesh..
Overriding DebugSwitches according to controlDict
    SolverPerformance 0;

Checking if we need to compress the mesh files
Checking if we need to compress the mesh files
Finalising parallel run
I/O    : uncollated
DAFoam option dictionary: 
{
    solverName      DASimpleFoam;
    primalMinResTol 1e-08;
    primalFuncStdTol
    {
        stdTol          -1;
        slopeTol        -1;
        funcNames       1 ( CD );
        nStepsFrac      0.2;
    }
    primalBC
    {
        useWallFunction 1;
    }
    primalInitCondition
    {
    }
    normalizeStates
    {
        U               8.4;
        p               35.28;
        nuTilda         0.001;
        phi             1;
        T               300;
    }
    function
    {
        TP1
        {
            type            totalPressure;
            source          patchToFace;
            patches         1 ( inlet );
            scale           1;
            addToAdjoint    1;
        }
        TP2
        {
            type            totalPressure;
            source          patchToFace;
            patches         1 ( outlet );
            scale           1;
            addToAdjoint    1;
        }
        HFX
        {
            type            wallHeatFlux;
            source          patchToFace;
            patches         1 ( ubend );
            scale           1;
            addToAdjoint    1;
        }
    }
    inputInfo
    {
        aero_vol_coords
        {
            type            volCoord;
            components      2 ( solver function );
        }
    }
    outputInfo
    {
        q_convect
        {
            type            thermalCouplingOutput;
            patches         1 ( ubend );
            components      1 ( thermalCoupling );
        }
    }
    designSurfaces  1 ( ubend );
    fvSource
    {
    }
    prepareCaseOnly 0;
    adjEqnSolMethod Krylov;
    dynamicMesh
    {
        active          0;
        mode            rotation;
        center          3 ( 0.25 0 0 );
        axis            z;
        omega           0.1;
        s               2;
        t0              0.35;
    }
    primalVarBounds
    {
        UMax            1000;
        UMin            -1000;
        pMax            50000;
        pMin            -50000;
        p_rghMax        50000;
        p_rghMin        -50000;
        eMax            55000;
        eMin            -220000;
        TMax            1000;
        TMin            100;
        hMax            200000;
        hMin            -200000;
        DMax            1e+16;
        DMin            -1e+16;
        rhoMax          5;
        rhoMin          0.2;
        nuTildaMax      1e+16;
        nuTildaMin      1e-16;
        kMax            1e+16;
        kMin            1e-16;
        omegaMax        1e+16;
        omegaMin        1e-16;
        epsilonMax      1e+16;
        epsilonMin      1e-16;
        ReThetatMax     1e+16;
        ReThetatMin     1e-16;
        gammaIntMax     1e+16;
        gammaIntMin     1e-16;
    }
    discipline      aero;
    adjPartDerivFDStep
    {
        State           1e-06;
    }
    transonicPCOption -1;
    unsteadyAdjoint
    {
        mode            None;
        PCMatPrecomputeInterval 100;
        PCMatUpdateInterval 1;
        reduceIO        1;
        additionalOutput 1 ( None );
        additionalOldTime 1 ( None );
        readZeroFields  1;
    }
    adjPCLag        10000;
    useAD
    {
        mode            reverse;
        dvName          None;
        seedIndex       -9999;
    }
    useConstrainHbyA 1;
    forceMeshWaveFrozen 1;
    useDdtCorr      0;
    regressionModel
    {
        active          0;
    }
    useMeanStates   0;
    solveLinearFunctionName None;
    printDAOptions  1;
    debug           0;
    writeJacobians  1 ( None );
    printInterval   100;
    printIntervalUnsteady 1;
    primalMinResTolDiff 10000000;
    adjUseColoring  1;
    adjEqnOption
    {
        globalPCIters   0;
        asmOverlap      1;
        localPCIters    1;
        jacMatReOrdering natural;
        pcFillLevel     2;
        gmresMaxIters   3000;
        gmresRestart    3000;
        gmresRelTol     1e-05;
        gmresAbsTol     1e-14;
        gmresTolDiff    10000;
        useNonZeroInitGuess 0;
        useMGSO         0;
        printInfo       1;
        fpMaxIters      1000;
        fpRelTol        1e-06;
        fpMinResTolDiff 100;
        fpPCUpwind      0;
        dynAdjustTol    0;
        KSPCalcEigen    0;
        KSPCalcSingularVal 0;
        readPCMat       0;
    }
    normalizeResiduals 11 ( URes pRes p_rghRes nuTildaRes phiRes TRes DRes kRes omegaRes epsilonRes alpha.waterRes );
    maxResConLv4JacPCMat
    {
        pRes            2;
        phiRes          1;
        URes            2;
        TRes            2;
        nuTildaRes      2;
        kRes            2;
        epsilonRes      2;
        omegaRes        2;
        p_rghRes        2;
        DRes            2;
        gammaIntRes     2;
        ReThetatRes     2;
        alpha.waterRes  2;
    }
    jacLowerBounds
    {
        dRdW            1e-30;
        dRdWPC          1e-30;
    }
    maxTractionBCIters 100;
    decomposeParDict
    {
        method          scotch;
        simpleCoeffs
        {
            n               3 ( 2 2 1 );
            delta           0.001;
        }
        kahipCoeffs
        {
            config          fast;
            imbalance       0.01;
        }
        preservePatches 1 ( None );
        singleProcessorFaceSets 1 ( None );
        args            1 ( None );
    }
    adjStateOrdering cell;
    checkMeshThreshold
    {
        maxAspectRatio  1000;
        maxNonOrth      70;
        maxSkewness     4;
        maxIncorrectlyOrientedFaces 0;
    }
    writeDeformedFFDs 0;
    writeDeformedConstraints 0;
    writeAdjointFields 0;
    maxCorrectBCCalls 2;
    writeMinorIterations 1;
    primalMinIters  1;
    tensorflow
    {
        active          0;
    }
    wallDistanceMethod daCustom;
    unsteadyCompOutput
    {
    }
}

pyDAFoam initialization done!
+----------------------------------------+
|          All IDWarp Options:           |
+----------------------------------------+
{'LdefFact': 1.0,
 'aExp': 3.0,
 'alpha': 0.25,
 'bExp': 5.0,
 'bucketSize': 8,
 'cornerAngle': 30.0,
 'errTol': 0.0005,
 'evalMode': 'fast',
 'fileType': 'OpenFOAM',
 'gridFile': '/mnt/a5_case',
 'restartFile': None,
 'specifiedSurfaces': None,
 'symmTol': 1e-06,
 'symmetryPlanes': [],
 'symmetrySurfaces': None,
 'useRotations': True,
 'zeroCornerRotations': True}
I/O    : uncollated
Case   : /mnt/a5_case
nProcs : 4
Hosts  :
(
    (e0a1cfd25f08 4)
)
Pstream initialized with:
    node communication : off [type=host] (4 ranks, 1 nodes)
    topology controls  : none
    consensus exchange : 0 (tuning: 0)
    exchange algorithm : 0
    commsType          : nonBlocking
    polling iterations : 0
Reading the OpenFOAM mesh..
Overriding DebugSwitches according to controlDict
    SolverPerformance 0;

Checking if we need to compress the mesh files
Checking if we need to compress the mesh files
#------------------------------#
 Total Volume Nodes :      6336 
#------------------------------#
Finalising parallel run
I/O    : uncollated
+-------------------- Symmetry Planes -------------------+
|           Point                        Normal          |
+--------------------------------------------------------+
#--------------------------------#
 Unique Surface Nodes :      1479 
#--------------------------------#
 Computing Denominator Estimate...
 Load Balancing...
 Finished Mesh Initialization.
OrderedDict([('inlet', [0]), ('outlet', [1]), ('procBoundary0to1', [2]), ('procBoundary0to2', [3]), ('sym', [4]), ('ubend', [5]), ('ubendup', [6]), ('allSurfaces', [0, 1, 2, 3, 4, 5, 6]), ('allWalls', [5, 6]), ('designSurfaces', [5])])
dRdWT Jacobian Free created!
/home/dafoamuser/dafoam/packages/miniconda3/lib/python3.10/site-packages/openmdao/core/component.py:140: OMDeprecationWarning:'scenario.aero_post.functionals' <class DAFoamFunctions>: It appears this component mixes distributed/non-distributed inputs and outputs, so it may break starting with OpenMDAO 3.25, where the convention used when passing data between distributed and non-distributed inputs and outputs within a matrix free component will change. See https://github.com/OpenMDAO/POEMs/blob/master/POEM_075.md for details.
/home/dafoamuser/dafoam/packages/miniconda3/lib/python3.10/site-packages/openmdao/core/component.py:140: OMDeprecationWarning:'scenario.aero_post.functionals' <class DAFoamFunctions>: It appears this component mixes distributed/non-distributed inputs and outputs, so it may break starting with OpenMDAO 3.25, where the convention used when passing data between distributed and non-distributed inputs and outputs within a matrix free component will change. See https://github.com/OpenMDAO/POEMs/blob/master/POEM_075.md for details.
/home/dafoamuser/dafoam/packages/miniconda3/lib/python3.10/site-packages/openmdao/core/component.py:140: OMDeprecationWarning:'scenario.aero_post.functionals' <class DAFoamFunctions>: It appears this component mixes distributed/non-distributed inputs and outputs, so it may break starting with OpenMDAO 3.25, where the convention used when passing data between distributed and non-distributed inputs and outputs within a matrix free component will change. See https://github.com/OpenMDAO/POEMs/blob/master/POEM_075.md for details.
/home/dafoamuser/dafoam/packages/miniconda3/lib/python3.10/site-packages/openmdao/core/component.py:140: OMDeprecationWarning:'scenario.aero_post.functionals' <class DAFoamFunctions>: It appears this component mixes distributed/non-distributed inputs and outputs, so it may break starting with OpenMDAO 3.25, where the convention used when passing data between distributed and non-distributed inputs and outputs within a matrix free component will change. See https://github.com/OpenMDAO/POEMs/blob/master/POEM_075.md for details.
REPRO === primal ===
DAInputVolCoord. 
Setting volume coordinates. 
Checking mesh quality for time = 0
    Overall domain bounding box (-1.338980954506319e-16 -0.09450000000000007 -3.272939177209413e-24) (0.8445000000000003 0.09450000000000008 0.03750000000000003)
    Mesh has 3 geometric (non-empty/wedge) directions (1 1 1)
    Mesh has 3 solution (non-empty) directions (1 1 1)
    Boundary openness (2.977902039679631e-18 -7.23690792612526e-18 2.512263050029231e-17) OK.
    Max cell openness = 3.581744559210832e-16 OK.
    Max aspect ratio = 69.08288552235946 OK.
    Minimum face area = 1.673117705410074e-06. Maximum face area = 0.001155837989117209.  Face area magnitudes OK.
    Min volume = 5.879985003004503e-09. Max volume = 1.30921460452209e-05.  Total volume = 0.004719833522667712.  Cell volumes OK.
    Mesh non-orthogonality Max: 3.51228284500386 average: 0.2800796231392331
    Non-orthogonality check OK.
    Face pyramids OK.
    Max skewness = 0.2181261527754675 OK.
    Coupled point location match (average 0) OK.

Mesh OK.

Running Primal Solver 001
Previous solution time -1e+10 not found and nothing deleted.
No finite volume options present

Starting time loop

Time = 1

U0 initRes: 0.999999999993625 finalRes: 0.06362093334606861 nIters: 4
U1 initRes: 1 finalRes: 0.07970846647818423 nIters: 1
U2 initRes: 1 finalRes: 0.07778807586327692 nIters: 3
p initRes: 1 finalRes: 0.08125324488434013 nIters: 26
Time step continuity errors : sum local = 1.278416044056911
                                 global = -0.1058401961208021
                             cumulative = -0.1058401961208021
T initRes: 0.9999999999276367 finalRes: 0.08208472175239952 nIters: 4
nuTilda initRes: 0.9999999999999765 finalRes: 0.05246326469319715 nIters: 1
TP1: 2869.524210823638 final: 2869.524210823638
TP2: 9.245003703993847 final: 9.245003703993847
HFX: 586.9417812202216 final: 586.9417812202216
yPlus min: 16.56446624375926 max: 36.88048803161515 mean: 25.38868016197397
ExecutionTime = 0.53 s  ClockTime = 1 s

Time = 100

U0 initRes: 9.202406875140982e-05 finalRes: 5.118957825958172e-06 nIters: 3
U1 initRes: 0.0001104587169681974 finalRes: 1.016124908971287e-05 nIters: 2
U2 initRes: 0.0004803222946248761 finalRes: 3.735669121473671e-05 nIters: 2
p initRes: 0.002132588946461159 finalRes: 0.000196369875688997 nIters: 2
Time step continuity errors : sum local = 0.003338043460226558
                                 global = 8.368757273744304e-05
                             cumulative = -0.1057565085480646
T initRes: 9.182674040726427e-05 finalRes: 5.721791150073213e-06 nIters: 3
nuTilda initRes: 0.0005025345537435747 finalRes: 3.606414657115051e-05 nIters: 2
TP1: 87.96005291968729 final: 87.96005291968729
TP2: 35.76444728119155 final: 35.76444728119155
HFX: 301.935514872785 final: 301.935514872785
yPlus min: 1.812237921143724 max: 55.34338712371321 mean: 23.67127602532325
ExecutionTime = 0.84 s  ClockTime = 1 s

Time = 200

U0 initRes: 8.895385050041853e-06 finalRes: 4.374465029914776e-07 nIters: 3
U1 initRes: 1.456248979632535e-05 finalRes: 7.3117164343603e-07 nIters: 3
U2 initRes: 5.326097242390036e-05 finalRes: 4.469657004065023e-06 nIters: 2
p initRes: 0.000352038146181074 finalRes: 2.01232503689339e-05 nIters: 2
Time step continuity errors : sum local = 0.0003424152326368483
                                 global = -5.185925626398346e-05
                             cumulative = -0.1058083678043286
T initRes: 2.339662990767521e-05 finalRes: 1.102657266093558e-06 nIters: 3
nuTilda initRes: 0.0002718152289599632 finalRes: 6.845334101130683e-06 nIters: 2
TP1: 88.12054694259008 final: 88.12054694259008
TP2: 35.77317367564675 final: 35.77317367564675
HFX: 301.80611068812 final: 301.80611068812
yPlus min: 1.848379726254269 max: 55.32355128126009 mean: 23.67080151289197
ExecutionTime = 1.09 s  ClockTime = 2 s

Time = 300

U0 initRes: 2.284824087884024e-06 finalRes: 1.172526178479813e-07 nIters: 3
U1 initRes: 5.772105408515241e-06 finalRes: 4.076127192946038e-07 nIters: 3
U2 initRes: 1.464665292615421e-05 finalRes: 1.245347677000796e-06 nIters: 2
p initRes: 0.0002373166802199214 finalRes: 1.681126725239221e-05 nIters: 1
Time step continuity errors : sum local = 0.0002859934261226287
                                 global = 1.385098542370665e-06
                             cumulative = -0.1058069827057863
T initRes: 1.62651222320315e-05 finalRes: 7.501361545174709e-07 nIters: 3
nuTilda initRes: 0.0002635516347566878 finalRes: 6.171253693454599e-06 nIters: 2
TP1: 88.11972134832153 final: 88.11972134832153
TP2: 35.77322393951975 final: 35.77322393951975
HFX: 301.8114737151074 final: 301.8114737151074
yPlus min: 1.846160241157321 max: 55.32496747883081 mean: 23.66985138579821
ExecutionTime = 1.33 s  ClockTime = 2 s

Time = 400

U0 initRes: 1.818263646134402e-06 finalRes: 9.492073070690592e-08 nIters: 3
U1 initRes: 5.080215130318044e-06 finalRes: 3.874165486712762e-07 nIters: 3
U2 initRes: 1.21890763551502e-05 finalRes: 1.112123572404705e-06 nIters: 2
p initRes: 0.0002265543086670557 finalRes: 1.347212170075161e-05 nIters: 1
Time step continuity errors : sum local = 0.0002291893303739499
                                 global = -1.318567197601618e-06
                             cumulative = -0.1058083012729839
T initRes: 1.584291513459084e-05 finalRes: 7.402640205711119e-07 nIters: 3
nuTilda initRes: 0.0002616108032925071 finalRes: 5.937713874841769e-06 nIters: 2
TP1: 88.11849246103276 final: 88.11849246103276
TP2: 35.77314575494255 final: 35.77314575494255
HFX: 301.8117605956641 final: 301.8117605956641
yPlus min: 1.846001126260245 max: 55.32504509228563 mean: 23.66988071008018
ExecutionTime = 1.56 s  ClockTime = 2 s

Time = 500

U0 initRes: 1.793665717834189e-06 finalRes: 9.383676426756468e-08 nIters: 3
U1 initRes: 5.040038560887625e-06 finalRes: 3.862613871798739e-07 nIters: 3
U2 initRes: 1.2030253586499e-05 finalRes: 1.108031101533168e-06 nIters: 2
p initRes: 0.0002258586403239825 finalRes: 1.318083618457838e-05 nIters: 1
Time step continuity errors : sum local = 0.0002242342796308374
                                 global = -2.064100808508062e-07
                             cumulative = -0.1058085076830647
T initRes: 1.58123070825863e-05 finalRes: 7.376724460673657e-07 nIters: 3
nuTilda initRes: 0.0002615715285587637 finalRes: 5.933776978917983e-06 nIters: 2
TP1: 88.11837268204582 final: 88.11837268204582
TP2: 35.77316326197865 final: 35.77316326197865
HFX: 301.8117360363483 final: 301.8117360363483
yPlus min: 1.845979500113432 max: 55.32504094584836 mean: 23.66988649805791
ExecutionTime = 1.8 s  ClockTime = 2 s

Time = 600

U0 initRes: 1.7934356777388e-06 finalRes: 9.380814361798418e-08 nIters: 3
U1 initRes: 5.039984968591228e-06 finalRes: 3.863185185088319e-07 nIters: 3
U2 initRes: 1.20305599407626e-05 finalRes: 1.107935309146154e-06 nIters: 2
p initRes: 0.000225766329062711 finalRes: 1.311836804061344e-05 nIters: 1
Time step continuity errors : sum local = 0.0002231715645951435
                                 global = -9.113882184464681e-08
                             cumulative = -0.1058085988218866
T initRes: 1.581223832995784e-05 finalRes: 7.375849841658637e-07 nIters: 3
nuTilda initRes: 0.0002615670650240055 finalRes: 5.933627887816844e-06 nIters: 2
TP1: 88.11838177212337 final: 88.11838177212337
TP2: 35.77316531829783 final: 35.77316531829783
HFX: 301.8117299854046 final: 301.8117299854046
yPlus min: 1.845981088966779 max: 55.32503896979964 mean: 23.66988593655861
ExecutionTime = 2.04 s  ClockTime = 3 s

Time = 700

U0 initRes: 1.793277521991261e-06 finalRes: 9.380192043687983e-08 nIters: 3
U1 initRes: 5.04000112916517e-06 finalRes: 3.863166360062916e-07 nIters: 3
U2 initRes: 1.203045119813533e-05 finalRes: 1.107926190221626e-06 nIters: 2
p initRes: 0.0002257628799284889 finalRes: 1.311454547264705e-05 nIters: 1
Time step continuity errors : sum local = 0.0002231065382420022
                                 global = -8.161968755899715e-09
                             cumulative = -0.1058086069838553
T initRes: 1.581222144792834e-05 finalRes: 7.37584969526843e-07 nIters: 3
nuTilda initRes: 0.0002615670410407442 finalRes: 5.93362005765603e-06 nIters: 2
TP1: 88.11838299467681 final: 88.11838299467681
TP2: 35.77316648953093 final: 35.77316648953093
HFX: 301.8117334698114 final: 301.8117334698114
yPlus min: 1.845980795770895 max: 55.32503992542955 mean: 23.66988631348844
ExecutionTime = 2.28 s  ClockTime = 3 s

Time = 800

U0 initRes: 1.793277222349885e-06 finalRes: 9.380197238958308e-08 nIters: 3
U1 initRes: 5.040003171068864e-06 finalRes: 3.863168011247159e-07 nIters: 3
U2 initRes: 1.20304519802597e-05 finalRes: 1.107925250289462e-06 nIters: 2
p initRes: 0.0002257625021210026 finalRes: 1.311469167878494e-05 nIters: 1
Time step continuity errors : sum local = 0.0002231090249741281
                                 global = -1.895002566006485e-08
                             cumulative = -0.105808625933881
T initRes: 1.581222049780872e-05 finalRes: 7.375848520433196e-07 nIters: 3
nuTilda initRes: 0.0002615670399124383 finalRes: 5.933619703782803e-06 nIters: 2
TP1: 88.11838265242606 final: 88.11838265242606
TP2: 35.77316633668674 final: 35.77316633668674
HFX: 301.8117331171117 final: 301.8117331171117
yPlus min: 1.845980775135639 max: 55.32503982877616 mean: 23.66988627638515
ExecutionTime = 2.51 s  ClockTime = 3 s

Time = 900

U0 initRes: 1.793280047352216e-06 finalRes: 9.380208511518969e-08 nIters: 3
U1 initRes: 5.040002487593085e-06 finalRes: 3.863168184349313e-07 nIters: 3
U2 initRes: 1.203045320789477e-05 finalRes: 1.107925386775479e-06 nIters: 2
p initRes: 0.0002257624939542488 finalRes: 1.31146789379517e-05 nIters: 1
Time step continuity errors : sum local = 0.00022310880819328
                                 global = -1.956148488836441e-08
                             cumulative = -0.1058086454953659
T initRes: 1.581222046810843e-05 finalRes: 7.375849009343347e-07 nIters: 3
nuTilda initRes: 0.0002615670400664444 finalRes: 5.933619848944701e-06 nIters: 2
TP1: 88.11838266580405 final: 88.11838266580405
TP2: 35.77316632783899 final: 35.77316632783899
HFX: 301.8117330861851 final: 301.8117330861851
yPlus min: 1.845980783947179 max: 55.32503982044285 mean: 23.6698862728373
ExecutionTime = 2.74 s  ClockTime = 3 s

Time = 1000

U0 initRes: 1.793279729957123e-06 finalRes: 9.380207119754897e-08 nIters: 3
U1 initRes: 5.040002539321696e-06 finalRes: 3.863168143646596e-07 nIters: 3
U2 initRes: 1.20304530859809e-05 finalRes: 1.107925388782497e-06 nIters: 2
p initRes: 0.0002257624979593885 finalRes: 1.311467703738508e-05 nIters: 1
Time step continuity errors : sum local = 0.0002231087758678128
                                 global = -1.92720766206034e-08
                             cumulative = -0.1058086647674425
T initRes: 1.581222048510997e-05 finalRes: 7.37584899132873e-07 nIters: 3
nuTilda initRes: 0.000261567040078234 finalRes: 5.933619839648875e-06 nIters: 2
TP1: 88.11838267130871 final: 88.11838267130871
TP2: 35.7731663319629 final: 35.7731663319629
HFX: 301.811733096976 final: 301.811733096976
yPlus min: 1.845980783374323 max: 55.32503982334294 mean: 23.66988627398884
ExecutionTime = 2.99 s  ClockTime = 4 s

End

Moving time 1000 to 0.0001
Printing Primal Residual Statistics.
U Residual Norm2: (25.54914316209002 24.01010118363137 10.6247357571583)
U Residual Mean: (0.0305982602510938 0.02710979989381347 0.01096015241611929)
U Residual Max: (13.5840298277946 10.92561166839826 8.384136200058247)
p Residual Norm2: 8.616351311810934
p Residual Mean: 0.01332241902811043
p Residual Max: 3.161353608889938
T Residual Norm2: 41.1602352533002
T Residual Mean: 0.04547675587352831
T Residual Max: 21.39096725123535
nuTilda Residual Norm2: 0.6515608000463243
nuTilda Residual Mean: 0.0004285544075757519
nuTilda Residual Max: 0.5281822862671789
phi Residual Norm2: 0.06463130889333896
phi Residual Mean: 2.56591531922521e-05
phi Residual Max: 0.04469088502305991
Total Residual Norm2: 55.7760151838802
 
 
REPRO === primal done t=3.4s OBJ.val=3.279385450974948e-02 ===
Computing d[TP1]/d[aero_states]^T * psi 2.83 s
Computing d[TP1]/d[aero_vol_coords]^T * psi 2.84 s
Computing d[TP2]/d[aero_states]^T * psi 2.93 s
Computing d[TP2]/d[aero_vol_coords]^T * psi 2.93 s
Computing d[HFX]/d[aero_states]^T * psi 2.98 s
Computing d[HFX]/d[aero_vol_coords]^T * psi 2.98 s
Checking if Coloring file exists..
dRdWColoring_4.bin exists.
Computing dRdWTPC 3.3 s
Initializing dRdWCon. 3.3 s
dRdWCon Created. 3.91 s
Reading Coloring dRdWColoring_4
Validating Coloring...
No Conflicting Colors Found!
Partial derivative matrix created. 3.94 s
dRdWTPC: 0 of 884, ExecutionTime: 3.94 s
dRdWTPC: 100 of 884, ExecutionTime: 4.39 s
dRdWTPC: 200 of 884, ExecutionTime: 4.85 s
dRdWTPC: 300 of 884, ExecutionTime: 5.3 s
dRdWTPC: 400 of 884, ExecutionTime: 5.75 s
dRdWTPC: 500 of 884, ExecutionTime: 6.19 s
dRdWTPC: 600 of 884, ExecutionTime: 6.63 s
dRdWTPC: 700 of 884, ExecutionTime: 7.09 s
dRdWTPC: 800 of 884, ExecutionTime: 7.58 s
dRdWTPC: 883 of 884, ExecutionTime: 7.96 s
Solver Type: gmres
GMRES Restart: 3000
ASM Overlap: 1
Global PC Iters: 0
Local PC Iters: 1
Mat ReOrdering: natural
ILU PC Fill Level: 2
GMRES Max Iterations: 3000
GMRES Relative Tolerance: 1e-05
GMRES Absolute Tolerance: 1e-14
Solving Linear Equation... 7.84 s
Main iteration 0 KSP Residual norm 1.474572064858e+00 9.90 s. 
Main iteration 100 KSP Residual norm 9.983369927400e-03 12.35 s. 
Main iteration 198 KSP Residual norm 1.365739964442e-05 14.94 s 
**Completed**! Total iterations: 198. PetscConvergedReason: 2. 14.94 s
Residual tolerance satisfied, solution finished!
Computing d[aero_residuals]/d[aero_vol_coords]^T * psi 14.96 s
REPRO === adjoint done t=15.7s, warper captured 1 rev call(s) ===
REPRO seed=real objective=stock ||w||=5.96728230e+01 nRanks=4 h=1.0e-04 useRotations=on cornerAngle=None
REPRO_ANFINGERPRINT useRotations=on ||dXs||=1.819816151179286e+01 sum(dXs)=-4.259556142105865e-01 max|dXs|=8.148045008245482e+00
REPRO_XVFINGERPRINT useRotations=on ||Xv0||=5.180082220691975e+01
REPRO idx  FD(warp)         AN(warpDeriv)    rel_err    sign   framework_dOBJ/dDV
REPRO 0    1.15808962e-02   1.15808703e-02   0.0000     ok     1.15808703e-02
REPRO 1    -1.42728022e-02  -1.42728029e-02  0.0000     ok     -1.42728029e-02
REPRO 2    -1.04166347e-02  -1.04166481e-02  0.0000     ok     -1.04166481e-02
REPRO 3    2.58992308e-02   2.58992558e-02   0.0000     ok     2.58992558e-02
REPRO 4    -2.04174264e-02  -2.04174286e-02  0.0000     ok     -2.04174286e-02
REPRO 5    -1.48143980e-02  -1.48143976e-02  0.0000     ok     -1.48143976e-02
REPRO 6    2.26257221e-02   2.26256829e-02   0.0000     ok     2.26256829e-02
REPRO 7    1.02166289e-02   1.02166304e-02   0.0000     ok     1.02166304e-02
REPRO 8    3.01455842e-02   3.01456060e-02   0.0000     ok     3.01456060e-02
REPRO 9    1.37973135e-01   1.37973092e-01   0.0000     ok     1.37973092e-01
REPRO 10   7.97885778e-02   7.97886612e-02   0.0000     ok     7.97886612e-02
REPRO 11   1.14688576e-01   1.14688721e-01   0.0000     ok     1.14688721e-01
REPRO 12   -1.01274691e-01  -1.01274758e-01  0.0000     ok     -1.01274758e-01
REPRO 13   -1.62414143e-02  -1.62414129e-02  0.0000     ok     -1.62414129e-02
REPRO 14   7.16305550e-02   7.16305743e-02   0.0000     ok     7.16305743e-02
REPRO 15   -2.59824439e-01  -2.59824424e-01  0.0000     ok     -2.59824424e-01
REPRO 16   -6.35449895e-02  -6.35450049e-02  0.0000     ok     -6.35450049e-02
REPRO 17   4.73834770e-02   4.73833183e-02   0.0000     ok     4.73833183e-02
REPRO 18   -7.71914878e-02  -7.71915251e-02  0.0000     ok     -7.71915251e-02
REPRO 19   -1.53938289e-02  -1.53938281e-02  0.0000     ok     -1.53938281e-02
REPRO 20   5.37168962e-02   5.37168777e-02   0.0000     ok     5.37168777e-02
REPRO 21   -1.35428608e-02  -1.35428409e-02  0.0000     ok     -1.35428409e-02
REPRO 22   -2.04729885e-02  -2.04729807e-02  0.0000     ok     -2.04729807e-02
REPRO 23   -2.88782999e-02  -2.88783015e-02  0.0000     ok     -2.88783015e-02
REPRO 24   -5.10069275e-03  -5.10071801e-03  0.0000     ok     -5.10071801e-03
REPRO 25   4.28234607e-03   4.28236554e-03   0.0000     ok     4.28236554e-03
REPRO 26   -2.73690620e-02  -2.73690248e-02  0.0000     ok     -2.73690248e-02
REPRO_SUMMARY seed=real objective=stock h=1.0e-04 nRanks=4 n=27 sign_flips=0 worst_idx=24 worst_rel_err=0.0000 t=16.7s
REPRO_SUMMARY2 useRotations=on cornerAngle=None evalMode=None predeform=0 reordering=natural
Finalising parallel run
Finalising parallel run
