WARNING 7: VSPAERO Viewer Not Found. 
	Expected here: /home/dafoamuser/dafoam/packages/miniconda3/lib/python3.10/site-packages/openvsp/vspviewer
IDWARP_IMPORTED_FROM: /mnt/idwarp/idwarp/__init__.py
WARNING 7: VSPAERO Viewer Not Found. 
	Expected here: /home/dafoamuser/dafoam/packages/miniconda3/lib/python3.10/site-packages/openvsp/vspviewer
GEOM === case=co_mesh useRotations=True grid=input_files/co_mesh.cgns disp=shear ===
+----------------------------------------+
|          All IDWarp Options:           |
+----------------------------------------+
{'LdefFact': 1.0,
 'aExp': 3.0,
 'alpha': 0.25,
 'bExp': 5.0,
 'bucketSize': 8,
 'cornerAngle': 30.0,
 'errTol': 0.0005,
 'evalMode': 'fast',
 'fileType': 'CGNS',
 'gridFile': 'input_files/co_mesh.cgns',
 'restartFile': None,
 'specifiedSurfaces': None,
 'symmTol': 1e-06,
 'symmetryPlanes': None,
 'symmetrySurfaces': None,
 'useRotations': True,
 'zeroCornerRotations': True}
  -> Reading CGNS File: input_files/co_mesh.cgns
    -> Number of Zones:           4
#------------------------------#
 Total Volume Nodes :    151900 
#------------------------------#
/mnt/idwarp/idwarp/UnstructuredMesh.py:155: UserWarning: Using internally generated IDWarp surfaces. If this mesh object is to be used with an external solver, ensure the mesh object is passed to the solver immediatedly after it is created. The external solver must then call 'setExternalMeshIndices()' and 'setSurfaceDefinition()' routines.
  self._setInternalSurface()
#--------------------------------#
 Unique Surface Nodes :      3881 
#--------------------------------#
 Computing Denominator Estimate...
 Load Balancing...
 Finished Mesh Initialization.
+-------------------- Symmetry Planes -------------------+
|           Point                        Normal          |
| (  0.000  -0.000  -0.000)    ( -0.000   0.000   1.000) |
+--------------------------------------------------------+
GEOM_ANFINGERPRINT case=co_mesh useRotations=True sum(dXs)=2.054831981170009e+05 ||dXs||=1.147590989518554e+05
GEOM_VERIFY case=co_mesh useRotations=True ===
 Welcome to verifyWarpDeriv
 Checking           11  degrees of freedom
 Doing centered differnce with h:   9.9999999999999995E-007
 Running AD Version
DOF:    0 OrigVal: -0.233091541304E-04 AD:  17.1758529206     FD:  17.1758518729     Err(%):-0.6100073763E-05
DOF:    1 OrigVal: -0.277555756156E-16 AD: -410.784702283     FD: -410.784716544     Err(%): 0.3471599662E-05
DOF:    2 OrigVal:   0.00000000000     AD:-0.477235280837     FD:-0.477235202258     Err(%):-0.1646548136E-04
DOF:    3 OrigVal:  0.101817780270E-02 AD:  5.51555168978     FD:  5.51554956319     Err(%):-0.3855623193E-04
DOF:    4 OrigVal: -0.277555756156E-16 AD: -695.363921249     FD: -695.363946612     Err(%): 0.3647443198E-05
DOF:    5 OrigVal:  0.208297391190E-01 AD:  2.63317985679     FD:  2.63317992902     Err(%): 0.2742859071E-05
DOF:    6 OrigVal:  0.223817564514E-02 AD:  7.72809160352     FD:  7.72809032605     Err(%):-0.1653018263E-04
DOF:    7 OrigVal: -0.277555756156E-16 AD: -564.276455117     FD: -564.276474224     Err(%): 0.3386098574E-05
DOF:    8 OrigVal:  0.452296959679E-01 AD:  2.76160875393     FD:  2.76160882163     Err(%): 0.2451542588E-05
DOF:    9 OrigVal:  0.366337765702E-02 AD:  7.68342112763     FD:  7.68342003479     Err(%):-0.1422342846E-04
DOF:   10 OrigVal: -0.277555756156E-16 AD: -564.462317785     FD: -564.462337182     Err(%): 0.3436385947E-05
DOF:   11 OrigVal:  0.737337362055E-01 AD:  2.97247169735     FD:  2.97247180067     Err(%): 0.3476115534E-05
GEOM_DONE case=co_mesh useRotations=True
