WARNING 7: VSPAERO Viewer Not Found. 
	Expected here: /home/dafoamuser/dafoam/packages/miniconda3/lib/python3.10/site-packages/openvsp/vspviewer
WARNING 7: VSPAERO Viewer Not Found. 
	Expected here: /home/dafoamuser/dafoam/packages/miniconda3/lib/python3.10/site-packages/openvsp/vspviewer
WARNING 7: VSPAERO Viewer Not Found. 
	Expected here: /home/dafoamuser/dafoam/packages/miniconda3/lib/python3.10/site-packages/openvsp/vspviewer
WARNING 7: VSPAERO Viewer Not Found. 
	Expected here: /home/dafoamuser/dafoam/packages/miniconda3/lib/python3.10/site-packages/openvsp/vspviewer
 
-------------------------------------------------------------------------------
|                               DAFoam v5.0.0                                 |
-------------------------------------------------------------------------------
 
/*---------------------------------------------------------------------------*\
| =========                 |                                                 |
| \\      /  F ield         | OpenFOAM: The Open Source CFD Toolbox           |
|  \\    /   O peration     | Version:  2506                                  |
|   \\  /    A nd           | Website:  www.openfoam.com                      |
|    \\/     M anipulation  |                                                 |
\*---------------------------------------------------------------------------*/
Build  : _615aae61d7-20250627 OPENFOAM=2506 version=v2506
Arch   : "LSB;label=32;scalar=64"
Exec   : decomposePar
Date   : Jul 31 2026
Time   : 10:33:53
Host   : ip-172-31-43-247
PID    : 2651
--> FOAM Warning : 
    From Foam::fileName Foam::cwd_L()
    in file POSIX.C at line 554
    PWD is not the cwd() - reverting to physical description
I/O    : uncollated
--> FOAM Warning : 
    From Foam::fileName Foam::cwd_L()
    in file POSIX.C at line 554
    PWD is not the cwd() - reverting to physical description
Case   : /home/dafoamuser/mount/ramp_kw/c1
nProcs : 1
trapFpe: Floating point exception trapping enabled (FOAM_SIGFPE).
fileModificationChecking : Monitoring run-time modified files using timeStampMaster (fileModificationSkew 5, maxFileModificationPolls 20)
allowSystemOperations : Allowing user-supplied system call operations

// * * * * * * * * * * * * * * * * * * * * * * * * * * * * * * * * * * * * * //
Create time

Overriding DebugSwitches according to controlDict
    SolverPerformance 0;



Decomposing mesh

Create mesh

Calculating distribution of cells
Decomposition method scotch [4] (region region0)

Finished decomposition in 0.01 s

Calculating original mesh data

Distributing cells to processors

Distributing faces to processors

Distributing points to processors

Constructing processor meshes
Overriding DebugSwitches according to controlDict
    SolverPerformance 0;


Processor 0
    Number of cells = 1250
    Number of points = 2652
    Number of faces shared with processor 1 = 50
    Number of processor patches = 1
    Number of processor faces = 50
    Number of boundary faces = 2600
Overriding DebugSwitches according to controlDict
    SolverPerformance 0;


Processor 1
    Number of cells = 1250
    Number of points = 2652
    Number of faces shared with processor 0 = 50
    Number of faces shared with processor 3 = 50
    Number of processor patches = 2
    Number of processor faces = 100
    Number of boundary faces = 2550
Overriding DebugSwitches according to controlDict
    SolverPerformance 0;


Processor 2
    Number of cells = 1250
    Number of points = 2652
    Number of faces shared with processor 3 = 50
    Number of processor patches = 1
    Number of processor faces = 50
    Number of boundary faces = 2600
Overriding DebugSwitches according to controlDict
    SolverPerformance 0;


Processor 3
    Number of cells = 1250
    Number of points = 2652
    Number of faces shared with processor 1 = 50
    Number of faces shared with processor 2 = 50
    Number of processor patches = 2
    Number of processor faces = 100
    Number of boundary faces = 2550

Number of processor faces = 150
Max number of cells = 1250 (0% above average 1250)
Max number of processor patches = 2 (33.33333333333334% above average 1.5)
Max number of faces between processors = 100 (33.33333333333334% above average 75)

Time = 0

Processor 0: field transfer
Overriding DebugSwitches according to controlDict
    SolverPerformance 0;

Processor 1: field transfer
Overriding DebugSwitches according to controlDict
    SolverPerformance 0;

Processor 2: field transfer
Overriding DebugSwitches according to controlDict
    SolverPerformance 0;

Processor 3: field transfer
Overriding DebugSwitches according to controlDict
    SolverPerformance 0;


End

I/O    : uncollated
--> FOAM Warning : 
    From Foam::fileName Foam::cwd_L()
    in file POSIX.C at line 554
    PWD is not the cwd() - reverting to physical description
Case   : /home/dafoamuser/mount/ramp_kw/c1
nProcs : 4
Hosts  :
(
    (ip-172-31-43-247 4)
)
Pstream initialized with:
    node communication : off [type=host] (4 ranks, 1 nodes)
    topology controls  : none
    consensus exchange : 0 (tuning: 0)
    exchange algorithm : 0
    commsType          : nonBlocking
    polling iterations : 0
Initializing mesh and runtime for DASolver
Create time

Overriding DebugSwitches according to controlDict
    SolverPerformance 0;

Create mesh for time = 0
Replacing wallDist.method meshWave -> meshWaveFrozen
DAOption created. DASolver initialized.
[2] UPstream::init : could not attach buffer
[3] UPstream::init : could not attach buffer
[0] UPstream::init : could not attach buffer
[1] UPstream::init : could not attach buffer
I/O    : uncollated
--> FOAM Warning : 
    From Foam::fileName Foam::cwd_L()
    in file POSIX.C at line 554
    PWD is not the cwd() - reverting to physical description
Case   : /home/dafoamuser/mount/ramp_kw/c1
nProcs : 4
Hosts  :
(
    (ip-172-31-43-247 4)
)
Pstream initialized with:
    node communication : off [type=host] (4 ranks, 1 nodes)
    topology controls  : none
    consensus exchange : 0 (tuning: 0)
    exchange algorithm : 0
    commsType          : nonBlocking
    polling iterations : 0
Initializing mesh and runtime for DASolver
Create time

Overriding DebugSwitches according to controlDict
    SolverPerformance 0;

Create mesh for time = 0
Replacing wallDist.method meshWave -> meshWaveFrozen
DAOption created. DASolver initialized.
Initializing fields for DASimpleFoam
Create simpleControl.

SIMPLE: no convergence criteria found. Calculations will run for 5000 steps.

Reading field p

Reading field U

Reading/calculating face flux field phi

Creating source term. 
Selecting incompressible transport model Newtonian
Selecting turbulence model type RAS
Selecting RAS turbulence model kOmegaSST
Selecting patchDistMethod meshWaveFrozen
No MRF models present

Turbulence model is incompressible
Adjoint States: 
5
(
U volVectorState
k modelState
phi surfaceScalarState
p volScalarState
omega modelState
)
Global Cells: 5000
Global Faces: 20300
Global Xv: 31824
Undecomposed points: 10302
Global Adjoint States: 50300

SIMPLE: no convergence criteria found. Calculations will run for 5000 steps.

DACheckMesh Thresholds: 
maxNonOrth: 70
maxSkewness: 4
maxAspectRatio: 1000
maxIncorrectlyOrientedFaces: 0
    Adding cells with centre within boxes 1((-10 -10 -10) (10 10 10))
Find 10000 reference points for variance of U
Initializing fields for DASimpleFoam
Create simpleControl.

SIMPLE: no convergence criteria found. Calculations will run for 5000 steps.

Reading field p

Reading field U

Reading/calculating face flux field phi

Creating source term. 
Selecting incompressible transport model Newtonian
Selecting turbulence model type RAS
Selecting RAS turbulence model kOmegaSST
Selecting patchDistMethod meshWaveFrozen
No MRF models present

Turbulence model is incompressible
Adjoint States: 
5
(
U volVectorState
k modelState
phi surfaceScalarState
p volScalarState
omega modelState
)
Global Cells: 5000
Global Faces: 20300
Global Xv: 31824
Undecomposed points: 10302
Global Adjoint States: 50300

SIMPLE: no convergence criteria found. Calculations will run for 5000 steps.

DACheckMesh Thresholds: 
maxNonOrth: 70
maxSkewness: 4
maxAspectRatio: 1000
maxIncorrectlyOrientedFaces: 0
    Adding cells with centre within boxes 1((-10 -10 -10) (10 10 10))
Find 10000 reference points for variance of U
Init solver done! ElapsedClockTime 1.000000 s
Init solver done! ElapsedCpuTime 0.270000 s
initState: 
7
(
k 0.01500000000000026
phi 0
U1 0
U2 0
p 0
omega 30
U0 4.999999999999893
)
Setting up primal boundary conditions based on pyOptions: 
Setting primal boundary conditions...
Setting U = (10 0 0) at inlet
Setting nut wall BC for bot. BCType=nutkWallFunction
Setting k wall BC for bot. BCType=kqRWallFunction
Setting omega wall BC for bot. BCType=omegaWallFunction
Reading OpenFOAM mesh information...
I/O    : uncollated
--> FOAM Warning : 
    From Foam::fileName Foam::cwd_L()
    in file POSIX.C at line 554
    PWD is not the cwd() - reverting to physical description
Case   : /home/dafoamuser/mount/ramp_kw/c1
nProcs : 4
Hosts  :
(
    (ip-172-31-43-247 4)
)
Pstream initialized with:
    node communication : off [type=host] (4 ranks, 1 nodes)
    topology controls  : none
    consensus exchange : 0 (tuning: 0)
    exchange algorithm : 0
    commsType          : nonBlocking
    polling iterations : 0
Reading the OpenFOAM mesh..
Overriding DebugSwitches according to controlDict
    SolverPerformance 0;

Checking if we need to compress the mesh files
Checking if we need to compress the mesh files
Finalising parallel run
DAFoam option dictionary: 
{
    solverName      DASimpleFoam;
    primalMinResTol 1e-08;
    primalFuncStdTol
    {
        stdTol          -1;
        slopeTol        -1;
        funcNames       1 ( CD );
        nStepsFrac      0.2;
    }
    primalBC
    {
        U0
        {
            variable        U;
            patches         1 ( inlet );
            value           3 ( 10 0 0 );
        }
        useWallFunction 1;
    }
    primalInitCondition
    {
    }
    normalizeStates
    {
        U               10;
        p               50;
        nuTilda         0.001;
        phi             1;
    }
    function
    {
        UFieldVar
        {
            type            variance;
            source          boxToCell;
            min             3 { -10 };
            max             3 { 10 };
            scale           0.1;
            mode            field;
            varName         U;
            varType         vector;
            indices         2 ( 0 1 );
            timeDependentRefData 0;
        }
    }
    inputInfo
    {
        beta
        {
            type            field;
            fieldName       betaFIOmega;
            fieldType       scalar;
            distributed     0;
            components      2 ( solver function );
        }
    }
    outputInfo
    {
    }
    designSurfaces  1 ( ALL_OPENFOAM_WALL_PATCHES );
    fvSource
    {
    }
    prepareCaseOnly 0;
    adjEqnSolMethod Krylov;
    dynamicMesh
    {
        active          0;
        mode            rotation;
        center          3 ( 0.25 0 0 );
        axis            z;
        omega           0.1;
        s               2;
        t0              0.35;
    }
    primalVarBounds
    {
        UMax            1000;
        UMin            -1000;
        pMax            50000;
        pMin            -50000;
        p_rghMax        50000;
        p_rghMin        -50000;
        eMax            55000;
        eMin            -220000;
        TMax            1000;
        TMin            100;
        hMax            200000;
        hMin            -200000;
        DMax            1e+16;
        DMin            -1e+16;
        rhoMax          5;
        rhoMin          0.2;
        nuTildaMax      1e+16;
        nuTildaMin      1e-16;
        kMax            1e+16;
        kMin            1e-16;
        omegaMax        1e+16;
        omegaMin        -1e+16;
        epsilonMax      1e+16;
        epsilonMin      1e-16;
        ReThetatMax     1e+16;
        ReThetatMin     1e-16;
        gammaIntMax     1e+16;
        gammaIntMin     1e-16;
    }
    discipline      aero;
    adjPartDerivFDStep
    {
        State           1e-06;
    }
    transonicPCOption -1;
    unsteadyAdjoint
    {
        mode            None;
        PCMatPrecomputeInterval 100;
        PCMatUpdateInterval 1;
        reduceIO        1;
        additionalOutput 1 ( None );
        additionalOldTime 1 ( None );
        readZeroFields  1;
    }
    adjPCLag        10000;
    useAD
    {
        mode            reverse;
        dvName          None;
        seedIndex       -9999;
    }
    useConstrainHbyA 1;
    forceMeshWaveFrozen 1;
    useDdtCorr      0;
    regressionModel
    {
        active          0;
    }
    useMeanStates   0;
    solveLinearFunctionName None;
    printDAOptions  1;
    debug           0;
    writeJacobians  1 ( None );
    printInterval   100;
    printIntervalUnsteady 1;
    primalMinResTolDiff 1000;
    adjUseColoring  1;
    adjEqnOption
    {
        globalPCIters   0;
        asmOverlap      1;
        localPCIters    1;
        jacMatReOrdering natural;
        pcFillLevel     1;
        gmresMaxIters   1000;
        gmresRestart    1000;
        gmresRelTol     1e-06;
        gmresAbsTol     1e-14;
        gmresTolDiff    100;
        useNonZeroInitGuess 0;
        useMGSO         0;
        printInfo       1;
        fpMaxIters      1000;
        fpRelTol        1e-06;
        fpMinResTolDiff 100;
        fpPCUpwind      0;
        dynAdjustTol    0;
        KSPCalcEigen    0;
        KSPCalcSingularVal 0;
        readPCMat       0;
    }
    normalizeResiduals 11 ( URes pRes p_rghRes nuTildaRes phiRes TRes DRes kRes omegaRes epsilonRes alpha.waterRes );
    maxResConLv4JacPCMat
    {
        pRes            2;
        phiRes          1;
        URes            2;
        TRes            2;
        nuTildaRes      2;
        kRes            2;
        epsilonRes      2;
        omegaRes        2;
        p_rghRes        2;
        DRes            2;
        gammaIntRes     2;
        ReThetatRes     2;
        alpha.waterRes  2;
    }
    jacLowerBounds
    {
        dRdW            1e-30;
        dRdWPC          1e-30;
    }
    maxTractionBCIters 100;
    decomposeParDict
    {
        method          scotch;
        simpleCoeffs
        {
            n               3 ( 2 2 1 );
            delta           0.001;
        }
        kahipCoeffs
        {
            config          fast;
            imbalance       0.01;
        }
        preservePatches 1 ( None );
        singleProcessorFaceSets 1 ( None );
        args            1 ( None );
    }
    adjStateOrdering cell;
    checkMeshThreshold
    {
        maxAspectRatio  1000;
        maxNonOrth      70;
        maxSkewness     4;
        maxIncorrectlyOrientedFaces 0;
    }
    writeDeformedFFDs 0;
    writeDeformedConstraints 0;
    writeAdjointFields 0;
    maxCorrectBCCalls 2;
    writeMinorIterations 0;
    primalMinIters  1;
    tensorflow
    {
        active          0;
    }
    wallDistanceMethod default;
    unsteadyCompOutput
    {
    }
}

pyDAFoam initialization done!
dRdWT Jacobian Free created!
I/O    : uncollated
/home/dafoamuser/dafoam/packages/miniconda3/lib/python3.10/site-packages/openmdao/core/component.py:140: OMDeprecationWarning:'scenario1.coupling.solver' <class DAFoamSolver>: It appears this component mixes distributed/non-distributed inputs and outputs, so it may break starting with OpenMDAO 3.25, where the convention used when passing data between distributed and non-distributed inputs and outputs within a matrix free component will change. See https://github.com/OpenMDAO/POEMs/blob/master/POEM_075.md for details.
/home/dafoamuser/dafoam/packages/miniconda3/lib/python3.10/site-packages/openmdao/core/component.py:140: OMDeprecationWarning:'scenario1.coupling.solver' <class DAFoamSolver>: It appears this component mixes distributed/non-distributed inputs and outputs, so it may break starting with OpenMDAO 3.25, where the convention used when passing data between distributed and non-distributed inputs and outputs within a matrix free component will change. See https://github.com/OpenMDAO/POEMs/blob/master/POEM_075.md for details.
/home/dafoamuser/dafoam/packages/miniconda3/lib/python3.10/site-packages/openmdao/core/component.py:140: OMDeprecationWarning:'scenario1.coupling.solver' <class DAFoamSolver>: It appears this component mixes distributed/non-distributed inputs and outputs, so it may break starting with OpenMDAO 3.25, where the convention used when passing data between distributed and non-distributed inputs and outputs within a matrix free component will change. See https://github.com/OpenMDAO/POEMs/blob/master/POEM_075.md for details.
/home/dafoamuser/dafoam/packages/miniconda3/lib/python3.10/site-packages/openmdao/core/component.py:140: OMDeprecationWarning:'scenario1.coupling.solver' <class DAFoamSolver>: It appears this component mixes distributed/non-distributed inputs and outputs, so it may break starting with OpenMDAO 3.25, where the convention used when passing data between distributed and non-distributed inputs and outputs within a matrix free component will change. See https://github.com/OpenMDAO/POEMs/blob/master/POEM_075.md for details.
/home/dafoamuser/dafoam/packages/miniconda3/lib/python3.10/site-packages/openmdao/core/component.py:140: OMDeprecationWarning:'scenario1.aero_post.functionals' <class DAFoamFunctions>: It appears this component mixes distributed/non-distributed inputs and outputs, so it may break starting with OpenMDAO 3.25, where the convention used when passing data between distributed and non-distributed inputs and outputs within a matrix free component will change. See https://github.com/OpenMDAO/POEMs/blob/master/POEM_075.md for details.
/home/dafoamuser/dafoam/packages/miniconda3/lib/python3.10/site-packages/openmdao/core/component.py:140: OMDeprecationWarning:'scenario1.aero_post.functionals' <class DAFoamFunctions>: It appears this component mixes distributed/non-distributed inputs and outputs, so it may break starting with OpenMDAO 3.25, where the convention used when passing data between distributed and non-distributed inputs and outputs within a matrix free component will change. See https://github.com/OpenMDAO/POEMs/blob/master/POEM_075.md for details.
/home/dafoamuser/dafoam/packages/miniconda3/lib/python3.10/site-packages/openmdao/core/component.py:140: OMDeprecationWarning:'scenario1.aero_post.functionals' <class DAFoamFunctions>: It appears this component mixes distributed/non-distributed inputs and outputs, so it may break starting with OpenMDAO 3.25, where the convention used when passing data between distributed and non-distributed inputs and outputs within a matrix free component will change. See https://github.com/OpenMDAO/POEMs/blob/master/POEM_075.md for details.
/home/dafoamuser/dafoam/packages/miniconda3/lib/python3.10/site-packages/openmdao/core/component.py:140: OMDeprecationWarning:'scenario1.aero_post.functionals' <class DAFoamFunctions>: It appears this component mixes distributed/non-distributed inputs and outputs, so it may break starting with OpenMDAO 3.25, where the convention used when passing data between distributed and non-distributed inputs and outputs within a matrix free component will change. See https://github.com/OpenMDAO/POEMs/blob/master/POEM_075.md for details.
Checking mesh quality for time = 0
    Overall domain bounding box (0 -0.5000000000000003 -1.734723475976807e-18) (3 0.5 0.05000000074505812)
    Mesh has 3 geometric (non-empty/wedge) directions (1 1 1)
    Mesh has 3 solution (non-empty) directions (1 1 1)
    Boundary openness (-2.496858518655798e-17 -3.453853160903114e-18 -1.64989464220793e-17) OK.
    Max cell openness = 5.900422408863415e-15 OK.
    Max aspect ratio = 250.9727357179337 OK.
    Minimum face area = 5.608835469031568e-06. Maximum face area = 0.0016261423064255.  Face area magnitudes OK.
    Min volume = 2.804418810632305e-07. Max volume = 5.084633467474263e-05.  Total volume = 0.1187499957319696.  Cell volumes OK.
    Mesh non-orthogonality Max: 46.8117354617747 average: 14.38071650818499
    Non-orthogonality check OK.
    Face pyramids OK.
    Max skewness = 0.1126369503222542 OK.
    Coupled point location match (average 0) OK.

Mesh OK.

Running Primal Solver 001
Previous solution time -1e+10 not found and nothing deleted.
No finite volume options present

Starting time loop

Time = 1

U0 initRes: 0.9999999999999893 finalRes: 0.08323070542206014 nIters: 1
U1 initRes: 1 finalRes: 0.08056053471460327 nIters: 4
U2 initRes: 0.9999999999930469 finalRes: 0.08627460586677578 nIters: 4
p initRes: 1 finalRes: 0.09907812895860202 nIters: 8
Time step continuity errors : sum local = 0.2085931526133491
                                 global = -0.003142096964610287
                             cumulative = -0.003142096964610287
omega initRes: 0.06083099063461926 finalRes: 0.004950264689310091 nIters: 2
k initRes: 0.9999999999995527 finalRes: 0.05096018376809329 nIters: 2
UFieldVar: 1.037059988867985 final: 1.037059988867985
yPlus min: 6.077833140909032 max: 9.665185744865934 mean: 8.166151107076532
ExecutionTime = 0.43 s  ClockTime = 1 s

Time = 100

U0 initRes: 0.04071806385346278 finalRes: 0.002385350163626716 nIters: 4
U1 initRes: 0.05919107185955821 finalRes: 0.00348898610705522 nIters: 4
U2 initRes: 0.0544364556849559 finalRes: 0.005198160071658283 nIters: 3
p initRes: 0.5870445990656666 finalRes: 0.0441515272671202 nIters: 3
Time step continuity errors : sum local = 3.336924938184313
                                 global = 0.01421508914406738
                             cumulative = 0.0110729921794571
omega initRes: 0.01646078945905943 finalRes: 0.0008031829635631763 nIters: 3
k initRes: 0.0471360898573604 finalRes: 0.00317012311951192 nIters: 3
UFieldVar: 47.68398346318747 final: 47.68398346318747
yPlus min: 2.883944852117103 max: 64.98779402130396 mean: 22.92375213237023
ExecutionTime = 1.29 s  ClockTime = 1 s

Time = 200

U0 initRes: 0.01120958337650061 finalRes: 0.0007041899340726632 nIters: 3
U1 initRes: 0.02388371941289029 finalRes: 0.001610862664287534 nIters: 3
U2 initRes: 0.004290835154262144 finalRes: 0.0004222390547133041 nIters: 3
p initRes: 0.1639091264804205 finalRes: 0.01612040944076967 nIters: 4
Time step continuity errors : sum local = 0.08516144264914917
                                 global = -0.005802743985349698
                             cumulative = 0.0052702481941074
omega initRes: 0.001362654908420616 finalRes: 0.0001138834368187932 nIters: 3
k initRes: 0.01993295472376865 finalRes: 0.001710665932192239 nIters: 3
UFieldVar: 13.63659910759836 final: 13.63659910759836
yPlus min: 0.740685481187304 max: 19.63208534522086 mean: 10.08439332405439
ExecutionTime = 1.71 s  ClockTime = 2 s

Time = 300

U0 initRes: 0.008797892530664349 finalRes: 0.0004639569390628894 nIters: 3
U1 initRes: 0.01164883272415309 finalRes: 0.0006149766467107517 nIters: 3
U2 initRes: 0.003576360913531875 finalRes: 0.0002487441619375261 nIters: 3
p initRes: 0.03861823489864394 finalRes: 0.003011482675003806 nIters: 4
Time step continuity errors : sum local = 0.01065732426626858
                                 global = 0.001455153681734174
                             cumulative = 0.006725401875841574
omega initRes: 0.0006171021349516158 finalRes: 5.548414731377617e-05 nIters: 3
k initRes: 0.00550874826526611 finalRes: 0.0003479793635173359 nIters: 4
UFieldVar: 2.44729771623793 final: 2.44729771623793
yPlus min: 0.4335335538780637 max: 22.74451220130159 mean: 6.333645903930862
ExecutionTime = 2.14 s  ClockTime = 2 s

Time = 400

U0 initRes: 0.00492824949588763 finalRes: 0.0004063887886203413 nIters: 3
U1 initRes: 0.01270922514276096 finalRes: 0.0008250424208463797 nIters: 3
U2 initRes: 0.006653809471957652 finalRes: 0.0003146649229926618 nIters: 3
p initRes: 0.03679228277951951 finalRes: 0.003564997081922899 nIters: 4
Time step continuity errors : sum local = 0.008878517577160948
                                 global = 0.0007734952414171915
                             cumulative = 0.007498897117258766
omega initRes: 0.0002919384492165105 finalRes: 1.657180178999582e-05 nIters: 3
k initRes: 0.02077097357890888 finalRes: 0.00128675084184337 nIters: 4
UFieldVar: 0.7502971062619146 final: 0.7502971062619146
yPlus min: 0.2052955410797755 max: 14.35699738784884 mean: 5.409969105793683
ExecutionTime = 2.57 s  ClockTime = 2 s

Time = 500

U0 initRes: 0.001134345439900723 finalRes: 8.713296854151333e-05 nIters: 3
U1 initRes: 0.006978423616174852 finalRes: 0.0003129191439986491 nIters: 3
U2 initRes: 0.003944551647912567 finalRes: 0.0001979799945091777 nIters: 2
p initRes: 0.04402478419542766 finalRes: 0.004303512130695462 nIters: 5
Time step continuity errors : sum local = 0.002210839491467307
                                 global = -0.0003563061485291807
                             cumulative = 0.007142590968729585
omega initRes: 8.723090555920778e-05 finalRes: 6.373526115091687e-06 nIters: 3
k initRes: 0.002046390489412226 finalRes: 0.0001073303640450072 nIters: 4
UFieldVar: 0.212360722898071 final: 0.212360722898071
yPlus min: 0.3610914055825698 max: 8.016879667478317 mean: 4.346841901697744
ExecutionTime = 3 s  ClockTime = 3 s

Time = 600

U0 initRes: 0.0007262649873113263 finalRes: 5.320210184414135e-05 nIters: 3
U1 initRes: 0.00649637788739724 finalRes: 0.0003120097161533757 nIters: 3
U2 initRes: 0.001674176661906761 finalRes: 8.300149383806421e-05 nIters: 2
p initRes: 0.01330319894450001 finalRes: 0.001157530116195288 nIters: 5
Time step continuity errors : sum local = 0.000496737633503332
                                 global = 1.910563067743027e-05
                             cumulative = 0.007161696599407016
omega initRes: 4.491402225637495e-05 finalRes: 2.942664599216853e-06 nIters: 3
k initRes: 0.002867895440780323 finalRes: 0.0001761470168585541 nIters: 4
UFieldVar: 0.05161272772113005 final: 0.05161272772113005
yPlus min: 0.4738503525546526 max: 6.795908232192189 mean: 3.745958536848569
ExecutionTime = 3.44 s  ClockTime = 3 s

Time = 700

U0 initRes: 0.0001447665602619924 finalRes: 1.355208895769727e-05 nIters: 3
U1 initRes: 0.002157019963180232 finalRes: 0.0001677017517621953 nIters: 3
U2 initRes: 0.001017244516677328 finalRes: 6.553708229860716e-05 nIters: 3
p initRes: 0.003538530599112932 finalRes: 0.0003326113333510641 nIters: 6
Time step continuity errors : sum local = 0.0002789081679469599
                                 global = -7.51124659395786e-06
                             cumulative = 0.007154185352813058
omega initRes: 2.135626438309017e-05 finalRes: 2.007051310375495e-06 nIters: 3
k initRes: 0.001602511676638665 finalRes: 0.0001256597444121106 nIters: 4
UFieldVar: 0.01562250551476469 final: 0.01562250551476469
yPlus min: 0.1809063480093659 max: 6.795908536702848 mean: 3.230908754074432
ExecutionTime = 3.88 s  ClockTime = 4 s

Time = 800

U0 initRes: 5.830301726430059e-05 finalRes: 4.593373278508006e-06 nIters: 3
U1 initRes: 0.0009822023041236192 finalRes: 5.678396108057464e-05 nIters: 3
U2 initRes: 0.0002857823616918172 finalRes: 1.761570797356819e-05 nIters: 3
p initRes: 0.001122001881694073 finalRes: 0.0001087870511715594 nIters: 6
Time step continuity errors : sum local = 7.994421741685295e-05
                                 global = -2.6072267492109e-06
                             cumulative = 0.007151578126063847
omega initRes: 7.494942352213675e-06 finalRes: 4.683106488650265e-07 nIters: 3
k initRes: 0.0004010342861318992 finalRes: 2.887307285407451e-05 nIters: 4
UFieldVar: 0.01309854937081743 final: 0.01309854937081743
yPlus min: 0.7168804082113469 max: 6.795908528169746 mean: 2.894074701916594
ExecutionTime = 4.34 s  ClockTime = 4 s

Time = 900

U0 initRes: 2.578813714164461e-05 finalRes: 1.334434199264174e-06 nIters: 3
U1 initRes: 0.0002737490772340586 finalRes: 1.55410293811847e-05 nIters: 3
U2 initRes: 0.000137816109101558 finalRes: 1.016099386577124e-05 nIters: 2
p initRes: 0.0004466263992712153 finalRes: 4.316792520478634e-05 nIters: 5
Time step continuity errors : sum local = 3.096020520502389e-05
                                 global = -8.132496846782792e-07
                             cumulative = 0.007150764876379169
omega initRes: 2.111786067046571e-06 finalRes: 2.066987111375383e-07 nIters: 2
k initRes: 0.0001530491984934244 finalRes: 9.035402428877369e-06 nIters: 4
UFieldVar: 0.01368408586577053 final: 0.01368408586577053
yPlus min: 0.8017022333988748 max: 6.79590824303321 mean: 2.741482838028873
ExecutionTime = 4.79 s  ClockTime = 5 s

Time = 1000

U0 initRes: 6.448735896890217e-06 finalRes: 3.183705027449676e-07 nIters: 3
U1 initRes: 8.171584273492071e-05 finalRes: 4.298837820065739e-06 nIters: 3
U2 initRes: 3.330988795089258e-05 finalRes: 2.779243450267488e-06 nIters: 2
p initRes: 0.0001168793710513848 finalRes: 1.057080501472708e-05 nIters: 5
Time step continuity errors : sum local = 7.668226885271404e-06
                                 global = -7.931158354051196e-07
                             cumulative = 0.007149971760543764
omega initRes: 5.703985972102241e-07 finalRes: 4.577257379938226e-08 nIters: 2
k initRes: 2.975027875850984e-05 finalRes: 1.680700930514026e-06 nIters: 4
UFieldVar: 0.01374119817725943 final: 0.01374119817725943
yPlus min: 0.7637369684318788 max: 6.795908561049665 mean: 2.695596376726481
ExecutionTime = 5.22 s  ClockTime = 5 s

Time = 1100

U0 initRes: 1.526144701630012e-06 finalRes: 1.121219208010084e-07 nIters: 3
U1 initRes: 1.802744990279119e-05 finalRes: 9.737052848797045e-07 nIters: 3
U2 initRes: 5.498798112445596e-06 finalRes: 4.945076200035028e-07 nIters: 2
p initRes: 2.317965908220888e-05 finalRes: 2.116725109937701e-06 nIters: 5
Time step continuity errors : sum local = 1.534687658815312e-06
                                 global = -2.051825048743024e-07
                             cumulative = 0.007149766578038889
omega initRes: 1.429471722751951e-07 finalRes: 1.252425141028084e-08 nIters: 2
k initRes: 4.218045633248658e-06 finalRes: 3.716062577143423e-07 nIters: 3
UFieldVar: 0.01378275788150727 final: 0.01378275788150727
yPlus min: 0.7536030054996389 max: 6.795908606633178 mean: 2.686957780474225
ExecutionTime = 5.65 s  ClockTime = 6 s

Time = 1200

U0 initRes: 5.453444667815448e-07 finalRes: 5.221338198512322e-08 nIters: 3
U1 initRes: 5.718364694819276e-06 finalRes: 5.501317458610677e-07 nIters: 2
U2 initRes: 1.289365355758692e-06 finalRes: 7.620637440934917e-08 nIters: 2
p initRes: 3.185439708043264e-06 finalRes: 2.385203963303823e-07 nIters: 7
Time step continuity errors : sum local = 1.726677069292397e-07
                                 global = -4.06288580598782e-08
                             cumulative = 0.007149725949180829
omega initRes: 4.89256436396202e-08 finalRes: 2.918487471260058e-09 nIters: 3
k initRes: 1.414052642131712e-06 finalRes: 8.652913709174592e-08 nIters: 4
UFieldVar: 0.01380053084791802 final: 0.01380053084791802
yPlus min: 0.7509499170713293 max: 6.79590860295055 mean: 2.686869417904468
ExecutionTime = 6.09 s  ClockTime = 6 s

Time = 1300

U0 initRes: 3.30814441765567e-07 finalRes: 2.524378147282105e-08 nIters: 3
U1 initRes: 3.056136487794353e-06 finalRes: 2.777824112935329e-07 nIters: 2
U2 initRes: 9.332743572665986e-07 finalRes: 5.995561982600146e-08 nIters: 2
p initRes: 2.286696479483345e-06 finalRes: 1.767015753545667e-07 nIters: 7
Time step continuity errors : sum local = 1.277911940511881e-07
                                 global = -1.685464811604202e-08
                             cumulative = 0.007149709094532713
omega initRes: 2.553635938454942e-08 finalRes: 1.358464896140134e-09 nIters: 3
k initRes: 8.281875815348634e-07 finalRes: 8.097069307443705e-08 nIters: 3
UFieldVar: 0.01380826971929206 final: 0.01380826971929206
yPlus min: 0.7504441619569425 max: 6.795908602539527 mean: 2.687705061560203
ExecutionTime = 6.56 s  ClockTime = 6 s

Time = 1400

U0 initRes: 1.647447126225661e-07 finalRes: 1.104251028002636e-08 nIters: 3
U1 initRes: 1.537468703745736e-06 finalRes: 1.373412739381003e-07 nIters: 2
U2 initRes: 4.985615685485571e-07 finalRes: 3.242575663019461e-08 nIters: 2
p initRes: 1.377121696205525e-06 finalRes: 1.368985478491355e-07 nIters: 5
Time step continuity errors : sum local = 9.8956000670424e-08
                                 global = -1.456548987271301e-08
                             cumulative = 0.007149694529042841
omega initRes: 1.228178185266721e-08 finalRes: 5.878299647098538e-10 nIters: 3
k initRes: 4.015304582955092e-07 finalRes: 3.506442324469407e-08 nIters: 3
UFieldVar: 0.01381244959105053 final: 0.01381244959105053
yPlus min: 0.7504242194143889 max: 6.79590860098001 mean: 2.688182046643458
ExecutionTime = 7.01 s  ClockTime = 7 s

Time = 1500

U0 initRes: 7.182057777476278e-08 finalRes: 4.609606370030424e-09 nIters: 3
U1 initRes: 6.737022748468623e-07 finalRes: 5.980538511033391e-08 nIters: 2
U2 initRes: 2.221603412584926e-07 finalRes: 1.464965009140268e-08 nIters: 2
p initRes: 6.338972038303697e-07 finalRes: 4.726332676753216e-08 nIters: 7
Time step continuity errors : sum local = 3.415621557868196e-08
                                 global = -3.469891562768799e-09
                             cumulative = 0.007149691059151278
omega initRes: 5.462770230231833e-09 finalRes: 2.574605432628543e-10 nIters: 3
k initRes: 1.689931007592809e-07 finalRes: 1.354527829319018e-08 nIters: 3
UFieldVar: 0.01381446827083631 final: 0.01381446827083631
yPlus min: 0.7504575296572682 max: 6.795908600103614 mean: 2.688398109995155
ExecutionTime = 7.46 s  ClockTime = 7 s

Time = 1600

U0 initRes: 3.03480013518978e-08 finalRes: 1.920707624399207e-09 nIters: 3
U1 initRes: 2.854536604141633e-07 finalRes: 2.50516372824211e-08 nIters: 2
U2 initRes: 9.379342709337883e-08 finalRes: 6.174997930384865e-09 nIters: 2
p initRes: 2.692148623344611e-07 finalRes: 1.990980474943857e-08 nIters: 7
Time step continuity errors : sum local = 1.438701245524412e-08
                                 global = -1.485541542688866e-09
                             cumulative = 0.007149689573609735
omega initRes: 2.307894796372755e-09 finalRes: 2.303340279755022e-10 nIters: 2
k initRes: 6.976870425244174e-08 finalRes: 5.311690919259103e-09 nIters: 3
UFieldVar: 0.01381537732321608 final: 0.01381537732321608
yPlus min: 0.7504767731869566 max: 6.795908599682394 mean: 2.688485807607927
ExecutionTime = 7.91 s  ClockTime = 8 s

Time = 1700

U0 initRes: 1.270433736662414e-08 finalRes: 8.034821617686942e-10 nIters: 3
U1 initRes: 1.196595698796497e-07 finalRes: 1.042964894035086e-08 nIters: 2
U2 initRes: 3.909747282614194e-08 finalRes: 2.567139367743947e-09 nIters: 2
p initRes: 1.119227731184264e-07 finalRes: 1.061910997175839e-08 nIters: 6
Time step continuity errors : sum local = 7.673160009935602e-09
                                 global = -7.525862014880156e-11
                             cumulative = 0.007149689498351115
omega initRes: 9.653430684589128e-10 finalRes: 9.603915525749397e-11 nIters: 2
k initRes: 2.887578468743875e-08 finalRes: 2.137439491477953e-09 nIters: 3
UFieldVar: 0.01381577408400084 final: 0.01381577408400084
yPlus min: 0.7504845823539464 max: 6.795908599502034 mean: 2.688520909568226
ExecutionTime = 8.35 s  ClockTime = 8 s

Time = 1800

U0 initRes: 5.33490593971587e-09 finalRes: 3.370030350917519e-10 nIters: 3
U1 initRes: 5.047402360726859e-08 finalRes: 4.400716614937973e-09 nIters: 2
U2 initRes: 1.644260118847087e-08 finalRes: 1.06766318227107e-09 nIters: 2
p initRes: 4.675306749634427e-08 finalRes: 4.333118614686636e-09 nIters: 5
Time step continuity errors : sum local = 3.130971350059082e-09
                                 global = -4.633485732410572e-10
                             cumulative = 0.007149689035002542
omega initRes: 3.987992353402927e-10 finalRes: 3.983739906711652e-11 nIters: 2
k initRes: 1.201472074417484e-08 finalRes: 8.79026807322553e-10 nIters: 3
UFieldVar: 0.01381594307487535 final: 0.01381594307487535
yPlus min: 0.7504875407610048 max: 6.795908599431768 mean: 2.688535245021923
ExecutionTime = 8.800000000000001 s  ClockTime = 9 s

Time = 1900

U0 initRes: 2.241403546756132e-09 finalRes: 1.42194441576309e-10 nIters: 3
U1 initRes: 2.123424313664531e-08 finalRes: 1.846841232680606e-09 nIters: 2
U2 initRes: 7.031062743074288e-09 finalRes: 4.484100537997422e-10 nIters: 2
p initRes: 1.951138971651163e-08 finalRes: 1.440572612929255e-09 nIters: 7
Time step continuity errors : sum local = 1.040904105933145e-09
                                 global = -1.081103347278066e-10
                             cumulative = 0.007149688926892207
omega initRes: 1.707596229526131e-10 finalRes: 8.038863094734853e-12 nIters: 3
k initRes: 5.057338948868452e-09 finalRes: 3.687451561054768e-10 nIters: 3
UFieldVar: 0.01381601458228765 final: 0.01381601458228765
yPlus min: 0.7504887077469936 max: 6.795908599398477 mean: 2.68854119587535
ExecutionTime = 9.24 s  ClockTime = 9 s

Time = 1978
Minimal residual 9.934994481559387e-09 satisfied the prescribed tolerance 1e-08

UFieldVar: 0.01381604019081779 final: 0.01381604019081779
End

Printing Primal Residual Statistics.
U Residual Norm2: (0.0005620846724701425 8.478867373093724e-05 2.591000118014087e-11)
U Residual Mean: (3.471137689146903e-06 5.183879839984706e-07 1.125867081896423e-13)
U Residual Max: (6.539054855680959e-05 9.497358342880347e-06 3.87308979618003e-12)
p Residual Norm2: 1.667383786554064e-05
p Residual Mean: 3.610685514717925e-08
p Residual Max: 5.792294898630096e-06
omega Residual Norm2: 0.0674645504432026
omega Residual Mean: 0.0002332512165284487
omega Residual Max: 0.01454075589404832
k Residual Norm2: 3.106648180603615e-05
k Residual Mean: 2.341890034773194e-07
k Residual Max: 3.256437673004719e-06
phi Residual Norm2: 5.716841080679646e-07
phi Residual Mean: 1.386701101214777e-09
phi Residual Max: 3.822410700428256e-08
Total Residual Norm2: 0.06746695441674858
 
 
TIMING primal_wall_s: 8.859
OBJ UFieldVar: 1.3816040190817790e-02
Finalising parallel run
Finalising parallel run
