WARNING 7: VSPAERO Viewer Not Found. 
	Expected here: /home/dafoamuser/dafoam/packages/miniconda3/lib/python3.10/site-packages/openvsp/vspviewer
WARNING 7: VSPAERO Viewer Not Found. 
	Expected here: /home/dafoamuser/dafoam/packages/miniconda3/lib/python3.10/site-packages/openvsp/vspviewer
WARNING 7: VSPAERO Viewer Not Found. 
	Expected here: /home/dafoamuser/dafoam/packages/miniconda3/lib/python3.10/site-packages/openvsp/vspviewer
WARNING 7: VSPAERO Viewer Not Found. 
	Expected here: /home/dafoamuser/dafoam/packages/miniconda3/lib/python3.10/site-packages/openvsp/vspviewer
 
-------------------------------------------------------------------------------
|                               DAFoam v5.0.0                                 |
-------------------------------------------------------------------------------
 
/*---------------------------------------------------------------------------*\
| =========                 |                                                 |
| \\      /  F ield         | OpenFOAM: The Open Source CFD Toolbox           |
|  \\    /   O peration     | Version:  2506                                  |
|   \\  /    A nd           | Website:  www.openfoam.com                      |
|    \\/     M anipulation  |                                                 |
\*---------------------------------------------------------------------------*/
Build  : _615aae61d7-20250627 OPENFOAM=2506 version=v2506
Arch   : "LSB;label=32;scalar=64"
Exec   : decomposePar
Date   : Jul 31 2026
Time   : 10:36:09
Host   : ip-172-31-43-247
PID    : 4251
--> FOAM Warning : 
    From Foam::fileName Foam::cwd_L()
    in file POSIX.C at line 554
    PWD is not the cwd() - reverting to physical description
I/O    : uncollated
--> FOAM Warning : 
    From Foam::fileName Foam::cwd_L()
    in file POSIX.C at line 554
    PWD is not the cwd() - reverting to physical description
Case   : /home/dafoamuser/mount/ramp_kw/c1
nProcs : 1
trapFpe: Floating point exception trapping enabled (FOAM_SIGFPE).
fileModificationChecking : Monitoring run-time modified files using timeStampMaster (fileModificationSkew 5, maxFileModificationPolls 20)
allowSystemOperations : Allowing user-supplied system call operations

// * * * * * * * * * * * * * * * * * * * * * * * * * * * * * * * * * * * * * //
Create time

Overriding DebugSwitches according to controlDict
    SolverPerformance 0;



Decomposing mesh

Create mesh

Calculating distribution of cells
Decomposition method scotch [4] (region region0)

Finished decomposition in 0.01 s

Calculating original mesh data

Distributing cells to processors

Distributing faces to processors

Distributing points to processors

Constructing processor meshes
Overriding DebugSwitches according to controlDict
    SolverPerformance 0;


Processor 0
    Number of cells = 1250
    Number of points = 2652
    Number of faces shared with processor 1 = 50
    Number of processor patches = 1
    Number of processor faces = 50
    Number of boundary faces = 2600
Overriding DebugSwitches according to controlDict
    SolverPerformance 0;


Processor 1
    Number of cells = 1250
    Number of points = 2652
    Number of faces shared with processor 0 = 50
    Number of faces shared with processor 3 = 50
    Number of processor patches = 2
    Number of processor faces = 100
    Number of boundary faces = 2550
Overriding DebugSwitches according to controlDict
    SolverPerformance 0;


Processor 2
    Number of cells = 1250
    Number of points = 2652
    Number of faces shared with processor 3 = 50
    Number of processor patches = 1
    Number of processor faces = 50
    Number of boundary faces = 2600
Overriding DebugSwitches according to controlDict
    SolverPerformance 0;


Processor 3
    Number of cells = 1250
    Number of points = 2652
    Number of faces shared with processor 1 = 50
    Number of faces shared with processor 2 = 50
    Number of processor patches = 2
    Number of processor faces = 100
    Number of boundary faces = 2550

Number of processor faces = 150
Max number of cells = 1250 (0% above average 1250)
Max number of processor patches = 2 (33.33333333333334% above average 1.5)
Max number of faces between processors = 100 (33.33333333333334% above average 75)

Time = 0

Processor 0: field transfer
Overriding DebugSwitches according to controlDict
    SolverPerformance 0;

Processor 1: field transfer
Overriding DebugSwitches according to controlDict
    SolverPerformance 0;

Processor 2: field transfer
Overriding DebugSwitches according to controlDict
    SolverPerformance 0;

Processor 3: field transfer
Overriding DebugSwitches according to controlDict
    SolverPerformance 0;


End

I/O    : uncollated
--> FOAM Warning : 
    From Foam::fileName Foam::cwd_L()
    in file POSIX.C at line 554
    PWD is not the cwd() - reverting to physical description
Case   : /home/dafoamuser/mount/ramp_kw/c1
nProcs : 4
Hosts  :
(
    (ip-172-31-43-247 4)
)
Pstream initialized with:
    node communication : off [type=host] (4 ranks, 1 nodes)
    topology controls  : none
    consensus exchange : 0 (tuning: 0)
    exchange algorithm : 0
    commsType          : nonBlocking
    polling iterations : 0
Initializing mesh and runtime for DASolver
Create time

Overriding DebugSwitches according to controlDict
    SolverPerformance 0;

Create mesh for time = 0
Replacing wallDist.method meshWave -> meshWaveFrozen
DAOption created. DASolver initialized.
[1] UPstream::init : could not attach buffer
[2] UPstream::init : could not attach buffer
[0] UPstream::init : could not attach buffer
[3] UPstream::init : could not attach buffer
I/O    : uncollated
--> FOAM Warning : 
    From Foam::fileName Foam::cwd_L()
    in file POSIX.C at line 554
    PWD is not the cwd() - reverting to physical description
Case   : /home/dafoamuser/mount/ramp_kw/c1
nProcs : 4
Hosts  :
(
    (ip-172-31-43-247 4)
)
Pstream initialized with:
    node communication : off [type=host] (4 ranks, 1 nodes)
    topology controls  : none
    consensus exchange : 0 (tuning: 0)
    exchange algorithm : 0
    commsType          : nonBlocking
    polling iterations : 0
Initializing mesh and runtime for DASolver
Create time

Overriding DebugSwitches according to controlDict
    SolverPerformance 0;

Create mesh for time = 0
Replacing wallDist.method meshWave -> meshWaveFrozen
DAOption created. DASolver initialized.
Initializing fields for DASimpleFoam
Create simpleControl.

SIMPLE: no convergence criteria found. Calculations will run for 5000 steps.

Reading field p

Reading field U

Reading/calculating face flux field phi

Creating source term. 
Selecting incompressible transport model Newtonian
Selecting turbulence model type RAS
Selecting RAS turbulence model kOmegaSST
Selecting patchDistMethod meshWaveFrozen
No MRF models present

Turbulence model is incompressible
Adjoint States: 
5
(
U volVectorState
k modelState
phi surfaceScalarState
p volScalarState
omega modelState
)
Global Cells: 5000
Global Faces: 20300
Global Xv: 31824
Undecomposed points: 10302
Global Adjoint States: 50300

SIMPLE: no convergence criteria found. Calculations will run for 5000 steps.

DACheckMesh Thresholds: 
maxNonOrth: 70
maxSkewness: 4
maxAspectRatio: 1000
maxIncorrectlyOrientedFaces: 0
    Adding cells with centre within boxes 1((-10 -10 -10) (10 10 10))
Find 10000 reference points for variance of U
Initializing fields for DASimpleFoam
Create simpleControl.

SIMPLE: no convergence criteria found. Calculations will run for 5000 steps.

Reading field p

Reading field U

Reading/calculating face flux field phi

Creating source term. 
Selecting incompressible transport model Newtonian
Selecting turbulence model type RAS
Selecting RAS turbulence model kOmegaSST
Selecting patchDistMethod meshWaveFrozen
No MRF models present

Turbulence model is incompressible
Adjoint States: 
5
(
U volVectorState
k modelState
phi surfaceScalarState
p volScalarState
omega modelState
)
Global Cells: 5000
Global Faces: 20300
Global Xv: 31824
Undecomposed points: 10302
Global Adjoint States: 50300

SIMPLE: no convergence criteria found. Calculations will run for 5000 steps.

DACheckMesh Thresholds: 
maxNonOrth: 70
maxSkewness: 4
maxAspectRatio: 1000
maxIncorrectlyOrientedFaces: 0
    Adding cells with centre within boxes 1((-10 -10 -10) (10 10 10))
Find 10000 reference points for variance of U
Init solver done! ElapsedClockTime 1.000000 s
Init solver done! ElapsedCpuTime 0.260000 s
initState: 
7
(
k 0.01500000000000026
phi 0
U1 0
U2 0
p 0
omega 30
U0 4.999999999999893
)
Setting up primal boundary conditions based on pyOptions: 
Setting primal boundary conditions...
Setting U = (10 0 0) at inlet
Setting nut wall BC for bot. BCType=nutkWallFunction
Setting k wall BC for bot. BCType=kqRWallFunction
Setting omega wall BC for bot. BCType=omegaWallFunction
Reading OpenFOAM mesh information...
I/O    : uncollated
--> FOAM Warning : 
    From Foam::fileName Foam::cwd_L()
    in file POSIX.C at line 554
    PWD is not the cwd() - reverting to physical description
Case   : /home/dafoamuser/mount/ramp_kw/c1
nProcs : 4
Hosts  :
(
    (ip-172-31-43-247 4)
)
Pstream initialized with:
    node communication : off [type=host] (4 ranks, 1 nodes)
    topology controls  : none
    consensus exchange : 0 (tuning: 0)
    exchange algorithm : 0
    commsType          : nonBlocking
    polling iterations : 0
Reading the OpenFOAM mesh..
Overriding DebugSwitches according to controlDict
    SolverPerformance 0;

Checking if we need to compress the mesh files
Checking if we need to compress the mesh files
Finalising parallel run
DAFoam option dictionary: 
{
    solverName      DASimpleFoam;
    primalMinResTol 1e-08;
    primalFuncStdTol
    {
        stdTol          -1;
        slopeTol        -1;
        funcNames       1 ( CD );
        nStepsFrac      0.2;
    }
    primalBC
    {
        U0
        {
            variable        U;
            patches         1 ( inlet );
            value           3 ( 10 0 0 );
        }
        useWallFunction 1;
    }
    primalInitCondition
    {
    }
    normalizeStates
    {
        U               10;
        p               50;
        nuTilda         0.001;
        phi             1;
    }
    function
    {
        UFieldVar
        {
            type            variance;
            source          boxToCell;
            min             3 { -10 };
            max             3 { 10 };
            scale           0.1;
            mode            field;
            varName         U;
            varType         vector;
            indices         2 ( 0 1 );
            timeDependentRefData 0;
        }
    }
    inputInfo
    {
        beta
        {
            type            field;
            fieldName       betaFIOmega;
            fieldType       scalar;
            distributed     0;
            components      2 ( solver function );
        }
    }
    outputInfo
    {
    }
    designSurfaces  1 ( ALL_OPENFOAM_WALL_PATCHES );
    fvSource
    {
    }
    prepareCaseOnly 0;
    adjEqnSolMethod Krylov;
    dynamicMesh
    {
        active          0;
        mode            rotation;
        center          3 ( 0.25 0 0 );
        axis            z;
        omega           0.1;
        s               2;
        t0              0.35;
    }
    primalVarBounds
    {
        UMax            1000;
        UMin            -1000;
        pMax            50000;
        pMin            -50000;
        p_rghMax        50000;
        p_rghMin        -50000;
        eMax            55000;
        eMin            -220000;
        TMax            1000;
        TMin            100;
        hMax            200000;
        hMin            -200000;
        DMax            1e+16;
        DMin            -1e+16;
        rhoMax          5;
        rhoMin          0.2;
        nuTildaMax      1e+16;
        nuTildaMin      1e-16;
        kMax            1e+16;
        kMin            1e-16;
        omegaMax        1e+16;
        omegaMin        -1e+16;
        epsilonMax      1e+16;
        epsilonMin      1e-16;
        ReThetatMax     1e+16;
        ReThetatMin     1e-16;
        gammaIntMax     1e+16;
        gammaIntMin     1e-16;
    }
    discipline      aero;
    adjPartDerivFDStep
    {
        State           1e-06;
    }
    transonicPCOption -1;
    unsteadyAdjoint
    {
        mode            None;
        PCMatPrecomputeInterval 100;
        PCMatUpdateInterval 1;
        reduceIO        1;
        additionalOutput 1 ( None );
        additionalOldTime 1 ( None );
        readZeroFields  1;
    }
    adjPCLag        10000;
    useAD
    {
        mode            reverse;
        dvName          None;
        seedIndex       -9999;
    }
    useConstrainHbyA 1;
    forceMeshWaveFrozen 1;
    useDdtCorr      0;
    regressionModel
    {
        active          0;
    }
    useMeanStates   0;
    solveLinearFunctionName None;
    printDAOptions  1;
    debug           0;
    writeJacobians  1 ( None );
    printInterval   100;
    printIntervalUnsteady 1;
    primalMinResTolDiff 1000;
    adjUseColoring  1;
    adjEqnOption
    {
        globalPCIters   0;
        asmOverlap      1;
        localPCIters    1;
        jacMatReOrdering natural;
        pcFillLevel     1;
        gmresMaxIters   1000;
        gmresRestart    1000;
        gmresRelTol     1e-06;
        gmresAbsTol     1e-14;
        gmresTolDiff    100;
        useNonZeroInitGuess 0;
        useMGSO         0;
        printInfo       1;
        fpMaxIters      1000;
        fpRelTol        1e-06;
        fpMinResTolDiff 100;
        fpPCUpwind      0;
        dynAdjustTol    0;
        KSPCalcEigen    0;
        KSPCalcSingularVal 0;
        readPCMat       0;
    }
    normalizeResiduals 11 ( URes pRes p_rghRes nuTildaRes phiRes TRes DRes kRes omegaRes epsilonRes alpha.waterRes );
    maxResConLv4JacPCMat
    {
        pRes            2;
        phiRes          1;
        URes            2;
        TRes            2;
        nuTildaRes      2;
        kRes            2;
        epsilonRes      2;
        omegaRes        2;
        p_rghRes        2;
        DRes            2;
        gammaIntRes     2;
        ReThetatRes     2;
        alpha.waterRes  2;
    }
    jacLowerBounds
    {
        dRdW            1e-30;
        dRdWPC          1e-30;
    }
    maxTractionBCIters 100;
    decomposeParDict
    {
        method          scotch;
        simpleCoeffs
        {
            n               3 ( 2 2 1 );
            delta           0.001;
        }
        kahipCoeffs
        {
            config          fast;
            imbalance       0.01;
        }
        preservePatches 1 ( None );
        singleProcessorFaceSets 1 ( None );
        args            1 ( None );
    }
    adjStateOrdering cell;
    checkMeshThreshold
    {
        maxAspectRatio  1000;
        maxNonOrth      70;
        maxSkewness     4;
        maxIncorrectlyOrientedFaces 0;
    }
    writeDeformedFFDs 0;
    writeDeformedConstraints 0;
    writeAdjointFields 0;
    maxCorrectBCCalls 2;
    writeMinorIterations 0;
    primalMinIters  1;
    tensorflow
    {
        active          0;
    }
    wallDistanceMethod default;
    unsteadyCompOutput
    {
    }
}

pyDAFoam initialization done!
dRdWT Jacobian Free created!
I/O    : uncollated
/home/dafoamuser/dafoam/packages/miniconda3/lib/python3.10/site-packages/openmdao/core/component.py:140: OMDeprecationWarning:'scenario1.coupling.solver' <class DAFoamSolver>: It appears this component mixes distributed/non-distributed inputs and outputs, so it may break starting with OpenMDAO 3.25, where the convention used when passing data between distributed and non-distributed inputs and outputs within a matrix free component will change. See https://github.com/OpenMDAO/POEMs/blob/master/POEM_075.md for details.
/home/dafoamuser/dafoam/packages/miniconda3/lib/python3.10/site-packages/openmdao/core/component.py:140: OMDeprecationWarning:'scenario1.coupling.solver' <class DAFoamSolver>: It appears this component mixes distributed/non-distributed inputs and outputs, so it may break starting with OpenMDAO 3.25, where the convention used when passing data between distributed and non-distributed inputs and outputs within a matrix free component will change. See https://github.com/OpenMDAO/POEMs/blob/master/POEM_075.md for details.
/home/dafoamuser/dafoam/packages/miniconda3/lib/python3.10/site-packages/openmdao/core/component.py:140: OMDeprecationWarning:'scenario1.coupling.solver' <class DAFoamSolver>: It appears this component mixes distributed/non-distributed inputs and outputs, so it may break starting with OpenMDAO 3.25, where the convention used when passing data between distributed and non-distributed inputs and outputs within a matrix free component will change. See https://github.com/OpenMDAO/POEMs/blob/master/POEM_075.md for details.
/home/dafoamuser/dafoam/packages/miniconda3/lib/python3.10/site-packages/openmdao/core/component.py:140: OMDeprecationWarning:'scenario1.coupling.solver' <class DAFoamSolver>: It appears this component mixes distributed/non-distributed inputs and outputs, so it may break starting with OpenMDAO 3.25, where the convention used when passing data between distributed and non-distributed inputs and outputs within a matrix free component will change. See https://github.com/OpenMDAO/POEMs/blob/master/POEM_075.md for details.
/home/dafoamuser/dafoam/packages/miniconda3/lib/python3.10/site-packages/openmdao/core/component.py:140: OMDeprecationWarning:'scenario1.aero_post.functionals' <class DAFoamFunctions>: It appears this component mixes distributed/non-distributed inputs and outputs, so it may break starting with OpenMDAO 3.25, where the convention used when passing data between distributed and non-distributed inputs and outputs within a matrix free component will change. See https://github.com/OpenMDAO/POEMs/blob/master/POEM_075.md for details.
/home/dafoamuser/dafoam/packages/miniconda3/lib/python3.10/site-packages/openmdao/core/component.py:140: OMDeprecationWarning:'scenario1.aero_post.functionals' <class DAFoamFunctions>: It appears this component mixes distributed/non-distributed inputs and outputs, so it may break starting with OpenMDAO 3.25, where the convention used when passing data between distributed and non-distributed inputs and outputs within a matrix free component will change. See https://github.com/OpenMDAO/POEMs/blob/master/POEM_075.md for details.
/home/dafoamuser/dafoam/packages/miniconda3/lib/python3.10/site-packages/openmdao/core/component.py:140: OMDeprecationWarning:'scenario1.aero_post.functionals' <class DAFoamFunctions>: It appears this component mixes distributed/non-distributed inputs and outputs, so it may break starting with OpenMDAO 3.25, where the convention used when passing data between distributed and non-distributed inputs and outputs within a matrix free component will change. See https://github.com/OpenMDAO/POEMs/blob/master/POEM_075.md for details.
/home/dafoamuser/dafoam/packages/miniconda3/lib/python3.10/site-packages/openmdao/core/component.py:140: OMDeprecationWarning:'scenario1.aero_post.functionals' <class DAFoamFunctions>: It appears this component mixes distributed/non-distributed inputs and outputs, so it may break starting with OpenMDAO 3.25, where the convention used when passing data between distributed and non-distributed inputs and outputs within a matrix free component will change. See https://github.com/OpenMDAO/POEMs/blob/master/POEM_075.md for details.
Checking mesh quality for time = 0
    Overall domain bounding box (0 -0.5000000000000003 -1.734723475976807e-18) (3 0.5 0.05000000074505812)
    Mesh has 3 geometric (non-empty/wedge) directions (1 1 1)
    Mesh has 3 solution (non-empty) directions (1 1 1)
    Boundary openness (-2.496858518655798e-17 -3.453853160903114e-18 -1.64989464220793e-17) OK.
    Max cell openness = 5.900422408863415e-15 OK.
    Max aspect ratio = 250.9727357179337 OK.
    Minimum face area = 5.608835469031568e-06. Maximum face area = 0.0016261423064255.  Face area magnitudes OK.
    Min volume = 2.804418810632305e-07. Max volume = 5.084633467474263e-05.  Total volume = 0.1187499957319696.  Cell volumes OK.
    Mesh non-orthogonality Max: 46.8117354617747 average: 14.38071650818499
    Non-orthogonality check OK.
    Face pyramids OK.
    Max skewness = 0.1126369503222542 OK.
    Coupled point location match (average 0) OK.

Mesh OK.

Running Primal Solver 001
Previous solution time -1e+10 not found and nothing deleted.
No finite volume options present

Starting time loop

Time = 1

U0 initRes: 0.9999999999999893 finalRes: 0.08323070542206014 nIters: 1
U1 initRes: 1 finalRes: 0.08056053471460327 nIters: 4
U2 initRes: 0.9999999999930469 finalRes: 0.08627460586677578 nIters: 4
p initRes: 1 finalRes: 0.09907812895860202 nIters: 8
Time step continuity errors : sum local = 0.2085931526133491
                                 global = -0.003142096964610287
                             cumulative = -0.003142096964610287
omega initRes: 0.06083099047129735 finalRes: 0.004950264677307462 nIters: 2
k initRes: 0.999999999999553 finalRes: 0.05096018385985546 nIters: 2
UFieldVar: 1.037059988867985 final: 1.037059988867985
yPlus min: 6.077833140909032 max: 9.665185744865934 mean: 8.166151107076532
ExecutionTime = 0.4 s  ClockTime = 1 s

Time = 100

U0 initRes: 0.02049928906890407 finalRes: 0.001303798317473154 nIters: 4
U1 initRes: 0.05337017567957744 finalRes: 0.00323811990222368 nIters: 4
U2 initRes: 0.02662248857343059 finalRes: 0.002115979805411348 nIters: 3
p initRes: 0.2961331051554458 finalRes: 0.02182979536713927 nIters: 3
Time step continuity errors : sum local = 0.7222193336360441
                                 global = 0.007981308142274483
                             cumulative = 0.004839211177664196
omega initRes: 0.005948675831066986 finalRes: 0.0004158900164430412 nIters: 3
k initRes: 0.04173655796605947 finalRes: 0.003327935455758967 nIters: 3
UFieldVar: 22.52701425337365 final: 22.52701425337365
yPlus min: 0.8901294692033662 max: 25.9243327778652 mean: 12.12745998778603
ExecutionTime = 1.26 s  ClockTime = 1 s

Time = 200

U0 initRes: 0.01525792451437307 finalRes: 0.0008975877668658603 nIters: 3
U1 initRes: 0.01627792546500449 finalRes: 0.001167328024064633 nIters: 3
U2 initRes: 0.0100478777529123 finalRes: 0.0007746513370745668 nIters: 3
p initRes: 0.07002791311880331 finalRes: 0.006682739583307604 nIters: 4
Time step continuity errors : sum local = 0.05617975272186571
                                 global = 0.009096025322506852
                             cumulative = 0.01393523650017105
omega initRes: 0.00128381322180394 finalRes: 8.105899937334426e-05 nIters: 3
k initRes: 0.009628052499358643 finalRes: 0.0009125380205900901 nIters: 3
UFieldVar: 5.826696967001176 final: 5.826696967001176
yPlus min: 0.3314230066024377 max: 17.41380273132923 mean: 6.912163200424555
ExecutionTime = 1.68 s  ClockTime = 2 s

Time = 300

U0 initRes: 0.00661820597986214 finalRes: 0.0005619223991835707 nIters: 3
U1 initRes: 0.007393878796438366 finalRes: 0.0006094660872289369 nIters: 3
U2 initRes: 0.003744440319641256 finalRes: 0.0001904644394699864 nIters: 3
p initRes: 0.04573449473537675 finalRes: 0.004412506877263215 nIters: 4
Time step continuity errors : sum local = 0.009639574256675266
                                 global = 0.0009875603225124429
                             cumulative = 0.01492279682268349
omega initRes: 0.0004714306969876018 finalRes: 3.403252459957804e-05 nIters: 3
k initRes: 0.01554033037972143 finalRes: 0.001097262498968677 nIters: 4
UFieldVar: 2.14433253536022 final: 2.14433253536022
yPlus min: 0.9214023809635694 max: 20.85573893808032 mean: 8.281078537162648
ExecutionTime = 2.11 s  ClockTime = 2 s

Time = 400

U0 initRes: 0.00176143298802325 finalRes: 0.0001532783819955993 nIters: 3
U1 initRes: 0.006318145594221351 finalRes: 0.000359369539299188 nIters: 3
U2 initRes: 0.00442520508550951 finalRes: 0.0002645046755338801 nIters: 2
p initRes: 0.01231407899179953 finalRes: 0.0012072038951991 nIters: 5
Time step continuity errors : sum local = 0.003784273001648581
                                 global = -0.0002289970994242365
                             cumulative = 0.01469379972325925
omega initRes: 0.0001349142141303511 finalRes: 1.149148029185752e-05 nIters: 3
k initRes: 0.003148842381612717 finalRes: 0.0002303285806913273 nIters: 4
UFieldVar: 0.5633373514579961 final: 0.5633373514579961
yPlus min: 0.5919424513057086 max: 10.66056202175258 mean: 4.948914826506094
ExecutionTime = 2.54 s  ClockTime = 2 s

Time = 500

U0 initRes: 0.00112589828643341 finalRes: 9.069605756845304e-05 nIters: 3
U1 initRes: 0.006162677128528571 finalRes: 0.0002928069591927145 nIters: 3
U2 initRes: 0.002068563561930653 finalRes: 7.021316452556129e-05 nIters: 2
p initRes: 0.01167631226279682 finalRes: 0.001150304425995096 nIters: 6
Time step continuity errors : sum local = 0.0008083939177068052
                                 global = -1.299414852938544e-05
                             cumulative = 0.01468080557472987
omega initRes: 4.840229566916802e-05 finalRes: 2.573214993759368e-06 nIters: 3
k initRes: 0.001813669688901878 finalRes: 0.0001533544251437295 nIters: 3
UFieldVar: 0.2294144900287636 final: 0.2294144900287636
yPlus min: 0.5247410951466939 max: 9.373364331486048 mean: 4.550660528109101
ExecutionTime = 2.99 s  ClockTime = 3 s

Time = 600

U0 initRes: 0.0006649128890460684 finalRes: 5.595496980137264e-05 nIters: 3
U1 initRes: 0.004214884439218588 finalRes: 0.0002152982359896453 nIters: 3
U2 initRes: 0.001273945486008912 finalRes: 8.014549905679303e-05 nIters: 2
p initRes: 0.008101735879229199 finalRes: 0.0006979611020615299 nIters: 7
Time step continuity errors : sum local = 0.0002668638729254312
                                 global = 3.368597599846051e-06
                             cumulative = 0.01468417417232971
omega initRes: 4.588360425524402e-05 finalRes: 3.926735393715685e-06 nIters: 3
k initRes: 0.003122221510304435 finalRes: 0.0002324001510183303 nIters: 4
UFieldVar: 0.06309632912889426 final: 0.06309632912889426
yPlus min: 0.3771271555428779 max: 7.04782752022914 mean: 4.338261743695305
ExecutionTime = 3.44 s  ClockTime = 3 s

Time = 700

U0 initRes: 0.0001791765641389741 finalRes: 1.634555843089428e-05 nIters: 3
U1 initRes: 0.00156803244471435 finalRes: 0.0001020028108912111 nIters: 3
U2 initRes: 0.00061700816431758 finalRes: 4.917287243545659e-05 nIters: 2
p initRes: 0.001903082888951914 finalRes: 0.0001672864003498882 nIters: 7
Time step continuity errors : sum local = 0.0001216098850153561
                                 global = -1.036496010901485e-05
                             cumulative = 0.0146738092122207
omega initRes: 2.284964114141268e-05 finalRes: 2.197835915073354e-06 nIters: 3
k initRes: 0.001854441513292528 finalRes: 0.0001502757665270627 nIters: 4
UFieldVar: 0.02229521727673654 final: 0.02229521727673654
yPlus min: 0.7210289257531299 max: 6.79590611938398 mean: 3.539341528890129
ExecutionTime = 3.91 s  ClockTime = 4 s

Time = 800

U0 initRes: 9.324506044003974e-05 finalRes: 5.89189726399516e-06 nIters: 3
U1 initRes: 0.001049380916684771 finalRes: 6.298334804759867e-05 nIters: 3
U2 initRes: 0.0004857076743628888 finalRes: 3.687905829191697e-05 nIters: 2
p initRes: 0.001405209886064698 finalRes: 0.0001143038087454222 nIters: 7
Time step continuity errors : sum local = 8.001631448905e-05
                                 global = -5.013075956806914e-06
                             cumulative = 0.01466879613626389
omega initRes: 9.141796950701483e-06 finalRes: 5.300312785990957e-07 nIters: 3
k initRes: 0.0006587985390807182 finalRes: 4.121853090854582e-05 nIters: 4
UFieldVar: 0.01475615061305882 final: 0.01475615061305882
yPlus min: 0.9036101481093894 max: 6.795907068012537 mean: 2.965760239622621
ExecutionTime = 4.37 s  ClockTime = 4 s

Time = 900

U0 initRes: 3.377238732800631e-05 finalRes: 3.297481632686455e-06 nIters: 2
U1 initRes: 0.0003061522065154341 finalRes: 1.920014812123484e-05 nIters: 3
U2 initRes: 0.0001733394814864093 finalRes: 1.216110708442087e-05 nIters: 2
p initRes: 0.0005605256273199442 finalRes: 5.48863242818115e-05 nIters: 5
Time step continuity errors : sum local = 3.953692006675232e-05
                                 global = -8.925834282734112e-07
                             cumulative = 0.01466790355283562
omega initRes: 2.951417112945399e-06 finalRes: 2.92430713587042e-07 nIters: 2
k initRes: 0.0002075739763093498 finalRes: 1.162457015802567e-05 nIters: 4
UFieldVar: 0.0136905461982005 final: 0.0136905461982005
yPlus min: 0.8158424350440924 max: 6.795908202664776 mean: 2.760142840820631
ExecutionTime = 4.81 s  ClockTime = 5 s

Time = 1000

U0 initRes: 9.178719700632592e-06 finalRes: 8.863650675738452e-07 nIters: 2
U1 initRes: 8.483679063607753e-05 finalRes: 5.226498268631708e-06 nIters: 3
U2 initRes: 4.380825246747602e-05 finalRes: 3.458134880636162e-06 nIters: 2
p initRes: 0.0001496237274317792 finalRes: 1.429048482456117e-05 nIters: 5
Time step continuity errors : sum local = 1.037000636151077e-05
                                 global = -1.41468033477571e-07
                             cumulative = 0.01466776208480214
omega initRes: 7.315313613059644e-07 finalRes: 5.885722036474402e-08 nIters: 2
k initRes: 3.998541094670441e-05 finalRes: 3.921411994228696e-06 nIters: 3
UFieldVar: 0.01373137830465081 final: 0.01373137830465081
yPlus min: 0.7687303092542286 max: 6.795908467323999 mean: 2.698794991856024
ExecutionTime = 5.24 s  ClockTime = 5 s

Time = 1100

U0 initRes: 2.16515543025297e-06 finalRes: 1.372891235392884e-07 nIters: 3
U1 initRes: 2.231700518577727e-05 finalRes: 1.296244075205217e-06 nIters: 3
U2 initRes: 8.361967348849588e-06 finalRes: 7.151998495184039e-07 nIters: 2
p initRes: 3.416329033439969e-05 finalRes: 2.97257338640846e-06 nIters: 5
Time step continuity errors : sum local = 2.15610488385413e-06
                                 global = -2.404229793907941e-07
                             cumulative = 0.01466752166182275
omega initRes: 1.895786924516893e-07 finalRes: 1.576807703577432e-08 nIters: 2
k initRes: 5.759139508675115e-06 finalRes: 4.837349322009061e-07 nIters: 3
UFieldVar: 0.01378026536491016 final: 0.01378026536491016
yPlus min: 0.7547371995413188 max: 6.79590859938527 mean: 2.686958103354547
ExecutionTime = 5.67 s  ClockTime = 6 s

Time = 1200

U0 initRes: 6.473850483782874e-07 finalRes: 6.334044463848385e-08 nIters: 3
U1 initRes: 6.677384235695208e-06 finalRes: 6.523457017393184e-07 nIters: 2
U2 initRes: 1.490728288876615e-06 finalRes: 9.185230834138615e-08 nIters: 2
p initRes: 4.542148330068751e-06 finalRes: 4.410504849416945e-07 nIters: 6
Time step continuity errors : sum local = 3.193887444234004e-07
                                 global = -1.427136357016178e-08
                             cumulative = 0.01466750739045918
omega initRes: 5.965987027273812e-08 finalRes: 3.571930625067481e-09 nIters: 3
k initRes: 1.684080264860102e-06 finalRes: 1.0880888114644e-07 nIters: 4
UFieldVar: 0.01379948544722007 final: 0.01379948544722007
yPlus min: 0.7511391110116511 max: 6.795908601308631 mean: 2.686559926204605
ExecutionTime = 6.11 s  ClockTime = 6 s

Time = 1300

U0 initRes: 3.930965165654843e-07 finalRes: 3.067216868214423e-08 nIters: 3
U1 initRes: 3.614478588453002e-06 finalRes: 3.291486086911556e-07 nIters: 2
U2 initRes: 1.086273696543045e-06 finalRes: 6.908548053859471e-08 nIters: 2
p initRes: 2.609687779574778e-06 finalRes: 2.04180095924811e-07 nIters: 7
Time step continuity errors : sum local = 1.476860341383167e-07
                                 global = -2.006224513605353e-08
                             cumulative = 0.01466748732821404
omega initRes: 3.072038199027287e-08 finalRes: 1.686003932665012e-09 nIters: 3
k initRes: 9.764734732805186e-07 finalRes: 9.728285031408667e-08 nIters: 3
UFieldVar: 0.01380866090169677 final: 0.01380866090169677
yPlus min: 0.7504640566993017 max: 6.795908601602239 mean: 2.687528941857116
ExecutionTime = 6.58 s  ClockTime = 6 s

Time = 1400

U0 initRes: 2.010929299661578e-07 finalRes: 1.358171217287271e-08 nIters: 3
U1 initRes: 1.880148800270725e-06 finalRes: 1.682053904120562e-07 nIters: 2
U2 initRes: 6.073483905577132e-07 finalRes: 3.943252535735593e-08 nIters: 2
p initRes: 1.662771025998311e-06 finalRes: 1.208675484508912e-07 nIters: 7
Time step continuity errors : sum local = 8.737256806583555e-08
                                 global = -9.670386768196839e-09
                             cumulative = 0.01466747765782728
omega initRes: 1.500164408157817e-08 finalRes: 7.252323708257842e-10 nIters: 3
k initRes: 4.928639497397642e-07 finalRes: 4.374881352385917e-08 nIters: 3
UFieldVar: 0.01381355790432871 final: 0.01381355790432871
yPlus min: 0.7504175548931463 max: 6.795908599812167 mean: 2.688109039773644
ExecutionTime = 7.04 s  ClockTime = 7 s

Time = 1500

U0 initRes: 8.81680401471065e-08 finalRes: 5.654252446442726e-09 nIters: 3
U1 initRes: 8.274719076087345e-07 finalRes: 7.371780617182786e-08 nIters: 2
U2 initRes: 2.734115438421414e-07 finalRes: 1.801400799130842e-08 nIters: 2
p initRes: 7.805881759242188e-07 finalRes: 7.763851669821097e-08 nIters: 5
Time step continuity errors : sum local = 5.610774524563534e-08
                                 global = -7.831705261098447e-09
                             cumulative = 0.01466746982612202
omega initRes: 6.702792170428727e-09 finalRes: 6.684285888435835e-10 nIters: 2
k initRes: 2.089191225314896e-07 finalRes: 1.69229104525198e-08 nIters: 3
UFieldVar: 0.01381599237801567 final: 0.01381599237801567
yPlus min: 0.7504554312242955 max: 6.795908598738784 mean: 2.688375836524477
ExecutionTime = 7.49 s  ClockTime = 7 s

Time = 1600

U0 initRes: 3.716636346983917e-08 finalRes: 2.353202845837847e-09 nIters: 3
U1 initRes: 3.487028985351591e-07 finalRes: 3.054473912551602e-08 nIters: 2
U2 initRes: 1.15178343254037e-07 finalRes: 7.609125453875379e-09 nIters: 2
p initRes: 3.302828851357888e-07 finalRes: 3.219294428075649e-08 nIters: 6
Time step continuity errors : sum local = 2.326243592718455e-08
                                 global = -1.939302290715628e-10
                             cumulative = 0.01466746963219179
omega initRes: 2.840201038857596e-09 finalRes: 1.336110067005337e-10 nIters: 3
k initRes: 8.542953010348039e-08 finalRes: 6.519530799956543e-09 nIters: 3
UFieldVar: 0.01381709751147836 final: 0.01381709751147836
yPlus min: 0.7504794084984362 max: 6.795908598243478 mean: 2.688484290335916
ExecutionTime = 7.93 s  ClockTime = 8 s

Time = 1700

U0 initRes: 1.554656461482578e-08 finalRes: 9.829434684835741e-10 nIters: 3
U1 initRes: 1.463108193853881e-07 finalRes: 1.272996803440198e-08 nIters: 2
U2 initRes: 4.789525053632596e-08 finalRes: 3.152790796762543e-09 nIters: 2
p initRes: 1.373138082377212e-07 finalRes: 1.342079209853204e-08 nIters: 6
Time step continuity errors : sum local = 9.69730507936548e-09
                                 global = -5.887182735686747e-11
                             cumulative = 0.01466746957331996
omega initRes: 1.164965665171351e-09 finalRes: 5.492706984074359e-11 nIters: 3
k initRes: 3.513358268474255e-08 finalRes: 2.595975630225824e-09 nIters: 3
UFieldVar: 0.01381758190581791 final: 0.01381758190581791
yPlus min: 0.7504891870020315 max: 6.795908598023245 mean: 2.688527470100355
ExecutionTime = 8.380000000000001 s  ClockTime = 8 s

Time = 1800

U0 initRes: 6.510154282270192e-09 finalRes: 4.125891067812535e-10 nIters: 3
U1 initRes: 6.148049748439085e-08 finalRes: 5.335191424140535e-09 nIters: 2
U2 initRes: 2.008268721284824e-08 finalRes: 1.31109992293135e-09 nIters: 2
p initRes: 5.711097616072342e-08 finalRes: 5.680397682871561e-09 nIters: 6
Time step continuity errors : sum local = 4.104333466945276e-09
                                 global = -2.783126659650079e-11
                             cumulative = 0.01466746954548869
omega initRes: 4.956591400757662e-10 finalRes: 4.951967080764868e-11 nIters: 2
k initRes: 1.475920584470274e-08 finalRes: 1.08153123456786e-09 nIters: 3
UFieldVar: 0.01381778848878094 final: 0.01381778848878094
yPlus min: 0.7504928671997991 max: 6.795908597931991 mean: 2.688545024884518
ExecutionTime = 8.82 s  ClockTime = 9 s

Time = 1900

U0 initRes: 2.737994286105253e-09 finalRes: 1.738600744093487e-10 nIters: 3
U1 initRes: 2.589642897370084e-08 finalRes: 2.24526815344169e-09 nIters: 2
U2 initRes: 8.527944122568226e-09 finalRes: 5.493058442257158e-10 nIters: 2
p initRes: 2.390182802136312e-08 finalRes: 2.384722459832361e-09 nIters: 6
Time step continuity errors : sum local = 1.723051519924504e-09
                                 global = -1.150568112260797e-11
                             cumulative = 0.01466746953398301
omega initRes: 2.082852865933511e-10 finalRes: 2.080395361072579e-11 nIters: 2
k initRes: 6.195118925488185e-09 finalRes: 4.524187571213813e-10 nIters: 3
UFieldVar: 0.01381787586812658 final: 0.01381787586812658
yPlus min: 0.750494300905087 max: 6.795908597893909 mean: 2.688552298487057
ExecutionTime = 9.27 s  ClockTime = 9 s

Time = 2000

U0 initRes: 1.154931541066309e-09 finalRes: 7.32491603782604e-11 nIters: 3
U1 initRes: 1.09785400554627e-08 finalRes: 9.566504574138419e-10 nIters: 2
U2 initRes: 3.720286855810846e-09 finalRes: 2.308306239587997e-10 nIters: 2
p initRes: 1.002202697042646e-08 finalRes: 9.97448010899716e-10 nIters: 5
Time step continuity errors : sum local = 7.206894232768399e-10
                                 global = -1.017572645257198e-10
                             cumulative = 0.01466746943222575
omega initRes: 8.797677103630723e-11 finalRes: 8.783658510680561e-12 nIters: 2
k initRes: 2.611190754818761e-09 finalRes: 1.907196550739465e-10 nIters: 3
UFieldVar: 0.01381791279392055 final: 0.01381791279392055
yPlus min: 0.7504948820928476 max: 6.795908597877697 mean: 2.688555346875591
ExecutionTime = 9.710000000000001 s  ClockTime = 10 s

Time = 2001
Minimal residual 9.932217814106909e-09 satisfied the prescribed tolerance 1e-08

UFieldVar: 0.01381791302536928 final: 0.01381791302536928
End

Printing Primal Residual Statistics.
U Residual Norm2: (0.000563222186494348 8.481293694546594e-05 2.59637641268255e-11)
U Residual Mean: (3.476764858233806e-06 5.177203357178232e-07 1.128002430443877e-13)
U Residual Max: (6.580383711884963e-05 9.49510525760644e-06 3.876929324638012e-12)
p Residual Norm2: 1.703434782273036e-05
p Residual Mean: 3.681411349913665e-08
p Residual Max: 6.11396257129799e-06
omega Residual Norm2: 0.07059498117605002
omega Residual Mean: 0.0002298823939777413
omega Residual Max: 0.01447931423551134
k Residual Norm2: 3.099777592994354e-05
k Residual Mean: 2.334409684329723e-07
k Residual Max: 3.258306803191006e-06
phi Residual Norm2: 5.719331783758899e-07
phi Residual Mean: 1.390113547827984e-09
phi Residual Max: 3.657582391871422e-08
Total Residual Norm2: 0.07059728770335809
 
 
TIMING primal_wall_s: 9.026
OBJ UFieldVar: 1.3817913025369282e-02
Finalising parallel run
Finalising parallel run
