WARNING 7: VSPAERO Viewer Not Found. 
	Expected here: /home/dafoamuser/dafoam/packages/miniconda3/lib/python3.10/site-packages/openvsp/vspviewer
WARNING 7: VSPAERO Viewer Not Found. 
	Expected here: /home/dafoamuser/dafoam/packages/miniconda3/lib/python3.10/site-packages/openvsp/vspviewer
WARNING 7: VSPAERO Viewer Not Found. 
	Expected here: /home/dafoamuser/dafoam/packages/miniconda3/lib/python3.10/site-packages/openvsp/vspviewer
WARNING 7: VSPAERO Viewer Not Found. 
	Expected here: /home/dafoamuser/dafoam/packages/miniconda3/lib/python3.10/site-packages/openvsp/vspviewer
 
-------------------------------------------------------------------------------
|                               DAFoam v5.0.0                                 |
-------------------------------------------------------------------------------
 
/*---------------------------------------------------------------------------*\
| =========                 |                                                 |
| \\      /  F ield         | OpenFOAM: The Open Source CFD Toolbox           |
|  \\    /   O peration     | Version:  2506                                  |
|   \\  /    A nd           | Website:  www.openfoam.com                      |
|    \\/     M anipulation  |                                                 |
\*---------------------------------------------------------------------------*/
Build  : _615aae61d7-20250627 OPENFOAM=2506 version=v2506
Arch   : "LSB;label=32;scalar=64"
Exec   : decomposePar
Date   : Jul 31 2026
Time   : 10:34:20
Host   : ip-172-31-43-247
PID    : 2971
--> FOAM Warning : 
    From Foam::fileName Foam::cwd_L()
    in file POSIX.C at line 554
    PWD is not the cwd() - reverting to physical description
I/O    : uncollated
--> FOAM Warning : 
    From Foam::fileName Foam::cwd_L()
    in file POSIX.C at line 554
    PWD is not the cwd() - reverting to physical description
Case   : /home/dafoamuser/mount/ramp_kw/c1
nProcs : 1
trapFpe: Floating point exception trapping enabled (FOAM_SIGFPE).
fileModificationChecking : Monitoring run-time modified files using timeStampMaster (fileModificationSkew 5, maxFileModificationPolls 20)
allowSystemOperations : Allowing user-supplied system call operations

// * * * * * * * * * * * * * * * * * * * * * * * * * * * * * * * * * * * * * //
Create time

Overriding DebugSwitches according to controlDict
    SolverPerformance 0;



Decomposing mesh

Create mesh

Calculating distribution of cells
Decomposition method scotch [4] (region region0)

Finished decomposition in 0 s

Calculating original mesh data

Distributing cells to processors

Distributing faces to processors

Distributing points to processors

Constructing processor meshes
Overriding DebugSwitches according to controlDict
    SolverPerformance 0;


Processor 0
    Number of cells = 1250
    Number of points = 2652
    Number of faces shared with processor 1 = 50
    Number of processor patches = 1
    Number of processor faces = 50
    Number of boundary faces = 2600
Overriding DebugSwitches according to controlDict
    SolverPerformance 0;


Processor 1
    Number of cells = 1250
    Number of points = 2652
    Number of faces shared with processor 0 = 50
    Number of faces shared with processor 3 = 50
    Number of processor patches = 2
    Number of processor faces = 100
    Number of boundary faces = 2550
Overriding DebugSwitches according to controlDict
    SolverPerformance 0;


Processor 2
    Number of cells = 1250
    Number of points = 2652
    Number of faces shared with processor 3 = 50
    Number of processor patches = 1
    Number of processor faces = 50
    Number of boundary faces = 2600
Overriding DebugSwitches according to controlDict
    SolverPerformance 0;


Processor 3
    Number of cells = 1250
    Number of points = 2652
    Number of faces shared with processor 1 = 50
    Number of faces shared with processor 2 = 50
    Number of processor patches = 2
    Number of processor faces = 100
    Number of boundary faces = 2550

Number of processor faces = 150
Max number of cells = 1250 (0% above average 1250)
Max number of processor patches = 2 (33.33333333333334% above average 1.5)
Max number of faces between processors = 100 (33.33333333333334% above average 75)

Time = 0

Processor 0: field transfer
Overriding DebugSwitches according to controlDict
    SolverPerformance 0;

Processor 1: field transfer
Overriding DebugSwitches according to controlDict
    SolverPerformance 0;

Processor 2: field transfer
Overriding DebugSwitches according to controlDict
    SolverPerformance 0;

Processor 3: field transfer
Overriding DebugSwitches according to controlDict
    SolverPerformance 0;


End

I/O    : uncollated
--> FOAM Warning : 
    From Foam::fileName Foam::cwd_L()
    in file POSIX.C at line 554
    PWD is not the cwd() - reverting to physical description
Case   : /home/dafoamuser/mount/ramp_kw/c1
nProcs : 4
Hosts  :
(
    (ip-172-31-43-247 4)
)
Pstream initialized with:
    node communication : off [type=host] (4 ranks, 1 nodes)
    topology controls  : none
    consensus exchange : 0 (tuning: 0)
    exchange algorithm : 0
    commsType          : nonBlocking
    polling iterations : 0
Initializing mesh and runtime for DASolver
Create time

Overriding DebugSwitches according to controlDict
    SolverPerformance 0;

Create mesh for time = 0
Replacing wallDist.method meshWave -> meshWaveFrozen
DAOption created. DASolver initialized.
[0] UPstream::init : could not attach buffer
[3] UPstream::init : could not attach buffer
[2] UPstream::init : could not attach buffer
[1] UPstream::init : could not attach buffer
I/O    : uncollated
--> FOAM Warning : 
    From Foam::fileName Foam::cwd_L()
    in file POSIX.C at line 554
    PWD is not the cwd() - reverting to physical description
Case   : /home/dafoamuser/mount/ramp_kw/c1
nProcs : 4
Hosts  :
(
    (ip-172-31-43-247 4)
)
Pstream initialized with:
    node communication : off [type=host] (4 ranks, 1 nodes)
    topology controls  : none
    consensus exchange : 0 (tuning: 0)
    exchange algorithm : 0
    commsType          : nonBlocking
    polling iterations : 0
Initializing mesh and runtime for DASolver
Create time

Overriding DebugSwitches according to controlDict
    SolverPerformance 0;

Create mesh for time = 0
Replacing wallDist.method meshWave -> meshWaveFrozen
DAOption created. DASolver initialized.
Initializing fields for DASimpleFoam
Create simpleControl.

SIMPLE: no convergence criteria found. Calculations will run for 5000 steps.

Reading field p

Reading field U

Reading/calculating face flux field phi

Creating source term. 
Selecting incompressible transport model Newtonian
Selecting turbulence model type RAS
Selecting RAS turbulence model kOmegaSST
Selecting patchDistMethod meshWaveFrozen
No MRF models present

Turbulence model is incompressible
Adjoint States: 
5
(
U volVectorState
k modelState
phi surfaceScalarState
p volScalarState
omega modelState
)
Global Cells: 5000
Global Faces: 20300
Global Xv: 31824
Undecomposed points: 10302
Global Adjoint States: 50300

SIMPLE: no convergence criteria found. Calculations will run for 5000 steps.

DACheckMesh Thresholds: 
maxNonOrth: 70
maxSkewness: 4
maxAspectRatio: 1000
maxIncorrectlyOrientedFaces: 0
    Adding cells with centre within boxes 1((-10 -10 -10) (10 10 10))
Find 10000 reference points for variance of U
Initializing fields for DASimpleFoam
Create simpleControl.

SIMPLE: no convergence criteria found. Calculations will run for 5000 steps.

Reading field p

Reading field U

Reading/calculating face flux field phi

Creating source term. 
Selecting incompressible transport model Newtonian
Selecting turbulence model type RAS
Selecting RAS turbulence model kOmegaSST
Selecting patchDistMethod meshWaveFrozen
No MRF models present

Turbulence model is incompressible
Adjoint States: 
5
(
U volVectorState
k modelState
phi surfaceScalarState
p volScalarState
omega modelState
)
Global Cells: 5000
Global Faces: 20300
Global Xv: 31824
Undecomposed points: 10302
Global Adjoint States: 50300

SIMPLE: no convergence criteria found. Calculations will run for 5000 steps.

DACheckMesh Thresholds: 
maxNonOrth: 70
maxSkewness: 4
maxAspectRatio: 1000
maxIncorrectlyOrientedFaces: 0
    Adding cells with centre within boxes 1((-10 -10 -10) (10 10 10))
Find 10000 reference points for variance of U
Init solver done! ElapsedClockTime 0.000000 s
Init solver done! ElapsedCpuTime 0.250000 s
initState: 
7
(
k 0.01500000000000026
phi 0
U1 0
U2 0
p 0
omega 30
U0 4.999999999999893
)
Setting up primal boundary conditions based on pyOptions: 
Setting primal boundary conditions...
Setting U = (10 0 0) at inlet
Setting nut wall BC for bot. BCType=nutkWallFunction
Setting k wall BC for bot. BCType=kqRWallFunction
Setting omega wall BC for bot. BCType=omegaWallFunction
Reading OpenFOAM mesh information...
I/O    : uncollated
--> FOAM Warning : 
    From Foam::fileName Foam::cwd_L()
    in file POSIX.C at line 554
    PWD is not the cwd() - reverting to physical description
Case   : /home/dafoamuser/mount/ramp_kw/c1
nProcs : 4
Hosts  :
(
    (ip-172-31-43-247 4)
)
Pstream initialized with:
    node communication : off [type=host] (4 ranks, 1 nodes)
    topology controls  : none
    consensus exchange : 0 (tuning: 0)
    exchange algorithm : 0
    commsType          : nonBlocking
    polling iterations : 0
Reading the OpenFOAM mesh..
Overriding DebugSwitches according to controlDict
    SolverPerformance 0;

Checking if we need to compress the mesh files
Checking if we need to compress the mesh files
Finalising parallel run
DAFoam option dictionary: 
{
    solverName      DASimpleFoam;
    primalMinResTol 1e-08;
    primalFuncStdTol
    {
        stdTol          -1;
        slopeTol        -1;
        funcNames       1 ( CD );
        nStepsFrac      0.2;
    }
    primalBC
    {
        U0
        {
            variable        U;
            patches         1 ( inlet );
            value           3 ( 10 0 0 );
        }
        useWallFunction 1;
    }
    primalInitCondition
    {
    }
    normalizeStates
    {
        U               10;
        p               50;
        nuTilda         0.001;
        phi             1;
    }
    function
    {
        UFieldVar
        {
            type            variance;
            source          boxToCell;
            min             3 { -10 };
            max             3 { 10 };
            scale           0.1;
            mode            field;
            varName         U;
            varType         vector;
            indices         2 ( 0 1 );
            timeDependentRefData 0;
        }
    }
    inputInfo
    {
        beta
        {
            type            field;
            fieldName       betaFIOmega;
            fieldType       scalar;
            distributed     0;
            components      2 ( solver function );
        }
    }
    outputInfo
    {
    }
    designSurfaces  1 ( ALL_OPENFOAM_WALL_PATCHES );
    fvSource
    {
    }
    prepareCaseOnly 0;
    adjEqnSolMethod Krylov;
    dynamicMesh
    {
        active          0;
        mode            rotation;
        center          3 ( 0.25 0 0 );
        axis            z;
        omega           0.1;
        s               2;
        t0              0.35;
    }
    primalVarBounds
    {
        UMax            1000;
        UMin            -1000;
        pMax            50000;
        pMin            -50000;
        p_rghMax        50000;
        p_rghMin        -50000;
        eMax            55000;
        eMin            -220000;
        TMax            1000;
        TMin            100;
        hMax            200000;
        hMin            -200000;
        DMax            1e+16;
        DMin            -1e+16;
        rhoMax          5;
        rhoMin          0.2;
        nuTildaMax      1e+16;
        nuTildaMin      1e-16;
        kMax            1e+16;
        kMin            1e-16;
        omegaMax        1e+16;
        omegaMin        -1e+16;
        epsilonMax      1e+16;
        epsilonMin      1e-16;
        ReThetatMax     1e+16;
        ReThetatMin     1e-16;
        gammaIntMax     1e+16;
        gammaIntMin     1e-16;
    }
    discipline      aero;
    adjPartDerivFDStep
    {
        State           1e-06;
    }
    transonicPCOption -1;
    unsteadyAdjoint
    {
        mode            None;
        PCMatPrecomputeInterval 100;
        PCMatUpdateInterval 1;
        reduceIO        1;
        additionalOutput 1 ( None );
        additionalOldTime 1 ( None );
        readZeroFields  1;
    }
    adjPCLag        10000;
    useAD
    {
        mode            reverse;
        dvName          None;
        seedIndex       -9999;
    }
    useConstrainHbyA 1;
    forceMeshWaveFrozen 1;
    useDdtCorr      0;
    regressionModel
    {
        active          0;
    }
    useMeanStates   0;
    solveLinearFunctionName None;
    printDAOptions  1;
    debug           0;
    writeJacobians  1 ( None );
    printInterval   100;
    printIntervalUnsteady 1;
    primalMinResTolDiff 1000;
    adjUseColoring  1;
    adjEqnOption
    {
        globalPCIters   0;
        asmOverlap      1;
        localPCIters    1;
        jacMatReOrdering natural;
        pcFillLevel     1;
        gmresMaxIters   1000;
        gmresRestart    1000;
        gmresRelTol     1e-06;
        gmresAbsTol     1e-14;
        gmresTolDiff    100;
        useNonZeroInitGuess 0;
        useMGSO         0;
        printInfo       1;
        fpMaxIters      1000;
        fpRelTol        1e-06;
        fpMinResTolDiff 100;
        fpPCUpwind      0;
        dynAdjustTol    0;
        KSPCalcEigen    0;
        KSPCalcSingularVal 0;
        readPCMat       0;
    }
    normalizeResiduals 11 ( URes pRes p_rghRes nuTildaRes phiRes TRes DRes kRes omegaRes epsilonRes alpha.waterRes );
    maxResConLv4JacPCMat
    {
        pRes            2;
        phiRes          1;
        URes            2;
        TRes            2;
        nuTildaRes      2;
        kRes            2;
        epsilonRes      2;
        omegaRes        2;
        p_rghRes        2;
        DRes            2;
        gammaIntRes     2;
        ReThetatRes     2;
        alpha.waterRes  2;
    }
    jacLowerBounds
    {
        dRdW            1e-30;
        dRdWPC          1e-30;
    }
    maxTractionBCIters 100;
    decomposeParDict
    {
        method          scotch;
        simpleCoeffs
        {
            n               3 ( 2 2 1 );
            delta           0.001;
        }
        kahipCoeffs
        {
            config          fast;
            imbalance       0.01;
        }
        preservePatches 1 ( None );
        singleProcessorFaceSets 1 ( None );
        args            1 ( None );
    }
    adjStateOrdering cell;
    checkMeshThreshold
    {
        maxAspectRatio  1000;
        maxNonOrth      70;
        maxSkewness     4;
        maxIncorrectlyOrientedFaces 0;
    }
    writeDeformedFFDs 0;
    writeDeformedConstraints 0;
    writeAdjointFields 0;
    maxCorrectBCCalls 2;
    writeMinorIterations 0;
    primalMinIters  1;
    tensorflow
    {
        active          0;
    }
    wallDistanceMethod default;
    unsteadyCompOutput
    {
    }
}

pyDAFoam initialization done!
dRdWT Jacobian Free created!
I/O    : uncollated
/home/dafoamuser/dafoam/packages/miniconda3/lib/python3.10/site-packages/openmdao/core/component.py:140: OMDeprecationWarning:'scenario1.coupling.solver' <class DAFoamSolver>: It appears this component mixes distributed/non-distributed inputs and outputs, so it may break starting with OpenMDAO 3.25, where the convention used when passing data between distributed and non-distributed inputs and outputs within a matrix free component will change. See https://github.com/OpenMDAO/POEMs/blob/master/POEM_075.md for details.
/home/dafoamuser/dafoam/packages/miniconda3/lib/python3.10/site-packages/openmdao/core/component.py:140: OMDeprecationWarning:'scenario1.coupling.solver' <class DAFoamSolver>: It appears this component mixes distributed/non-distributed inputs and outputs, so it may break starting with OpenMDAO 3.25, where the convention used when passing data between distributed and non-distributed inputs and outputs within a matrix free component will change. See https://github.com/OpenMDAO/POEMs/blob/master/POEM_075.md for details.
/home/dafoamuser/dafoam/packages/miniconda3/lib/python3.10/site-packages/openmdao/core/component.py:140: OMDeprecationWarning:'scenario1.coupling.solver' <class DAFoamSolver>: It appears this component mixes distributed/non-distributed inputs and outputs, so it may break starting with OpenMDAO 3.25, where the convention used when passing data between distributed and non-distributed inputs and outputs within a matrix free component will change. See https://github.com/OpenMDAO/POEMs/blob/master/POEM_075.md for details.
/home/dafoamuser/dafoam/packages/miniconda3/lib/python3.10/site-packages/openmdao/core/component.py:140: OMDeprecationWarning:'scenario1.coupling.solver' <class DAFoamSolver>: It appears this component mixes distributed/non-distributed inputs and outputs, so it may break starting with OpenMDAO 3.25, where the convention used when passing data between distributed and non-distributed inputs and outputs within a matrix free component will change. See https://github.com/OpenMDAO/POEMs/blob/master/POEM_075.md for details.
/home/dafoamuser/dafoam/packages/miniconda3/lib/python3.10/site-packages/openmdao/core/component.py:140: OMDeprecationWarning:'scenario1.aero_post.functionals' <class DAFoamFunctions>: It appears this component mixes distributed/non-distributed inputs and outputs, so it may break starting with OpenMDAO 3.25, where the convention used when passing data between distributed and non-distributed inputs and outputs within a matrix free component will change. See https://github.com/OpenMDAO/POEMs/blob/master/POEM_075.md for details.
/home/dafoamuser/dafoam/packages/miniconda3/lib/python3.10/site-packages/openmdao/core/component.py:140: OMDeprecationWarning:'scenario1.aero_post.functionals' <class DAFoamFunctions>: It appears this component mixes distributed/non-distributed inputs and outputs, so it may break starting with OpenMDAO 3.25, where the convention used when passing data between distributed and non-distributed inputs and outputs within a matrix free component will change. See https://github.com/OpenMDAO/POEMs/blob/master/POEM_075.md for details.
/home/dafoamuser/dafoam/packages/miniconda3/lib/python3.10/site-packages/openmdao/core/component.py:140: OMDeprecationWarning:'scenario1.aero_post.functionals' <class DAFoamFunctions>: It appears this component mixes distributed/non-distributed inputs and outputs, so it may break starting with OpenMDAO 3.25, where the convention used when passing data between distributed and non-distributed inputs and outputs within a matrix free component will change. See https://github.com/OpenMDAO/POEMs/blob/master/POEM_075.md for details.
/home/dafoamuser/dafoam/packages/miniconda3/lib/python3.10/site-packages/openmdao/core/component.py:140: OMDeprecationWarning:'scenario1.aero_post.functionals' <class DAFoamFunctions>: It appears this component mixes distributed/non-distributed inputs and outputs, so it may break starting with OpenMDAO 3.25, where the convention used when passing data between distributed and non-distributed inputs and outputs within a matrix free component will change. See https://github.com/OpenMDAO/POEMs/blob/master/POEM_075.md for details.
Checking mesh quality for time = 0
    Overall domain bounding box (0 -0.5000000000000003 -1.734723475976807e-18) (3 0.5 0.05000000074505812)
    Mesh has 3 geometric (non-empty/wedge) directions (1 1 1)
    Mesh has 3 solution (non-empty) directions (1 1 1)
    Boundary openness (-2.496858518655798e-17 -3.453853160903114e-18 -1.64989464220793e-17) OK.
    Max cell openness = 5.900422408863415e-15 OK.
    Max aspect ratio = 250.9727357179337 OK.
    Minimum face area = 5.608835469031568e-06. Maximum face area = 0.0016261423064255.  Face area magnitudes OK.
    Min volume = 2.804418810632305e-07. Max volume = 5.084633467474263e-05.  Total volume = 0.1187499957319696.  Cell volumes OK.
    Mesh non-orthogonality Max: 46.8117354617747 average: 14.38071650818499
    Non-orthogonality check OK.
    Face pyramids OK.
    Max skewness = 0.1126369503222542 OK.
    Coupled point location match (average 0) OK.

Mesh OK.

Running Primal Solver 001
Previous solution time -1e+10 not found and nothing deleted.
No finite volume options present

Starting time loop

Time = 1

U0 initRes: 0.9999999999999893 finalRes: 0.08323070542206014 nIters: 1
U1 initRes: 1 finalRes: 0.08056053471460327 nIters: 4
U2 initRes: 0.9999999999930469 finalRes: 0.08627460586677578 nIters: 4
p initRes: 1 finalRes: 0.09907812895860202 nIters: 8
Time step continuity errors : sum local = 0.2085931526133491
                                 global = -0.003142096964610287
                             cumulative = -0.003142096964610287
omega initRes: 0.06083099063070938 finalRes: 0.004950264690135357 nIters: 2
k initRes: 0.999999999999553 finalRes: 0.05096018382122668 nIters: 2
UFieldVar: 1.037059988867985 final: 1.037059988867985
yPlus min: 6.077833140909032 max: 9.665185744865934 mean: 8.166151107076532
ExecutionTime = 0.4 s  ClockTime = 0 s

Time = 100

U0 initRes: 0.01848498078926343 finalRes: 0.001467900868674715 nIters: 3
U1 initRes: 0.04261313285217675 finalRes: 0.003574108163620188 nIters: 3
U2 initRes: 0.06592526606634931 finalRes: 0.004520159546100323 nIters: 4
p initRes: 0.1732152888347115 finalRes: 0.01289989208807921 nIters: 3
Time step continuity errors : sum local = 0.5343359559988742
                                 global = 0.05790311828275418
                             cumulative = 0.0547610213181439
omega initRes: 0.005204695946073079 finalRes: 0.0003802657634505757 nIters: 3
k initRes: 0.05502933986540039 finalRes: 0.003604797334627048 nIters: 3
UFieldVar: 26.46214215339399 final: 26.46214215339399
yPlus min: 1.466636489635613 max: 28.08542424248774 mean: 13.42974318840081
ExecutionTime = 1.19 s  ClockTime = 1 s

Time = 200

U0 initRes: 0.01782013341069308 finalRes: 0.0009749751465235431 nIters: 3
U1 initRes: 0.02194990591020083 finalRes: 0.001417184342288585 nIters: 3
U2 initRes: 0.01188799247654347 finalRes: 0.0009914597435439002 nIters: 3
p initRes: 0.07623910505172815 finalRes: 0.005484228308350369 nIters: 4
Time step continuity errors : sum local = 0.06544455101166152
                                 global = 0.006767245803849688
                             cumulative = 0.06152826712199359
omega initRes: 0.001692100726060299 finalRes: 8.423923209514992e-05 nIters: 3
k initRes: 0.01864362988247578 finalRes: 0.001277725937511249 nIters: 3
UFieldVar: 6.379006700120759 final: 6.379006700120759
yPlus min: 0.6250363046177632 max: 18.27176685026848 mean: 6.61677233239089
ExecutionTime = 1.62 s  ClockTime = 1 s

Time = 300

U0 initRes: 0.005923758406322977 finalRes: 0.0005096613512890357 nIters: 3
U1 initRes: 0.00860178171216725 finalRes: 0.0006752189201456763 nIters: 3
U2 initRes: 0.00424357392045576 finalRes: 0.0002773529311194082 nIters: 3
p initRes: 0.03847851769728619 finalRes: 0.002876867408122626 nIters: 5
Time step continuity errors : sum local = 0.007534762098281951
                                 global = 0.00109922822822863
                             cumulative = 0.06262749535022222
omega initRes: 0.000507378940596261 finalRes: 3.233487852828467e-05 nIters: 3
k initRes: 0.01376039075716935 finalRes: 0.0009486761283865236 nIters: 4
UFieldVar: 2.378941598117211 final: 2.378941598117211
yPlus min: 1.044148679831709 max: 20.63543011311982 mean: 7.702190650383726
ExecutionTime = 2.06 s  ClockTime = 2 s

Time = 400

U0 initRes: 0.001949127238505904 finalRes: 0.0001520579726174404 nIters: 3
U1 initRes: 0.007527029845392606 finalRes: 0.0004018572523027258 nIters: 3
U2 initRes: 0.004939760818850356 finalRes: 0.0002501052966391821 nIters: 2
p initRes: 0.02305705411938154 finalRes: 0.002047815334105336 nIters: 6
Time step continuity errors : sum local = 0.003051569711584896
                                 global = -0.0003025666367181337
                             cumulative = 0.06232492871350408
omega initRes: 0.0002209361012943904 finalRes: 1.441610483424638e-05 nIters: 3
k initRes: 0.004008988560706124 finalRes: 0.0002589728784520369 nIters: 4
UFieldVar: 0.6551144630579747 final: 0.6551144630579747
yPlus min: 0.387350403038183 max: 11.72236051140482 mean: 4.946059823358609
ExecutionTime = 2.5 s  ClockTime = 2 s

Time = 500

U0 initRes: 0.001464490513965266 finalRes: 0.0001039385349428277 nIters: 3
U1 initRes: 0.009496902822257569 finalRes: 0.0003729671064347884 nIters: 3
U2 initRes: 0.002574952383562384 finalRes: 0.000107583260883735 nIters: 2
p initRes: 0.009586462058150738 finalRes: 0.0009388346192885995 nIters: 5
Time step continuity errors : sum local = 0.001067085992552045
                                 global = -0.0001070135826906835
                             cumulative = 0.0622179151308134
omega initRes: 5.793126447019535e-05 finalRes: 3.606828823520223e-06 nIters: 3
k initRes: 0.002998265612115115 finalRes: 0.0002762442182311609 nIters: 3
UFieldVar: 0.1602207904148433 final: 0.1602207904148433
yPlus min: 0.1916650843303562 max: 8.999498898380237 mean: 4.522653680008613
ExecutionTime = 2.96 s  ClockTime = 3 s

Time = 600

U0 initRes: 0.0004743740244404366 finalRes: 3.733349750740522e-05 nIters: 3
U1 initRes: 0.003622436740423644 finalRes: 0.0003425045836598097 nIters: 2
U2 initRes: 0.0007000370393807305 finalRes: 2.732309266192803e-05 nIters: 2
p initRes: 0.00275797936562508 finalRes: 0.0002757853288410904 nIters: 6
Time step continuity errors : sum local = 0.0001467495660971468
                                 global = 3.728873750132289e-05
                             cumulative = 0.06225520386831472
omega initRes: 3.604197413539158e-05 finalRes: 3.570341232716805e-06 nIters: 3
k initRes: 0.00374358195144478 finalRes: 0.0002847553076929107 nIters: 4
UFieldVar: 0.0333108287567336 final: 0.0333108287567336
yPlus min: 0.7853515882828894 max: 6.795906777918389 mean: 4.049140142061162
ExecutionTime = 3.44 s  ClockTime = 3 s

Time = 700

U0 initRes: 0.0001063012466586027 finalRes: 9.808628312622808e-06 nIters: 3
U1 initRes: 0.001235790933016373 finalRes: 7.25553374334032e-05 nIters: 3
U2 initRes: 0.0003374129181052225 finalRes: 2.188646677953116e-05 nIters: 2
p initRes: 0.001119258639169091 finalRes: 9.535042513665682e-05 nIters: 7
Time step continuity errors : sum local = 7.077830398879053e-05
                                 global = -9.331618395747149e-06
                             cumulative = 0.06224587224991898
omega initRes: 1.471593596292259e-05 finalRes: 1.465393129370196e-06 nIters: 3
k initRes: 0.001289969538597044 finalRes: 0.000104557504095841 nIters: 4
UFieldVar: 0.01583615499100588 final: 0.01583615499100588
yPlus min: 0.8321378197300552 max: 6.795907641110237 mean: 3.246667334646123
ExecutionTime = 3.91 s  ClockTime = 4 s

Time = 800

U0 initRes: 5.529483403786492e-05 finalRes: 3.450513310911273e-06 nIters: 3
U1 initRes: 0.0006920601739672054 finalRes: 4.178496758447879e-05 nIters: 3
U2 initRes: 0.0002909034654919808 finalRes: 2.243856150774351e-05 nIters: 2
p initRes: 0.0009065297545975828 finalRes: 7.215914728425751e-05 nIters: 7
Time step continuity errors : sum local = 5.148752711350502e-05
                                 global = -3.930855748134175e-06
                             cumulative = 0.06224194139417084
omega initRes: 5.293961528607555e-06 finalRes: 2.821314910988239e-07 nIters: 3
k initRes: 0.0003517224803736457 finalRes: 2.201913282737763e-05 nIters: 4
UFieldVar: 0.01378970230950415 final: 0.01378970230950415
yPlus min: 0.8426650015939497 max: 6.795907810334151 mean: 2.839103734598321
ExecutionTime = 4.38 s  ClockTime = 4 s

Time = 900

U0 initRes: 1.870193347069148e-05 finalRes: 1.858102593511696e-06 nIters: 2
U1 initRes: 0.0001831182490952506 finalRes: 1.169048145978505e-05 nIters: 3
U2 initRes: 9.801371990261654e-05 finalRes: 7.541944961736653e-06 nIters: 2
p initRes: 0.0003162489328398116 finalRes: 3.083971846403493e-05 nIters: 5
Time step continuity errors : sum local = 2.236083524138868e-05
                                 global = -6.516335688096685e-07
                             cumulative = 0.06224128976060203
omega initRes: 1.566356749391698e-06 finalRes: 1.330922650503232e-07 nIters: 2
k initRes: 9.417629119349426e-05 finalRes: 5.151424158597427e-06 nIters: 4
UFieldVar: 0.0136810353713165 final: 0.0136810353713165
yPlus min: 0.7908299005996208 max: 6.795908281750097 mean: 2.718706287267052
ExecutionTime = 4.83 s  ClockTime = 4 s

Time = 1000

U0 initRes: 4.845263195955113e-06 finalRes: 2.665523091463991e-07 nIters: 3
U1 initRes: 5.298289144773258e-05 finalRes: 3.11244122149532e-06 nIters: 3
U2 initRes: 2.171428669680156e-05 finalRes: 1.869251234983864e-06 nIters: 2
p initRes: 8.240661999539764e-05 finalRes: 7.454238221695012e-06 nIters: 5
Time step continuity errors : sum local = 5.418168546837321e-06
                                 global = -4.176932722385238e-07
                             cumulative = 0.06224087206732979
omega initRes: 4.071603885386635e-07 finalRes: 2.845225017799427e-08 nIters: 2
k initRes: 1.526981728605035e-05 finalRes: 1.367260986059455e-06 nIters: 3
UFieldVar: 0.01374852492482528 final: 0.01374852492482528
yPlus min: 0.760284200775061 max: 6.795908558592604 mean: 2.689430840420752
ExecutionTime = 5.27 s  ClockTime = 5 s

Time = 1100

U0 initRes: 1.201820418694385e-06 finalRes: 1.101360340875619e-07 nIters: 3
U1 initRes: 1.337425733544364e-05 finalRes: 6.292848676621305e-07 nIters: 3
U2 initRes: 2.846363545472335e-06 finalRes: 2.528690467540028e-07 nIters: 2
p initRes: 1.316423749080556e-05 finalRes: 1.239788764223864e-06 nIters: 5
Time step continuity errors : sum local = 8.991798245402187e-07
                                 global = -1.475187770591805e-07
                             cumulative = 0.06224072454855273
omega initRes: 1.133733919889792e-07 finalRes: 5.94154896533958e-09 nIters: 3
k initRes: 3.025888630993929e-06 finalRes: 1.724272682397566e-07 nIters: 4
UFieldVar: 0.01378412429094225 final: 0.01378412429094225
yPlus min: 0.7524518902307465 max: 6.795908601660794 mean: 2.685699676278135
ExecutionTime = 5.72 s  ClockTime = 5 s

Time = 1200

U0 initRes: 6.215957866343401e-07 finalRes: 5.289630118303508e-08 nIters: 3
U1 initRes: 5.848456833282103e-06 finalRes: 5.340575980649077e-07 nIters: 2
U2 initRes: 1.605909918148811e-06 finalRes: 1.016480656041291e-07 nIters: 2
p initRes: 3.461717071259942e-06 finalRes: 2.948724789028779e-07 nIters: 7
Time step continuity errors : sum local = 2.134618894836032e-07
                                 global = -3.551988004479757e-08
                             cumulative = 0.06224068902867268
omega initRes: 5.013248509409096e-08 finalRes: 2.944836850475194e-09 nIters: 3
k initRes: 1.594559540247965e-06 finalRes: 9.073664600871799e-08 nIters: 4
UFieldVar: 0.01380047070937064 final: 0.01380047070937064
yPlus min: 0.7506250488314981 max: 6.795908604869259 mean: 2.686764869921796
ExecutionTime = 6.2 s  ClockTime = 6 s

Time = 1300

U0 initRes: 3.47457790688339e-07 finalRes: 2.45150542807088e-08 nIters: 3
U1 initRes: 3.229067908215865e-06 finalRes: 2.908119509783102e-07 nIters: 2
U2 initRes: 1.027883554539968e-06 finalRes: 6.648963856792466e-08 nIters: 2
p initRes: 2.694606538859053e-06 finalRes: 2.678787446263318e-07 nIters: 6
Time step continuity errors : sum local = 1.93725205784959e-07
                                 global = 3.949006915171304e-10
                             cumulative = 0.06224068942357337
omega initRes: 2.617928261049206e-08 finalRes: 1.305798002442978e-09 nIters: 3
k initRes: 8.590616874879429e-07 finalRes: 8.000226515657867e-08 nIters: 3
UFieldVar: 0.01380835231188646 final: 0.01380835231188646
yPlus min: 0.7503811138210463 max: 6.795908602748302 mean: 2.687733646710635
ExecutionTime = 6.67 s  ClockTime = 6 s

Time = 1400

U0 initRes: 1.586500518191002e-07 finalRes: 1.031660964943759e-08 nIters: 3
U1 initRes: 1.479151804583947e-06 finalRes: 1.318433248343247e-07 nIters: 2
U2 initRes: 4.883393453764896e-07 finalRes: 3.203218724478742e-08 nIters: 2
p initRes: 1.380408368233209e-06 finalRes: 1.340332877150555e-07 nIters: 5
Time step continuity errors : sum local = 9.688264748129146e-08
                                 global = -1.407358904439024e-08
                             cumulative = 0.06224067534998433
omega initRes: 1.185672886112611e-08 finalRes: 5.617432343418289e-10 nIters: 3
k initRes: 3.798308278802782e-07 finalRes: 3.17266632623089e-08 nIters: 3
UFieldVar: 0.01381258877196909 final: 0.01381258877196909
yPlus min: 0.7504194028427373 max: 6.795908600978889 mean: 2.688210053860388
ExecutionTime = 7.14 s  ClockTime = 7 s

Time = 1500

U0 initRes: 6.73895404018319e-08 finalRes: 4.28673256103909e-09 nIters: 3
U1 initRes: 6.305441219372253e-07 finalRes: 5.553002517724278e-08 nIters: 2
U2 initRes: 2.090454204912638e-07 finalRes: 1.38262338633742e-08 nIters: 2
p initRes: 5.994149741330351e-07 finalRes: 5.890972634073434e-08 nIters: 6
Time step continuity errors : sum local = 4.257237098175074e-08
                                 global = -4.057204973573885e-10
                             cumulative = 0.06224067494426383
omega initRes: 5.159157295157153e-09 finalRes: 2.433503300821792e-10 nIters: 3
k initRes: 1.564124150702442e-07 finalRes: 1.216916489130923e-08 nIters: 3
UFieldVar: 0.01381455014518997 final: 0.01381455014518997
yPlus min: 0.7504599425513238 max: 6.795908600060915 mean: 2.688410609833595
ExecutionTime = 7.6 s  ClockTime = 7 s

Time = 1600

U0 initRes: 2.829668093608949e-08 finalRes: 1.787466305856685e-09 nIters: 3
U1 initRes: 2.663094669735162e-07 finalRes: 2.329517250780636e-08 nIters: 2
U2 initRes: 8.716873540689316e-08 finalRes: 5.738420590760992e-09 nIters: 2
p initRes: 2.506262846360226e-07 finalRes: 1.840041153963258e-08 nIters: 7
Time step continuity errors : sum local = 1.329625238236011e-08
                                 global = -1.367728826409171e-09
                             cumulative = 0.062240673576535
omega initRes: 2.142723661503155e-09 finalRes: 2.129805820142265e-10 nIters: 2
k initRes: 6.436502797699776e-08 finalRes: 4.807935770951796e-09 nIters: 3
UFieldVar: 0.01381541919691289 final: 0.01381541919691289
yPlus min: 0.7504780829804616 max: 6.795908599661502 mean: 2.688490426506939
ExecutionTime = 8.06 s  ClockTime = 8 s

Time = 1700

U0 initRes: 1.185018242133519e-08 finalRes: 7.484133780469169e-10 nIters: 3
U1 initRes: 1.122295215969876e-07 finalRes: 9.785923706037238e-09 nIters: 2
U2 initRes: 3.639535947490511e-08 finalRes: 2.37565587594609e-09 nIters: 2
p initRes: 1.040247134396098e-07 finalRes: 7.437099035693101e-09 nIters: 7
Time step continuity errors : sum local = 5.373890319196316e-09
                                 global = -5.524099092215989e-10
                             cumulative = 0.06224067302412509
omega initRes: 9.041423469892717e-10 finalRes: 4.250419464963866e-11 nIters: 3
k initRes: 2.678528564814043e-08 finalRes: 1.966695836840793e-09 nIters: 3
UFieldVar: 0.01381579279993153 final: 0.01381579279993153
yPlus min: 0.7504850254680154 max: 6.795908599493316 mean: 2.688522627846359
ExecutionTime = 8.52 s  ClockTime = 8 s

Time = 1800

U0 initRes: 4.974402499471936e-09 finalRes: 3.153320031368094e-10 nIters: 3
U1 initRes: 4.70044781005854e-08 finalRes: 4.080275402283593e-09 nIters: 2
U2 initRes: 1.533486199015929e-08 finalRes: 9.985356306698386e-10 nIters: 2
p initRes: 4.352118171174121e-08 finalRes: 4.304577864749225e-09 nIters: 5
Time step continuity errors : sum local = 3.110347541912078e-09
                                 global = -4.405482035099687e-10
                             cumulative = 0.06224067258357689
omega initRes: 3.773886885539129e-10 finalRes: 3.754059125347829e-11 nIters: 2
k initRes: 1.123445731915909e-08 finalRes: 8.201263523210634e-10 nIters: 3
UFieldVar: 0.01381595112811224 final: 0.01381595112811224
yPlus min: 0.750487690191103 max: 6.795908599425924 mean: 2.688535895481615
ExecutionTime = 8.98 s  ClockTime = 9 s

Time = 1900

U0 initRes: 2.095225116402653e-09 finalRes: 1.330074978217712e-10 nIters: 3
U1 initRes: 1.984032304291998e-08 finalRes: 1.72322221393191e-09 nIters: 2
U2 initRes: 6.573135142721547e-09 finalRes: 4.196859866335922e-10 nIters: 2
p initRes: 1.827078782409406e-08 finalRes: 1.749621312815379e-09 nIters: 6
Time step continuity errors : sum local = 1.264210428053035e-09
                                 global = -1.195653720126171e-11
                             cumulative = 0.06224067257162035
omega initRes: 1.567133438518764e-10 finalRes: 7.381508522043798e-12 nIters: 3
k initRes: 4.697105533220331e-09 finalRes: 3.413647411127435e-10 nIters: 3
UFieldVar: 0.01381601807161978 final: 0.01381601807161978
yPlus min: 0.7504887561433304 max: 6.795908599396646 mean: 2.688541436426187
ExecutionTime = 9.44 s  ClockTime = 9 s

Time = 1970
Minimal residual 9.929281836062394e-09 satisfied the prescribed tolerance 1e-08

UFieldVar: 0.01381604024231376 final: 0.01381604024231376
End

Printing Primal Residual Statistics.
U Residual Norm2: (0.0005636296031833017 8.478735586097082e-05 2.59507185038202e-11)
U Residual Mean: (3.478419273933445e-06 5.176402490866241e-07 1.125308590723884e-13)
U Residual Max: (6.585680386850257e-05 9.492028953728138e-06 3.876479441511045e-12)
p Residual Norm2: 1.703149067732723e-05
p Residual Mean: 3.680321974205035e-08
p Residual Max: 6.115474013688941e-06
omega Residual Norm2: 0.07063082343672482
omega Residual Mean: 0.0002299656371921043
omega Residual Max: 0.01449055507903686
k Residual Norm2: 3.100202139408337e-05
k Residual Mean: 2.334554978403296e-07
k Residual Max: 3.256372961940717e-06
phi Residual Norm2: 5.721912558325378e-07
phi Residual Mean: 1.390470769969816e-09
phi Residual Max: 3.660540013892327e-08
Total Residual Norm2: 0.07063313201394585
 
 
TIMING primal_wall_s: 9.139
OBJ UFieldVar: 1.3816040242313756e-02
Finalising parallel run
Finalising parallel run
