WARNING 7: VSPAERO Viewer Not Found. 
	Expected here: /home/dafoamuser/dafoam/packages/miniconda3/lib/python3.10/site-packages/openvsp/vspviewer
WARNING 7: VSPAERO Viewer Not Found. 
	Expected here: /home/dafoamuser/dafoam/packages/miniconda3/lib/python3.10/site-packages/openvsp/vspviewer
WARNING 7: VSPAERO Viewer Not Found. 
	Expected here: /home/dafoamuser/dafoam/packages/miniconda3/lib/python3.10/site-packages/openvsp/vspviewer
WARNING 7: VSPAERO Viewer Not Found. 
	Expected here: /home/dafoamuser/dafoam/packages/miniconda3/lib/python3.10/site-packages/openvsp/vspviewer
 
-------------------------------------------------------------------------------
|                               DAFoam v5.0.0                                 |
-------------------------------------------------------------------------------
 
/*---------------------------------------------------------------------------*\
| =========                 |                                                 |
| \\      /  F ield         | OpenFOAM: The Open Source CFD Toolbox           |
|  \\    /   O peration     | Version:  2506                                  |
|   \\  /    A nd           | Website:  www.openfoam.com                      |
|    \\/     M anipulation  |                                                 |
\*---------------------------------------------------------------------------*/
Build  : _615aae61d7-20250627 OPENFOAM=2506 version=v2506
Arch   : "LSB;label=32;scalar=64"
Exec   : decomposePar
Date   : Jul 31 2026
Time   : 10:33:26
Host   : ip-172-31-43-247
PID    : 2331
--> FOAM Warning : 
    From Foam::fileName Foam::cwd_L()
    in file POSIX.C at line 554
    PWD is not the cwd() - reverting to physical description
I/O    : uncollated
--> FOAM Warning : 
    From Foam::fileName Foam::cwd_L()
    in file POSIX.C at line 554
    PWD is not the cwd() - reverting to physical description
Case   : /home/dafoamuser/mount/ramp_kw/c1
nProcs : 1
trapFpe: Floating point exception trapping enabled (FOAM_SIGFPE).
fileModificationChecking : Monitoring run-time modified files using timeStampMaster (fileModificationSkew 5, maxFileModificationPolls 20)
allowSystemOperations : Allowing user-supplied system call operations

// * * * * * * * * * * * * * * * * * * * * * * * * * * * * * * * * * * * * * //
Create time

Overriding DebugSwitches according to controlDict
    SolverPerformance 0;



Decomposing mesh

Create mesh

Calculating distribution of cells
Decomposition method scotch [4] (region region0)

Finished decomposition in 0 s

Calculating original mesh data

Distributing cells to processors

Distributing faces to processors

Distributing points to processors

Constructing processor meshes
Overriding DebugSwitches according to controlDict
    SolverPerformance 0;


Processor 0
    Number of cells = 1250
    Number of points = 2652
    Number of faces shared with processor 1 = 50
    Number of processor patches = 1
    Number of processor faces = 50
    Number of boundary faces = 2600
Overriding DebugSwitches according to controlDict
    SolverPerformance 0;


Processor 1
    Number of cells = 1250
    Number of points = 2652
    Number of faces shared with processor 0 = 50
    Number of faces shared with processor 3 = 50
    Number of processor patches = 2
    Number of processor faces = 100
    Number of boundary faces = 2550
Overriding DebugSwitches according to controlDict
    SolverPerformance 0;


Processor 2
    Number of cells = 1250
    Number of points = 2652
    Number of faces shared with processor 3 = 50
    Number of processor patches = 1
    Number of processor faces = 50
    Number of boundary faces = 2600
Overriding DebugSwitches according to controlDict
    SolverPerformance 0;


Processor 3
    Number of cells = 1250
    Number of points = 2652
    Number of faces shared with processor 1 = 50
    Number of faces shared with processor 2 = 50
    Number of processor patches = 2
    Number of processor faces = 100
    Number of boundary faces = 2550

Number of processor faces = 150
Max number of cells = 1250 (0% above average 1250)
Max number of processor patches = 2 (33.33333333333334% above average 1.5)
Max number of faces between processors = 100 (33.33333333333334% above average 75)

Time = 0

Processor 0: field transfer
Overriding DebugSwitches according to controlDict
    SolverPerformance 0;

Processor 1: field transfer
Overriding DebugSwitches according to controlDict
    SolverPerformance 0;

Processor 2: field transfer
Overriding DebugSwitches according to controlDict
    SolverPerformance 0;

Processor 3: field transfer
Overriding DebugSwitches according to controlDict
    SolverPerformance 0;


End

I/O    : uncollated
--> FOAM Warning : 
    From Foam::fileName Foam::cwd_L()
    in file POSIX.C at line 554
    PWD is not the cwd() - reverting to physical description
Case   : /home/dafoamuser/mount/ramp_kw/c1
nProcs : 4
Hosts  :
(
    (ip-172-31-43-247 4)
)
Pstream initialized with:
    node communication : off [type=host] (4 ranks, 1 nodes)
    topology controls  : none
    consensus exchange : 0 (tuning: 0)
    exchange algorithm : 0
    commsType          : nonBlocking
    polling iterations : 0
Initializing mesh and runtime for DASolver
Create time

Overriding DebugSwitches according to controlDict
    SolverPerformance 0;

Create mesh for time = 0
Replacing wallDist.method meshWave -> meshWaveFrozen
DAOption created. DASolver initialized.
I/O    : uncollated
--> FOAM Warning : 
    From Foam::fileName Foam::cwd_L()
    in file POSIX.C at line 554
    PWD is not the cwd() - reverting to physical description
[2] UPstream::init : could not attach buffer
[3] UPstream::init : could not attach buffer
[1] UPstream::init : could not attach buffer
[0] UPstream::init : could not attach buffer
Case   : /home/dafoamuser/mount/ramp_kw/c1
nProcs : 4
Hosts  :
(
    (ip-172-31-43-247 4)
)
Pstream initialized with:
    node communication : off [type=host] (4 ranks, 1 nodes)
    topology controls  : none
    consensus exchange : 0 (tuning: 0)
    exchange algorithm : 0
    commsType          : nonBlocking
    polling iterations : 0
Initializing mesh and runtime for DASolver
Create time

Overriding DebugSwitches according to controlDict
    SolverPerformance 0;

Create mesh for time = 0
Replacing wallDist.method meshWave -> meshWaveFrozen
DAOption created. DASolver initialized.
Initializing fields for DASimpleFoam
Create simpleControl.

SIMPLE: no convergence criteria found. Calculations will run for 5000 steps.

Reading field p

Reading field U

Reading/calculating face flux field phi

Creating source term. 
Selecting incompressible transport model Newtonian
Selecting turbulence model type RAS
Selecting RAS turbulence model kOmegaSST
Selecting patchDistMethod meshWaveFrozen
No MRF models present

Turbulence model is incompressible
Adjoint States: 
5
(
U volVectorState
k modelState
phi surfaceScalarState
p volScalarState
omega modelState
)
Global Cells: 5000
Global Faces: 20300
Global Xv: 31824
Undecomposed points: 10302
Global Adjoint States: 50300

SIMPLE: no convergence criteria found. Calculations will run for 5000 steps.

DACheckMesh Thresholds: 
maxNonOrth: 70
maxSkewness: 4
maxAspectRatio: 1000
maxIncorrectlyOrientedFaces: 0
    Adding cells with centre within boxes 1((-10 -10 -10) (10 10 10))
Find 10000 reference points for variance of U
Initializing fields for DASimpleFoam
Create simpleControl.

SIMPLE: no convergence criteria found. Calculations will run for 5000 steps.

Reading field p

Reading field U

Reading/calculating face flux field phi

Creating source term. 
Selecting incompressible transport model Newtonian
Selecting turbulence model type RAS
Selecting RAS turbulence model kOmegaSST
Selecting patchDistMethod meshWaveFrozen
No MRF models present

Turbulence model is incompressible
Adjoint States: 
5
(
U volVectorState
k modelState
phi surfaceScalarState
p volScalarState
omega modelState
)
Global Cells: 5000
Global Faces: 20300
Global Xv: 31824
Undecomposed points: 10302
Global Adjoint States: 50300

SIMPLE: no convergence criteria found. Calculations will run for 5000 steps.

DACheckMesh Thresholds: 
maxNonOrth: 70
maxSkewness: 4
maxAspectRatio: 1000
maxIncorrectlyOrientedFaces: 0
    Adding cells with centre within boxes 1((-10 -10 -10) (10 10 10))
Find 10000 reference points for variance of U
Init solver done! ElapsedClockTime 0.000000 s
Init solver done! ElapsedCpuTime 0.260000 s
initState: 
7
(
k 0.01500000000000026
phi 0
U1 0
U2 0
p 0
omega 30
U0 4.999999999999893
)
Setting up primal boundary conditions based on pyOptions: 
Setting primal boundary conditions...
Setting U = (10 0 0) at inlet
Setting nut wall BC for bot. BCType=nutkWallFunction
Setting k wall BC for bot. BCType=kqRWallFunction
Setting omega wall BC for bot. BCType=omegaWallFunction
Reading OpenFOAM mesh information...
I/O    : uncollated
--> FOAM Warning : 
    From Foam::fileName Foam::cwd_L()
    in file POSIX.C at line 554
    PWD is not the cwd() - reverting to physical description
Case   : /home/dafoamuser/mount/ramp_kw/c1
nProcs : 4
Hosts  :
(
    (ip-172-31-43-247 4)
)
Pstream initialized with:
    node communication : off [type=host] (4 ranks, 1 nodes)
    topology controls  : none
    consensus exchange : 0 (tuning: 0)
    exchange algorithm : 0
    commsType          : nonBlocking
    polling iterations : 0
Reading the OpenFOAM mesh..
Overriding DebugSwitches according to controlDict
    SolverPerformance 0;

Checking if we need to compress the mesh files
Checking if we need to compress the mesh files
Finalising parallel run
DAFoam option dictionary: 
{
    solverName      DASimpleFoam;
    primalMinResTol 1e-08;
    primalFuncStdTol
    {
        stdTol          -1;
        slopeTol        -1;
        funcNames       1 ( CD );
        nStepsFrac      0.2;
    }
    primalBC
    {
        U0
        {
            variable        U;
            patches         1 ( inlet );
            value           3 ( 10 0 0 );
        }
        useWallFunction 1;
    }
    primalInitCondition
    {
    }
    normalizeStates
    {
        U               10;
        p               50;
        nuTilda         0.001;
        phi             1;
    }
    function
    {
        UFieldVar
        {
            type            variance;
            source          boxToCell;
            min             3 { -10 };
            max             3 { 10 };
            scale           0.1;
            mode            field;
            varName         U;
            varType         vector;
            indices         2 ( 0 1 );
            timeDependentRefData 0;
        }
    }
    inputInfo
    {
        beta
        {
            type            field;
            fieldName       betaFIOmega;
            fieldType       scalar;
            distributed     0;
            components      2 ( solver function );
        }
    }
    outputInfo
    {
    }
    designSurfaces  1 ( ALL_OPENFOAM_WALL_PATCHES );
    fvSource
    {
    }
    prepareCaseOnly 0;
    adjEqnSolMethod Krylov;
    dynamicMesh
    {
        active          0;
        mode            rotation;
        center          3 ( 0.25 0 0 );
        axis            z;
        omega           0.1;
        s               2;
        t0              0.35;
    }
    primalVarBounds
    {
        UMax            1000;
        UMin            -1000;
        pMax            50000;
        pMin            -50000;
        p_rghMax        50000;
        p_rghMin        -50000;
        eMax            55000;
        eMin            -220000;
        TMax            1000;
        TMin            100;
        hMax            200000;
        hMin            -200000;
        DMax            1e+16;
        DMin            -1e+16;
        rhoMax          5;
        rhoMin          0.2;
        nuTildaMax      1e+16;
        nuTildaMin      1e-16;
        kMax            1e+16;
        kMin            1e-16;
        omegaMax        1e+16;
        omegaMin        -1e+16;
        epsilonMax      1e+16;
        epsilonMin      1e-16;
        ReThetatMax     1e+16;
        ReThetatMin     1e-16;
        gammaIntMax     1e+16;
        gammaIntMin     1e-16;
    }
    discipline      aero;
    adjPartDerivFDStep
    {
        State           1e-06;
    }
    transonicPCOption -1;
    unsteadyAdjoint
    {
        mode            None;
        PCMatPrecomputeInterval 100;
        PCMatUpdateInterval 1;
        reduceIO        1;
        additionalOutput 1 ( None );
        additionalOldTime 1 ( None );
        readZeroFields  1;
    }
    adjPCLag        10000;
    useAD
    {
        mode            reverse;
        dvName          None;
        seedIndex       -9999;
    }
    useConstrainHbyA 1;
    forceMeshWaveFrozen 1;
    useDdtCorr      0;
    regressionModel
    {
        active          0;
    }
    useMeanStates   0;
    solveLinearFunctionName None;
    printDAOptions  1;
    debug           0;
    writeJacobians  1 ( None );
    printInterval   100;
    printIntervalUnsteady 1;
    primalMinResTolDiff 1000;
    adjUseColoring  1;
    adjEqnOption
    {
        globalPCIters   0;
        asmOverlap      1;
        localPCIters    1;
        jacMatReOrdering natural;
        pcFillLevel     1;
        gmresMaxIters   1000;
        gmresRestart    1000;
        gmresRelTol     1e-06;
        gmresAbsTol     1e-14;
        gmresTolDiff    100;
        useNonZeroInitGuess 0;
        useMGSO         0;
        printInfo       1;
        fpMaxIters      1000;
        fpRelTol        1e-06;
        fpMinResTolDiff 100;
        fpPCUpwind      0;
        dynAdjustTol    0;
        KSPCalcEigen    0;
        KSPCalcSingularVal 0;
        readPCMat       0;
    }
    normalizeResiduals 11 ( URes pRes p_rghRes nuTildaRes phiRes TRes DRes kRes omegaRes epsilonRes alpha.waterRes );
    maxResConLv4JacPCMat
    {
        pRes            2;
        phiRes          1;
        URes            2;
        TRes            2;
        nuTildaRes      2;
        kRes            2;
        epsilonRes      2;
        omegaRes        2;
        p_rghRes        2;
        DRes            2;
        gammaIntRes     2;
        ReThetatRes     2;
        alpha.waterRes  2;
    }
    jacLowerBounds
    {
        dRdW            1e-30;
        dRdWPC          1e-30;
    }
    maxTractionBCIters 100;
    decomposeParDict
    {
        method          scotch;
        simpleCoeffs
        {
            n               3 ( 2 2 1 );
            delta           0.001;
        }
        kahipCoeffs
        {
            config          fast;
            imbalance       0.01;
        }
        preservePatches 1 ( None );
        singleProcessorFaceSets 1 ( None );
        args            1 ( None );
    }
    adjStateOrdering cell;
    checkMeshThreshold
    {
        maxAspectRatio  1000;
        maxNonOrth      70;
        maxSkewness     4;
        maxIncorrectlyOrientedFaces 0;
    }
    writeDeformedFFDs 0;
    writeDeformedConstraints 0;
    writeAdjointFields 0;
    maxCorrectBCCalls 2;
    writeMinorIterations 0;
    primalMinIters  1;
    tensorflow
    {
        active          0;
    }
    wallDistanceMethod default;
    unsteadyCompOutput
    {
    }
}

pyDAFoam initialization done!
dRdWT Jacobian Free created!
I/O    : uncollated
/home/dafoamuser/dafoam/packages/miniconda3/lib/python3.10/site-packages/openmdao/core/component.py:140: OMDeprecationWarning:'scenario1.coupling.solver' <class DAFoamSolver>: It appears this component mixes distributed/non-distributed inputs and outputs, so it may break starting with OpenMDAO 3.25, where the convention used when passing data between distributed and non-distributed inputs and outputs within a matrix free component will change. See https://github.com/OpenMDAO/POEMs/blob/master/POEM_075.md for details.
/home/dafoamuser/dafoam/packages/miniconda3/lib/python3.10/site-packages/openmdao/core/component.py:140: OMDeprecationWarning:'scenario1.coupling.solver' <class DAFoamSolver>: It appears this component mixes distributed/non-distributed inputs and outputs, so it may break starting with OpenMDAO 3.25, where the convention used when passing data between distributed and non-distributed inputs and outputs within a matrix free component will change. See https://github.com/OpenMDAO/POEMs/blob/master/POEM_075.md for details.
/home/dafoamuser/dafoam/packages/miniconda3/lib/python3.10/site-packages/openmdao/core/component.py:140: OMDeprecationWarning:'scenario1.coupling.solver' <class DAFoamSolver>: It appears this component mixes distributed/non-distributed inputs and outputs, so it may break starting with OpenMDAO 3.25, where the convention used when passing data between distributed and non-distributed inputs and outputs within a matrix free component will change. See https://github.com/OpenMDAO/POEMs/blob/master/POEM_075.md for details.
/home/dafoamuser/dafoam/packages/miniconda3/lib/python3.10/site-packages/openmdao/core/component.py:140: OMDeprecationWarning:'scenario1.coupling.solver' <class DAFoamSolver>: It appears this component mixes distributed/non-distributed inputs and outputs, so it may break starting with OpenMDAO 3.25, where the convention used when passing data between distributed and non-distributed inputs and outputs within a matrix free component will change. See https://github.com/OpenMDAO/POEMs/blob/master/POEM_075.md for details.
/home/dafoamuser/dafoam/packages/miniconda3/lib/python3.10/site-packages/openmdao/core/component.py:140: OMDeprecationWarning:'scenario1.aero_post.functionals' <class DAFoamFunctions>: It appears this component mixes distributed/non-distributed inputs and outputs, so it may break starting with OpenMDAO 3.25, where the convention used when passing data between distributed and non-distributed inputs and outputs within a matrix free component will change. See https://github.com/OpenMDAO/POEMs/blob/master/POEM_075.md for details.
/home/dafoamuser/dafoam/packages/miniconda3/lib/python3.10/site-packages/openmdao/core/component.py:140: OMDeprecationWarning:'scenario1.aero_post.functionals' <class DAFoamFunctions>: It appears this component mixes distributed/non-distributed inputs and outputs, so it may break starting with OpenMDAO 3.25, where the convention used when passing data between distributed and non-distributed inputs and outputs within a matrix free component will change. See https://github.com/OpenMDAO/POEMs/blob/master/POEM_075.md for details.
/home/dafoamuser/dafoam/packages/miniconda3/lib/python3.10/site-packages/openmdao/core/component.py:140: OMDeprecationWarning:'scenario1.aero_post.functionals' <class DAFoamFunctions>: It appears this component mixes distributed/non-distributed inputs and outputs, so it may break starting with OpenMDAO 3.25, where the convention used when passing data between distributed and non-distributed inputs and outputs within a matrix free component will change. See https://github.com/OpenMDAO/POEMs/blob/master/POEM_075.md for details.
/home/dafoamuser/dafoam/packages/miniconda3/lib/python3.10/site-packages/openmdao/core/component.py:140: OMDeprecationWarning:'scenario1.aero_post.functionals' <class DAFoamFunctions>: It appears this component mixes distributed/non-distributed inputs and outputs, so it may break starting with OpenMDAO 3.25, where the convention used when passing data between distributed and non-distributed inputs and outputs within a matrix free component will change. See https://github.com/OpenMDAO/POEMs/blob/master/POEM_075.md for details.
Checking mesh quality for time = 0
    Overall domain bounding box (0 -0.5000000000000003 -1.734723475976807e-18) (3 0.5 0.05000000074505812)
    Mesh has 3 geometric (non-empty/wedge) directions (1 1 1)
    Mesh has 3 solution (non-empty) directions (1 1 1)
    Boundary openness (-2.496858518655798e-17 -3.453853160903114e-18 -1.64989464220793e-17) OK.
    Max cell openness = 5.900422408863415e-15 OK.
    Max aspect ratio = 250.9727357179337 OK.
    Minimum face area = 5.608835469031568e-06. Maximum face area = 0.0016261423064255.  Face area magnitudes OK.
    Min volume = 2.804418810632305e-07. Max volume = 5.084633467474263e-05.  Total volume = 0.1187499957319696.  Cell volumes OK.
    Mesh non-orthogonality Max: 46.8117354617747 average: 14.38071650818499
    Non-orthogonality check OK.
    Face pyramids OK.
    Max skewness = 0.1126369503222542 OK.
    Coupled point location match (average 0) OK.

Mesh OK.

Running Primal Solver 001
Previous solution time -1e+10 not found and nothing deleted.
No finite volume options present

Starting time loop

Time = 1

U0 initRes: 0.9999999999999893 finalRes: 0.08323070542206014 nIters: 1
U1 initRes: 1 finalRes: 0.08056053471460327 nIters: 4
U2 initRes: 0.9999999999930469 finalRes: 0.08627460586677578 nIters: 4
p initRes: 1 finalRes: 0.09907812895860202 nIters: 8
Time step continuity errors : sum local = 0.2085931526133491
                                 global = -0.003142096964610287
                             cumulative = -0.003142096964610287
omega initRes: 0.06083098907637854 finalRes: 0.004950264562241726 nIters: 2
k initRes: 0.9999999999995529 finalRes: 0.05096018430796344 nIters: 2
UFieldVar: 1.037059988867985 final: 1.037059988867985
yPlus min: 6.077833140909032 max: 9.665185744865934 mean: 8.166151107076532
ExecutionTime = 0.41 s  ClockTime = 1 s

Time = 100

U0 initRes: 0.1055114468166714 finalRes: 0.006808272512915768 nIters: 4
U1 initRes: 0.3230033715805791 finalRes: 0.01953936145790865 nIters: 4
U2 initRes: 0.08289995386092799 finalRes: 0.00542642307767727 nIters: 4
Bounding U<1000
p initRes: 0.7180236605404892 finalRes: 0.05663514337432208 nIters: 3
Time step continuity errors : sum local = 19.04134735569998
                                 global = -0.533677967962969
                             cumulative = -0.5368200649275793
Bounding U<1000
omega initRes: 0.3095975498991091 finalRes: 0.01642558066412796 nIters: 1
k initRes: 0.3104023664041343 finalRes: 0.02052920875388647 nIters: 1
UFieldVar: 142.6921620977983 final: 142.6921620977983
yPlus min: 4.022331213443096 max: 137.5959169227285 mean: 28.12259706011407
ExecutionTime = 1.23 s  ClockTime = 1 s

Time = 200

U0 initRes: 0.01203076236193827 finalRes: 0.0007384783045687164 nIters: 3
U1 initRes: 0.03106079946608917 finalRes: 0.00194772812966698 nIters: 3
U2 initRes: 0.02555664749140357 finalRes: 0.001923821127101288 nIters: 3
p initRes: 0.1173300449254409 finalRes: 0.009530061251237603 nIters: 5
Time step continuity errors : sum local = 0.05119904208161265
                                 global = -0.003026197838898111
                             cumulative = -0.5398462627664774
omega initRes: 0.001569261133072752 finalRes: 0.0001051343129973743 nIters: 3
k initRes: 0.01570311824425557 finalRes: 0.001112968767660916 nIters: 3
UFieldVar: 4.561007337139574 final: 4.561007337139574
yPlus min: 1.135806365228629 max: 16.35809854366672 mean: 6.268144184903935
ExecutionTime = 1.66 s  ClockTime = 1 s

Time = 300

U0 initRes: 0.006334743994578774 finalRes: 0.0004753928763029217 nIters: 3
U1 initRes: 0.01745108383031773 finalRes: 0.001089153188605256 nIters: 3
U2 initRes: 0.01074477195506657 finalRes: 0.0005766631087280685 nIters: 3
p initRes: 0.05273182295560291 finalRes: 0.004055837272172872 nIters: 4
Time step continuity errors : sum local = 0.008765843528745664
                                 global = 0.001504961661996255
                             cumulative = -0.5383413011044812
omega initRes: 0.0003930323443450656 finalRes: 2.525909716873395e-05 nIters: 3
k initRes: 0.01953427173753765 finalRes: 0.001118462444877758 nIters: 4
UFieldVar: 0.6096243434383277 final: 0.6096243434383277
yPlus min: 0.3927427112123666 max: 10.67048291684603 mean: 4.136926894803824
ExecutionTime = 2.09 s  ClockTime = 2 s

Time = 400

U0 initRes: 0.002987061651168737 finalRes: 0.0002684553053876303 nIters: 2
U1 initRes: 0.03473333663662282 finalRes: 0.002179566130334602 nIters: 2
U2 initRes: 0.01662305645265777 finalRes: 0.0006382035323270167 nIters: 2
p initRes: 0.09159980128779797 finalRes: 0.009006090817584137 nIters: 4
Time step continuity errors : sum local = 0.007914547653189625
                                 global = 0.0008229237459720199
                             cumulative = -0.5375183773585092
omega initRes: 0.000166928722623985 finalRes: 1.046575708817068e-05 nIters: 3
k initRes: 0.008174003377100761 finalRes: 0.0004710566862418566 nIters: 3
UFieldVar: 0.07778077745030335 final: 0.07778077745030335
yPlus min: 0.3027887321976503 max: 6.795896316087752 mean: 3.41331656474557
ExecutionTime = 2.52 s  ClockTime = 2 s

Time = 500

U0 initRes: 0.0002874115430776335 finalRes: 1.822910246846982e-05 nIters: 3
U1 initRes: 0.005397345705478456 finalRes: 0.000238634358283005 nIters: 3
U2 initRes: 0.0009187379305038245 finalRes: 5.238503414803965e-05 nIters: 2
p initRes: 0.008348623972050795 finalRes: 0.0007265314000244917 nIters: 4
Time step continuity errors : sum local = 0.0005269655752729854
                                 global = 5.804488079969876e-05
                             cumulative = -0.5374603324777094
omega initRes: 2.539841841879417e-05 finalRes: 2.29818094807391e-06 nIters: 3
k initRes: 0.002542374927297823 finalRes: 0.0001874459447796426 nIters: 4
UFieldVar: 0.01788525820668074 final: 0.01788525820668074
yPlus min: 0.08508521595187526 max: 6.795909491149862 mean: 3.063598926747306
ExecutionTime = 2.94 s  ClockTime = 3 s

Time = 600

U0 initRes: 5.184996272681536e-05 finalRes: 4.218893212374543e-06 nIters: 3
U1 initRes: 0.0009808771597874439 finalRes: 5.369029429196038e-05 nIters: 3
U2 initRes: 0.0002211134815775383 finalRes: 1.396539366852158e-05 nIters: 3
p initRes: 0.001267549691142456 finalRes: 0.0001164052440715808 nIters: 5
Time step continuity errors : sum local = 9.210228395302575e-05
                                 global = -1.218539375073673e-05
                             cumulative = -0.5374725178714601
omega initRes: 7.944498903373933e-06 finalRes: 7.474188018523718e-07 nIters: 3
k initRes: 0.0005136738338433033 finalRes: 4.189101113536801e-05 nIters: 4
UFieldVar: 0.01194646727307773 final: 0.01194646727307773
yPlus min: 0.6422000283292015 max: 6.795908974871943 mean: 2.858905415668805
ExecutionTime = 3.37 s  ClockTime = 3 s

Time = 700

U0 initRes: 1.969257561552745e-05 finalRes: 1.550447698304045e-06 nIters: 3
U1 initRes: 0.0003268297414373777 finalRes: 1.860879429320716e-05 nIters: 3
U2 initRes: 8.731246399663729e-05 finalRes: 6.300226257598419e-06 nIters: 2
p initRes: 0.0002701779334689324 finalRes: 2.112855852420543e-05 nIters: 7
Time step continuity errors : sum local = 1.548321556571466e-05
                                 global = -2.430291348747975e-06
                             cumulative = -0.5374749481628088
omega initRes: 1.80834662540947e-06 finalRes: 9.345719921090143e-08 nIters: 3
k initRes: 9.632620225878702e-05 finalRes: 6.546821682117323e-06 nIters: 4
UFieldVar: 0.01326707042550324 final: 0.01326707042550324
yPlus min: 0.7682328792126376 max: 6.795908485800362 mean: 2.731255810580087
ExecutionTime = 3.82 s  ClockTime = 4 s

Time = 800

U0 initRes: 6.771729585970952e-06 finalRes: 4.180005473402683e-07 nIters: 3
U1 initRes: 8.990722247351757e-05 finalRes: 5.60032722917032e-06 nIters: 3
U2 initRes: 3.627511551295358e-05 finalRes: 3.223026043375451e-06 nIters: 2
p initRes: 0.0001221588256835053 finalRes: 1.16999086390255e-05 nIters: 6
Time step continuity errors : sum local = 8.522510169547503e-06
                                 global = -2.775750689074876e-07
                             cumulative = -0.5374752257378778
omega initRes: 6.1876079697832e-07 finalRes: 5.225492069179579e-08 nIters: 2
k initRes: 2.615589690404148e-05 finalRes: 1.387253233143224e-06 nIters: 4
UFieldVar: 0.01369646091003694 final: 0.01369646091003694
yPlus min: 0.7670132138882186 max: 6.795908584721086 mean: 2.692137394914865
ExecutionTime = 4.27 s  ClockTime = 4 s

Time = 900

U0 initRes: 2.026262622692136e-06 finalRes: 1.790537568038769e-07 nIters: 3
U1 initRes: 2.255085560941967e-05 finalRes: 1.144070013856226e-06 nIters: 3
U2 initRes: 5.580080565596567e-06 finalRes: 4.793410951549314e-07 nIters: 2
p initRes: 2.343872442831204e-05 finalRes: 2.186297456982893e-06 nIters: 5
Time step continuity errors : sum local = 1.589236182493829e-06
                                 global = -2.402181135695218e-07
                             cumulative = -0.5374754659559914
omega initRes: 1.916030387075133e-07 finalRes: 9.260439694419793e-09 nIters: 3
k initRes: 5.616978454155515e-06 finalRes: 5.106263315362172e-07 nIters: 3
UFieldVar: 0.0137741741933119 final: 0.0137741741933119
yPlus min: 0.7543996781678608 max: 6.795908584930975 mean: 2.684965932786004
ExecutionTime = 4.71 s  ClockTime = 4 s

Time = 1000

U0 initRes: 1.052487834416312e-06 finalRes: 8.971163000679365e-08 nIters: 3
U1 initRes: 1.058304545621618e-05 finalRes: 9.196140140946146e-07 nIters: 2
U2 initRes: 2.519506626471256e-06 finalRes: 1.528179350262851e-07 nIters: 2
p initRes: 5.198678271746508e-06 finalRes: 4.8642310603815e-07 nIters: 7
Time step continuity errors : sum local = 3.524766601879679e-07
                                 global = -7.407230153090472e-08
                             cumulative = -0.5374755400282929
omega initRes: 8.274684824340299e-08 finalRes: 4.712433241581352e-09 nIters: 3
k initRes: 2.648922360132289e-06 finalRes: 2.643126347912864e-07 nIters: 3
UFieldVar: 0.01380737510734917 final: 0.01380737510734917
yPlus min: 0.750986722395418 max: 6.795908592446882 mean: 2.685800415788772
ExecutionTime = 5.16 s  ClockTime = 5 s

Time = 1100

U0 initRes: 5.770615058741909e-07 finalRes: 4.170397896989588e-08 nIters: 3
U1 initRes: 5.425731833117476e-06 finalRes: 4.892415459405538e-07 nIters: 2
U2 initRes: 1.65658511728355e-06 finalRes: 1.060592036552836e-07 nIters: 2
p initRes: 4.302497538151349e-06 finalRes: 3.15155251477497e-07 nIters: 7
Time step continuity errors : sum local = 2.279716180922237e-07
                                 global = -2.923101472189982e-08
                             cumulative = -0.5374755692593076
omega initRes: 4.377196048477624e-08 finalRes: 2.222046342583458e-09 nIters: 3
k initRes: 1.430835781422792e-06 finalRes: 1.331666953863391e-07 nIters: 3
UFieldVar: 0.01382176122866332 final: 0.01382176122866332
yPlus min: 0.7504145936177141 max: 6.795908589716405 mean: 2.687283472956693
ExecutionTime = 5.63 s  ClockTime = 5 s

Time = 1200

U0 initRes: 2.721268483784754e-07 finalRes: 1.794096359793894e-08 nIters: 3
U1 initRes: 2.555829455259665e-06 finalRes: 2.283963255817095e-07 nIters: 2
U2 initRes: 8.316537116624246e-07 finalRes: 5.448958898637148e-08 nIters: 2
p initRes: 2.324843783790366e-06 finalRes: 1.711040864084299e-07 nIters: 7
Time step continuity errors : sum local = 1.236665223582082e-07
                                 global = -1.31163924583032e-08
                             cumulative = -0.5374755823757
omega initRes: 2.027196546695028e-08 finalRes: 9.591568327159877e-10 nIters: 3
k initRes: 6.493833287085032e-07 finalRes: 5.46016544846755e-08 nIters: 3
UFieldVar: 0.01382889091784781 final: 0.01382889091784781
yPlus min: 0.7504330091552078 max: 6.795908586816924 mean: 2.688085164040972
ExecutionTime = 6.08 s  ClockTime = 6 s

Time = 1300

U0 initRes: 1.170055966968192e-07 finalRes: 7.480592449811477e-09 nIters: 3
U1 initRes: 1.098509971329547e-06 finalRes: 9.698824060405133e-08 nIters: 2
U2 initRes: 3.605778713942303e-07 finalRes: 2.37874596287394e-08 nIters: 2
p initRes: 1.029750037088918e-06 finalRes: 7.650854460219691e-08 nIters: 7
Time step continuity errors : sum local = 5.52765440255372e-08
                                 global = -5.589132082318073e-09
                             cumulative = -0.5374755879648321
omega initRes: 8.92347057507241e-09 finalRes: 4.211727854472559e-10 nIters: 3
k initRes: 2.728033429550909e-07 finalRes: 2.143565335734407e-08 nIters: 3
UFieldVar: 0.01383230014853456 final: 0.01383230014853456
yPlus min: 0.7504973604683088 max: 6.795908585350105 mean: 2.688431080450805
ExecutionTime = 6.52 s  ClockTime = 6 s

Time = 1400

U0 initRes: 4.932312233750595e-08 finalRes: 3.128055736085664e-09 nIters: 3
U1 initRes: 4.631537126961502e-07 finalRes: 4.044699713501095e-08 nIters: 2
U2 initRes: 1.514815448054521e-07 finalRes: 9.990315363764582e-09 nIters: 2
p initRes: 4.341615624511492e-07 finalRes: 4.311446002794176e-08 nIters: 5
Time step continuity errors : sum local = 3.114481967286064e-08
                                 global = -4.283382014335968e-09
                             cumulative = -0.5374755922482141
omega initRes: 3.762167136794185e-09 finalRes: 3.759558391068888e-10 nIters: 2
k initRes: 1.1318394504866e-07 finalRes: 8.552256262951479e-09 nIters: 3
UFieldVar: 0.01383381083353311 final: 0.01383381083353311
yPlus min: 0.7505278264544205 max: 6.795908584662557 mean: 2.688570796117725
ExecutionTime = 6.97 s  ClockTime = 7 s

Time = 1500

U0 initRes: 2.0743421651098e-08 finalRes: 1.310551658538355e-09 nIters: 3
U1 initRes: 1.960296491057624e-07 finalRes: 1.711627577680198e-08 nIters: 2
U2 initRes: 6.349829233568062e-08 finalRes: 4.159415498877777e-09 nIters: 2
p initRes: 1.821894865997618e-07 finalRes: 1.68685849817125e-08 nIters: 5
Time step continuity errors : sum local = 1.218464297906358e-08
                                 global = -1.790129242351073e-09
                             cumulative = -0.5374755940383433
omega initRes: 1.574496440884556e-09 finalRes: 1.565596471472657e-10 nIters: 2
k initRes: 4.697564305532367e-08 finalRes: 3.471391829711972e-09 nIters: 3
UFieldVar: 0.01383446173771728 final: 0.01383446173771728
yPlus min: 0.7505398102100799 max: 6.795908584382395 mean: 2.688627414547709
ExecutionTime = 7.41 s  ClockTime = 7 s

Time = 1600

U0 initRes: 8.719558695270517e-09 finalRes: 5.519390906876347e-10 nIters: 3
U1 initRes: 8.250529951756311e-08 finalRes: 7.174720157256364e-09 nIters: 2
U2 initRes: 2.675498339035284e-08 finalRes: 1.744910726517045e-09 nIters: 2
p initRes: 7.643188556492943e-08 finalRes: 7.361704403700938e-09 nIters: 5
Time step continuity errors : sum local = 5.31741282445281e-09
                                 global = -7.658047796150291e-10
                             cumulative = -0.5374755948041481
omega initRes: 6.615476703880178e-10 finalRes: 6.579386089348827e-11 nIters: 2
k initRes: 1.968641826617225e-08 finalRes: 1.440725787239057e-09 nIters: 3
UFieldVar: 0.01383473861894591 final: 0.01383473861894591
yPlus min: 0.7505444986080572 max: 6.795908584254637 mean: 2.688650737166447
ExecutionTime = 7.85 s  ClockTime = 8 s

Time = 1700

U0 initRes: 3.66554823993235e-09 finalRes: 2.331698954346516e-10 nIters: 3
U1 initRes: 3.467683402155928e-08 finalRes: 3.005546489817374e-09 nIters: 2
U2 initRes: 1.13429298009204e-08 finalRes: 7.362065933407582e-10 nIters: 2
p initRes: 3.183175924549299e-08 finalRes: 2.418317865555435e-09 nIters: 7
Time step continuity errors : sum local = 1.746746889391288e-09
                                 global = -1.864197776941758e-10
                             cumulative = -0.5374755949905679
omega initRes: 2.794467370114071e-10 finalRes: 1.315247099777144e-11 nIters: 3
k initRes: 8.276197224848273e-09 finalRes: 6.039819300517885e-10 nIters: 3
UFieldVar: 0.01383485574992906 final: 0.01383485574992906
yPlus min: 0.7505463782329662 max: 6.795908584203223 mean: 2.688660468649824
ExecutionTime = 8.300000000000001 s  ClockTime = 8 s

Time = 1800

U0 initRes: 1.548981029654413e-09 finalRes: 9.831824304509627e-11 nIters: 3
U1 initRes: 1.467370431962831e-08 finalRes: 1.273653543802628e-09 nIters: 2
U2 initRes: 4.911256166604133e-09 finalRes: 3.091461811899004e-10 nIters: 2
p initRes: 1.351228527993678e-08 finalRes: 1.322624107979342e-09 nIters: 5
Time step continuity errors : sum local = 9.553245271396261e-10
                                 global = -1.396526098573462e-10
                             cumulative = -0.5374755951302205
omega initRes: 1.180064390711451e-10 finalRes: 1.179647668765331e-11 nIters: 2
k initRes: 3.505287728564684e-09 finalRes: 2.566017639065675e-10 nIters: 3
UFieldVar: 0.01383490525907899 final: 0.01383490525907899
yPlus min: 0.7505471501558536 max: 6.795908584181637 mean: 2.688664557570842
ExecutionTime = 8.74 s  ClockTime = 8 s

Time = 1835
Minimal residual 9.941690171514321e-09 satisfied the prescribed tolerance 1e-08

UFieldVar: 0.01383491469089566 final: 0.01383491469089566
End

Printing Primal Residual Statistics.
U Residual Norm2: (0.0005641176634607237 8.478748821379913e-05 2.596609257879658e-11)
U Residual Mean: (3.480710235552072e-06 5.18029530530549e-07 1.1285469521783e-13)
U Residual Max: (6.575631425720374e-05 9.505742393889349e-06 3.890945168360666e-12)
p Residual Norm2: 1.65950168395324e-05
p Residual Mean: 3.596345843459705e-08
p Residual Max: 5.895294402711556e-06
omega Residual Norm2: 0.07074773011096898
omega Residual Mean: 0.0002302508750519875
omega Residual Max: 0.01443319456682848
k Residual Norm2: 3.103436527403511e-05
k Residual Mean: 2.336987995119502e-07
k Residual Max: 3.260176626957829e-06
phi Residual Norm2: 5.729923065551514e-07
phi Residual Mean: 1.389451079017006e-09
phi Residual Max: 3.824153509905749e-08
Total Residual Norm2: 0.07075003867395144
 
 
TIMING primal_wall_s: 8.228
OBJ UFieldVar: 1.3834914690895659e-02
Finalising parallel run
Finalising parallel run
