WARNING 7: VSPAERO Viewer Not Found. 
	Expected here: /home/dafoamuser/dafoam/packages/miniconda3/lib/python3.10/site-packages/openvsp/vspviewer
WARNING 7: VSPAERO Viewer Not Found. 
	Expected here: /home/dafoamuser/dafoam/packages/miniconda3/lib/python3.10/site-packages/openvsp/vspviewer
WARNING 7: VSPAERO Viewer Not Found. 
	Expected here: /home/dafoamuser/dafoam/packages/miniconda3/lib/python3.10/site-packages/openvsp/vspviewer
WARNING 7: VSPAERO Viewer Not Found. 
	Expected here: /home/dafoamuser/dafoam/packages/miniconda3/lib/python3.10/site-packages/openvsp/vspviewer
 
-------------------------------------------------------------------------------
|                               DAFoam v5.0.0                                 |
-------------------------------------------------------------------------------
 
/*---------------------------------------------------------------------------*\
| =========                 |                                                 |
| \\      /  F ield         | OpenFOAM: The Open Source CFD Toolbox           |
|  \\    /   O peration     | Version:  2506                                  |
|   \\  /    A nd           | Website:  www.openfoam.com                      |
|    \\/     M anipulation  |                                                 |
\*---------------------------------------------------------------------------*/
Build  : _615aae61d7-20250627 OPENFOAM=2506 version=v2506
Arch   : "LSB;label=32;scalar=64"
Exec   : decomposePar
Date   : Jul 31 2026
Time   : 10:37:16
Host   : ip-172-31-43-247
PID    : 5051
--> FOAM Warning : 
    From Foam::fileName Foam::cwd_L()
    in file POSIX.C at line 554
    PWD is not the cwd() - reverting to physical description
I/O    : uncollated
--> FOAM Warning : 
    From Foam::fileName Foam::cwd_L()
    in file POSIX.C at line 554
    PWD is not the cwd() - reverting to physical description
Case   : /home/dafoamuser/mount/ramp_kw/c1
nProcs : 1
trapFpe: Floating point exception trapping enabled (FOAM_SIGFPE).
fileModificationChecking : Monitoring run-time modified files using timeStampMaster (fileModificationSkew 5, maxFileModificationPolls 20)
allowSystemOperations : Allowing user-supplied system call operations

// * * * * * * * * * * * * * * * * * * * * * * * * * * * * * * * * * * * * * //
Create time

Overriding DebugSwitches according to controlDict
    SolverPerformance 0;



Decomposing mesh

Create mesh

Calculating distribution of cells
Decomposition method scotch [4] (region region0)

Finished decomposition in 0.01 s

Calculating original mesh data

Distributing cells to processors

Distributing faces to processors

Distributing points to processors

Constructing processor meshes
Overriding DebugSwitches according to controlDict
    SolverPerformance 0;


Processor 0
    Number of cells = 1250
    Number of points = 2652
    Number of faces shared with processor 1 = 50
    Number of processor patches = 1
    Number of processor faces = 50
    Number of boundary faces = 2600
Overriding DebugSwitches according to controlDict
    SolverPerformance 0;


Processor 1
    Number of cells = 1250
    Number of points = 2652
    Number of faces shared with processor 0 = 50
    Number of faces shared with processor 3 = 50
    Number of processor patches = 2
    Number of processor faces = 100
    Number of boundary faces = 2550
Overriding DebugSwitches according to controlDict
    SolverPerformance 0;


Processor 2
    Number of cells = 1250
    Number of points = 2652
    Number of faces shared with processor 3 = 50
    Number of processor patches = 1
    Number of processor faces = 50
    Number of boundary faces = 2600
Overriding DebugSwitches according to controlDict
    SolverPerformance 0;


Processor 3
    Number of cells = 1250
    Number of points = 2652
    Number of faces shared with processor 1 = 50
    Number of faces shared with processor 2 = 50
    Number of processor patches = 2
    Number of processor faces = 100
    Number of boundary faces = 2550

Number of processor faces = 150
Max number of cells = 1250 (0% above average 1250)
Max number of processor patches = 2 (33.33333333333334% above average 1.5)
Max number of faces between processors = 100 (33.33333333333334% above average 75)

Time = 0

Processor 0: field transfer
Overriding DebugSwitches according to controlDict
    SolverPerformance 0;

Processor 1: field transfer
Overriding DebugSwitches according to controlDict
    SolverPerformance 0;

Processor 2: field transfer
Overriding DebugSwitches according to controlDict
    SolverPerformance 0;

Processor 3: field transfer
Overriding DebugSwitches according to controlDict
    SolverPerformance 0;


End

I/O    : uncollated
--> FOAM Warning : 
    From Foam::fileName Foam::cwd_L()
    in file POSIX.C at line 554
    PWD is not the cwd() - reverting to physical description
Case   : /home/dafoamuser/mount/ramp_kw/c1
nProcs : 4
Hosts  :
(
    (ip-172-31-43-247 4)
)
Pstream initialized with:
    node communication : off [type=host] (4 ranks, 1 nodes)
    topology controls  : none
    consensus exchange : 0 (tuning: 0)
    exchange algorithm : 0
    commsType          : nonBlocking
    polling iterations : 0
Initializing mesh and runtime for DASolver
Create time

Overriding DebugSwitches according to controlDict
    SolverPerformance 0;

Create mesh for time = 0
Replacing wallDist.method meshWave -> meshWaveFrozen
DAOption created. DASolver initialized.
[1] UPstream::init : could not attach buffer
[3] UPstream::init : could not attach buffer
[0] UPstream::init : could not attach buffer
[2] UPstream::init : could not attach buffer
I/O    : uncollated
--> FOAM Warning : 
    From Foam::fileName Foam::cwd_L()
    in file POSIX.C at line 554
    PWD is not the cwd() - reverting to physical description
Case   : /home/dafoamuser/mount/ramp_kw/c1
nProcs : 4
Hosts  :
(
    (ip-172-31-43-247 4)
)
Pstream initialized with:
    node communication : off [type=host] (4 ranks, 1 nodes)
    topology controls  : none
    consensus exchange : 0 (tuning: 0)
    exchange algorithm : 0
    commsType          : nonBlocking
    polling iterations : 0
Initializing mesh and runtime for DASolver
Create time

Overriding DebugSwitches according to controlDict
    SolverPerformance 0;

Create mesh for time = 0
Replacing wallDist.method meshWave -> meshWaveFrozen
DAOption created. DASolver initialized.
Initializing fields for DASimpleFoam
Create simpleControl.

SIMPLE: no convergence criteria found. Calculations will run for 5000 steps.

Reading field p

Reading field U

Reading/calculating face flux field phi

Creating source term. 
Selecting incompressible transport model Newtonian
Selecting turbulence model type RAS
Selecting RAS turbulence model kOmegaSST
Selecting patchDistMethod meshWaveFrozen
No MRF models present

Turbulence model is incompressible
Adjoint States: 
5
(
U volVectorState
k modelState
phi surfaceScalarState
p volScalarState
omega modelState
)
Global Cells: 5000
Global Faces: 20300
Global Xv: 31824
Undecomposed points: 10302
Global Adjoint States: 50300

SIMPLE: no convergence criteria found. Calculations will run for 5000 steps.

DACheckMesh Thresholds: 
maxNonOrth: 70
maxSkewness: 4
maxAspectRatio: 1000
maxIncorrectlyOrientedFaces: 0
    Adding cells with centre within boxes 1((-10 -10 -10) (10 10 10))
Find 10000 reference points for variance of U
Initializing fields for DASimpleFoam
Create simpleControl.

SIMPLE: no convergence criteria found. Calculations will run for 5000 steps.

Reading field p

Reading field U

Reading/calculating face flux field phi

Creating source term. 
Selecting incompressible transport model Newtonian
Selecting turbulence model type RAS
Selecting RAS turbulence model kOmegaSST
Selecting patchDistMethod meshWaveFrozen
No MRF models present

Turbulence model is incompressible
Adjoint States: 
5
(
U volVectorState
k modelState
phi surfaceScalarState
p volScalarState
omega modelState
)
Global Cells: 5000
Global Faces: 20300
Global Xv: 31824
Undecomposed points: 10302
Global Adjoint States: 50300

SIMPLE: no convergence criteria found. Calculations will run for 5000 steps.

DACheckMesh Thresholds: 
maxNonOrth: 70
maxSkewness: 4
maxAspectRatio: 1000
maxIncorrectlyOrientedFaces: 0
    Adding cells with centre within boxes 1((-10 -10 -10) (10 10 10))
Find 10000 reference points for variance of U
Init solver done! ElapsedClockTime 0.000000 s
Init solver done! ElapsedCpuTime 0.270000 s
initState: 
7
(
k 0.01500000000000026
phi 0
U1 0
U2 0
p 0
omega 30
U0 4.999999999999893
)
Setting up primal boundary conditions based on pyOptions: 
Setting primal boundary conditions...
Setting U = (10 0 0) at inlet
Setting nut wall BC for bot. BCType=nutkWallFunction
Setting k wall BC for bot. BCType=kqRWallFunction
Setting omega wall BC for bot. BCType=omegaWallFunction
Reading OpenFOAM mesh information...
I/O    : uncollated
--> FOAM Warning : 
    From Foam::fileName Foam::cwd_L()
    in file POSIX.C at line 554
    PWD is not the cwd() - reverting to physical description
Case   : /home/dafoamuser/mount/ramp_kw/c1
nProcs : 4
Hosts  :
(
    (ip-172-31-43-247 4)
)
Pstream initialized with:
    node communication : off [type=host] (4 ranks, 1 nodes)
    topology controls  : none
    consensus exchange : 0 (tuning: 0)
    exchange algorithm : 0
    commsType          : nonBlocking
    polling iterations : 0
Reading the OpenFOAM mesh..
Overriding DebugSwitches according to controlDict
    SolverPerformance 0;

Checking if we need to compress the mesh files
Checking if we need to compress the mesh files
Finalising parallel run
DAFoam option dictionary: 
{
    solverName      DASimpleFoam;
    primalMinResTol 1e-08;
    primalFuncStdTol
    {
        stdTol          -1;
        slopeTol        -1;
        funcNames       1 ( CD );
        nStepsFrac      0.2;
    }
    primalBC
    {
        U0
        {
            variable        U;
            patches         1 ( inlet );
            value           3 ( 10 0 0 );
        }
        useWallFunction 1;
    }
    primalInitCondition
    {
    }
    normalizeStates
    {
        U               10;
        p               50;
        nuTilda         0.001;
        phi             1;
    }
    function
    {
        UFieldVar
        {
            type            variance;
            source          boxToCell;
            min             3 { -10 };
            max             3 { 10 };
            scale           0.1;
            mode            field;
            varName         U;
            varType         vector;
            indices         2 ( 0 1 );
            timeDependentRefData 0;
        }
    }
    inputInfo
    {
        beta
        {
            type            field;
            fieldName       betaFIOmega;
            fieldType       scalar;
            distributed     0;
            components      2 ( solver function );
        }
    }
    outputInfo
    {
    }
    designSurfaces  1 ( ALL_OPENFOAM_WALL_PATCHES );
    fvSource
    {
    }
    prepareCaseOnly 0;
    adjEqnSolMethod Krylov;
    dynamicMesh
    {
        active          0;
        mode            rotation;
        center          3 ( 0.25 0 0 );
        axis            z;
        omega           0.1;
        s               2;
        t0              0.35;
    }
    primalVarBounds
    {
        UMax            1000;
        UMin            -1000;
        pMax            50000;
        pMin            -50000;
        p_rghMax        50000;
        p_rghMin        -50000;
        eMax            55000;
        eMin            -220000;
        TMax            1000;
        TMin            100;
        hMax            200000;
        hMin            -200000;
        DMax            1e+16;
        DMin            -1e+16;
        rhoMax          5;
        rhoMin          0.2;
        nuTildaMax      1e+16;
        nuTildaMin      1e-16;
        kMax            1e+16;
        kMin            1e-16;
        omegaMax        1e+16;
        omegaMin        -1e+16;
        epsilonMax      1e+16;
        epsilonMin      1e-16;
        ReThetatMax     1e+16;
        ReThetatMin     1e-16;
        gammaIntMax     1e+16;
        gammaIntMin     1e-16;
    }
    discipline      aero;
    adjPartDerivFDStep
    {
        State           1e-06;
    }
    transonicPCOption -1;
    unsteadyAdjoint
    {
        mode            None;
        PCMatPrecomputeInterval 100;
        PCMatUpdateInterval 1;
        reduceIO        1;
        additionalOutput 1 ( None );
        additionalOldTime 1 ( None );
        readZeroFields  1;
    }
    adjPCLag        10000;
    useAD
    {
        mode            reverse;
        dvName          None;
        seedIndex       -9999;
    }
    useConstrainHbyA 1;
    forceMeshWaveFrozen 1;
    useDdtCorr      0;
    regressionModel
    {
        active          0;
    }
    useMeanStates   0;
    solveLinearFunctionName None;
    printDAOptions  1;
    debug           0;
    writeJacobians  1 ( None );
    printInterval   100;
    printIntervalUnsteady 1;
    primalMinResTolDiff 1000;
    adjUseColoring  1;
    adjEqnOption
    {
        globalPCIters   0;
        asmOverlap      1;
        localPCIters    1;
        jacMatReOrdering natural;
        pcFillLevel     1;
        gmresMaxIters   1000;
        gmresRestart    1000;
        gmresRelTol     1e-06;
        gmresAbsTol     1e-14;
        gmresTolDiff    100;
        useNonZeroInitGuess 0;
        useMGSO         0;
        printInfo       1;
        fpMaxIters      1000;
        fpRelTol        1e-06;
        fpMinResTolDiff 100;
        fpPCUpwind      0;
        dynAdjustTol    0;
        KSPCalcEigen    0;
        KSPCalcSingularVal 0;
        readPCMat       0;
    }
    normalizeResiduals 11 ( URes pRes p_rghRes nuTildaRes phiRes TRes DRes kRes omegaRes epsilonRes alpha.waterRes );
    maxResConLv4JacPCMat
    {
        pRes            2;
        phiRes          1;
        URes            2;
        TRes            2;
        nuTildaRes      2;
        kRes            2;
        epsilonRes      2;
        omegaRes        2;
        p_rghRes        2;
        DRes            2;
        gammaIntRes     2;
        ReThetatRes     2;
        alpha.waterRes  2;
    }
    jacLowerBounds
    {
        dRdW            1e-30;
        dRdWPC          1e-30;
    }
    maxTractionBCIters 100;
    decomposeParDict
    {
        method          scotch;
        simpleCoeffs
        {
            n               3 ( 2 2 1 );
            delta           0.001;
        }
        kahipCoeffs
        {
            config          fast;
            imbalance       0.01;
        }
        preservePatches 1 ( None );
        singleProcessorFaceSets 1 ( None );
        args            1 ( None );
    }
    adjStateOrdering cell;
    checkMeshThreshold
    {
        maxAspectRatio  1000;
        maxNonOrth      70;
        maxSkewness     4;
        maxIncorrectlyOrientedFaces 0;
    }
    writeDeformedFFDs 0;
    writeDeformedConstraints 0;
    writeAdjointFields 0;
    maxCorrectBCCalls 2;
    writeMinorIterations 0;
    primalMinIters  1;
    tensorflow
    {
        active          0;
    }
    wallDistanceMethod default;
    unsteadyCompOutput
    {
    }
}

pyDAFoam initialization done!
dRdWT Jacobian Free created!
I/O    : uncollated
/home/dafoamuser/dafoam/packages/miniconda3/lib/python3.10/site-packages/openmdao/core/component.py:140: OMDeprecationWarning:'scenario1.coupling.solver' <class DAFoamSolver>: It appears this component mixes distributed/non-distributed inputs and outputs, so it may break starting with OpenMDAO 3.25, where the convention used when passing data between distributed and non-distributed inputs and outputs within a matrix free component will change. See https://github.com/OpenMDAO/POEMs/blob/master/POEM_075.md for details.
/home/dafoamuser/dafoam/packages/miniconda3/lib/python3.10/site-packages/openmdao/core/component.py:140: OMDeprecationWarning:'scenario1.coupling.solver' <class DAFoamSolver>: It appears this component mixes distributed/non-distributed inputs and outputs, so it may break starting with OpenMDAO 3.25, where the convention used when passing data between distributed and non-distributed inputs and outputs within a matrix free component will change. See https://github.com/OpenMDAO/POEMs/blob/master/POEM_075.md for details.
/home/dafoamuser/dafoam/packages/miniconda3/lib/python3.10/site-packages/openmdao/core/component.py:140: OMDeprecationWarning:'scenario1.coupling.solver' <class DAFoamSolver>: It appears this component mixes distributed/non-distributed inputs and outputs, so it may break starting with OpenMDAO 3.25, where the convention used when passing data between distributed and non-distributed inputs and outputs within a matrix free component will change. See https://github.com/OpenMDAO/POEMs/blob/master/POEM_075.md for details.
/home/dafoamuser/dafoam/packages/miniconda3/lib/python3.10/site-packages/openmdao/core/component.py:140: OMDeprecationWarning:'scenario1.coupling.solver' <class DAFoamSolver>: It appears this component mixes distributed/non-distributed inputs and outputs, so it may break starting with OpenMDAO 3.25, where the convention used when passing data between distributed and non-distributed inputs and outputs within a matrix free component will change. See https://github.com/OpenMDAO/POEMs/blob/master/POEM_075.md for details.
/home/dafoamuser/dafoam/packages/miniconda3/lib/python3.10/site-packages/openmdao/core/component.py:140: OMDeprecationWarning:'scenario1.aero_post.functionals' <class DAFoamFunctions>: It appears this component mixes distributed/non-distributed inputs and outputs, so it may break starting with OpenMDAO 3.25, where the convention used when passing data between distributed and non-distributed inputs and outputs within a matrix free component will change. See https://github.com/OpenMDAO/POEMs/blob/master/POEM_075.md for details.
/home/dafoamuser/dafoam/packages/miniconda3/lib/python3.10/site-packages/openmdao/core/component.py:140: OMDeprecationWarning:'scenario1.aero_post.functionals' <class DAFoamFunctions>: It appears this component mixes distributed/non-distributed inputs and outputs, so it may break starting with OpenMDAO 3.25, where the convention used when passing data between distributed and non-distributed inputs and outputs within a matrix free component will change. See https://github.com/OpenMDAO/POEMs/blob/master/POEM_075.md for details.
/home/dafoamuser/dafoam/packages/miniconda3/lib/python3.10/site-packages/openmdao/core/component.py:140: OMDeprecationWarning:'scenario1.aero_post.functionals' <class DAFoamFunctions>: It appears this component mixes distributed/non-distributed inputs and outputs, so it may break starting with OpenMDAO 3.25, where the convention used when passing data between distributed and non-distributed inputs and outputs within a matrix free component will change. See https://github.com/OpenMDAO/POEMs/blob/master/POEM_075.md for details.
/home/dafoamuser/dafoam/packages/miniconda3/lib/python3.10/site-packages/openmdao/core/component.py:140: OMDeprecationWarning:'scenario1.aero_post.functionals' <class DAFoamFunctions>: It appears this component mixes distributed/non-distributed inputs and outputs, so it may break starting with OpenMDAO 3.25, where the convention used when passing data between distributed and non-distributed inputs and outputs within a matrix free component will change. See https://github.com/OpenMDAO/POEMs/blob/master/POEM_075.md for details.
Checking mesh quality for time = 0
    Overall domain bounding box (0 -0.5000000000000003 -1.734723475976807e-18) (3 0.5 0.05000000074505812)
    Mesh has 3 geometric (non-empty/wedge) directions (1 1 1)
    Mesh has 3 solution (non-empty) directions (1 1 1)
    Boundary openness (-2.496858518655798e-17 -3.453853160903114e-18 -1.64989464220793e-17) OK.
    Max cell openness = 5.900422408863415e-15 OK.
    Max aspect ratio = 250.9727357179337 OK.
    Minimum face area = 5.608835469031568e-06. Maximum face area = 0.0016261423064255.  Face area magnitudes OK.
    Min volume = 2.804418810632305e-07. Max volume = 5.084633467474263e-05.  Total volume = 0.1187499957319696.  Cell volumes OK.
    Mesh non-orthogonality Max: 46.8117354617747 average: 14.38071650818499
    Non-orthogonality check OK.
    Face pyramids OK.
    Max skewness = 0.1126369503222542 OK.
    Coupled point location match (average 0) OK.

Mesh OK.

Running Primal Solver 001
Previous solution time -1e+10 not found and nothing deleted.
No finite volume options present

Starting time loop

Time = 1

U0 initRes: 0.9999999999999893 finalRes: 0.08323070542206014 nIters: 1
U1 initRes: 1 finalRes: 0.08056053471460327 nIters: 4
U2 initRes: 0.9999999999930469 finalRes: 0.08627460586677578 nIters: 4
p initRes: 1 finalRes: 0.09907812895860202 nIters: 8
Time step continuity errors : sum local = 0.2085931526133491
                                 global = -0.003142096964610287
                             cumulative = -0.003142096964610287
omega initRes: 0.06083099064036791 finalRes: 0.004950264690385373 nIters: 2
k initRes: 0.9999999999995537 finalRes: 0.05096018381691285 nIters: 2
UFieldVar: 1.037059988867985 final: 1.037059988867985
yPlus min: 6.077833140909032 max: 9.665185744865934 mean: 8.166151107076532
ExecutionTime = 0.41 s  ClockTime = 0 s

Time = 100

U0 initRes: 0.186086193364925 finalRes: 0.01425394790043995 nIters: 4
U1 initRes: 0.3355047067159334 finalRes: 0.0241061168735472 nIters: 4
U2 initRes: 0.1469749460446844 finalRes: 0.009856781000919201 nIters: 4
Bounding U<1000
Bounding U>-1000
p initRes: 0.7547770285616161 finalRes: 0.06415040385471872 nIters: 3
Time step continuity errors : sum local = 48.30930052312256
                                 global = -0.0004247479844267968
                             cumulative = -0.003566844949037084
Bounding U<1000
Bounding U>-1000
omega initRes: 0.2051653523601268 finalRes: 0.01082559594224267 nIters: 2
k initRes: 0.2209556725218353 finalRes: 0.01390337869195558 nIters: 2
UFieldVar: 262.9241474418312 final: 262.9241474418312
yPlus min: 8.068309813495238 max: 167.4091247575722 mean: 47.86615724650824
ExecutionTime = 1.25 s  ClockTime = 0 s

Time = 200

U0 initRes: 0.01167884702725026 finalRes: 0.0007028610776378975 nIters: 3
U1 initRes: 0.0239615029767742 finalRes: 0.001558126712139059 nIters: 3
U2 initRes: 0.02546940125157464 finalRes: 0.001334994483280706 nIters: 3
p initRes: 0.06035114910571847 finalRes: 0.005454672084417525 nIters: 3
Time step continuity errors : sum local = 0.1142165198191712
                                 global = 0.01332203902470072
                             cumulative = 0.009755194075663633
omega initRes: 0.002178250320374547 finalRes: 0.0001986569414061903 nIters: 3
k initRes: 0.01497989869514747 finalRes: 0.00111365814434404 nIters: 3
UFieldVar: 9.059766157273916 final: 9.059766157273916
yPlus min: 0.9030916742860042 max: 19.3456573546405 mean: 8.700179331946606
ExecutionTime = 1.68 s  ClockTime = 1 s

Time = 300

U0 initRes: 0.004988106823430762 finalRes: 0.0002358112040889199 nIters: 3
U1 initRes: 0.006586145767548029 finalRes: 0.0002714627590181657 nIters: 3
U2 initRes: 0.007648693765140065 finalRes: 0.0005817208435579959 nIters: 2
p initRes: 0.04353408580691915 finalRes: 0.003174389374758975 nIters: 4
Time step continuity errors : sum local = 0.009451464496768158
                                 global = 0.0006940589861197097
                             cumulative = 0.01044925306178334
omega initRes: 0.0006475022138322653 finalRes: 5.149967856414507e-05 nIters: 3
k initRes: 0.00771253995258111 finalRes: 0.0005032274405179411 nIters: 4
UFieldVar: 3.033697847541145 final: 3.033697847541145
yPlus min: 0.461735692972329 max: 14.30341392478772 mean: 5.122064851725738
ExecutionTime = 2.11 s  ClockTime = 1 s

Time = 400

U0 initRes: 0.003181221911047091 finalRes: 0.0001345128806305569 nIters: 3
U1 initRes: 0.00462663849682554 finalRes: 0.0001603270767496722 nIters: 3
U2 initRes: 0.007800211758609821 finalRes: 0.000759410872184671 nIters: 2
p initRes: 0.02567676423314966 finalRes: 0.001561764362053155 nIters: 5
Time step continuity errors : sum local = 0.002220003772965437
                                 global = -0.0002474403332428785
                             cumulative = 0.01020181272854046
omega initRes: 0.0002104212664725804 finalRes: 1.326938705798995e-05 nIters: 3
k initRes: 0.003815655285765295 finalRes: 0.0002511229256896345 nIters: 4
UFieldVar: 2.03613620950025 final: 2.03613620950025
yPlus min: 0.6038458609002759 max: 9.224689751959248 mean: 4.502800556545468
ExecutionTime = 2.55 s  ClockTime = 2 s

Time = 500

U0 initRes: 0.003612255547982788 finalRes: 0.0001871653956508867 nIters: 3
U1 initRes: 0.008404232863684023 finalRes: 0.0003212600114010986 nIters: 3
U2 initRes: 0.005564108159514258 finalRes: 0.0002793013785176172 nIters: 3
p initRes: 0.05380226654230536 finalRes: 0.00508677512991961 nIters: 4
Time step continuity errors : sum local = 0.007282327670553693
                                 global = -0.0007415637098150575
                             cumulative = 0.009460249018725405
omega initRes: 0.0001523397977016952 finalRes: 7.835398529589606e-06 nIters: 3
k initRes: 0.005140170464566591 finalRes: 0.000383172569062503 nIters: 4
UFieldVar: 1.305160742396108 final: 1.305160742396108
yPlus min: 0.827912474791632 max: 8.857095876659404 mean: 5.059522874317346
ExecutionTime = 2.98 s  ClockTime = 2 s

Time = 600

U0 initRes: 0.005017915185563532 finalRes: 0.0003262061441663596 nIters: 3
U1 initRes: 0.008144887660822407 finalRes: 0.0004214095132013485 nIters: 3
U2 initRes: 0.00576595268977745 finalRes: 0.000341770813521312 nIters: 3
p initRes: 0.02489184215011531 finalRes: 0.001851278450102791 nIters: 5
Time step continuity errors : sum local = 0.003566942639124441
                                 global = 0.0007730308685537391
                             cumulative = 0.01023327988727914
omega initRes: 0.0001119114641441111 finalRes: 5.127958132964267e-06 nIters: 3
k initRes: 0.02510329069505847 finalRes: 0.001372502544905622 nIters: 4
UFieldVar: 0.4093863685659437 final: 0.4093863685659437
yPlus min: 0.4108405760815169 max: 8.149185573630527 mean: 4.226833775763781
ExecutionTime = 3.42 s  ClockTime = 3 s

Time = 700

U0 initRes: 0.001281144440629557 finalRes: 0.0001024062325965944 nIters: 3
U1 initRes: 0.006586962317025582 finalRes: 0.0004135386448977198 nIters: 3
U2 initRes: 0.005656484565657391 finalRes: 0.0002896413045964826 nIters: 3
p initRes: 0.009410549626109028 finalRes: 0.0007609773966971063 nIters: 5
Time step continuity errors : sum local = 0.002604379681274287
                                 global = -0.0001684552220303045
                             cumulative = 0.01006482466524884
omega initRes: 9.006674372676061e-05 finalRes: 4.874482712175413e-06 nIters: 3
k initRes: 0.003206265409386989 finalRes: 0.0001965563770792464 nIters: 4
UFieldVar: 0.1868772053982611 final: 0.1868772053982611
yPlus min: 0.3938071988796807 max: 6.868542461816434 mean: 4.163719333613635
ExecutionTime = 3.87 s  ClockTime = 3 s

Time = 800

U0 initRes: 0.0007812757828591135 finalRes: 6.239160559369743e-05 nIters: 3
U1 initRes: 0.006827795129789718 finalRes: 0.0003196759128498829 nIters: 3
U2 initRes: 0.003013547426549542 finalRes: 0.0002823971391458208 nIters: 2
p initRes: 0.03166738012553703 finalRes: 0.003001109155647174 nIters: 4
Time step continuity errors : sum local = 0.001468826254827042
                                 global = -2.764836336654573e-05
                             cumulative = 0.01003717630188229
omega initRes: 4.762521528832733e-05 finalRes: 2.242371648193643e-06 nIters: 3
k initRes: 0.001525100173952385 finalRes: 0.0001152083814874216 nIters: 3
UFieldVar: 0.09393410560271197 final: 0.09393410560271197
yPlus min: 0.2766958907885755 max: 6.79590145307122 mean: 3.616374260113562
ExecutionTime = 4.31 s  ClockTime = 3 s

Time = 900

U0 initRes: 0.0002359905540546666 finalRes: 1.939378939227065e-05 nIters: 3
U1 initRes: 0.003801054633717644 finalRes: 0.0002558821118527111 nIters: 3
U2 initRes: 0.0008337968144150441 finalRes: 6.87443712905251e-05 nIters: 3
p initRes: 0.008419745872087981 finalRes: 0.0006969111012370909 nIters: 4
Time step continuity errors : sum local = 0.000554499351165586
                                 global = 6.729648181400312e-06
                             cumulative = 0.01004390595006369
omega initRes: 2.548313392103127e-05 finalRes: 1.97386405618595e-06 nIters: 3
k initRes: 0.00148108853688981 finalRes: 0.0001069606040156612 nIters: 4
UFieldVar: 0.02876732586691902 final: 0.02876732586691902
yPlus min: 0.2811643510565799 max: 6.795907354908727 mean: 3.135289893439932
ExecutionTime = 4.75 s  ClockTime = 4 s

Time = 1000

U0 initRes: 5.952949732244006e-05 finalRes: 5.340644157193428e-06 nIters: 3
U1 initRes: 0.001373483110140234 finalRes: 0.0001212262662878061 nIters: 3
U2 initRes: 0.0006424891422190572 finalRes: 4.131106046454232e-05 nIters: 3
p initRes: 0.002473596030567049 finalRes: 0.000242767186432478 nIters: 6
Time step continuity errors : sum local = 0.0001900103344149913
                                 global = -5.77848527196529e-07
                             cumulative = 0.0100433281015365
omega initRes: 9.050814442965373e-06 finalRes: 6.882295391951095e-07 nIters: 3
k initRes: 0.0005282470444987216 finalRes: 3.270036062359109e-05 nIters: 4
UFieldVar: 0.01424633177428381 final: 0.01424633177428381
yPlus min: 0.1548700369539032 max: 6.795909266292132 mean: 2.775434324182109
ExecutionTime = 5.19 s  ClockTime = 4 s

Time = 1100

U0 initRes: 2.626163255834416e-05 finalRes: 1.48688513429347e-06 nIters: 3
U1 initRes: 0.0003702433633854689 finalRes: 2.237486208764472e-05 nIters: 3
U2 initRes: 0.0001356593377903419 finalRes: 8.071736662025261e-06 nIters: 3
p initRes: 0.0005082702455395754 finalRes: 4.831101750312427e-05 nIters: 6
Time step continuity errors : sum local = 3.575840422450769e-05
                                 global = -1.788880760167782e-06
                             cumulative = 0.01004153922077633
omega initRes: 2.896012638085301e-06 finalRes: 1.389066324523155e-07 nIters: 3
k initRes: 0.0001408937195019807 finalRes: 9.516525871744569e-06 nIters: 4
UFieldVar: 0.01293182487371879 final: 0.01293182487371879
yPlus min: 0.7149236270842271 max: 6.795908615967446 mean: 2.75569135979836
ExecutionTime = 5.65 s  ClockTime = 5 s

Time = 1200

U0 initRes: 7.846299705780647e-06 finalRes: 4.325070593548553e-07 nIters: 3
U1 initRes: 8.804299160109123e-05 finalRes: 4.462200457659551e-06 nIters: 3
U2 initRes: 4.108680336900793e-05 finalRes: 2.861637510570114e-06 nIters: 2
p initRes: 0.0001320881991164732 finalRes: 1.246481488246947e-05 nIters: 6
Time step continuity errors : sum local = 8.988126004787849e-06
                                 global = 5.093125492062744e-07
                             cumulative = 0.01004204853332554
omega initRes: 5.522586814577767e-07 finalRes: 2.615991925859914e-08 nIters: 3
k initRes: 5.176505800815459e-05 finalRes: 3.179264405433382e-06 nIters: 4
UFieldVar: 0.01373505906102045 final: 0.01373505906102045
yPlus min: 0.767642951328311 max: 6.795908541865495 mean: 2.704101314712935
ExecutionTime = 6.13 s  ClockTime = 5 s

Time = 1300

U0 initRes: 1.712085319540189e-06 finalRes: 1.038814579302884e-07 nIters: 3
U1 initRes: 2.585228100058789e-05 finalRes: 1.315655242991542e-06 nIters: 3
U2 initRes: 8.245267577409885e-06 finalRes: 7.206606949906157e-07 nIters: 2
p initRes: 3.181419549233713e-05 finalRes: 2.792884402285991e-06 nIters: 5
Time step continuity errors : sum local = 2.022859134809077e-06
                                 global = -2.754037355187784e-07
                             cumulative = 0.01004177312959002
omega initRes: 1.717626410561163e-07 finalRes: 1.451172722337339e-08 nIters: 2
k initRes: 8.847980137433626e-06 finalRes: 5.475108136077211e-07 nIters: 4
UFieldVar: 0.01377803038309654 final: 0.01377803038309654
yPlus min: 0.7541546064559109 max: 6.795908594576478 mean: 2.690072170672153
ExecutionTime = 6.58 s  ClockTime = 6 s

Time = 1400

U0 initRes: 4.758027825770988e-07 finalRes: 4.173716456171413e-08 nIters: 3
U1 initRes: 5.922942730607994e-06 finalRes: 3.021747195090377e-07 nIters: 3
U2 initRes: 1.30335870509641e-06 finalRes: 1.302046655973801e-07 nIters: 2
p initRes: 6.249249514677024e-06 finalRes: 5.919680185341823e-07 nIters: 5
Time step continuity errors : sum local = 4.283414245362053e-07
                                 global = -6.42332717102667e-08
                             cumulative = 0.01004170889631831
omega initRes: 4.670295977160231e-08 finalRes: 2.236738480695801e-09 nIters: 3
k initRes: 1.315105745412372e-06 finalRes: 6.870810974852518e-08 nIters: 4
UFieldVar: 0.01380199516725863 final: 0.01380199516725863
yPlus min: 0.7513949468613409 max: 6.795908599264828 mean: 2.687684815697352
ExecutionTime = 7.03 s  ClockTime = 6 s

Time = 1500

U0 initRes: 2.276090776212496e-07 finalRes: 2.056600016187724e-08 nIters: 3
U1 initRes: 2.230525614270254e-06 finalRes: 2.089522791255156e-07 nIters: 2
U2 initRes: 5.468944760856636e-07 finalRes: 3.284659286603727e-08 nIters: 2
p initRes: 1.219220221399836e-06 finalRes: 9.598827854740607e-08 nIters: 7
Time step continuity errors : sum local = 6.940877849587881e-08
                                 global = -1.512279024872652e-08
                             cumulative = 0.01004169377352806
omega initRes: 1.92369898318216e-08 finalRes: 1.140274940684538e-09 nIters: 3
k initRes: 5.799326745098302e-07 finalRes: 3.279661908165796e-08 nIters: 4
UFieldVar: 0.0138097363453218 final: 0.0138097363453218
yPlus min: 0.7506178782499914 max: 6.795908601144461 mean: 2.687872305340091
ExecutionTime = 7.5 s  ClockTime = 7 s

Time = 1600

U0 initRes: 1.343986200716633e-07 finalRes: 9.88655045301654e-09 nIters: 3
U1 initRes: 1.242854128080707e-06 finalRes: 1.123619168904222e-07 nIters: 2
U2 initRes: 3.866024684556058e-07 finalRes: 2.483833859872533e-08 nIters: 2
p initRes: 9.72157984661228e-07 finalRes: 7.328717577526056e-08 nIters: 7
Time step continuity errors : sum local = 5.297287807400915e-08
                                 global = -6.733890052604957e-09
                             cumulative = 0.01004168703963801
omega initRes: 1.022919725780432e-08 finalRes: 5.249111334160121e-10 nIters: 3
k initRes: 3.327987938317358e-07 finalRes: 3.170844594062912e-08 nIters: 3
UFieldVar: 0.01381293635438205 final: 0.01381293635438205
yPlus min: 0.7504598046574004 max: 6.795908600663952 mean: 2.688219109789665
ExecutionTime = 7.98 s  ClockTime = 7 s

Time = 1700

U0 initRes: 6.404773321412658e-08 finalRes: 4.254604980975966e-09 nIters: 3
U1 initRes: 5.96045480177421e-07 finalRes: 5.300695724152015e-08 nIters: 2
U2 initRes: 1.944335134258491e-07 finalRes: 1.268875477858259e-08 nIters: 2
p initRes: 5.408858085109783e-07 finalRes: 4.006551221680575e-08 nIters: 7
Time step continuity errors : sum local = 2.895408321916153e-08
                                 global = -3.126361748651493e-09
                             cumulative = 0.01004168391327626
omega initRes: 4.774456987121877e-09 finalRes: 2.268385598753753e-10 nIters: 3
k initRes: 1.550263592001773e-07 finalRes: 1.322239553936392e-08 nIters: 3
UFieldVar: 0.01381464965580825 final: 0.01381464965580825
yPlus min: 0.7504634370486167 max: 6.795908600010056 mean: 2.688406519231384
ExecutionTime = 8.449999999999999 s  ClockTime = 8 s

Time = 1800

U0 initRes: 2.77213880675228e-08 finalRes: 1.775462950506431e-09 nIters: 3
U1 initRes: 2.593430943509861e-07 finalRes: 2.293728401540737e-08 nIters: 2
U2 initRes: 8.580630475189423e-08 finalRes: 5.653767920631969e-09 nIters: 2
p initRes: 2.451614152108008e-07 finalRes: 2.415918115935764e-08 nIters: 5
Time step continuity errors : sum local = 1.745755222912105e-08
                                 global = -2.412813018196354e-09
                             cumulative = 0.01004168150046324
omega initRes: 2.074564005587396e-09 finalRes: 2.072748636152457e-10 nIters: 2
k initRes: 6.469929218408488e-08 finalRes: 5.123443178748152e-09 nIters: 3
UFieldVar: 0.01381544582861121 final: 0.01381544582861121
yPlus min: 0.7504773959657328 max: 6.795908599655315 mean: 2.688489072898605
ExecutionTime = 8.92 s  ClockTime = 8 s

Time = 1900

U0 initRes: 1.17188214976799e-08 finalRes: 7.410895586323349e-10 nIters: 3
U1 initRes: 1.104555835069489e-07 finalRes: 9.688210221410807e-09 nIters: 2
U2 initRes: 3.627870940245806e-08 finalRes: 2.375211829197345e-09 nIters: 2
p initRes: 1.037908465839247e-07 finalRes: 1.027380113828078e-08 nIters: 5
Time step continuity errors : sum local = 7.4236281053205e-09
                                 global = -1.041976096916859e-09
                             cumulative = 0.01004168045848714
omega initRes: 8.75360695064591e-10 finalRes: 8.707343798023255e-11 nIters: 2
k initRes: 2.668396661465128e-08 finalRes: 2.015208089346882e-09 nIters: 3
UFieldVar: 0.01381580077700018 final: 0.01381580077700018
yPlus min: 0.750484693319396 max: 6.795908599491708 mean: 2.688522480232364
ExecutionTime = 9.380000000000001 s  ClockTime = 8 s

Time = 2000

U0 initRes: 4.911842790073157e-09 finalRes: 3.099465665383413e-10 nIters: 3
U1 initRes: 4.640759462271457e-08 finalRes: 4.052191219801926e-09 nIters: 2
U2 initRes: 1.521460229592525e-08 finalRes: 9.850854564002421e-10 nIters: 2
p initRes: 4.316157761064892e-08 finalRes: 4.005007737508714e-09 nIters: 5
Time step continuity errors : sum local = 2.893884207581808e-09
                                 global = -4.247543729344593e-10
                             cumulative = 0.01004168003373277
omega initRes: 3.749422464533201e-10 finalRes: 1.762311272560294e-11 nIters: 3
k initRes: 1.113892646253988e-08 finalRes: 8.234665093898711e-10 nIters: 3
UFieldVar: 0.01381595467375116 final: 0.01381595467375116
yPlus min: 0.7504876183312277 max: 6.795908599426921 mean: 2.688535941099533
ExecutionTime = 9.84 s  ClockTime = 9 s

Time = 2100

U0 initRes: 2.059515867799128e-09 finalRes: 1.305807861709746e-10 nIters: 3
U1 initRes: 1.94950783390267e-08 finalRes: 1.697736939696227e-09 nIters: 2
U2 initRes: 6.462850213265271e-09 finalRes: 4.134240231915201e-10 nIters: 2
p initRes: 1.79638331254242e-08 finalRes: 1.321621405095476e-09 nIters: 7
Time step continuity errors : sum local = 9.5495302376555e-10
                                 global = -9.716081652829209e-11
                             cumulative = 0.01004167993657195
omega initRes: 1.569345312067092e-10 finalRes: 7.38628256397651e-12 nIters: 3
k initRes: 4.650395062295633e-09 finalRes: 3.400675718005683e-10 nIters: 3
UFieldVar: 0.01381602008228551 final: 0.01381602008228551
yPlus min: 0.7504887424032294 max: 6.79590859939623 mean: 2.688541469225005
ExecutionTime = 10.3 s  ClockTime = 9 s

Time = 2169
Minimal residual 9.908663656302386e-09 satisfied the prescribed tolerance 1e-08

UFieldVar: 0.01381604156300749 final: 0.01381604156300749
End

Printing Primal Residual Statistics.
U Residual Norm2: (0.0005569842383506303 8.438163977870402e-05 2.583145535530295e-11)
U Residual Mean: (3.443138912168753e-06 5.15313580622474e-07 1.122126432885795e-13)
U Residual Max: (6.474330220829216e-05 9.463061524161986e-06 3.858442997720846e-12)
p Residual Norm2: 1.665829029982899e-05
p Residual Mean: 3.592350825671342e-08
p Residual Max: 5.624524793234491e-06
omega Residual Norm2: 0.0686982435161123
omega Residual Mean: 0.0002232777181427959
omega Residual Max: 0.01407300682514568
k Residual Norm2: 3.062295183707479e-05
k Residual Mean: 2.306454174538511e-07
k Residual Max: 3.227537489875394e-06
phi Residual Norm2: 5.670468055786684e-07
phi Residual Mean: 1.376557791938603e-09
phi Residual Max: 3.793946276303395e-08
Total Residual Norm2: 0.06870056207548324
 
 
TIMING primal_wall_s: 9.928
OBJ UFieldVar: 1.3816041563007494e-02
Finalising parallel run
Finalising parallel run
