WARNING 7: VSPAERO Viewer Not Found. 
	Expected here: /home/dafoamuser/dafoam/packages/miniconda3/lib/python3.10/site-packages/openvsp/vspviewer
WARNING 7: VSPAERO Viewer Not Found. 
	Expected here: /home/dafoamuser/dafoam/packages/miniconda3/lib/python3.10/site-packages/openvsp/vspviewer
WARNING 7: VSPAERO Viewer Not Found. 
	Expected here: /home/dafoamuser/dafoam/packages/miniconda3/lib/python3.10/site-packages/openvsp/vspviewer
WARNING 7: VSPAERO Viewer Not Found. 
	Expected here: /home/dafoamuser/dafoam/packages/miniconda3/lib/python3.10/site-packages/openvsp/vspviewer
 
-------------------------------------------------------------------------------
|                               DAFoam v5.0.0                                 |
-------------------------------------------------------------------------------
 
/*---------------------------------------------------------------------------*\
| =========                 |                                                 |
| \\      /  F ield         | OpenFOAM: The Open Source CFD Toolbox           |
|  \\    /   O peration     | Version:  2506                                  |
|   \\  /    A nd           | Website:  www.openfoam.com                      |
|    \\/     M anipulation  |                                                 |
\*---------------------------------------------------------------------------*/
Build  : _615aae61d7-20250627 OPENFOAM=2506 version=v2506
Arch   : "LSB;label=32;scalar=64"
Exec   : decomposePar
Date   : Jul 31 2026
Time   : 10:34:47
Host   : ip-172-31-43-247
PID    : 3291
--> FOAM Warning : 
    From Foam::fileName Foam::cwd_L()
    in file POSIX.C at line 554
    PWD is not the cwd() - reverting to physical description
I/O    : uncollated
--> FOAM Warning : 
    From Foam::fileName Foam::cwd_L()
    in file POSIX.C at line 554
    PWD is not the cwd() - reverting to physical description
Case   : /home/dafoamuser/mount/ramp_kw/c1
nProcs : 1
trapFpe: Floating point exception trapping enabled (FOAM_SIGFPE).
fileModificationChecking : Monitoring run-time modified files using timeStampMaster (fileModificationSkew 5, maxFileModificationPolls 20)
allowSystemOperations : Allowing user-supplied system call operations

// * * * * * * * * * * * * * * * * * * * * * * * * * * * * * * * * * * * * * //
Create time

Overriding DebugSwitches according to controlDict
    SolverPerformance 0;



Decomposing mesh

Create mesh

Calculating distribution of cells
Decomposition method scotch [4] (region region0)

Finished decomposition in 0.01 s

Calculating original mesh data

Distributing cells to processors

Distributing faces to processors

Distributing points to processors

Constructing processor meshes
Overriding DebugSwitches according to controlDict
    SolverPerformance 0;


Processor 0
    Number of cells = 1250
    Number of points = 2652
    Number of faces shared with processor 1 = 50
    Number of processor patches = 1
    Number of processor faces = 50
    Number of boundary faces = 2600
Overriding DebugSwitches according to controlDict
    SolverPerformance 0;


Processor 1
    Number of cells = 1250
    Number of points = 2652
    Number of faces shared with processor 0 = 50
    Number of faces shared with processor 3 = 50
    Number of processor patches = 2
    Number of processor faces = 100
    Number of boundary faces = 2550
Overriding DebugSwitches according to controlDict
    SolverPerformance 0;


Processor 2
    Number of cells = 1250
    Number of points = 2652
    Number of faces shared with processor 3 = 50
    Number of processor patches = 1
    Number of processor faces = 50
    Number of boundary faces = 2600
Overriding DebugSwitches according to controlDict
    SolverPerformance 0;


Processor 3
    Number of cells = 1250
    Number of points = 2652
    Number of faces shared with processor 1 = 50
    Number of faces shared with processor 2 = 50
    Number of processor patches = 2
    Number of processor faces = 100
    Number of boundary faces = 2550

Number of processor faces = 150
Max number of cells = 1250 (0% above average 1250)
Max number of processor patches = 2 (33.33333333333334% above average 1.5)
Max number of faces between processors = 100 (33.33333333333334% above average 75)

Time = 0

Processor 0: field transfer
Overriding DebugSwitches according to controlDict
    SolverPerformance 0;

Processor 1: field transfer
Overriding DebugSwitches according to controlDict
    SolverPerformance 0;

Processor 2: field transfer
Overriding DebugSwitches according to controlDict
    SolverPerformance 0;

Processor 3: field transfer
Overriding DebugSwitches according to controlDict
    SolverPerformance 0;


End

I/O    : uncollated
--> FOAM Warning : 
    From Foam::fileName Foam::cwd_L()
    in file POSIX.C at line 554
    PWD is not the cwd() - reverting to physical description
Case   : /home/dafoamuser/mount/ramp_kw/c1
nProcs : 4
Hosts  :
(
    (ip-172-31-43-247 4)
)
Pstream initialized with:
    node communication : off [type=host] (4 ranks, 1 nodes)
    topology controls  : none
    consensus exchange : 0 (tuning: 0)
    exchange algorithm : 0
    commsType          : nonBlocking
    polling iterations : 0
Initializing mesh and runtime for DASolver
Create time

Overriding DebugSwitches according to controlDict
    SolverPerformance 0;

Create mesh for time = 0
Replacing wallDist.method meshWave -> meshWaveFrozen
DAOption created. DASolver initialized.
I/O    : uncollated
--> FOAM Warning : 
    From Foam::fileName Foam::cwd_L()
    in file POSIX.C at line 554
    PWD is not the cwd() - reverting to physical description
[2] UPstream::init : could not attach buffer
[1] UPstream::init : could not attach buffer
[3] UPstream::init : could not attach buffer
[0] UPstream::init : could not attach buffer
Case   : /home/dafoamuser/mount/ramp_kw/c1
nProcs : 4
Hosts  :
(
    (ip-172-31-43-247 4)
)
Pstream initialized with:
    node communication : off [type=host] (4 ranks, 1 nodes)
    topology controls  : none
    consensus exchange : 0 (tuning: 0)
    exchange algorithm : 0
    commsType          : nonBlocking
    polling iterations : 0
Initializing mesh and runtime for DASolver
Create time

Overriding DebugSwitches according to controlDict
    SolverPerformance 0;

Create mesh for time = 0
Replacing wallDist.method meshWave -> meshWaveFrozen
DAOption created. DASolver initialized.
Initializing fields for DASimpleFoam
Create simpleControl.

SIMPLE: no convergence criteria found. Calculations will run for 5000 steps.

Reading field p

Reading field U

Reading/calculating face flux field phi

Creating source term. 
Selecting incompressible transport model Newtonian
Selecting turbulence model type RAS
Selecting RAS turbulence model kOmegaSST
Selecting patchDistMethod meshWaveFrozen
No MRF models present

Turbulence model is incompressible
Adjoint States: 
5
(
U volVectorState
k modelState
phi surfaceScalarState
p volScalarState
omega modelState
)
Global Cells: 5000
Global Faces: 20300
Global Xv: 31824
Undecomposed points: 10302
Global Adjoint States: 50300

SIMPLE: no convergence criteria found. Calculations will run for 5000 steps.

DACheckMesh Thresholds: 
maxNonOrth: 70
maxSkewness: 4
maxAspectRatio: 1000
maxIncorrectlyOrientedFaces: 0
    Adding cells with centre within boxes 1((-10 -10 -10) (10 10 10))
Find 10000 reference points for variance of U
Initializing fields for DASimpleFoam
Create simpleControl.

SIMPLE: no convergence criteria found. Calculations will run for 5000 steps.

Reading field p

Reading field U

Reading/calculating face flux field phi

Creating source term. 
Selecting incompressible transport model Newtonian
Selecting turbulence model type RAS
Selecting RAS turbulence model kOmegaSST
Selecting patchDistMethod meshWaveFrozen
No MRF models present

Turbulence model is incompressible
Adjoint States: 
5
(
U volVectorState
k modelState
phi surfaceScalarState
p volScalarState
omega modelState
)
Global Cells: 5000
Global Faces: 20300
Global Xv: 31824
Undecomposed points: 10302
Global Adjoint States: 50300

SIMPLE: no convergence criteria found. Calculations will run for 5000 steps.

DACheckMesh Thresholds: 
maxNonOrth: 70
maxSkewness: 4
maxAspectRatio: 1000
maxIncorrectlyOrientedFaces: 0
    Adding cells with centre within boxes 1((-10 -10 -10) (10 10 10))
Find 10000 reference points for variance of U
Init solver done! ElapsedClockTime 0.000000 s
Init solver done! ElapsedCpuTime 0.270000 s
initState: 
7
(
k 0.01500000000000026
phi 0
U1 0
U2 0
p 0
omega 30
U0 4.999999999999893
)
Setting up primal boundary conditions based on pyOptions: 
Setting primal boundary conditions...
Setting U = (10 0 0) at inlet
Setting nut wall BC for bot. BCType=nutkWallFunction
Setting k wall BC for bot. BCType=kqRWallFunction
Setting omega wall BC for bot. BCType=omegaWallFunction
Reading OpenFOAM mesh information...
I/O    : uncollated
--> FOAM Warning : 
    From Foam::fileName Foam::cwd_L()
    in file POSIX.C at line 554
    PWD is not the cwd() - reverting to physical description
Case   : /home/dafoamuser/mount/ramp_kw/c1
nProcs : 4
Hosts  :
(
    (ip-172-31-43-247 4)
)
Pstream initialized with:
    node communication : off [type=host] (4 ranks, 1 nodes)
    topology controls  : none
    consensus exchange : 0 (tuning: 0)
    exchange algorithm : 0
    commsType          : nonBlocking
    polling iterations : 0
Reading the OpenFOAM mesh..
Overriding DebugSwitches according to controlDict
    SolverPerformance 0;

Checking if we need to compress the mesh files
Checking if we need to compress the mesh files
Finalising parallel run
DAFoam option dictionary: 
{
    solverName      DASimpleFoam;
    primalMinResTol 1e-08;
    primalFuncStdTol
    {
        stdTol          -1;
        slopeTol        -1;
        funcNames       1 ( CD );
        nStepsFrac      0.2;
    }
    primalBC
    {
        U0
        {
            variable        U;
            patches         1 ( inlet );
            value           3 ( 10 0 0 );
        }
        useWallFunction 1;
    }
    primalInitCondition
    {
    }
    normalizeStates
    {
        U               10;
        p               50;
        nuTilda         0.001;
        phi             1;
    }
    function
    {
        UFieldVar
        {
            type            variance;
            source          boxToCell;
            min             3 { -10 };
            max             3 { 10 };
            scale           0.1;
            mode            field;
            varName         U;
            varType         vector;
            indices         2 ( 0 1 );
            timeDependentRefData 0;
        }
    }
    inputInfo
    {
        beta
        {
            type            field;
            fieldName       betaFIOmega;
            fieldType       scalar;
            distributed     0;
            components      2 ( solver function );
        }
    }
    outputInfo
    {
    }
    designSurfaces  1 ( ALL_OPENFOAM_WALL_PATCHES );
    fvSource
    {
    }
    prepareCaseOnly 0;
    adjEqnSolMethod Krylov;
    dynamicMesh
    {
        active          0;
        mode            rotation;
        center          3 ( 0.25 0 0 );
        axis            z;
        omega           0.1;
        s               2;
        t0              0.35;
    }
    primalVarBounds
    {
        UMax            1000;
        UMin            -1000;
        pMax            50000;
        pMin            -50000;
        p_rghMax        50000;
        p_rghMin        -50000;
        eMax            55000;
        eMin            -220000;
        TMax            1000;
        TMin            100;
        hMax            200000;
        hMin            -200000;
        DMax            1e+16;
        DMin            -1e+16;
        rhoMax          5;
        rhoMin          0.2;
        nuTildaMax      1e+16;
        nuTildaMin      1e-16;
        kMax            1e+16;
        kMin            1e-16;
        omegaMax        1e+16;
        omegaMin        -1e+16;
        epsilonMax      1e+16;
        epsilonMin      1e-16;
        ReThetatMax     1e+16;
        ReThetatMin     1e-16;
        gammaIntMax     1e+16;
        gammaIntMin     1e-16;
    }
    discipline      aero;
    adjPartDerivFDStep
    {
        State           1e-06;
    }
    transonicPCOption -1;
    unsteadyAdjoint
    {
        mode            None;
        PCMatPrecomputeInterval 100;
        PCMatUpdateInterval 1;
        reduceIO        1;
        additionalOutput 1 ( None );
        additionalOldTime 1 ( None );
        readZeroFields  1;
    }
    adjPCLag        10000;
    useAD
    {
        mode            reverse;
        dvName          None;
        seedIndex       -9999;
    }
    useConstrainHbyA 1;
    forceMeshWaveFrozen 1;
    useDdtCorr      0;
    regressionModel
    {
        active          0;
    }
    useMeanStates   0;
    solveLinearFunctionName None;
    printDAOptions  1;
    debug           0;
    writeJacobians  1 ( None );
    printInterval   100;
    printIntervalUnsteady 1;
    primalMinResTolDiff 1000;
    adjUseColoring  1;
    adjEqnOption
    {
        globalPCIters   0;
        asmOverlap      1;
        localPCIters    1;
        jacMatReOrdering natural;
        pcFillLevel     1;
        gmresMaxIters   1000;
        gmresRestart    1000;
        gmresRelTol     1e-06;
        gmresAbsTol     1e-14;
        gmresTolDiff    100;
        useNonZeroInitGuess 0;
        useMGSO         0;
        printInfo       1;
        fpMaxIters      1000;
        fpRelTol        1e-06;
        fpMinResTolDiff 100;
        fpPCUpwind      0;
        dynAdjustTol    0;
        KSPCalcEigen    0;
        KSPCalcSingularVal 0;
        readPCMat       0;
    }
    normalizeResiduals 11 ( URes pRes p_rghRes nuTildaRes phiRes TRes DRes kRes omegaRes epsilonRes alpha.waterRes );
    maxResConLv4JacPCMat
    {
        pRes            2;
        phiRes          1;
        URes            2;
        TRes            2;
        nuTildaRes      2;
        kRes            2;
        epsilonRes      2;
        omegaRes        2;
        p_rghRes        2;
        DRes            2;
        gammaIntRes     2;
        ReThetatRes     2;
        alpha.waterRes  2;
    }
    jacLowerBounds
    {
        dRdW            1e-30;
        dRdWPC          1e-30;
    }
    maxTractionBCIters 100;
    decomposeParDict
    {
        method          scotch;
        simpleCoeffs
        {
            n               3 ( 2 2 1 );
            delta           0.001;
        }
        kahipCoeffs
        {
            config          fast;
            imbalance       0.01;
        }
        preservePatches 1 ( None );
        singleProcessorFaceSets 1 ( None );
        args            1 ( None );
    }
    adjStateOrdering cell;
    checkMeshThreshold
    {
        maxAspectRatio  1000;
        maxNonOrth      70;
        maxSkewness     4;
        maxIncorrectlyOrientedFaces 0;
    }
    writeDeformedFFDs 0;
    writeDeformedConstraints 0;
    writeAdjointFields 0;
    maxCorrectBCCalls 2;
    writeMinorIterations 0;
    primalMinIters  1;
    tensorflow
    {
        active          0;
    }
    wallDistanceMethod default;
    unsteadyCompOutput
    {
    }
}

pyDAFoam initialization done!
dRdWT Jacobian Free created!
I/O    : uncollated
/home/dafoamuser/dafoam/packages/miniconda3/lib/python3.10/site-packages/openmdao/core/component.py:140: OMDeprecationWarning:'scenario1.coupling.solver' <class DAFoamSolver>: It appears this component mixes distributed/non-distributed inputs and outputs, so it may break starting with OpenMDAO 3.25, where the convention used when passing data between distributed and non-distributed inputs and outputs within a matrix free component will change. See https://github.com/OpenMDAO/POEMs/blob/master/POEM_075.md for details.
/home/dafoamuser/dafoam/packages/miniconda3/lib/python3.10/site-packages/openmdao/core/component.py:140: OMDeprecationWarning:'scenario1.coupling.solver' <class DAFoamSolver>: It appears this component mixes distributed/non-distributed inputs and outputs, so it may break starting with OpenMDAO 3.25, where the convention used when passing data between distributed and non-distributed inputs and outputs within a matrix free component will change. See https://github.com/OpenMDAO/POEMs/blob/master/POEM_075.md for details.
/home/dafoamuser/dafoam/packages/miniconda3/lib/python3.10/site-packages/openmdao/core/component.py:140: OMDeprecationWarning:'scenario1.coupling.solver' <class DAFoamSolver>: It appears this component mixes distributed/non-distributed inputs and outputs, so it may break starting with OpenMDAO 3.25, where the convention used when passing data between distributed and non-distributed inputs and outputs within a matrix free component will change. See https://github.com/OpenMDAO/POEMs/blob/master/POEM_075.md for details.
/home/dafoamuser/dafoam/packages/miniconda3/lib/python3.10/site-packages/openmdao/core/component.py:140: OMDeprecationWarning:'scenario1.coupling.solver' <class DAFoamSolver>: It appears this component mixes distributed/non-distributed inputs and outputs, so it may break starting with OpenMDAO 3.25, where the convention used when passing data between distributed and non-distributed inputs and outputs within a matrix free component will change. See https://github.com/OpenMDAO/POEMs/blob/master/POEM_075.md for details.
/home/dafoamuser/dafoam/packages/miniconda3/lib/python3.10/site-packages/openmdao/core/component.py:140: OMDeprecationWarning:'scenario1.aero_post.functionals' <class DAFoamFunctions>: It appears this component mixes distributed/non-distributed inputs and outputs, so it may break starting with OpenMDAO 3.25, where the convention used when passing data between distributed and non-distributed inputs and outputs within a matrix free component will change. See https://github.com/OpenMDAO/POEMs/blob/master/POEM_075.md for details.
/home/dafoamuser/dafoam/packages/miniconda3/lib/python3.10/site-packages/openmdao/core/component.py:140: OMDeprecationWarning:'scenario1.aero_post.functionals' <class DAFoamFunctions>: It appears this component mixes distributed/non-distributed inputs and outputs, so it may break starting with OpenMDAO 3.25, where the convention used when passing data between distributed and non-distributed inputs and outputs within a matrix free component will change. See https://github.com/OpenMDAO/POEMs/blob/master/POEM_075.md for details.
/home/dafoamuser/dafoam/packages/miniconda3/lib/python3.10/site-packages/openmdao/core/component.py:140: OMDeprecationWarning:'scenario1.aero_post.functionals' <class DAFoamFunctions>: It appears this component mixes distributed/non-distributed inputs and outputs, so it may break starting with OpenMDAO 3.25, where the convention used when passing data between distributed and non-distributed inputs and outputs within a matrix free component will change. See https://github.com/OpenMDAO/POEMs/blob/master/POEM_075.md for details.
/home/dafoamuser/dafoam/packages/miniconda3/lib/python3.10/site-packages/openmdao/core/component.py:140: OMDeprecationWarning:'scenario1.aero_post.functionals' <class DAFoamFunctions>: It appears this component mixes distributed/non-distributed inputs and outputs, so it may break starting with OpenMDAO 3.25, where the convention used when passing data between distributed and non-distributed inputs and outputs within a matrix free component will change. See https://github.com/OpenMDAO/POEMs/blob/master/POEM_075.md for details.
Checking mesh quality for time = 0
    Overall domain bounding box (0 -0.5000000000000003 -1.734723475976807e-18) (3 0.5 0.05000000074505812)
    Mesh has 3 geometric (non-empty/wedge) directions (1 1 1)
    Mesh has 3 solution (non-empty) directions (1 1 1)
    Boundary openness (-2.496858518655798e-17 -3.453853160903114e-18 -1.64989464220793e-17) OK.
    Max cell openness = 5.900422408863415e-15 OK.
    Max aspect ratio = 250.9727357179337 OK.
    Minimum face area = 5.608835469031568e-06. Maximum face area = 0.0016261423064255.  Face area magnitudes OK.
    Min volume = 2.804418810632305e-07. Max volume = 5.084633467474263e-05.  Total volume = 0.1187499957319696.  Cell volumes OK.
    Mesh non-orthogonality Max: 46.8117354617747 average: 14.38071650818499
    Non-orthogonality check OK.
    Face pyramids OK.
    Max skewness = 0.1126369503222542 OK.
    Coupled point location match (average 0) OK.

Mesh OK.

Running Primal Solver 001
Previous solution time -1e+10 not found and nothing deleted.
No finite volume options present

Starting time loop

Time = 1

U0 initRes: 0.9999999999999893 finalRes: 0.08323070542206014 nIters: 1
U1 initRes: 1 finalRes: 0.08056053471460327 nIters: 4
U2 initRes: 0.9999999999930469 finalRes: 0.08627460586677578 nIters: 4
p initRes: 1 finalRes: 0.09907812895860202 nIters: 8
Time step continuity errors : sum local = 0.2085931526133491
                                 global = -0.003142096964610287
                             cumulative = -0.003142096964610287
omega initRes: 0.06083099048549256 finalRes: 0.00495026468716426 nIters: 2
k initRes: 0.9999999999995534 finalRes: 0.05096018374159503 nIters: 2
UFieldVar: 1.037059988867985 final: 1.037059988867985
yPlus min: 6.077833140909032 max: 9.665185744865934 mean: 8.166151107076532
ExecutionTime = 0.42 s  ClockTime = 0 s

Time = 100

U0 initRes: 0.02156062536865507 finalRes: 0.001903596133965308 nIters: 3
U1 initRes: 0.04563806520311871 finalRes: 0.003166820335280182 nIters: 3
U2 initRes: 0.06276745209130484 finalRes: 0.003877720923485155 nIters: 3
p initRes: 0.3349231025057481 finalRes: 0.02571050813608523 nIters: 5
Time step continuity errors : sum local = 0.4157439289385847
                                 global = 0.01183850101088129
                             cumulative = 0.008696404046270999
omega initRes: 0.005404087401152966 finalRes: 0.0003387211711950278 nIters: 3
k initRes: 0.05128795190909876 finalRes: 0.003775463060426506 nIters: 3
UFieldVar: 7.586198431445337 final: 7.586198431445337
yPlus min: 0.9803435564557116 max: 20.673325575758 mean: 7.041936394130948
ExecutionTime = 1.27 s  ClockTime = 0 s

Time = 200

U0 initRes: 0.01433904812229337 finalRes: 0.00102392442040557 nIters: 3
U1 initRes: 0.02864584914519229 finalRes: 0.001749930490401786 nIters: 3
U2 initRes: 0.03326357191983608 finalRes: 0.001774294999572219 nIters: 4
p initRes: 0.1814778679137175 finalRes: 0.01764147485100171 nIters: 3
Time step continuity errors : sum local = 0.06839887821193003
                                 global = -0.0007258217918939177
                             cumulative = 0.007970582254377081
omega initRes: 0.001689378810464877 finalRes: 7.929639887809355e-05 nIters: 3
k initRes: 0.02310746708946626 finalRes: 0.002221022304793008 nIters: 3
UFieldVar: 2.699397467208385 final: 2.699397467208385
yPlus min: 0.2366786100829112 max: 14.65184810795478 mean: 5.040407357102652
ExecutionTime = 1.69 s  ClockTime = 1 s

Time = 300

U0 initRes: 0.005942608922034206 finalRes: 0.0002556591673466281 nIters: 3
U1 initRes: 0.02657325799833271 finalRes: 0.00100705819122144 nIters: 3
U2 initRes: 0.01696927354789372 finalRes: 0.001556987889485357 nIters: 2
p initRes: 0.05135198559322261 finalRes: 0.00423720939761422 nIters: 6
Time step continuity errors : sum local = 0.01083717116233436
                                 global = -0.003048876770130298
                             cumulative = 0.004921705484246782
omega initRes: 0.0004277480569399713 finalRes: 3.720693732557746e-05 nIters: 2
k initRes: 0.01107588865173161 finalRes: 0.000742065918187337 nIters: 3
UFieldVar: 0.7949433297214982 final: 0.7949433297214982
yPlus min: 0.290291053554061 max: 8.813264212477527 mean: 3.627898129724989
ExecutionTime = 2.12 s  ClockTime = 1 s

Time = 400

U0 initRes: 0.001775369229722983 finalRes: 7.643285402554293e-05 nIters: 3
U1 initRes: 0.02561264630719796 finalRes: 0.001882784302924085 nIters: 2
U2 initRes: 0.005333269463113325 finalRes: 0.00022853364423313 nIters: 2
p initRes: 0.03714973106097382 finalRes: 0.003373427020386827 nIters: 4
Time step continuity errors : sum local = 0.004853931647290251
                                 global = -0.0004021790861688741
                             cumulative = 0.004519526398077908
omega initRes: 7.777725523302518e-05 finalRes: 3.925265444510021e-06 nIters: 3
k initRes: 0.007198158093657946 finalRes: 0.0004499821907900108 nIters: 4
UFieldVar: 0.0411357036417485 final: 0.0411357036417485
yPlus min: 0.3097960261737938 max: 6.831549522974176 mean: 2.995035423722708
ExecutionTime = 2.55 s  ClockTime = 2 s

Time = 500

U0 initRes: 9.344814960498533e-05 finalRes: 8.459167716540095e-06 nIters: 3
U1 initRes: 0.001840730796566454 finalRes: 0.0001647804780496856 nIters: 3
U2 initRes: 0.0002907316794941883 finalRes: 1.404584347735177e-05 nIters: 3
p initRes: 0.002654867075656955 finalRes: 0.0002607023706603636 nIters: 4
Time step continuity errors : sum local = 0.0002286540420616941
                                 global = -6.112702184786462e-06
                             cumulative = 0.004513413695893121
omega initRes: 1.517443794383323e-05 finalRes: 7.926738355274831e-07 nIters: 4
k initRes: 0.001043645925986341 finalRes: 8.291643801391022e-05 nIters: 4
UFieldVar: 0.01830117909770322 final: 0.01830117909770322
yPlus min: 0.1691234477497197 max: 6.795908338121572 mean: 2.681682453064324
ExecutionTime = 2.97 s  ClockTime = 2 s

Time = 600

U0 initRes: 3.294286220740608e-05 finalRes: 2.852939067906578e-06 nIters: 3
U1 initRes: 0.0007658844296469154 finalRes: 6.182725324885745e-05 nIters: 3
U2 initRes: 0.0002207651842461501 finalRes: 1.502130282698995e-05 nIters: 3
p initRes: 0.0009869407532453476 finalRes: 8.494360628430975e-05 nIters: 7
Time step continuity errors : sum local = 6.734026634427369e-05
                                 global = -4.461522928477866e-06
                             cumulative = 0.004508952172964643
omega initRes: 4.989804614154276e-06 finalRes: 3.618600115032421e-07 nIters: 3
k initRes: 0.0001798315960143036 finalRes: 1.18859372021155e-05 nIters: 4
UFieldVar: 0.01295782529641652 final: 0.01295782529641652
yPlus min: 0.6030194795082716 max: 6.795909140810794 mean: 2.659923145116065
ExecutionTime = 3.41 s  ClockTime = 2 s

Time = 700

U0 initRes: 1.992156822484955e-05 finalRes: 9.386804629061933e-07 nIters: 3
U1 initRes: 0.000248509469430049 finalRes: 2.467201918703525e-05 nIters: 2
U2 initRes: 5.881533459022686e-05 finalRes: 4.680824036901568e-06 nIters: 2
p initRes: 0.0002201556019457173 finalRes: 1.967665918804653e-05 nIters: 5
Time step continuity errors : sum local = 1.472712243696958e-05
                                 global = -2.915518602197821e-06
                             cumulative = 0.004506036654362445
omega initRes: 1.474586321690998e-06 finalRes: 1.057210034173985e-07 nIters: 2
k initRes: 4.95651434578823e-05 finalRes: 4.298198571376298e-06 nIters: 3
UFieldVar: 0.01316248648024685 final: 0.01316248648024685
yPlus min: 0.7437636502456034 max: 6.795908726451455 mean: 2.691415840982614
ExecutionTime = 3.85 s  ClockTime = 3 s

Time = 800

U0 initRes: 2.583151035329711e-06 finalRes: 1.350553463727102e-07 nIters: 4
U1 initRes: 3.724473401641219e-05 finalRes: 2.266665489645267e-06 nIters: 3
U2 initRes: 8.740611740018548e-06 finalRes: 7.405121530236586e-07 nIters: 2
p initRes: 3.731713886799505e-05 finalRes: 3.556300596177995e-06 nIters: 6
Time step continuity errors : sum local = 2.599671417278151e-06
                                 global = -6.954362673061644e-08
                             cumulative = 0.004505967110735714
omega initRes: 3.195974750752671e-07 finalRes: 1.518092378112665e-08 nIters: 3
k initRes: 1.508937452421488e-05 finalRes: 8.347063389388936e-07 nIters: 4
UFieldVar: 0.01366460502038611 final: 0.01366460502038611
yPlus min: 0.7573968797695741 max: 6.79590862025955 mean: 2.684069409356592
ExecutionTime = 4.3 s  ClockTime = 3 s

Time = 900

U0 initRes: 1.868946842108342e-06 finalRes: 1.620347574985576e-07 nIters: 3
U1 initRes: 2.070769182889484e-05 finalRes: 1.879821261829306e-06 nIters: 2
U2 initRes: 4.153456255625013e-06 finalRes: 2.578199475433482e-07 nIters: 2
p initRes: 8.459545060874495e-06 finalRes: 6.299570033070764e-07 nIters: 9
Time step continuity errors : sum local = 4.581501385252551e-07
                                 global = -1.095199129609245e-07
                             cumulative = 0.004505857590822754
omega initRes: 1.444894538308397e-07 finalRes: 7.174573186957731e-09 nIters: 3
k initRes: 4.382421284390718e-06 finalRes: 3.429305962461801e-07 nIters: 3
UFieldVar: 0.01375173961577052 final: 0.01375173961577052
yPlus min: 0.7518054681433538 max: 6.795908613470604 mean: 2.684137344184669
ExecutionTime = 4.76 s  ClockTime = 4 s

Time = 1000

U0 initRes: 1.076823182279251e-06 finalRes: 8.01757761917227e-08 nIters: 3
U1 initRes: 1.040173521314674e-05 finalRes: 8.888300036723979e-07 nIters: 2
U2 initRes: 2.755061309371197e-06 finalRes: 1.703715242728605e-07 nIters: 2
p initRes: 6.903522450717117e-06 finalRes: 5.302866473389491e-07 nIters: 7
Time step continuity errors : sum local = 3.843046004605302e-07
                                 global = -5.817091100495979e-08
                             cumulative = 0.004505799419911749
omega initRes: 8.094255489774441e-08 finalRes: 4.066404739636286e-09 nIters: 3
k initRes: 2.584389875333982e-06 finalRes: 2.223659102535335e-07 nIters: 3
UFieldVar: 0.01378845135790576 final: 0.01378845135790576
yPlus min: 0.7504985132557684 max: 6.795908609352157 mean: 2.686017136737821
ExecutionTime = 5.23 s  ClockTime = 4 s

Time = 1100

U0 initRes: 5.265365976484819e-07 finalRes: 3.607423675886987e-08 nIters: 3
U1 initRes: 4.987313231011688e-06 finalRes: 4.408691248931425e-07 nIters: 2
U2 initRes: 1.522937133455151e-06 finalRes: 9.78903551261374e-08 nIters: 2
p initRes: 4.180405575168583e-06 finalRes: 4.141967143891358e-07 nIters: 5
Time step continuity errors : sum local = 2.996745378411619e-07
                                 global = -4.736001309227588e-08
                             cumulative = 0.004505752059898656
omega initRes: 3.913906369972712e-08 finalRes: 1.86631950299773e-09 nIters: 3
k initRes: 1.250494429084775e-06 finalRes: 1.045233599983599e-07 nIters: 3
UFieldVar: 0.01380375059419542 final: 0.01380375059419542
yPlus min: 0.7503430498074469 max: 6.795908604581681 mean: 2.687385212623484
ExecutionTime = 5.69 s  ClockTime = 5 s

Time = 1200

U0 initRes: 2.371543560648551e-07 finalRes: 1.546240800041562e-08 nIters: 3
U1 initRes: 2.239715894939702e-06 finalRes: 1.977131673943528e-07 nIters: 2
U2 initRes: 7.15952641780727e-07 finalRes: 4.685402114601535e-08 nIters: 2
p initRes: 2.031614825413579e-06 finalRes: 1.909072423911376e-07 nIters: 5
Time step continuity errors : sum local = 1.380194628154054e-07
                                 global = -2.085363494421721e-08
                             cumulative = 0.004505731206263713
omega initRes: 1.766703053463855e-08 finalRes: 1.763202823017323e-09 nIters: 2
k initRes: 5.533855897701912e-07 finalRes: 4.420006155397418e-08 nIters: 3
UFieldVar: 0.01381062483650813 final: 0.01381062483650813
yPlus min: 0.750397564874114 max: 6.795908601735094 mean: 2.68805457941733
ExecutionTime = 6.14 s  ClockTime = 5 s

Time = 1300

U0 initRes: 1.02060602655337e-07 finalRes: 6.533433378340224e-09 nIters: 3
U1 initRes: 9.624482048842637e-07 finalRes: 8.437892043124784e-08 nIters: 2
U2 initRes: 3.107275687333902e-07 finalRes: 2.041540172123564e-08 nIters: 2
p initRes: 8.843752559220647e-07 finalRes: 8.745302940607562e-08 nIters: 5
Time step continuity errors : sum local = 6.320509052423723e-08
                                 global = -8.944740462825995e-09
                             cumulative = 0.004505722261523249
omega initRes: 7.641021167169374e-09 finalRes: 7.636755907521315e-10 nIters: 2
k initRes: 2.347909517941707e-07 finalRes: 1.804755124905981e-08 nIters: 3
UFieldVar: 0.01381371471775192 final: 0.01381371471775192
yPlus min: 0.7504496029868594 max: 6.795908600379757 mean: 2.688342079842347
ExecutionTime = 6.58 s  ClockTime = 6 s

Time = 1400

U0 initRes: 4.325069236590306e-08 finalRes: 2.748479725234041e-09 nIters: 3
U1 initRes: 4.080043778599519e-07 finalRes: 3.555861963371986e-08 nIters: 2
U2 initRes: 1.317709425597728e-07 finalRes: 8.641176287864572e-09 nIters: 2
p initRes: 3.781776899416747e-07 finalRes: 3.605040043997049e-08 nIters: 5
Time step continuity errors : sum local = 2.605117923592606e-08
                                 global = -3.806127469706133e-09
                             cumulative = 0.00450571845539578
omega initRes: 3.240077313039914e-09 finalRes: 1.528132853787707e-10 nIters: 3
k initRes: 9.801706687481973e-08 finalRes: 7.321962097614608e-09 nIters: 3
UFieldVar: 0.01381505872415571 final: 0.01381505872415571
yPlus min: 0.7504731022236728 max: 6.795908599819548 mean: 2.68846111251132
ExecutionTime = 7.03 s  ClockTime = 6 s

Time = 1500

U0 initRes: 1.825911989288727e-08 finalRes: 1.157990964634141e-09 nIters: 3
U1 initRes: 1.724906839412048e-07 finalRes: 1.50158937173562e-08 nIters: 2
U2 initRes: 5.571206737194824e-08 finalRes: 3.650465935687435e-09 nIters: 2
p initRes: 1.595000656490425e-07 finalRes: 1.527906661833276e-08 nIters: 5
Time step continuity errors : sum local = 1.10404988297535e-08
                                 global = -1.629248796977413e-09
                             cumulative = 0.004505716826146983
omega initRes: 1.365055310790288e-09 finalRes: 1.362843948336281e-10 nIters: 2
k initRes: 4.127345980965668e-08 finalRes: 3.04386578259647e-09 nIters: 3
UFieldVar: 0.01381563350084164 final: 0.01381563350084164
yPlus min: 0.7504828012655628 max: 6.795908599565553 mean: 2.688510378158421
ExecutionTime = 7.47 s  ClockTime = 6 s

Time = 1600

U0 initRes: 7.688281656092748e-09 finalRes: 4.887856526257011e-10 nIters: 3
U1 initRes: 7.276492553898419e-08 finalRes: 6.324353138589907e-09 nIters: 2
U2 initRes: 2.355947140115685e-08 finalRes: 1.539698788402573e-09 nIters: 2
p initRes: 6.670084791709936e-08 finalRes: 4.939759647402098e-09 nIters: 7
Time step continuity errors : sum local = 3.56933389676508e-09
                                 global = -3.693165526428786e-10
                             cumulative = 0.00450571645683043
omega initRes: 5.842435995289109e-10 finalRes: 5.835831618975608e-11 nIters: 2
k initRes: 1.742508928400076e-08 finalRes: 1.278983676251602e-09 nIters: 3
UFieldVar: 0.01381587778097978 final: 0.01381587778097978
yPlus min: 0.7504867770619176 max: 6.795908599457371 mean: 2.68853090459641
ExecutionTime = 7.92 s  ClockTime = 7 s

Time = 1700

U0 initRes: 3.243597594540237e-09 finalRes: 2.06212073785245e-10 nIters: 3
U1 initRes: 3.07330355043455e-08 finalRes: 2.672734065162871e-09 nIters: 2
U2 initRes: 1.004797994314487e-08 finalRes: 6.480042039949294e-10 nIters: 2
p initRes: 2.826361841601837e-08 finalRes: 2.07114735562646e-09 nIters: 7
Time step continuity errors : sum local = 1.496536984293443e-09
                                 global = -1.522271251992607e-10
                             cumulative = 0.004505716304603305
omega initRes: 2.460015334421675e-10 finalRes: 2.45299118187429e-11 nIters: 2
k initRes: 7.333806225609772e-09 finalRes: 5.368330238003301e-10 nIters: 3
UFieldVar: 0.01381598123263798 final: 0.01381598123263798
yPlus min: 0.7504884141708367 max: 6.795908599412834 mean: 2.688539510550179
ExecutionTime = 8.359999999999999 s  ClockTime = 7 s

Time = 1800

U0 initRes: 1.370902051314142e-09 finalRes: 8.700537470498952e-11 nIters: 3
U1 initRes: 1.298350824192139e-08 finalRes: 1.12737132364229e-09 nIters: 2
U2 initRes: 4.37862481391937e-09 finalRes: 2.737762337432927e-10 nIters: 2
p initRes: 1.19243811569264e-08 finalRes: 1.142351939580223e-09 nIters: 5
Time step continuity errors : sum local = 8.254175800402264e-10
                                 global = -1.218644427224151e-10
                             cumulative = 0.004505716182738862
omega initRes: 1.042532513143309e-10 finalRes: 1.040175755378005e-11 nIters: 2
k initRes: 3.098986250334145e-09 finalRes: 2.268069754336564e-10 nIters: 3
UFieldVar: 0.01381602498451389 final: 0.01381602498451389
yPlus min: 0.7504890953003971 max: 6.795908599394094 mean: 2.688543132058088
ExecutionTime = 8.81 s  ClockTime = 8 s

Time = 1821
Minimal residual 9.921336288023829e-09 satisfied the prescribed tolerance 1e-08

UFieldVar: 0.01381603028379644 final: 0.01381603028379644
End

Printing Primal Residual Statistics.
U Residual Norm2: (0.0005633425729068884 8.466413240206777e-05 2.592028428656652e-11)
U Residual Mean: (3.475901346980534e-06 5.172564656015346e-07 1.12646538588844e-13)
U Residual Max: (6.566490897919053e-05 9.491445138065657e-06 3.887413354690444e-12)
p Residual Norm2: 1.657623748068663e-05
p Residual Mean: 3.592632904331793e-08
p Residual Max: 5.8871210613745e-06
omega Residual Norm2: 0.07067880516094865
omega Residual Mean: 0.0002300351344190856
omega Residual Max: 0.01441693921626869
k Residual Norm2: 3.098993214097001e-05
k Residual Mean: 2.33412775628421e-07
k Residual Max: 3.250058535383526e-06
phi Residual Norm2: 5.722472379886847e-07
phi Residual Mean: 1.387521626846046e-09
phi Residual Max: 3.819540474428971e-08
Total Residual Norm2: 0.07068110962148315
 
 
TIMING primal_wall_s: 8.192
OBJ UFieldVar: 1.3816030283796443e-02
Finalising parallel run
Finalising parallel run
