WARNING 7: VSPAERO Viewer Not Found. 
	Expected here: /home/dafoamuser/dafoam/packages/miniconda3/lib/python3.10/site-packages/openvsp/vspviewer
WARNING 7: VSPAERO Viewer Not Found. 
	Expected here: /home/dafoamuser/dafoam/packages/miniconda3/lib/python3.10/site-packages/openvsp/vspviewer
WARNING 7: VSPAERO Viewer Not Found. 
	Expected here: /home/dafoamuser/dafoam/packages/miniconda3/lib/python3.10/site-packages/openvsp/vspviewer
WARNING 7: VSPAERO Viewer Not Found. 
	Expected here: /home/dafoamuser/dafoam/packages/miniconda3/lib/python3.10/site-packages/openvsp/vspviewer
 
-------------------------------------------------------------------------------
|                               DAFoam v5.0.0                                 |
-------------------------------------------------------------------------------
 
/*---------------------------------------------------------------------------*\
| =========                 |                                                 |
| \\      /  F ield         | OpenFOAM: The Open Source CFD Toolbox           |
|  \\    /   O peration     | Version:  2506                                  |
|   \\  /    A nd           | Website:  www.openfoam.com                      |
|    \\/     M anipulation  |                                                 |
\*---------------------------------------------------------------------------*/
Build  : _615aae61d7-20250627 OPENFOAM=2506 version=v2506
Arch   : "LSB;label=32;scalar=64"
Exec   : decomposePar
Date   : Jul 31 2026
Time   : 10:33:13
Host   : ip-172-31-43-247
PID    : 2171
--> FOAM Warning : 
    From Foam::fileName Foam::cwd_L()
    in file POSIX.C at line 554
    PWD is not the cwd() - reverting to physical description
I/O    : uncollated
--> FOAM Warning : 
    From Foam::fileName Foam::cwd_L()
    in file POSIX.C at line 554
    PWD is not the cwd() - reverting to physical description
Case   : /home/dafoamuser/mount/ramp_kw/c1
nProcs : 1
trapFpe: Floating point exception trapping enabled (FOAM_SIGFPE).
fileModificationChecking : Monitoring run-time modified files using timeStampMaster (fileModificationSkew 5, maxFileModificationPolls 20)
allowSystemOperations : Allowing user-supplied system call operations

// * * * * * * * * * * * * * * * * * * * * * * * * * * * * * * * * * * * * * //
Create time

Overriding DebugSwitches according to controlDict
    SolverPerformance 0;



Decomposing mesh

Create mesh

Calculating distribution of cells
Decomposition method scotch [4] (region region0)

Finished decomposition in 0 s

Calculating original mesh data

Distributing cells to processors

Distributing faces to processors

Distributing points to processors

Constructing processor meshes
Overriding DebugSwitches according to controlDict
    SolverPerformance 0;


Processor 0
    Number of cells = 1250
    Number of points = 2652
    Number of faces shared with processor 1 = 50
    Number of processor patches = 1
    Number of processor faces = 50
    Number of boundary faces = 2600
Overriding DebugSwitches according to controlDict
    SolverPerformance 0;


Processor 1
    Number of cells = 1250
    Number of points = 2652
    Number of faces shared with processor 0 = 50
    Number of faces shared with processor 3 = 50
    Number of processor patches = 2
    Number of processor faces = 100
    Number of boundary faces = 2550
Overriding DebugSwitches according to controlDict
    SolverPerformance 0;


Processor 2
    Number of cells = 1250
    Number of points = 2652
    Number of faces shared with processor 3 = 50
    Number of processor patches = 1
    Number of processor faces = 50
    Number of boundary faces = 2600
Overriding DebugSwitches according to controlDict
    SolverPerformance 0;


Processor 3
    Number of cells = 1250
    Number of points = 2652
    Number of faces shared with processor 1 = 50
    Number of faces shared with processor 2 = 50
    Number of processor patches = 2
    Number of processor faces = 100
    Number of boundary faces = 2550

Number of processor faces = 150
Max number of cells = 1250 (0% above average 1250)
Max number of processor patches = 2 (33.33333333333334% above average 1.5)
Max number of faces between processors = 100 (33.33333333333334% above average 75)

Time = 0

Processor 0: field transfer
Overriding DebugSwitches according to controlDict
    SolverPerformance 0;

Processor 1: field transfer
Overriding DebugSwitches according to controlDict
    SolverPerformance 0;

Processor 2: field transfer
Overriding DebugSwitches according to controlDict
    SolverPerformance 0;

Processor 3: field transfer
Overriding DebugSwitches according to controlDict
    SolverPerformance 0;


End

I/O    : uncollated
--> FOAM Warning : 
    From Foam::fileName Foam::cwd_L()
    in file POSIX.C at line 554
    PWD is not the cwd() - reverting to physical description
Case   : /home/dafoamuser/mount/ramp_kw/c1
nProcs : 4
Hosts  :
(
    (ip-172-31-43-247 4)
)
Pstream initialized with:
    node communication : off [type=host] (4 ranks, 1 nodes)
    topology controls  : none
    consensus exchange : 0 (tuning: 0)
    exchange algorithm : 0
    commsType          : nonBlocking
    polling iterations : 0
Initializing mesh and runtime for DASolver
Create time

Overriding DebugSwitches according to controlDict
    SolverPerformance 0;

Create mesh for time = 0
Replacing wallDist.method meshWave -> meshWaveFrozen
DAOption created. DASolver initialized.
[1] UPstream::init : could not attach buffer
[2] UPstream::init : could not attach buffer
[0] UPstream::init : could not attach buffer
[3] UPstream::init : could not attach buffer
I/O    : uncollated
--> FOAM Warning : 
    From Foam::fileName Foam::cwd_L()
    in file POSIX.C at line 554
    PWD is not the cwd() - reverting to physical description
Case   : /home/dafoamuser/mount/ramp_kw/c1
nProcs : 4
Hosts  :
(
    (ip-172-31-43-247 4)
)
Pstream initialized with:
    node communication : off [type=host] (4 ranks, 1 nodes)
    topology controls  : none
    consensus exchange : 0 (tuning: 0)
    exchange algorithm : 0
    commsType          : nonBlocking
    polling iterations : 0
Initializing mesh and runtime for DASolver
Create time

Overriding DebugSwitches according to controlDict
    SolverPerformance 0;

Create mesh for time = 0
Replacing wallDist.method meshWave -> meshWaveFrozen
DAOption created. DASolver initialized.
Initializing fields for DASimpleFoam
Create simpleControl.

SIMPLE: no convergence criteria found. Calculations will run for 5000 steps.

Reading field p

Reading field U

Reading/calculating face flux field phi

Creating source term. 
Selecting incompressible transport model Newtonian
Selecting turbulence model type RAS
Selecting RAS turbulence model kOmegaSST
Selecting patchDistMethod meshWaveFrozen
No MRF models present

Turbulence model is incompressible
Adjoint States: 
5
(
U volVectorState
k modelState
phi surfaceScalarState
p volScalarState
omega modelState
)
Global Cells: 5000
Global Faces: 20300
Global Xv: 31824
Undecomposed points: 10302
Global Adjoint States: 50300

SIMPLE: no convergence criteria found. Calculations will run for 5000 steps.

DACheckMesh Thresholds: 
maxNonOrth: 70
maxSkewness: 4
maxAspectRatio: 1000
maxIncorrectlyOrientedFaces: 0
    Adding cells with centre within boxes 1((-10 -10 -10) (10 10 10))
Find 10000 reference points for variance of U
Initializing fields for DASimpleFoam
Create simpleControl.

SIMPLE: no convergence criteria found. Calculations will run for 5000 steps.

Reading field p

Reading field U

Reading/calculating face flux field phi

Creating source term. 
Selecting incompressible transport model Newtonian
Selecting turbulence model type RAS
Selecting RAS turbulence model kOmegaSST
Selecting patchDistMethod meshWaveFrozen
No MRF models present

Turbulence model is incompressible
Adjoint States: 
5
(
U volVectorState
k modelState
phi surfaceScalarState
p volScalarState
omega modelState
)
Global Cells: 5000
Global Faces: 20300
Global Xv: 31824
Undecomposed points: 10302
Global Adjoint States: 50300

SIMPLE: no convergence criteria found. Calculations will run for 5000 steps.

DACheckMesh Thresholds: 
maxNonOrth: 70
maxSkewness: 4
maxAspectRatio: 1000
maxIncorrectlyOrientedFaces: 0
    Adding cells with centre within boxes 1((-10 -10 -10) (10 10 10))
Find 10000 reference points for variance of U
Init solver done! ElapsedClockTime 0.000000 s
Init solver done! ElapsedCpuTime 0.270000 s
initState: 
7
(
k 0.01500000000000026
phi 0
U1 0
U2 0
p 0
omega 30
U0 4.999999999999893
)
Setting up primal boundary conditions based on pyOptions: 
Setting primal boundary conditions...
Setting U = (10 0 0) at inlet
Setting nut wall BC for bot. BCType=nutkWallFunction
Setting k wall BC for bot. BCType=kqRWallFunction
Setting omega wall BC for bot. BCType=omegaWallFunction
Reading OpenFOAM mesh information...
I/O    : uncollated
--> FOAM Warning : 
    From Foam::fileName Foam::cwd_L()
    in file POSIX.C at line 554
    PWD is not the cwd() - reverting to physical description
Case   : /home/dafoamuser/mount/ramp_kw/c1
nProcs : 4
Hosts  :
(
    (ip-172-31-43-247 4)
)
Pstream initialized with:
    node communication : off [type=host] (4 ranks, 1 nodes)
    topology controls  : none
    consensus exchange : 0 (tuning: 0)
    exchange algorithm : 0
    commsType          : nonBlocking
    polling iterations : 0
Reading the OpenFOAM mesh..
Overriding DebugSwitches according to controlDict
    SolverPerformance 0;

Checking if we need to compress the mesh files
Checking if we need to compress the mesh files
Finalising parallel run
DAFoam option dictionary: 
{
    solverName      DASimpleFoam;
    primalMinResTol 1e-08;
    primalFuncStdTol
    {
        stdTol          -1;
        slopeTol        -1;
        funcNames       1 ( CD );
        nStepsFrac      0.2;
    }
    primalBC
    {
        U0
        {
            variable        U;
            patches         1 ( inlet );
            value           3 ( 10 0 0 );
        }
        useWallFunction 1;
    }
    primalInitCondition
    {
    }
    normalizeStates
    {
        U               10;
        p               50;
        nuTilda         0.001;
        phi             1;
    }
    function
    {
        UFieldVar
        {
            type            variance;
            source          boxToCell;
            min             3 { -10 };
            max             3 { 10 };
            scale           0.1;
            mode            field;
            varName         U;
            varType         vector;
            indices         2 ( 0 1 );
            timeDependentRefData 0;
        }
    }
    inputInfo
    {
        beta
        {
            type            field;
            fieldName       betaFIOmega;
            fieldType       scalar;
            distributed     0;
            components      2 ( solver function );
        }
    }
    outputInfo
    {
    }
    designSurfaces  1 ( ALL_OPENFOAM_WALL_PATCHES );
    fvSource
    {
    }
    prepareCaseOnly 0;
    adjEqnSolMethod Krylov;
    dynamicMesh
    {
        active          0;
        mode            rotation;
        center          3 ( 0.25 0 0 );
        axis            z;
        omega           0.1;
        s               2;
        t0              0.35;
    }
    primalVarBounds
    {
        UMax            1000;
        UMin            -1000;
        pMax            50000;
        pMin            -50000;
        p_rghMax        50000;
        p_rghMin        -50000;
        eMax            55000;
        eMin            -220000;
        TMax            1000;
        TMin            100;
        hMax            200000;
        hMin            -200000;
        DMax            1e+16;
        DMin            -1e+16;
        rhoMax          5;
        rhoMin          0.2;
        nuTildaMax      1e+16;
        nuTildaMin      1e-16;
        kMax            1e+16;
        kMin            1e-16;
        omegaMax        1e+16;
        omegaMin        -1e+16;
        epsilonMax      1e+16;
        epsilonMin      1e-16;
        ReThetatMax     1e+16;
        ReThetatMin     1e-16;
        gammaIntMax     1e+16;
        gammaIntMin     1e-16;
    }
    discipline      aero;
    adjPartDerivFDStep
    {
        State           1e-06;
    }
    transonicPCOption -1;
    unsteadyAdjoint
    {
        mode            None;
        PCMatPrecomputeInterval 100;
        PCMatUpdateInterval 1;
        reduceIO        1;
        additionalOutput 1 ( None );
        additionalOldTime 1 ( None );
        readZeroFields  1;
    }
    adjPCLag        10000;
    useAD
    {
        mode            reverse;
        dvName          None;
        seedIndex       -9999;
    }
    useConstrainHbyA 1;
    forceMeshWaveFrozen 1;
    useDdtCorr      0;
    regressionModel
    {
        active          0;
    }
    useMeanStates   0;
    solveLinearFunctionName None;
    printDAOptions  1;
    debug           0;
    writeJacobians  1 ( None );
    printInterval   100;
    printIntervalUnsteady 1;
    primalMinResTolDiff 1000;
    adjUseColoring  1;
    adjEqnOption
    {
        globalPCIters   0;
        asmOverlap      1;
        localPCIters    1;
        jacMatReOrdering natural;
        pcFillLevel     1;
        gmresMaxIters   1000;
        gmresRestart    1000;
        gmresRelTol     1e-06;
        gmresAbsTol     1e-14;
        gmresTolDiff    100;
        useNonZeroInitGuess 0;
        useMGSO         0;
        printInfo       1;
        fpMaxIters      1000;
        fpRelTol        1e-06;
        fpMinResTolDiff 100;
        fpPCUpwind      0;
        dynAdjustTol    0;
        KSPCalcEigen    0;
        KSPCalcSingularVal 0;
        readPCMat       0;
    }
    normalizeResiduals 11 ( URes pRes p_rghRes nuTildaRes phiRes TRes DRes kRes omegaRes epsilonRes alpha.waterRes );
    maxResConLv4JacPCMat
    {
        pRes            2;
        phiRes          1;
        URes            2;
        TRes            2;
        nuTildaRes      2;
        kRes            2;
        epsilonRes      2;
        omegaRes        2;
        p_rghRes        2;
        DRes            2;
        gammaIntRes     2;
        ReThetatRes     2;
        alpha.waterRes  2;
    }
    jacLowerBounds
    {
        dRdW            1e-30;
        dRdWPC          1e-30;
    }
    maxTractionBCIters 100;
    decomposeParDict
    {
        method          scotch;
        simpleCoeffs
        {
            n               3 ( 2 2 1 );
            delta           0.001;
        }
        kahipCoeffs
        {
            config          fast;
            imbalance       0.01;
        }
        preservePatches 1 ( None );
        singleProcessorFaceSets 1 ( None );
        args            1 ( None );
    }
    adjStateOrdering cell;
    checkMeshThreshold
    {
        maxAspectRatio  1000;
        maxNonOrth      70;
        maxSkewness     4;
        maxIncorrectlyOrientedFaces 0;
    }
    writeDeformedFFDs 0;
    writeDeformedConstraints 0;
    writeAdjointFields 0;
    maxCorrectBCCalls 2;
    writeMinorIterations 0;
    primalMinIters  1;
    tensorflow
    {
        active          0;
    }
    wallDistanceMethod default;
    unsteadyCompOutput
    {
    }
}

pyDAFoam initialization done!
dRdWT Jacobian Free created!
I/O    : uncollated
/home/dafoamuser/dafoam/packages/miniconda3/lib/python3.10/site-packages/openmdao/core/component.py:140: OMDeprecationWarning:'scenario1.coupling.solver' <class DAFoamSolver>: It appears this component mixes distributed/non-distributed inputs and outputs, so it may break starting with OpenMDAO 3.25, where the convention used when passing data between distributed and non-distributed inputs and outputs within a matrix free component will change. See https://github.com/OpenMDAO/POEMs/blob/master/POEM_075.md for details.
/home/dafoamuser/dafoam/packages/miniconda3/lib/python3.10/site-packages/openmdao/core/component.py:140: OMDeprecationWarning:'scenario1.coupling.solver' <class DAFoamSolver>: It appears this component mixes distributed/non-distributed inputs and outputs, so it may break starting with OpenMDAO 3.25, where the convention used when passing data between distributed and non-distributed inputs and outputs within a matrix free component will change. See https://github.com/OpenMDAO/POEMs/blob/master/POEM_075.md for details.
/home/dafoamuser/dafoam/packages/miniconda3/lib/python3.10/site-packages/openmdao/core/component.py:140: OMDeprecationWarning:'scenario1.coupling.solver' <class DAFoamSolver>: It appears this component mixes distributed/non-distributed inputs and outputs, so it may break starting with OpenMDAO 3.25, where the convention used when passing data between distributed and non-distributed inputs and outputs within a matrix free component will change. See https://github.com/OpenMDAO/POEMs/blob/master/POEM_075.md for details.
/home/dafoamuser/dafoam/packages/miniconda3/lib/python3.10/site-packages/openmdao/core/component.py:140: OMDeprecationWarning:'scenario1.coupling.solver' <class DAFoamSolver>: It appears this component mixes distributed/non-distributed inputs and outputs, so it may break starting with OpenMDAO 3.25, where the convention used when passing data between distributed and non-distributed inputs and outputs within a matrix free component will change. See https://github.com/OpenMDAO/POEMs/blob/master/POEM_075.md for details.
/home/dafoamuser/dafoam/packages/miniconda3/lib/python3.10/site-packages/openmdao/core/component.py:140: OMDeprecationWarning:'scenario1.aero_post.functionals' <class DAFoamFunctions>: It appears this component mixes distributed/non-distributed inputs and outputs, so it may break starting with OpenMDAO 3.25, where the convention used when passing data between distributed and non-distributed inputs and outputs within a matrix free component will change. See https://github.com/OpenMDAO/POEMs/blob/master/POEM_075.md for details.
/home/dafoamuser/dafoam/packages/miniconda3/lib/python3.10/site-packages/openmdao/core/component.py:140: OMDeprecationWarning:'scenario1.aero_post.functionals' <class DAFoamFunctions>: It appears this component mixes distributed/non-distributed inputs and outputs, so it may break starting with OpenMDAO 3.25, where the convention used when passing data between distributed and non-distributed inputs and outputs within a matrix free component will change. See https://github.com/OpenMDAO/POEMs/blob/master/POEM_075.md for details.
/home/dafoamuser/dafoam/packages/miniconda3/lib/python3.10/site-packages/openmdao/core/component.py:140: OMDeprecationWarning:'scenario1.aero_post.functionals' <class DAFoamFunctions>: It appears this component mixes distributed/non-distributed inputs and outputs, so it may break starting with OpenMDAO 3.25, where the convention used when passing data between distributed and non-distributed inputs and outputs within a matrix free component will change. See https://github.com/OpenMDAO/POEMs/blob/master/POEM_075.md for details.
/home/dafoamuser/dafoam/packages/miniconda3/lib/python3.10/site-packages/openmdao/core/component.py:140: OMDeprecationWarning:'scenario1.aero_post.functionals' <class DAFoamFunctions>: It appears this component mixes distributed/non-distributed inputs and outputs, so it may break starting with OpenMDAO 3.25, where the convention used when passing data between distributed and non-distributed inputs and outputs within a matrix free component will change. See https://github.com/OpenMDAO/POEMs/blob/master/POEM_075.md for details.
Checking mesh quality for time = 0
    Overall domain bounding box (0 -0.5000000000000003 -1.734723475976807e-18) (3 0.5 0.05000000074505812)
    Mesh has 3 geometric (non-empty/wedge) directions (1 1 1)
    Mesh has 3 solution (non-empty) directions (1 1 1)
    Boundary openness (-2.496858518655798e-17 -3.453853160903114e-18 -1.64989464220793e-17) OK.
    Max cell openness = 5.900422408863415e-15 OK.
    Max aspect ratio = 250.9727357179337 OK.
    Minimum face area = 5.608835469031568e-06. Maximum face area = 0.0016261423064255.  Face area magnitudes OK.
    Min volume = 2.804418810632305e-07. Max volume = 5.084633467474263e-05.  Total volume = 0.1187499957319696.  Cell volumes OK.
    Mesh non-orthogonality Max: 46.8117354617747 average: 14.38071650818499
    Non-orthogonality check OK.
    Face pyramids OK.
    Max skewness = 0.1126369503222542 OK.
    Coupled point location match (average 0) OK.

Mesh OK.

Running Primal Solver 001
Previous solution time -1e+10 not found and nothing deleted.
No finite volume options present

Starting time loop

Time = 1

U0 initRes: 0.9999999999999893 finalRes: 0.08323070542206014 nIters: 1
U1 initRes: 1 finalRes: 0.08056053471460327 nIters: 4
U2 initRes: 0.9999999999930469 finalRes: 0.08627460586677578 nIters: 4
p initRes: 1 finalRes: 0.09907812895860202 nIters: 8
Time step continuity errors : sum local = 0.2085931526133491
                                 global = -0.003142096964610287
                             cumulative = -0.003142096964610287
omega initRes: 0.06083099217619809 finalRes: 0.004950264817943358 nIters: 2
k initRes: 0.999999999999553 finalRes: 0.05096018331216839 nIters: 2
UFieldVar: 1.037059988867985 final: 1.037059988867985
yPlus min: 6.077833140909032 max: 9.665185744865934 mean: 8.166151107076532
ExecutionTime = 0.41 s  ClockTime = 0 s

Time = 100

U0 initRes: 0.05944790240836119 finalRes: 0.005580772498079541 nIters: 4
U1 initRes: 0.1523813475274874 finalRes: 0.009471506112421148 nIters: 5
U2 initRes: 0.124333955671072 finalRes: 0.008863821295203947 nIters: 4
p initRes: 0.7592174866753172 finalRes: 0.06773806342019813 nIters: 3
Time step continuity errors : sum local = 9.446321560576289
                                 global = 0.1408047622938607
                             cumulative = 0.1376626653292504
omega initRes: 0.07460229913564577 finalRes: 0.005744568543546487 nIters: 2
k initRes: 0.1001955721278046 finalRes: 0.004777604666858555 nIters: 3
UFieldVar: 37.53064219854523 final: 37.53064219854523
yPlus min: 1.554555809717284 max: 130.4117214759983 mean: 21.12728351159254
ExecutionTime = 1.17 s  ClockTime = 1 s

Time = 200

U0 initRes: 0.01438921715455711 finalRes: 0.001184068561695933 nIters: 3
U1 initRes: 0.01912291536374287 finalRes: 0.001467940941950986 nIters: 3
U2 initRes: 0.01757419869448467 finalRes: 0.001391269586033705 nIters: 3
p initRes: 0.1086518413699717 finalRes: 0.009830747016858118 nIters: 4
Time step continuity errors : sum local = 0.0627902001645141
                                 global = -0.003116402139874715
                             cumulative = 0.1345462631893757
omega initRes: 0.001981997135144495 finalRes: 0.0001979155037197129 nIters: 2
k initRes: 0.02203811115647424 finalRes: 0.001561743544088005 nIters: 4
UFieldVar: 6.384276194015649 final: 6.384276194015649
yPlus min: 0.7801545750331402 max: 20.98353364059531 mean: 7.872749663702876
ExecutionTime = 1.6 s  ClockTime = 1 s

Time = 300

U0 initRes: 0.003211355798578008 finalRes: 0.0002692508996765776 nIters: 3
U1 initRes: 0.00883001009143004 finalRes: 0.0005881923248958388 nIters: 3
U2 initRes: 0.004858457972781925 finalRes: 0.0003040763554968803 nIters: 3
p initRes: 0.03205922192823287 finalRes: 0.002432436084671198 nIters: 5
Time step continuity errors : sum local = 0.004069018171283092
                                 global = -0.0004565142118117039
                             cumulative = 0.134089748977564
omega initRes: 0.0004101362929238533 finalRes: 2.96009649145332e-05 nIters: 3
k initRes: 0.005323538082685367 finalRes: 0.0003610518070594628 nIters: 4
UFieldVar: 1.203745167224876 final: 1.203745167224876
yPlus min: 0.3757255716914844 max: 20.95349847837833 mean: 6.842984683659593
ExecutionTime = 2.03 s  ClockTime = 2 s

Time = 400

U0 initRes: 0.003395727868504766 finalRes: 0.0001735247721826529 nIters: 3
U1 initRes: 0.0149887883957063 finalRes: 0.00130893911110179 nIters: 2
U2 initRes: 0.01354839629698404 finalRes: 0.0005303559592216809 nIters: 2
p initRes: 0.02781166792164451 finalRes: 0.002433015492537382 nIters: 5
Time step continuity errors : sum local = 0.005068448869091179
                                 global = -9.013927077960799e-05
                             cumulative = 0.1339996097067844
omega initRes: 0.0002056144782597685 finalRes: 1.453982341551329e-05 nIters: 3
k initRes: 0.006042010529498116 finalRes: 0.0005701544284535535 nIters: 3
UFieldVar: 0.1670667003201003 final: 0.1670667003201003
yPlus min: 0.1476472205776751 max: 7.343937516696291 mean: 4.058991435181029
ExecutionTime = 2.47 s  ClockTime = 2 s

Time = 500

U0 initRes: 0.0003114837975618041 finalRes: 1.833447687196049e-05 nIters: 3
U1 initRes: 0.004733839991701306 finalRes: 0.0004635911503025802 nIters: 2
U2 initRes: 0.001381528758832749 finalRes: 8.145811657960361e-05 nIters: 3
p initRes: 0.007379803596598257 finalRes: 0.0006989994756702554 nIters: 6
Time step continuity errors : sum local = 0.0006939875727765048
                                 global = 5.603637560243306e-06
                             cumulative = 0.1340052133443446
omega initRes: 3.626379470586808e-05 finalRes: 3.406589789455997e-06 nIters: 3
k initRes: 0.00401299328439449 finalRes: 0.000321410948123041 nIters: 4
UFieldVar: 0.01261815962055243 final: 0.01261815962055243
yPlus min: 0.1642961100097878 max: 6.795901712001598 mean: 3.490091366209024
ExecutionTime = 2.9 s  ClockTime = 3 s

Time = 600

U0 initRes: 4.767412659368971e-05 finalRes: 3.842874477481445e-06 nIters: 3
U1 initRes: 0.0007322957666758818 finalRes: 4.645248643279049e-05 nIters: 3
U2 initRes: 0.0003096307499686674 finalRes: 2.85631662048801e-05 nIters: 2
p initRes: 0.001242698553373581 finalRes: 0.0001087398718269645 nIters: 5
Time step continuity errors : sum local = 8.228580178472016e-05
                                 global = -7.155701885953549e-06
                             cumulative = 0.1339980576424587
omega initRes: 9.036298427860436e-06 finalRes: 7.684317162361054e-07 nIters: 3
k initRes: 0.0006318042908618177 finalRes: 4.36253030317602e-05 nIters: 4
UFieldVar: 0.0127607688547937 final: 0.0127607688547937
yPlus min: 0.8793339192663974 max: 6.795909220659644 mean: 2.868917758137426
ExecutionTime = 3.35 s  ClockTime = 3 s

Time = 700

U0 initRes: 2.161520610812201e-05 finalRes: 1.187083051290384e-06 nIters: 3
U1 initRes: 0.0002220189703544764 finalRes: 1.469292383459393e-05 nIters: 3
U2 initRes: 9.208847219804521e-05 finalRes: 6.104118638196798e-06 nIters: 2
p initRes: 0.0002930297118761742 finalRes: 2.772968431429412e-05 nIters: 5
Time step continuity errors : sum local = 2.049533511120721e-05
                                 global = -1.49622135213236e-06
                             cumulative = 0.1339965614211066
omega initRes: 1.987984922995183e-06 finalRes: 1.917742198034038e-07 nIters: 2
k initRes: 0.0001207288033497292 finalRes: 7.370931828492139e-06 nIters: 4
UFieldVar: 0.0133427477883625 final: 0.0133427477883625
yPlus min: 0.7852320123111465 max: 6.795908306347837 mean: 2.715605911745122
ExecutionTime = 3.8 s  ClockTime = 4 s

Time = 800

U0 initRes: 5.4860472363212e-06 finalRes: 4.291142240650787e-07 nIters: 3
U1 initRes: 8.302929766416264e-05 finalRes: 4.589355988958458e-06 nIters: 3
U2 initRes: 2.272428693181322e-05 finalRes: 2.194279424819635e-06 nIters: 2
p initRes: 9.03280905043691e-05 finalRes: 8.728133886963521e-06 nIters: 5
Time step continuity errors : sum local = 6.395257214223096e-06
                                 global = -9.44461668669091e-07
                             cumulative = 0.1339956169594379
omega initRes: 5.420663061634233e-07 finalRes: 4.76697055543928e-08 nIters: 2
k initRes: 1.785542852704417e-05 finalRes: 1.785112631432228e-06 nIters: 3
UFieldVar: 0.01363050753972685 final: 0.01363050753972685
yPlus min: 0.7621545431988863 max: 6.795908628125717 mean: 2.684519114835961
ExecutionTime = 4.24 s  ClockTime = 4 s

Time = 900

U0 initRes: 2.121459337351333e-06 finalRes: 2.098821271014661e-07 nIters: 3
U1 initRes: 2.31546692305664e-05 finalRes: 1.042503579074063e-06 nIters: 3
U2 initRes: 4.098929147554396e-06 finalRes: 2.928848260011089e-07 nIters: 2
p initRes: 1.522118407784298e-05 finalRes: 1.084545619221753e-06 nIters: 7
Time step continuity errors : sum local = 7.900994212383692e-07
                                 global = -1.781935458594647e-07
                             cumulative = 0.133995438765892
omega initRes: 1.995265609470706e-07 finalRes: 1.127537546858749e-08 nIters: 3
k initRes: 5.197522224929095e-06 finalRes: 2.923696149840376e-07 nIters: 4
UFieldVar: 0.01372633704376951 final: 0.01372633704376951
yPlus min: 0.7530450115114339 max: 6.795908624970314 mean: 2.682421410231342
ExecutionTime = 4.69 s  ClockTime = 4 s

Time = 1000

U0 initRes: 1.313986756622712e-06 finalRes: 1.062284304511443e-07 nIters: 3
U1 initRes: 1.231496940066444e-05 finalRes: 1.09908483114019e-06 nIters: 2
U2 initRes: 3.371075146137603e-06 finalRes: 2.151860681904468e-07 nIters: 2
p initRes: 7.80010883939061e-06 finalRes: 6.368237337163673e-07 nIters: 7
Time step continuity errors : sum local = 4.620690553960054e-07
                                 global = -7.127142837426838e-08
                             cumulative = 0.1339953674944637
omega initRes: 1.028462819348854e-07 finalRes: 5.634632631346927e-09 nIters: 3
k initRes: 3.343283092638748e-06 finalRes: 3.308942086103182e-07 nIters: 3
UFieldVar: 0.01376441884144668 final: 0.01376441884144668
yPlus min: 0.7505887341733888 max: 6.795908626326491 mean: 2.684936879351073
ExecutionTime = 5.15 s  ClockTime = 5 s

Time = 1100

U0 initRes: 6.941327966745522e-07 finalRes: 4.83521514636952e-08 nIters: 3
U1 initRes: 6.49110570819972e-06 finalRes: 5.793140417557747e-07 nIters: 2
U2 initRes: 2.028327234556594e-06 finalRes: 1.303257138323025e-07 nIters: 2
p initRes: 5.429003065083795e-06 finalRes: 3.890212477391751e-07 nIters: 7
Time step continuity errors : sum local = 2.816770493417084e-07
                                 global = -3.270937482769193e-08
                             cumulative = 0.1339953347850888
omega initRes: 5.213502599255885e-08 finalRes: 2.566149547244499e-09 nIters: 3
k initRes: 1.699230024371844e-06 finalRes: 1.52264546209376e-07 nIters: 3
UFieldVar: 0.01378193078361243 final: 0.01378193078361243
yPlus min: 0.7502194379688693 max: 6.795908621042821 mean: 2.686834164224697
ExecutionTime = 5.62 s  ClockTime = 5 s

Time = 1200

U0 initRes: 3.151243383162911e-07 finalRes: 2.054388711003312e-08 nIters: 3
U1 initRes: 2.958535592770786e-06 finalRes: 2.62062182179437e-07 nIters: 2
U2 initRes: 9.631505713966682e-07 finalRes: 6.331585073778778e-08 nIters: 2
p initRes: 2.708438827851223e-06 finalRes: 2.685205639123274e-07 nIters: 6
Time step continuity errors : sum local = 1.942359389168307e-07
                                 global = 5.370563220024703e-10
                             cumulative = 0.1339953353221452
omega initRes: 2.364433764279627e-08 finalRes: 1.126669814134753e-09 nIters: 3
k initRes: 7.492917113432077e-07 finalRes: 6.156608786500441e-08 nIters: 3
UFieldVar: 0.0137905213919729 final: 0.0137905213919729
yPlus min: 0.7502987985178553 max: 6.795908617526282 mean: 2.687764370661222
ExecutionTime = 6.07 s  ClockTime = 6 s

Time = 1300

U0 initRes: 1.345201515864928e-07 finalRes: 8.567019506432078e-09 nIters: 3
U1 initRes: 1.261845196299927e-06 finalRes: 1.108152187371317e-07 nIters: 2
U2 initRes: 4.142480479785014e-07 finalRes: 2.736557440883024e-08 nIters: 2
p initRes: 1.189285996718224e-06 finalRes: 1.173172988160098e-07 nIters: 5
Time step continuity errors : sum local = 8.482598383158149e-08
                                 global = -1.166873607848525e-08
                             cumulative = 0.1339953236534091
omega initRes: 1.026089152340991e-08 finalRes: 4.832058135827516e-10 nIters: 3
k initRes: 3.106040430492554e-07 finalRes: 2.402546745425929e-08 nIters: 3
UFieldVar: 0.01379447682826408 final: 0.01379447682826408
yPlus min: 0.7503752936957631 max: 6.795908615686536 mean: 2.688157227010229
ExecutionTime = 6.52 s  ClockTime = 6 s

Time = 1400

U0 initRes: 5.661294686885598e-08 finalRes: 3.584545892929463e-09 nIters: 3
U1 initRes: 5.327039023174927e-07 finalRes: 4.638475342435956e-08 nIters: 2
U2 initRes: 1.733963490718656e-07 finalRes: 1.142432506197413e-08 nIters: 2
p initRes: 4.971344139355605e-07 finalRes: 4.941768122173144e-08 nIters: 5
Time step continuity errors : sum local = 3.57248882681699e-08
                                 global = -4.928965551244303e-09
                             cumulative = 0.1339953187244435
omega initRes: 4.316192408043612e-09 finalRes: 4.314155831260689e-10 nIters: 2
k initRes: 1.294094473798714e-07 finalRes: 9.689724356765021e-09 nIters: 3
UFieldVar: 0.01379622315541434 final: 0.01379622315541434
yPlus min: 0.75040972291409 max: 6.795908614899512 mean: 2.688315460932342
ExecutionTime = 6.97 s  ClockTime = 7 s

Time = 1500

U0 initRes: 2.375114415547718e-08 finalRes: 1.507041827516318e-09 nIters: 3
U1 initRes: 2.241229778283094e-07 finalRes: 1.945532699992954e-08 nIters: 2
U2 initRes: 7.255071949692605e-08 finalRes: 4.782741185387409e-09 nIters: 2
p initRes: 2.076628940727616e-07 finalRes: 1.570881696972038e-08 nIters: 7
Time step continuity errors : sum local = 1.135530691277787e-08
                                 global = -1.20414827965574e-09
                             cumulative = 0.1339953175202953
omega initRes: 1.807166744733561e-09 finalRes: 8.486203411606511e-11 nIters: 3
k initRes: 5.370952059438e-08 finalRes: 3.942389899758787e-09 nIters: 3
UFieldVar: 0.0137969719772776 final: 0.0137969719772776
yPlus min: 0.7504231600293759 max: 6.795908614569098 mean: 2.688379886375257
ExecutionTime = 7.42 s  ClockTime = 7 s

Time = 1600

U0 initRes: 1.00037129423113e-08 finalRes: 6.334211678374974e-10 nIters: 3
U1 initRes: 9.449937264522691e-08 finalRes: 8.203358978000932e-09 nIters: 2
U2 initRes: 3.059457774603691e-08 finalRes: 1.998124573480379e-09 nIters: 2
p initRes: 8.748161729586551e-08 finalRes: 8.371478618107673e-09 nIters: 5
Time step continuity errors : sum local = 6.051230289057954e-09
                                 global = -8.870275830340405e-10
                             cumulative = 0.1339953166332677
omega initRes: 7.590709254846772e-10 finalRes: 7.543759681620948e-11 nIters: 2
k initRes: 2.256234604915981e-08 finalRes: 1.647573676338912e-09 nIters: 3
UFieldVar: 0.01379728971997461 final: 0.01379728971997461
yPlus min: 0.7504284321824958 max: 6.795908614431384 mean: 2.688406535441465
ExecutionTime = 7.86 s  ClockTime = 8 s

Time = 1700

U0 initRes: 4.210037312605648e-09 finalRes: 2.675279670998583e-10 nIters: 3
U1 initRes: 3.987648030720155e-08 finalRes: 3.464480884088541e-09 nIters: 2
U2 initRes: 1.29706196990308e-08 finalRes: 8.411177017812359e-10 nIters: 2
p initRes: 3.651665584427766e-08 finalRes: 2.694963182995047e-09 nIters: 7
Time step continuity errors : sum local = 1.947997246641766e-09
                                 global = -2.009100024228255e-10
                             cumulative = 0.1339953164323577
omega initRes: 3.205218214054001e-10 finalRes: 1.507839648523033e-11 nIters: 3
k initRes: 9.490868490497854e-09 finalRes: 6.917949771786945e-10 nIters: 3
UFieldVar: 0.01379742412767247 final: 0.01379742412767247
yPlus min: 0.7504305670412358 max: 6.795908614371972 mean: 2.688417679150509
ExecutionTime = 8.31 s  ClockTime = 8 s

Time = 1800

U0 initRes: 1.777946974118701e-09 finalRes: 1.130378606142992e-10 nIters: 3
U1 initRes: 1.680405757164591e-08 finalRes: 1.456370566639263e-09 nIters: 2
U2 initRes: 5.591953682490381e-09 finalRes: 3.562260604801908e-10 nIters: 2
p initRes: 1.548438887718855e-08 finalRes: 1.539254124941635e-09 nIters: 5
Time step continuity errors : sum local = 1.112612150291011e-09
                                 global = -1.570377229665037e-10
                             cumulative = 0.1339953162753199
omega initRes: 1.323084868637176e-10 finalRes: 1.315541489326057e-11 nIters: 2
k initRes: 3.986193348304672e-09 finalRes: 2.900804132945923e-10 nIters: 3
UFieldVar: 0.01379748091689778 final: 0.01379748091689778
yPlus min: 0.7504314478221955 max: 6.795908614347468 mean: 2.688422367887438
ExecutionTime = 8.76 s  ClockTime = 8 s

Time = 1851
Minimal residual 9.955804114128422e-09 satisfied the prescribed tolerance 1e-08

UFieldVar: 0.01379749569095839 final: 0.01379749569095839
End

Printing Primal Residual Statistics.
U Residual Norm2: (0.0005645518048120063 8.464540003048324e-05 2.594275494988845e-11)
U Residual Mean: (3.482191967036546e-06 5.160492504600402e-07 1.129773140492703e-13)
U Residual Max: (6.60601852273679e-05 9.495080079968687e-06 3.90021018700306e-12)
p Residual Norm2: 1.664967910149988e-05
p Residual Mean: 3.619437478465505e-08
p Residual Max: 6.128374222630819e-06
omega Residual Norm2: 0.06810030327134692
omega Residual Mean: 0.0002349122411634741
omega Residual Max: 0.01448063651376207
k Residual Norm2: 3.116932509129125e-05
k Residual Mean: 2.348978261065519e-07
k Residual Max: 3.250575114166689e-06
phi Residual Norm2: 5.717647125449541e-07
phi Residual Mean: 1.389641823839485e-09
phi Residual Max: 3.675948693264933e-08
Total Residual Norm2: 0.0681027050732865
 
 
TIMING primal_wall_s: 8.382
OBJ UFieldVar: 1.3797495690958391e-02
Finalising parallel run
Finalising parallel run
