WARNING 7: VSPAERO Viewer Not Found. 
	Expected here: /home/dafoamuser/dafoam/packages/miniconda3/lib/python3.10/site-packages/openvsp/vspviewer
WARNING 7: VSPAERO Viewer Not Found. 
	Expected here: /home/dafoamuser/dafoam/packages/miniconda3/lib/python3.10/site-packages/openvsp/vspviewer
WARNING 7: VSPAERO Viewer Not Found. 
	Expected here: /home/dafoamuser/dafoam/packages/miniconda3/lib/python3.10/site-packages/openvsp/vspviewer
WARNING 7: VSPAERO Viewer Not Found. 
	Expected here: /home/dafoamuser/dafoam/packages/miniconda3/lib/python3.10/site-packages/openvsp/vspviewer
 
-------------------------------------------------------------------------------
|                               DAFoam v5.0.0                                 |
-------------------------------------------------------------------------------
 
/*---------------------------------------------------------------------------*\
| =========                 |                                                 |
| \\      /  F ield         | OpenFOAM: The Open Source CFD Toolbox           |
|  \\    /   O peration     | Version:  2506                                  |
|   \\  /    A nd           | Website:  www.openfoam.com                      |
|    \\/     M anipulation  |                                                 |
\*---------------------------------------------------------------------------*/
Build  : _615aae61d7-20250627 OPENFOAM=2506 version=v2506
Arch   : "LSB;label=32;scalar=64"
Exec   : decomposePar
Date   : Jul 31 2026
Time   : 10:32:05
Host   : ip-172-31-43-247
PID    : 1371
--> FOAM Warning : 
    From Foam::fileName Foam::cwd_L()
    in file POSIX.C at line 554
    PWD is not the cwd() - reverting to physical description
I/O    : uncollated
--> FOAM Warning : 
    From Foam::fileName Foam::cwd_L()
    in file POSIX.C at line 554
    PWD is not the cwd() - reverting to physical description
Case   : /home/dafoamuser/mount/ramp_kw/c1
nProcs : 1
trapFpe: Floating point exception trapping enabled (FOAM_SIGFPE).
fileModificationChecking : Monitoring run-time modified files using timeStampMaster (fileModificationSkew 5, maxFileModificationPolls 20)
allowSystemOperations : Allowing user-supplied system call operations

// * * * * * * * * * * * * * * * * * * * * * * * * * * * * * * * * * * * * * //
Create time

Overriding DebugSwitches according to controlDict
    SolverPerformance 0;



Decomposing mesh

Create mesh

Calculating distribution of cells
Decomposition method scotch [4] (region region0)

Finished decomposition in 0.01 s

Calculating original mesh data

Distributing cells to processors

Distributing faces to processors

Distributing points to processors

Constructing processor meshes
Overriding DebugSwitches according to controlDict
    SolverPerformance 0;


Processor 0
    Number of cells = 1250
    Number of points = 2652
    Number of faces shared with processor 1 = 50
    Number of processor patches = 1
    Number of processor faces = 50
    Number of boundary faces = 2600
Overriding DebugSwitches according to controlDict
    SolverPerformance 0;


Processor 1
    Number of cells = 1250
    Number of points = 2652
    Number of faces shared with processor 0 = 50
    Number of faces shared with processor 3 = 50
    Number of processor patches = 2
    Number of processor faces = 100
    Number of boundary faces = 2550
Overriding DebugSwitches according to controlDict
    SolverPerformance 0;


Processor 2
    Number of cells = 1250
    Number of points = 2652
    Number of faces shared with processor 3 = 50
    Number of processor patches = 1
    Number of processor faces = 50
    Number of boundary faces = 2600
Overriding DebugSwitches according to controlDict
    SolverPerformance 0;


Processor 3
    Number of cells = 1250
    Number of points = 2652
    Number of faces shared with processor 1 = 50
    Number of faces shared with processor 2 = 50
    Number of processor patches = 2
    Number of processor faces = 100
    Number of boundary faces = 2550

Number of processor faces = 150
Max number of cells = 1250 (0% above average 1250)
Max number of processor patches = 2 (33.33333333333334% above average 1.5)
Max number of faces between processors = 100 (33.33333333333334% above average 75)

Time = 0

Processor 0: field transfer
Overriding DebugSwitches according to controlDict
    SolverPerformance 0;

Processor 1: field transfer
Overriding DebugSwitches according to controlDict
    SolverPerformance 0;

Processor 2: field transfer
Overriding DebugSwitches according to controlDict
    SolverPerformance 0;

Processor 3: field transfer
Overriding DebugSwitches according to controlDict
    SolverPerformance 0;


End

I/O    : uncollated
--> FOAM Warning : 
    From Foam::fileName Foam::cwd_L()
    in file POSIX.C at line 554
    PWD is not the cwd() - reverting to physical description
Case   : /home/dafoamuser/mount/ramp_kw/c1
nProcs : 4
Hosts  :
(
    (ip-172-31-43-247 4)
)
Pstream initialized with:
    node communication : off [type=host] (4 ranks, 1 nodes)
    topology controls  : none
    consensus exchange : 0 (tuning: 0)
    exchange algorithm : 0
    commsType          : nonBlocking
    polling iterations : 0
Initializing mesh and runtime for DASolver
Create time

Overriding DebugSwitches according to controlDict
    SolverPerformance 0;

Create mesh for time = 0
Replacing wallDist.method meshWave -> meshWaveFrozen
DAOption created. DASolver initialized.
[1] UPstream::init : could not attach buffer
[3] UPstream::init : could not attach buffer
[2] UPstream::init : could not attach buffer
[0] UPstream::init : could not attach buffer
I/O    : uncollated
--> FOAM Warning : 
    From Foam::fileName Foam::cwd_L()
    in file POSIX.C at line 554
    PWD is not the cwd() - reverting to physical description
Case   : /home/dafoamuser/mount/ramp_kw/c1
nProcs : 4
Hosts  :
(
    (ip-172-31-43-247 4)
)
Pstream initialized with:
    node communication : off [type=host] (4 ranks, 1 nodes)
    topology controls  : none
    consensus exchange : 0 (tuning: 0)
    exchange algorithm : 0
    commsType          : nonBlocking
    polling iterations : 0
Initializing mesh and runtime for DASolver
Create time

Overriding DebugSwitches according to controlDict
    SolverPerformance 0;

Create mesh for time = 0
Replacing wallDist.method meshWave -> meshWaveFrozen
DAOption created. DASolver initialized.
Initializing fields for DASimpleFoam
Create simpleControl.

SIMPLE: no convergence criteria found. Calculations will run for 5000 steps.

Reading field p

Reading field U

Reading/calculating face flux field phi

Creating source term. 
Selecting incompressible transport model Newtonian
Selecting turbulence model type RAS
Selecting RAS turbulence model kOmegaSST
Selecting patchDistMethod meshWaveFrozen
No MRF models present

Turbulence model is incompressible
Adjoint States: 
5
(
U volVectorState
k modelState
phi surfaceScalarState
p volScalarState
omega modelState
)
Global Cells: 5000
Global Faces: 20300
Global Xv: 31824
Undecomposed points: 10302
Global Adjoint States: 50300

SIMPLE: no convergence criteria found. Calculations will run for 5000 steps.

DACheckMesh Thresholds: 
maxNonOrth: 70
maxSkewness: 4
maxAspectRatio: 1000
maxIncorrectlyOrientedFaces: 0
    Adding cells with centre within boxes 1((-10 -10 -10) (10 10 10))
Find 10000 reference points for variance of U
Initializing fields for DASimpleFoam
Create simpleControl.

SIMPLE: no convergence criteria found. Calculations will run for 5000 steps.

Reading field p

Reading field U

Reading/calculating face flux field phi

Creating source term. 
Selecting incompressible transport model Newtonian
Selecting turbulence model type RAS
Selecting RAS turbulence model kOmegaSST
Selecting patchDistMethod meshWaveFrozen
No MRF models present

Turbulence model is incompressible
Adjoint States: 
5
(
U volVectorState
k modelState
phi surfaceScalarState
p volScalarState
omega modelState
)
Global Cells: 5000
Global Faces: 20300
Global Xv: 31824
Undecomposed points: 10302
Global Adjoint States: 50300

SIMPLE: no convergence criteria found. Calculations will run for 5000 steps.

DACheckMesh Thresholds: 
maxNonOrth: 70
maxSkewness: 4
maxAspectRatio: 1000
maxIncorrectlyOrientedFaces: 0
    Adding cells with centre within boxes 1((-10 -10 -10) (10 10 10))
Find 10000 reference points for variance of U
Init solver done! ElapsedClockTime 0.000000 s
Init solver done! ElapsedCpuTime 0.270000 s
initState: 
7
(
k 0.01500000000000026
phi 0
U1 0
U2 0
p 0
omega 30
U0 4.999999999999893
)
Setting up primal boundary conditions based on pyOptions: 
Setting primal boundary conditions...
Setting U = (10 0 0) at inlet
Setting nut wall BC for bot. BCType=nutkWallFunction
Setting k wall BC for bot. BCType=kqRWallFunction
Setting omega wall BC for bot. BCType=omegaWallFunction
Reading OpenFOAM mesh information...
I/O    : uncollated
--> FOAM Warning : 
    From Foam::fileName Foam::cwd_L()
    in file POSIX.C at line 554
    PWD is not the cwd() - reverting to physical description
Case   : /home/dafoamuser/mount/ramp_kw/c1
nProcs : 4
Hosts  :
(
    (ip-172-31-43-247 4)
)
Pstream initialized with:
    node communication : off [type=host] (4 ranks, 1 nodes)
    topology controls  : none
    consensus exchange : 0 (tuning: 0)
    exchange algorithm : 0
    commsType          : nonBlocking
    polling iterations : 0
Reading the OpenFOAM mesh..
Overriding DebugSwitches according to controlDict
    SolverPerformance 0;

Checking if we need to compress the mesh files
Checking if we need to compress the mesh files
Finalising parallel run
DAFoam option dictionary: 
{
    solverName      DASimpleFoam;
    primalMinResTol 1e-08;
    primalFuncStdTol
    {
        stdTol          -1;
        slopeTol        -1;
        funcNames       1 ( CD );
        nStepsFrac      0.2;
    }
    primalBC
    {
        U0
        {
            variable        U;
            patches         1 ( inlet );
            value           3 ( 10 0 0 );
        }
        useWallFunction 1;
    }
    primalInitCondition
    {
    }
    normalizeStates
    {
        U               10;
        p               50;
        nuTilda         0.001;
        phi             1;
    }
    function
    {
        UFieldVar
        {
            type            variance;
            source          boxToCell;
            min             3 { -10 };
            max             3 { 10 };
            scale           0.1;
            mode            field;
            varName         U;
            varType         vector;
            indices         2 ( 0 1 );
            timeDependentRefData 0;
        }
    }
    inputInfo
    {
        beta
        {
            type            field;
            fieldName       betaFIOmega;
            fieldType       scalar;
            distributed     0;
            components      2 ( solver function );
        }
    }
    outputInfo
    {
    }
    designSurfaces  1 ( ALL_OPENFOAM_WALL_PATCHES );
    fvSource
    {
    }
    prepareCaseOnly 0;
    adjEqnSolMethod Krylov;
    dynamicMesh
    {
        active          0;
        mode            rotation;
        center          3 ( 0.25 0 0 );
        axis            z;
        omega           0.1;
        s               2;
        t0              0.35;
    }
    primalVarBounds
    {
        UMax            1000;
        UMin            -1000;
        pMax            50000;
        pMin            -50000;
        p_rghMax        50000;
        p_rghMin        -50000;
        eMax            55000;
        eMin            -220000;
        TMax            1000;
        TMin            100;
        hMax            200000;
        hMin            -200000;
        DMax            1e+16;
        DMin            -1e+16;
        rhoMax          5;
        rhoMin          0.2;
        nuTildaMax      1e+16;
        nuTildaMin      1e-16;
        kMax            1e+16;
        kMin            1e-16;
        omegaMax        1e+16;
        omegaMin        -1e+16;
        epsilonMax      1e+16;
        epsilonMin      1e-16;
        ReThetatMax     1e+16;
        ReThetatMin     1e-16;
        gammaIntMax     1e+16;
        gammaIntMin     1e-16;
    }
    discipline      aero;
    adjPartDerivFDStep
    {
        State           1e-06;
    }
    transonicPCOption -1;
    unsteadyAdjoint
    {
        mode            None;
        PCMatPrecomputeInterval 100;
        PCMatUpdateInterval 1;
        reduceIO        1;
        additionalOutput 1 ( None );
        additionalOldTime 1 ( None );
        readZeroFields  1;
    }
    adjPCLag        10000;
    useAD
    {
        mode            reverse;
        dvName          None;
        seedIndex       -9999;
    }
    useConstrainHbyA 1;
    forceMeshWaveFrozen 1;
    useDdtCorr      0;
    regressionModel
    {
        active          0;
    }
    useMeanStates   0;
    solveLinearFunctionName None;
    printDAOptions  1;
    debug           0;
    writeJacobians  1 ( None );
    printInterval   100;
    printIntervalUnsteady 1;
    primalMinResTolDiff 1000;
    adjUseColoring  1;
    adjEqnOption
    {
        globalPCIters   0;
        asmOverlap      1;
        localPCIters    1;
        jacMatReOrdering natural;
        pcFillLevel     1;
        gmresMaxIters   1000;
        gmresRestart    1000;
        gmresRelTol     1e-06;
        gmresAbsTol     1e-14;
        gmresTolDiff    100;
        useNonZeroInitGuess 0;
        useMGSO         0;
        printInfo       1;
        fpMaxIters      1000;
        fpRelTol        1e-06;
        fpMinResTolDiff 100;
        fpPCUpwind      0;
        dynAdjustTol    0;
        KSPCalcEigen    0;
        KSPCalcSingularVal 0;
        readPCMat       0;
    }
    normalizeResiduals 11 ( URes pRes p_rghRes nuTildaRes phiRes TRes DRes kRes omegaRes epsilonRes alpha.waterRes );
    maxResConLv4JacPCMat
    {
        pRes            2;
        phiRes          1;
        URes            2;
        TRes            2;
        nuTildaRes      2;
        kRes            2;
        epsilonRes      2;
        omegaRes        2;
        p_rghRes        2;
        DRes            2;
        gammaIntRes     2;
        ReThetatRes     2;
        alpha.waterRes  2;
    }
    jacLowerBounds
    {
        dRdW            1e-30;
        dRdWPC          1e-30;
    }
    maxTractionBCIters 100;
    decomposeParDict
    {
        method          scotch;
        simpleCoeffs
        {
            n               3 ( 2 2 1 );
            delta           0.001;
        }
        kahipCoeffs
        {
            config          fast;
            imbalance       0.01;
        }
        preservePatches 1 ( None );
        singleProcessorFaceSets 1 ( None );
        args            1 ( None );
    }
    adjStateOrdering cell;
    checkMeshThreshold
    {
        maxAspectRatio  1000;
        maxNonOrth      70;
        maxSkewness     4;
        maxIncorrectlyOrientedFaces 0;
    }
    writeDeformedFFDs 0;
    writeDeformedConstraints 0;
    writeAdjointFields 0;
    maxCorrectBCCalls 2;
    writeMinorIterations 0;
    primalMinIters  1;
    tensorflow
    {
        active          0;
    }
    wallDistanceMethod default;
    unsteadyCompOutput
    {
    }
}

pyDAFoam initialization done!
dRdWT Jacobian Free created!
I/O    : uncollated
/home/dafoamuser/dafoam/packages/miniconda3/lib/python3.10/site-packages/openmdao/core/component.py:140: OMDeprecationWarning:'scenario1.coupling.solver' <class DAFoamSolver>: It appears this component mixes distributed/non-distributed inputs and outputs, so it may break starting with OpenMDAO 3.25, where the convention used when passing data between distributed and non-distributed inputs and outputs within a matrix free component will change. See https://github.com/OpenMDAO/POEMs/blob/master/POEM_075.md for details.
/home/dafoamuser/dafoam/packages/miniconda3/lib/python3.10/site-packages/openmdao/core/component.py:140: OMDeprecationWarning:'scenario1.coupling.solver' <class DAFoamSolver>: It appears this component mixes distributed/non-distributed inputs and outputs, so it may break starting with OpenMDAO 3.25, where the convention used when passing data between distributed and non-distributed inputs and outputs within a matrix free component will change. See https://github.com/OpenMDAO/POEMs/blob/master/POEM_075.md for details.
/home/dafoamuser/dafoam/packages/miniconda3/lib/python3.10/site-packages/openmdao/core/component.py:140: OMDeprecationWarning:'scenario1.coupling.solver' <class DAFoamSolver>: It appears this component mixes distributed/non-distributed inputs and outputs, so it may break starting with OpenMDAO 3.25, where the convention used when passing data between distributed and non-distributed inputs and outputs within a matrix free component will change. See https://github.com/OpenMDAO/POEMs/blob/master/POEM_075.md for details.
/home/dafoamuser/dafoam/packages/miniconda3/lib/python3.10/site-packages/openmdao/core/component.py:140: OMDeprecationWarning:'scenario1.coupling.solver' <class DAFoamSolver>: It appears this component mixes distributed/non-distributed inputs and outputs, so it may break starting with OpenMDAO 3.25, where the convention used when passing data between distributed and non-distributed inputs and outputs within a matrix free component will change. See https://github.com/OpenMDAO/POEMs/blob/master/POEM_075.md for details.
/home/dafoamuser/dafoam/packages/miniconda3/lib/python3.10/site-packages/openmdao/core/component.py:140: OMDeprecationWarning:'scenario1.aero_post.functionals' <class DAFoamFunctions>: It appears this component mixes distributed/non-distributed inputs and outputs, so it may break starting with OpenMDAO 3.25, where the convention used when passing data between distributed and non-distributed inputs and outputs within a matrix free component will change. See https://github.com/OpenMDAO/POEMs/blob/master/POEM_075.md for details.
/home/dafoamuser/dafoam/packages/miniconda3/lib/python3.10/site-packages/openmdao/core/component.py:140: OMDeprecationWarning:'scenario1.aero_post.functionals' <class DAFoamFunctions>: It appears this component mixes distributed/non-distributed inputs and outputs, so it may break starting with OpenMDAO 3.25, where the convention used when passing data between distributed and non-distributed inputs and outputs within a matrix free component will change. See https://github.com/OpenMDAO/POEMs/blob/master/POEM_075.md for details.
/home/dafoamuser/dafoam/packages/miniconda3/lib/python3.10/site-packages/openmdao/core/component.py:140: OMDeprecationWarning:'scenario1.aero_post.functionals' <class DAFoamFunctions>: It appears this component mixes distributed/non-distributed inputs and outputs, so it may break starting with OpenMDAO 3.25, where the convention used when passing data between distributed and non-distributed inputs and outputs within a matrix free component will change. See https://github.com/OpenMDAO/POEMs/blob/master/POEM_075.md for details.
/home/dafoamuser/dafoam/packages/miniconda3/lib/python3.10/site-packages/openmdao/core/component.py:140: OMDeprecationWarning:'scenario1.aero_post.functionals' <class DAFoamFunctions>: It appears this component mixes distributed/non-distributed inputs and outputs, so it may break starting with OpenMDAO 3.25, where the convention used when passing data between distributed and non-distributed inputs and outputs within a matrix free component will change. See https://github.com/OpenMDAO/POEMs/blob/master/POEM_075.md for details.
Checking mesh quality for time = 0
    Overall domain bounding box (0 -0.5000000000000003 -1.734723475976807e-18) (3 0.5 0.05000000074505812)
    Mesh has 3 geometric (non-empty/wedge) directions (1 1 1)
    Mesh has 3 solution (non-empty) directions (1 1 1)
    Boundary openness (-2.496858518655798e-17 -3.453853160903114e-18 -1.64989464220793e-17) OK.
    Max cell openness = 5.900422408863415e-15 OK.
    Max aspect ratio = 250.9727357179337 OK.
    Minimum face area = 5.608835469031568e-06. Maximum face area = 0.0016261423064255.  Face area magnitudes OK.
    Min volume = 2.804418810632305e-07. Max volume = 5.084633467474263e-05.  Total volume = 0.1187499957319696.  Cell volumes OK.
    Mesh non-orthogonality Max: 46.8117354617747 average: 14.38071650818499
    Non-orthogonality check OK.
    Face pyramids OK.
    Max skewness = 0.1126369503222542 OK.
    Coupled point location match (average 0) OK.

Mesh OK.

Running Primal Solver 001
Previous solution time -1e+10 not found and nothing deleted.
No finite volume options present

Starting time loop

Time = 1

U0 initRes: 0.9999999999999893 finalRes: 0.08323070542206014 nIters: 1
U1 initRes: 1 finalRes: 0.08056053471460327 nIters: 4
U2 initRes: 0.9999999999930469 finalRes: 0.08627460586677578 nIters: 4
p initRes: 1 finalRes: 0.09907812895860202 nIters: 8
Time step continuity errors : sum local = 0.2085931526133491
                                 global = -0.003142096964610287
                             cumulative = -0.003142096964610287
omega initRes: 0.06083099062759551 finalRes: 0.004950264686544388 nIters: 2
k initRes: 0.9999999999995529 finalRes: 0.05096018351956398 nIters: 2
UFieldVar: 1.037059988867985 final: 1.037059988867985
yPlus min: 6.077833140909032 max: 9.665185744865934 mean: 8.166151107076532
ExecutionTime = 0.41 s  ClockTime = 0 s

Time = 100

U0 initRes: 0.04431019382148112 finalRes: 0.004364045863247178 nIters: 3
U1 initRes: 0.07193607579451253 finalRes: 0.00515754773608944 nIters: 4
U2 initRes: 0.1012811788183603 finalRes: 0.007306770124194898 nIters: 4
p initRes: 0.5491425218813367 finalRes: 0.05355777913642485 nIters: 7
Time step continuity errors : sum local = 3.75005561252769
                                 global = -0.03535842767712068
                             cumulative = -0.03850052464173097
omega initRes: 0.01977881374459885 finalRes: 0.001095571326367563 nIters: 3
k initRes: 0.07541654765864335 finalRes: 0.005664282012295923 nIters: 3
UFieldVar: 32.47145578232061 final: 32.47145578232061
yPlus min: 0.9883095763686884 max: 50.89427296040966 mean: 17.98892073138941
ExecutionTime = 1.22 s  ClockTime = 0 s

Time = 200

U0 initRes: 0.008363499522951149 finalRes: 0.0006492669883818938 nIters: 3
U1 initRes: 0.01264339335294493 finalRes: 0.0009525880395476102 nIters: 3
U2 initRes: 0.007387756406662686 finalRes: 0.0005322737654747442 nIters: 3
p initRes: 0.02515396047049802 finalRes: 0.002401841621475219 nIters: 4
Time step continuity errors : sum local = 0.02562179381610036
                                 global = 0.004115634773949904
                             cumulative = -0.03438488986778106
omega initRes: 0.001435139265316276 finalRes: 8.552659589904922e-05 nIters: 3
k initRes: 0.007145586769207141 finalRes: 0.0003855884620760155 nIters: 4
UFieldVar: 5.92965408588143 final: 5.92965408588143
yPlus min: 0.8325874738552949 max: 20.141746469526 mean: 8.039384887563138
ExecutionTime = 1.66 s  ClockTime = 1 s

Time = 300

U0 initRes: 0.003420533779332329 finalRes: 0.0002699630706187986 nIters: 3
U1 initRes: 0.006274619325387474 finalRes: 0.0003606143064016831 nIters: 3
U2 initRes: 0.005691367533269906 finalRes: 0.0003124899277930128 nIters: 3
p initRes: 0.04137388592321641 finalRes: 0.003736577361881895 nIters: 4
Time step continuity errors : sum local = 0.003640190257143265
                                 global = 0.0004876856773718327
                             cumulative = -0.03389720419040923
omega initRes: 0.0003659237681334204 finalRes: 2.784585200322513e-05 nIters: 3
k initRes: 0.007506240400972146 finalRes: 0.0006125273349439967 nIters: 4
UFieldVar: 0.8182131048269083 final: 0.8182131048269083
yPlus min: 0.3157760437519495 max: 22.64500888381962 mean: 7.839567005476798
ExecutionTime = 2.1 s  ClockTime = 1 s

Time = 400

U0 initRes: 0.002268941530129153 finalRes: 0.0001115735255730149 nIters: 3
U1 initRes: 0.02164133915946764 finalRes: 0.001889103434701134 nIters: 2
U2 initRes: 0.006373845226289093 finalRes: 0.0002328791105711033 nIters: 2
p initRes: 0.05603014371459585 finalRes: 0.004554897334824637 nIters: 5
Time step continuity errors : sum local = 0.00235421472645901
                                 global = -0.00031804229743756
                             cumulative = -0.03421524648784679
omega initRes: 0.0001764078030970838 finalRes: 1.554067136230929e-05 nIters: 3
k initRes: 0.007750978728022934 finalRes: 0.0004881629295977988 nIters: 4
UFieldVar: 0.06543674172129943 final: 0.06543674172129943
yPlus min: 0.5800611877001173 max: 8.064771828505112 mean: 4.106491690882693
ExecutionTime = 2.55 s  ClockTime = 2 s

Time = 500

U0 initRes: 0.0003476327613381133 finalRes: 2.572463373989499e-05 nIters: 3
U1 initRes: 0.003907113365279403 finalRes: 0.0001834572350549685 nIters: 3
U2 initRes: 0.0004181529242458931 finalRes: 2.136156235745858e-05 nIters: 3
p initRes: 0.001722454064984119 finalRes: 0.000139537858991173 nIters: 7
Time step continuity errors : sum local = 0.0001687737882171154
                                 global = -3.764267199814085e-05
                             cumulative = -0.03425288915984493
omega initRes: 2.789750186290528e-05 finalRes: 1.465966785404143e-06 nIters: 4
k initRes: 0.002885421009478276 finalRes: 0.0002421330682593096 nIters: 4
UFieldVar: 0.01274917634488566 final: 0.01274917634488566
yPlus min: 0.8919884525953012 max: 6.795907961573492 mean: 3.285727159860402
ExecutionTime = 3 s  ClockTime = 2 s

Time = 600

U0 initRes: 5.606577545645351e-05 finalRes: 3.94590384608623e-06 nIters: 3
U1 initRes: 0.000887467649784332 finalRes: 5.529297835387593e-05 nIters: 3
U2 initRes: 0.0003518111911687425 finalRes: 2.970186305820742e-05 nIters: 2
p initRes: 0.001072022923427208 finalRes: 0.0001069669527003185 nIters: 6
Time step continuity errors : sum local = 8.298846081886946e-05
                                 global = -1.782484340919336e-06
                             cumulative = -0.03425467164418585
omega initRes: 7.494538332415795e-06 finalRes: 4.686720774671889e-07 nIters: 3
k initRes: 0.0005883630990315366 finalRes: 3.612655764782261e-05 nIters: 4
UFieldVar: 0.01293409794794966 final: 0.01293409794794966
yPlus min: 0.9023005732798864 max: 6.795908709981503 mean: 2.803117803420632
ExecutionTime = 3.47 s  ClockTime = 3 s

Time = 700

U0 initRes: 1.603636207886719e-05 finalRes: 1.059036952449525e-06 nIters: 3
U1 initRes: 0.0002469193905365104 finalRes: 1.374857969316351e-05 nIters: 3
U2 initRes: 7.937298169980383e-05 finalRes: 6.444485600594794e-06 nIters: 2
p initRes: 0.0002806089465358536 finalRes: 2.62440052513719e-05 nIters: 5
Time step continuity errors : sum local = 1.977828640304562e-05
                                 global = -2.973833591239609e-06
                             cumulative = -0.03425764547777709
omega initRes: 1.866034395463626e-06 finalRes: 1.759319423544439e-07 nIters: 2
k initRes: 0.0001131610137509096 finalRes: 6.881740674252985e-06 nIters: 4
UFieldVar: 0.01330017593857468 final: 0.01330017593857468
yPlus min: 0.7909117776559763 max: 6.795908752259145 mean: 2.691749362117692
ExecutionTime = 3.92 s  ClockTime = 3 s

Time = 800

U0 initRes: 5.163193364323493e-06 finalRes: 4.93342806236522e-07 nIters: 3
U1 initRes: 7.661597939816315e-05 finalRes: 3.498921613876726e-06 nIters: 3
U2 initRes: 8.528432651712813e-06 finalRes: 6.792872966410724e-07 nIters: 2
p initRes: 4.348661681414385e-05 finalRes: 3.405486928758473e-06 nIters: 7
Time step continuity errors : sum local = 2.514352012436511e-06
                                 global = -6.850858768992284e-07
                             cumulative = -0.03425833056365399
omega initRes: 5.062893101962217e-07 finalRes: 5.000726632448164e-08 nIters: 2
k initRes: 1.357549451206494e-05 finalRes: 7.324802580566278e-07 nIters: 4
UFieldVar: 0.01358157633122227 final: 0.01358157633122227
yPlus min: 0.7567616429512946 max: 6.795908752026362 mean: 2.676237858293625
ExecutionTime = 4.39 s  ClockTime = 4 s

Time = 900

U0 initRes: 3.202226181446953e-06 finalRes: 2.742640629715353e-07 nIters: 3
U1 initRes: 3.363443139244979e-05 finalRes: 3.005255946015803e-06 nIters: 2
U2 initRes: 5.973653822455156e-06 finalRes: 3.039132088240945e-07 nIters: 2
p initRes: 1.340688489765308e-05 finalRes: 1.332770473772677e-06 nIters: 8
Time step continuity errors : sum local = 9.731952770532138e-07
                                 global = -4.78661882303345e-08
                             cumulative = -0.03425837842984222
omega initRes: 2.593625679558865e-07 finalRes: 1.487896972796958e-08 nIters: 3
k initRes: 8.219525534239214e-06 finalRes: 8.101811117356457e-07 nIters: 3
UFieldVar: 0.01371768651837391 final: 0.01371768651837391
yPlus min: 0.7521776702804681 max: 6.79590875927352 mean: 2.679942117013746
ExecutionTime = 4.88 s  ClockTime = 4 s

Time = 1000

U0 initRes: 1.802046259494897e-06 finalRes: 1.358050149553459e-07 nIters: 3
U1 initRes: 1.705089736391611e-05 finalRes: 1.512338243829552e-06 nIters: 2
U2 initRes: 4.745640284073924e-06 finalRes: 2.997467356963224e-07 nIters: 2
p initRes: 1.18928532052772e-05 finalRes: 8.965586850878916e-07 nIters: 7
Time step continuity errors : sum local = 6.510343685670694e-07
                                 global = -9.208424693099505e-08
                             cumulative = -0.03425847051408915
omega initRes: 1.388106817909603e-07 finalRes: 7.262845467418102e-09 nIters: 3
k initRes: 4.458703515685042e-06 finalRes: 4.112173604281383e-07 nIters: 3
UFieldVar: 0.01377096135435477 final: 0.01377096135435477
yPlus min: 0.7503953144884723 max: 6.795908751920865 mean: 2.684116533591697
ExecutionTime = 5.36 s  ClockTime = 5 s

Time = 1100

U0 initRes: 8.954513476395378e-07 finalRes: 6.094481920725763e-08 nIters: 3
U1 initRes: 8.424617802890761e-06 finalRes: 7.46980386786185e-07 nIters: 2
U2 initRes: 2.626709534306453e-06 finalRes: 1.696252845123876e-07 nIters: 2
p initRes: 7.186306314684532e-06 finalRes: 7.166566674189662e-07 nIters: 5
Time step continuity errors : sum local = 5.189708278091645e-07
                                 global = -7.916234739779479e-08
                             cumulative = -0.03425854967643654
omega initRes: 6.656235904833054e-08 finalRes: 3.171784281612874e-09 nIters: 3
k initRes: 2.135332969107883e-06 finalRes: 1.809524898216796e-07 nIters: 3
UFieldVar: 0.01379494579455196 final: 0.01379494579455196
yPlus min: 0.7501976324942088 max: 6.795908743547475 mean: 2.68657874301429
ExecutionTime = 5.85 s  ClockTime = 5 s

Time = 1200

U0 initRes: 3.976942525931071e-07 finalRes: 2.578826201599989e-08 nIters: 3
U1 initRes: 3.742668573566032e-06 finalRes: 3.300053145926556e-07 nIters: 2
U2 initRes: 1.208085232184673e-06 finalRes: 7.909447182768253e-08 nIters: 2
p initRes: 3.435452973128231e-06 finalRes: 3.346556522914643e-07 nIters: 5
Time step continuity errors : sum local = 2.420382466824854e-07
                                 global = -3.540904535788798e-08
                             cumulative = -0.0342585850854819
omega initRes: 3.033980111652189e-08 finalRes: 1.433479991583862e-09 nIters: 3
k initRes: 9.361115930045735e-07 finalRes: 7.508555925758742e-08 nIters: 3
UFieldVar: 0.01380634632883591 final: 0.01380634632883591
yPlus min: 0.7503287594116984 max: 6.795908738833676 mean: 2.687725547058948
ExecutionTime = 6.31 s  ClockTime = 5 s

Time = 1300

U0 initRes: 1.698931095416504e-07 finalRes: 1.084794423760444e-08 nIters: 3
U1 initRes: 1.597217311638166e-06 finalRes: 1.399555321488349e-07 nIters: 2
U2 initRes: 5.200921319064814e-07 finalRes: 3.434427680365078e-08 nIters: 2
p initRes: 1.480463041967842e-06 finalRes: 1.460615322739742e-07 nIters: 5
Time step continuity errors : sum local = 1.055814805942352e-07
                                 global = -1.481958256470221e-08
                             cumulative = -0.03425859990506447
omega initRes: 1.298221095931782e-08 finalRes: 6.111888232812665e-10 nIters: 3
k initRes: 3.909647913394443e-07 finalRes: 2.994080813449399e-08 nIters: 3
UFieldVar: 0.0138114404887521 final: 0.0138114404887521
yPlus min: 0.7504201301871886 max: 6.795908736517362 mean: 2.688210081339142
ExecutionTime = 6.78 s  ClockTime = 6 s

Time = 1400

U0 initRes: 7.180895498492209e-08 finalRes: 4.550640981701072e-09 nIters: 3
U1 initRes: 6.789834207041391e-07 finalRes: 5.934188394292331e-08 nIters: 2
U2 initRes: 2.193080284795356e-07 finalRes: 1.441578439513084e-08 nIters: 2
p initRes: 6.302815578164835e-07 finalRes: 4.513145811054269e-08 nIters: 7
Time step continuity errors : sum local = 3.261607285149653e-08
                                 global = -3.350838992038097e-09
                             cumulative = -0.03425860325590346
omega initRes: 5.37029923518894e-09 finalRes: 5.364627818939735e-10 nIters: 2
k initRes: 1.63006998032441e-07 finalRes: 1.214441934763847e-08 nIters: 3
UFieldVar: 0.01381366946658475 final: 0.01381366946658475
yPlus min: 0.7504610048719761 max: 6.795908735528486 mean: 2.688408029857684
ExecutionTime = 7.24 s  ClockTime = 6 s

Time = 1500

U0 initRes: 3.019005473560065e-08 finalRes: 1.916021806197862e-09 nIters: 3
U1 initRes: 2.8560556459478e-07 finalRes: 2.485254229486612e-08 nIters: 2
U2 initRes: 9.200915693449974e-08 finalRes: 6.050536599617981e-09 nIters: 2
p initRes: 2.634996417156983e-07 finalRes: 2.541391594995753e-08 nIters: 6
Time step continuity errors : sum local = 1.83646194482444e-08
                                 global = -1.32702062563151e-10
                             cumulative = -0.03425860338860553
omega initRes: 2.296339050363528e-09 finalRes: 2.291708907689671e-10 nIters: 2
k initRes: 6.85190132544469e-08 finalRes: 5.045764219509463e-09 nIters: 3
UFieldVar: 0.01381462313643501 final: 0.01381462313643501
yPlus min: 0.7504774492576124 max: 6.795908735119024 mean: 2.688489471682108
ExecutionTime = 7.7 s  ClockTime = 7 s

Time = 1600

U0 initRes: 1.271159531757712e-08 finalRes: 8.074818044763992e-10 nIters: 3
U1 initRes: 1.200742498880552e-07 finalRes: 1.041469858840161e-08 nIters: 2
U2 initRes: 3.884246072985653e-08 finalRes: 2.545330197634652e-09 nIters: 2
p initRes: 1.109199966733905e-07 finalRes: 1.104889561353176e-08 nIters: 5
Time step continuity errors : sum local = 7.983835058104471e-09
                                 global = -1.118600991465878e-09
                             cumulative = -0.03425860450720652
omega initRes: 9.652589117369661e-10 finalRes: 9.611262817818173e-11 nIters: 2
k initRes: 2.875144521485511e-08 finalRes: 2.106448539805331e-09 nIters: 3
UFieldVar: 0.01381502778357993 final: 0.01381502778357993
yPlus min: 0.750484037749834 max: 6.795908734945805 mean: 2.688523342698574
ExecutionTime = 8.16 s  ClockTime = 7 s

Time = 1700

U0 initRes: 5.371262827281392e-09 finalRes: 3.406093571742564e-10 nIters: 3
U1 initRes: 5.083269207963769e-08 finalRes: 4.409547290062243e-09 nIters: 2
U2 initRes: 1.648695105840374e-08 finalRes: 1.071953444342513e-09 nIters: 2
p initRes: 4.703857070413607e-08 finalRes: 4.461150122319145e-09 nIters: 5
Time step continuity errors : sum local = 3.22353074730525e-09
                                 global = -4.750860952018407e-10
                             cumulative = -0.03425860498229261
omega initRes: 3.996479074482871e-10 finalRes: 3.965313357091496e-11 nIters: 2
k initRes: 1.204152203125295e-08 finalRes: 8.768586626117408e-10 nIters: 3
UFieldVar: 0.01381519901246868 final: 0.01381519901246868
yPlus min: 0.7504867379308465 max: 6.795908734872667 mean: 2.688537540677119
ExecutionTime = 8.619999999999999 s  ClockTime = 8 s

Time = 1800

U0 initRes: 2.265992373783818e-09 finalRes: 1.438369922224651e-10 nIters: 3
U1 initRes: 2.144377764134235e-08 finalRes: 1.863157358124417e-09 nIters: 2
U2 initRes: 7.070724148450232e-09 finalRes: 4.516451433403519e-10 nIters: 2
p initRes: 1.969861371690213e-08 finalRes: 1.886708215651537e-09 nIters: 5
Time step continuity errors : sum local = 1.363283361892899e-09
                                 global = -2.009478215402914e-10
                             cumulative = -0.03425860518324043
omega initRes: 1.723081871078863e-10 finalRes: 1.718895067812396e-11 nIters: 2
k initRes: 5.120559714251383e-09 finalRes: 3.747184803694492e-10 nIters: 3
UFieldVar: 0.0138152713808277 final: 0.0138152713808277
yPlus min: 0.7504878596813289 max: 6.795908734841189 mean: 2.688543520175684
ExecutionTime = 9.07 s  ClockTime = 8 s

Time = 1879
Minimal residual 9.929566894751975e-09 satisfied the prescribed tolerance 1e-08

UFieldVar: 0.01381529752966714 final: 0.01381529752966714
End

Printing Primal Residual Statistics.
U Residual Norm2: (0.0005652013394028124 8.482751561848062e-05 2.594817600933699e-11)
U Residual Mean: (3.486464061654349e-06 5.180580825242612e-07 1.126553704412107e-13)
U Residual Max: (6.607046619855339e-05 9.502013414097732e-06 3.894011258673124e-12)
p Residual Norm2: 1.683384943938594e-05
p Residual Mean: 3.641092583067397e-08
p Residual Max: 6.083887755824536e-06
omega Residual Norm2: 0.06757209774681812
omega Residual Mean: 0.0002326234814105539
omega Residual Max: 0.01452289509272396
k Residual Norm2: 3.118372157018355e-05
k Residual Mean: 2.350280578593687e-07
k Residual Max: 3.260726913755038e-06
phi Residual Norm2: 5.737729351210717e-07
phi Residual Mean: 1.392717411489564e-09
phi Residual Max: 3.690628179238488e-08
Total Residual Norm2: 0.06757452403309404
 
 
TIMING primal_wall_s: 8.786
OBJ UFieldVar: 1.3815297529667142e-02
Finalising parallel run
Finalising parallel run
