WARNING 7: VSPAERO Viewer Not Found. 
	Expected here: /home/dafoamuser/dafoam/packages/miniconda3/lib/python3.10/site-packages/openvsp/vspviewer
WARNING 7: VSPAERO Viewer Not Found. 
	Expected here: /home/dafoamuser/dafoam/packages/miniconda3/lib/python3.10/site-packages/openvsp/vspviewer
WARNING 7: VSPAERO Viewer Not Found. 
	Expected here: /home/dafoamuser/dafoam/packages/miniconda3/lib/python3.10/site-packages/openvsp/vspviewer
WARNING 7: VSPAERO Viewer Not Found. 
	Expected here: /home/dafoamuser/dafoam/packages/miniconda3/lib/python3.10/site-packages/openvsp/vspviewer
 
-------------------------------------------------------------------------------
|                               DAFoam v5.0.0                                 |
-------------------------------------------------------------------------------
 
/*---------------------------------------------------------------------------*\
| =========                 |                                                 |
| \\      /  F ield         | OpenFOAM: The Open Source CFD Toolbox           |
|  \\    /   O peration     | Version:  2506                                  |
|   \\  /    A nd           | Website:  www.openfoam.com                      |
|    \\/     M anipulation  |                                                 |
\*---------------------------------------------------------------------------*/
Build  : _615aae61d7-20250627 OPENFOAM=2506 version=v2506
Arch   : "LSB;label=32;scalar=64"
Exec   : decomposePar
Date   : Jul 31 2026
Time   : 10:30:51
Host   : ip-172-31-43-247
PID    : 571
--> FOAM Warning : 
    From Foam::fileName Foam::cwd_L()
    in file POSIX.C at line 554
    PWD is not the cwd() - reverting to physical description
I/O    : uncollated
--> FOAM Warning : 
    From Foam::fileName Foam::cwd_L()
    in file POSIX.C at line 554
    PWD is not the cwd() - reverting to physical description
Case   : /home/dafoamuser/mount/ramp_kw/c1
nProcs : 1
trapFpe: Floating point exception trapping enabled (FOAM_SIGFPE).
fileModificationChecking : Monitoring run-time modified files using timeStampMaster (fileModificationSkew 5, maxFileModificationPolls 20)
allowSystemOperations : Allowing user-supplied system call operations

// * * * * * * * * * * * * * * * * * * * * * * * * * * * * * * * * * * * * * //
Create time

Overriding DebugSwitches according to controlDict
    SolverPerformance 0;



Decomposing mesh

Create mesh

Calculating distribution of cells
Decomposition method scotch [4] (region region0)

Finished decomposition in 0 s

Calculating original mesh data

Distributing cells to processors

Distributing faces to processors

Distributing points to processors

Constructing processor meshes
Overriding DebugSwitches according to controlDict
    SolverPerformance 0;


Processor 0
    Number of cells = 1250
    Number of points = 2652
    Number of faces shared with processor 1 = 50
    Number of processor patches = 1
    Number of processor faces = 50
    Number of boundary faces = 2600
Overriding DebugSwitches according to controlDict
    SolverPerformance 0;


Processor 1
    Number of cells = 1250
    Number of points = 2652
    Number of faces shared with processor 0 = 50
    Number of faces shared with processor 3 = 50
    Number of processor patches = 2
    Number of processor faces = 100
    Number of boundary faces = 2550
Overriding DebugSwitches according to controlDict
    SolverPerformance 0;


Processor 2
    Number of cells = 1250
    Number of points = 2652
    Number of faces shared with processor 3 = 50
    Number of processor patches = 1
    Number of processor faces = 50
    Number of boundary faces = 2600
Overriding DebugSwitches according to controlDict
    SolverPerformance 0;


Processor 3
    Number of cells = 1250
    Number of points = 2652
    Number of faces shared with processor 1 = 50
    Number of faces shared with processor 2 = 50
    Number of processor patches = 2
    Number of processor faces = 100
    Number of boundary faces = 2550

Number of processor faces = 150
Max number of cells = 1250 (0% above average 1250)
Max number of processor patches = 2 (33.33333333333334% above average 1.5)
Max number of faces between processors = 100 (33.33333333333334% above average 75)

Time = 0

Processor 0: field transfer
Overriding DebugSwitches according to controlDict
    SolverPerformance 0;

Processor 1: field transfer
Overriding DebugSwitches according to controlDict
    SolverPerformance 0;

Processor 2: field transfer
Overriding DebugSwitches according to controlDict
    SolverPerformance 0;

Processor 3: field transfer
Overriding DebugSwitches according to controlDict
    SolverPerformance 0;


End

I/O    : uncollated
--> FOAM Warning : 
    From Foam::fileName Foam::cwd_L()
    in file POSIX.C at line 554
    PWD is not the cwd() - reverting to physical description
Case   : /home/dafoamuser/mount/ramp_kw/c1
nProcs : 4
Hosts  :
(
    (ip-172-31-43-247 4)
)
Pstream initialized with:
    node communication : off [type=host] (4 ranks, 1 nodes)
    topology controls  : none
    consensus exchange : 0 (tuning: 0)
    exchange algorithm : 0
    commsType          : nonBlocking
    polling iterations : 0
Initializing mesh and runtime for DASolver
Create time

Overriding DebugSwitches according to controlDict
    SolverPerformance 0;

Create mesh for time = 0
Replacing wallDist.method meshWave -> meshWaveFrozen
DAOption created. DASolver initialized.
[2] UPstream::init : could not attach buffer
[1] UPstream::init : could not attach buffer
[3] UPstream::init : could not attach buffer
[0] UPstream::init : could not attach buffer
I/O    : uncollated
--> FOAM Warning : 
    From Foam::fileName Foam::cwd_L()
    in file POSIX.C at line 554
    PWD is not the cwd() - reverting to physical description
Case   : /home/dafoamuser/mount/ramp_kw/c1
nProcs : 4
Hosts  :
(
    (ip-172-31-43-247 4)
)
Pstream initialized with:
    node communication : off [type=host] (4 ranks, 1 nodes)
    topology controls  : none
    consensus exchange : 0 (tuning: 0)
    exchange algorithm : 0
    commsType          : nonBlocking
    polling iterations : 0
Initializing mesh and runtime for DASolver
Create time

Overriding DebugSwitches according to controlDict
    SolverPerformance 0;

Create mesh for time = 0
Replacing wallDist.method meshWave -> meshWaveFrozen
DAOption created. DASolver initialized.
Initializing fields for DASimpleFoam
Create simpleControl.

SIMPLE: no convergence criteria found. Calculations will run for 5000 steps.

Reading field p

Reading field U

Reading/calculating face flux field phi

Creating source term. 
Selecting incompressible transport model Newtonian
Selecting turbulence model type RAS
Selecting RAS turbulence model kOmegaSST
Selecting patchDistMethod meshWaveFrozen
No MRF models present

Turbulence model is incompressible
Adjoint States: 
5
(
U volVectorState
k modelState
phi surfaceScalarState
p volScalarState
omega modelState
)
Global Cells: 5000
Global Faces: 20300
Global Xv: 31824
Undecomposed points: 10302
Global Adjoint States: 50300

SIMPLE: no convergence criteria found. Calculations will run for 5000 steps.

DACheckMesh Thresholds: 
maxNonOrth: 70
maxSkewness: 4
maxAspectRatio: 1000
maxIncorrectlyOrientedFaces: 0
    Adding cells with centre within boxes 1((-10 -10 -10) (10 10 10))
Find 10000 reference points for variance of U
Initializing fields for DASimpleFoam
Create simpleControl.

SIMPLE: no convergence criteria found. Calculations will run for 5000 steps.

Reading field p

Reading field U

Reading/calculating face flux field phi

Creating source term. 
Selecting incompressible transport model Newtonian
Selecting turbulence model type RAS
Selecting RAS turbulence model kOmegaSST
Selecting patchDistMethod meshWaveFrozen
No MRF models present

Turbulence model is incompressible
Adjoint States: 
5
(
U volVectorState
k modelState
phi surfaceScalarState
p volScalarState
omega modelState
)
Global Cells: 5000
Global Faces: 20300
Global Xv: 31824
Undecomposed points: 10302
Global Adjoint States: 50300

SIMPLE: no convergence criteria found. Calculations will run for 5000 steps.

DACheckMesh Thresholds: 
maxNonOrth: 70
maxSkewness: 4
maxAspectRatio: 1000
maxIncorrectlyOrientedFaces: 0
    Adding cells with centre within boxes 1((-10 -10 -10) (10 10 10))
Find 10000 reference points for variance of U
Init solver done! ElapsedClockTime 0.000000 s
Init solver done! ElapsedCpuTime 0.270000 s
initState: 
7
(
k 0.01500000000000026
phi 0
U1 0
U2 0
p 0
omega 30
U0 4.999999999999893
)
Setting up primal boundary conditions based on pyOptions: 
Setting primal boundary conditions...
Setting U = (10 0 0) at inlet
Setting nut wall BC for bot. BCType=nutkWallFunction
Setting k wall BC for bot. BCType=kqRWallFunction
Setting omega wall BC for bot. BCType=omegaWallFunction
Reading OpenFOAM mesh information...
I/O    : uncollated
--> FOAM Warning : 
    From Foam::fileName Foam::cwd_L()
    in file POSIX.C at line 554
    PWD is not the cwd() - reverting to physical description
Case   : /home/dafoamuser/mount/ramp_kw/c1
nProcs : 4
Hosts  :
(
    (ip-172-31-43-247 4)
)
Pstream initialized with:
    node communication : off [type=host] (4 ranks, 1 nodes)
    topology controls  : none
    consensus exchange : 0 (tuning: 0)
    exchange algorithm : 0
    commsType          : nonBlocking
    polling iterations : 0
Reading the OpenFOAM mesh..
Overriding DebugSwitches according to controlDict
    SolverPerformance 0;

Checking if we need to compress the mesh files
Checking if we need to compress the mesh files
Finalising parallel run
DAFoam option dictionary: 
{
    solverName      DASimpleFoam;
    primalMinResTol 1e-08;
    primalFuncStdTol
    {
        stdTol          -1;
        slopeTol        -1;
        funcNames       1 ( CD );
        nStepsFrac      0.2;
    }
    primalBC
    {
        U0
        {
            variable        U;
            patches         1 ( inlet );
            value           3 ( 10 0 0 );
        }
        useWallFunction 1;
    }
    primalInitCondition
    {
    }
    normalizeStates
    {
        U               10;
        p               50;
        nuTilda         0.001;
        phi             1;
    }
    function
    {
        UFieldVar
        {
            type            variance;
            source          boxToCell;
            min             3 { -10 };
            max             3 { 10 };
            scale           0.1;
            mode            field;
            varName         U;
            varType         vector;
            indices         2 ( 0 1 );
            timeDependentRefData 0;
        }
    }
    inputInfo
    {
        beta
        {
            type            field;
            fieldName       betaFIOmega;
            fieldType       scalar;
            distributed     0;
            components      2 ( solver function );
        }
    }
    outputInfo
    {
    }
    designSurfaces  1 ( ALL_OPENFOAM_WALL_PATCHES );
    fvSource
    {
    }
    prepareCaseOnly 0;
    adjEqnSolMethod Krylov;
    dynamicMesh
    {
        active          0;
        mode            rotation;
        center          3 ( 0.25 0 0 );
        axis            z;
        omega           0.1;
        s               2;
        t0              0.35;
    }
    primalVarBounds
    {
        UMax            1000;
        UMin            -1000;
        pMax            50000;
        pMin            -50000;
        p_rghMax        50000;
        p_rghMin        -50000;
        eMax            55000;
        eMin            -220000;
        TMax            1000;
        TMin            100;
        hMax            200000;
        hMin            -200000;
        DMax            1e+16;
        DMin            -1e+16;
        rhoMax          5;
        rhoMin          0.2;
        nuTildaMax      1e+16;
        nuTildaMin      1e-16;
        kMax            1e+16;
        kMin            1e-16;
        omegaMax        1e+16;
        omegaMin        -1e+16;
        epsilonMax      1e+16;
        epsilonMin      1e-16;
        ReThetatMax     1e+16;
        ReThetatMin     1e-16;
        gammaIntMax     1e+16;
        gammaIntMin     1e-16;
    }
    discipline      aero;
    adjPartDerivFDStep
    {
        State           1e-06;
    }
    transonicPCOption -1;
    unsteadyAdjoint
    {
        mode            None;
        PCMatPrecomputeInterval 100;
        PCMatUpdateInterval 1;
        reduceIO        1;
        additionalOutput 1 ( None );
        additionalOldTime 1 ( None );
        readZeroFields  1;
    }
    adjPCLag        10000;
    useAD
    {
        mode            reverse;
        dvName          None;
        seedIndex       -9999;
    }
    useConstrainHbyA 1;
    forceMeshWaveFrozen 1;
    useDdtCorr      0;
    regressionModel
    {
        active          0;
    }
    useMeanStates   0;
    solveLinearFunctionName None;
    printDAOptions  1;
    debug           0;
    writeJacobians  1 ( None );
    printInterval   100;
    printIntervalUnsteady 1;
    primalMinResTolDiff 1000;
    adjUseColoring  1;
    adjEqnOption
    {
        globalPCIters   0;
        asmOverlap      1;
        localPCIters    1;
        jacMatReOrdering natural;
        pcFillLevel     1;
        gmresMaxIters   1000;
        gmresRestart    1000;
        gmresRelTol     1e-06;
        gmresAbsTol     1e-14;
        gmresTolDiff    100;
        useNonZeroInitGuess 0;
        useMGSO         0;
        printInfo       1;
        fpMaxIters      1000;
        fpRelTol        1e-06;
        fpMinResTolDiff 100;
        fpPCUpwind      0;
        dynAdjustTol    0;
        KSPCalcEigen    0;
        KSPCalcSingularVal 0;
        readPCMat       0;
    }
    normalizeResiduals 11 ( URes pRes p_rghRes nuTildaRes phiRes TRes DRes kRes omegaRes epsilonRes alpha.waterRes );
    maxResConLv4JacPCMat
    {
        pRes            2;
        phiRes          1;
        URes            2;
        TRes            2;
        nuTildaRes      2;
        kRes            2;
        epsilonRes      2;
        omegaRes        2;
        p_rghRes        2;
        DRes            2;
        gammaIntRes     2;
        ReThetatRes     2;
        alpha.waterRes  2;
    }
    jacLowerBounds
    {
        dRdW            1e-30;
        dRdWPC          1e-30;
    }
    maxTractionBCIters 100;
    decomposeParDict
    {
        method          scotch;
        simpleCoeffs
        {
            n               3 ( 2 2 1 );
            delta           0.001;
        }
        kahipCoeffs
        {
            config          fast;
            imbalance       0.01;
        }
        preservePatches 1 ( None );
        singleProcessorFaceSets 1 ( None );
        args            1 ( None );
    }
    adjStateOrdering cell;
    checkMeshThreshold
    {
        maxAspectRatio  1000;
        maxNonOrth      70;
        maxSkewness     4;
        maxIncorrectlyOrientedFaces 0;
    }
    writeDeformedFFDs 0;
    writeDeformedConstraints 0;
    writeAdjointFields 0;
    maxCorrectBCCalls 2;
    writeMinorIterations 0;
    primalMinIters  1;
    tensorflow
    {
        active          0;
    }
    wallDistanceMethod default;
    unsteadyCompOutput
    {
    }
}

pyDAFoam initialization done!
dRdWT Jacobian Free created!
I/O    : uncollated
/home/dafoamuser/dafoam/packages/miniconda3/lib/python3.10/site-packages/openmdao/core/component.py:140: OMDeprecationWarning:'scenario1.coupling.solver' <class DAFoamSolver>: It appears this component mixes distributed/non-distributed inputs and outputs, so it may break starting with OpenMDAO 3.25, where the convention used when passing data between distributed and non-distributed inputs and outputs within a matrix free component will change. See https://github.com/OpenMDAO/POEMs/blob/master/POEM_075.md for details.
/home/dafoamuser/dafoam/packages/miniconda3/lib/python3.10/site-packages/openmdao/core/component.py:140: OMDeprecationWarning:'scenario1.coupling.solver' <class DAFoamSolver>: It appears this component mixes distributed/non-distributed inputs and outputs, so it may break starting with OpenMDAO 3.25, where the convention used when passing data between distributed and non-distributed inputs and outputs within a matrix free component will change. See https://github.com/OpenMDAO/POEMs/blob/master/POEM_075.md for details.
/home/dafoamuser/dafoam/packages/miniconda3/lib/python3.10/site-packages/openmdao/core/component.py:140: OMDeprecationWarning:'scenario1.coupling.solver' <class DAFoamSolver>: It appears this component mixes distributed/non-distributed inputs and outputs, so it may break starting with OpenMDAO 3.25, where the convention used when passing data between distributed and non-distributed inputs and outputs within a matrix free component will change. See https://github.com/OpenMDAO/POEMs/blob/master/POEM_075.md for details.
/home/dafoamuser/dafoam/packages/miniconda3/lib/python3.10/site-packages/openmdao/core/component.py:140: OMDeprecationWarning:'scenario1.coupling.solver' <class DAFoamSolver>: It appears this component mixes distributed/non-distributed inputs and outputs, so it may break starting with OpenMDAO 3.25, where the convention used when passing data between distributed and non-distributed inputs and outputs within a matrix free component will change. See https://github.com/OpenMDAO/POEMs/blob/master/POEM_075.md for details.
/home/dafoamuser/dafoam/packages/miniconda3/lib/python3.10/site-packages/openmdao/core/component.py:140: OMDeprecationWarning:'scenario1.aero_post.functionals' <class DAFoamFunctions>: It appears this component mixes distributed/non-distributed inputs and outputs, so it may break starting with OpenMDAO 3.25, where the convention used when passing data between distributed and non-distributed inputs and outputs within a matrix free component will change. See https://github.com/OpenMDAO/POEMs/blob/master/POEM_075.md for details.
/home/dafoamuser/dafoam/packages/miniconda3/lib/python3.10/site-packages/openmdao/core/component.py:140: OMDeprecationWarning:'scenario1.aero_post.functionals' <class DAFoamFunctions>: It appears this component mixes distributed/non-distributed inputs and outputs, so it may break starting with OpenMDAO 3.25, where the convention used when passing data between distributed and non-distributed inputs and outputs within a matrix free component will change. See https://github.com/OpenMDAO/POEMs/blob/master/POEM_075.md for details.
/home/dafoamuser/dafoam/packages/miniconda3/lib/python3.10/site-packages/openmdao/core/component.py:140: OMDeprecationWarning:'scenario1.aero_post.functionals' <class DAFoamFunctions>: It appears this component mixes distributed/non-distributed inputs and outputs, so it may break starting with OpenMDAO 3.25, where the convention used when passing data between distributed and non-distributed inputs and outputs within a matrix free component will change. See https://github.com/OpenMDAO/POEMs/blob/master/POEM_075.md for details.
/home/dafoamuser/dafoam/packages/miniconda3/lib/python3.10/site-packages/openmdao/core/component.py:140: OMDeprecationWarning:'scenario1.aero_post.functionals' <class DAFoamFunctions>: It appears this component mixes distributed/non-distributed inputs and outputs, so it may break starting with OpenMDAO 3.25, where the convention used when passing data between distributed and non-distributed inputs and outputs within a matrix free component will change. See https://github.com/OpenMDAO/POEMs/blob/master/POEM_075.md for details.
Checking mesh quality for time = 0
    Overall domain bounding box (0 -0.5000000000000003 -1.734723475976807e-18) (3 0.5 0.05000000074505812)
    Mesh has 3 geometric (non-empty/wedge) directions (1 1 1)
    Mesh has 3 solution (non-empty) directions (1 1 1)
    Boundary openness (-2.496858518655798e-17 -3.453853160903114e-18 -1.64989464220793e-17) OK.
    Max cell openness = 5.900422408863415e-15 OK.
    Max aspect ratio = 250.9727357179337 OK.
    Minimum face area = 5.608835469031568e-06. Maximum face area = 0.0016261423064255.  Face area magnitudes OK.
    Min volume = 2.804418810632305e-07. Max volume = 5.084633467474263e-05.  Total volume = 0.1187499957319696.  Cell volumes OK.
    Mesh non-orthogonality Max: 46.8117354617747 average: 14.38071650818499
    Non-orthogonality check OK.
    Face pyramids OK.
    Max skewness = 0.1126369503222542 OK.
    Coupled point location match (average 0) OK.

Mesh OK.

Running Primal Solver 001
Previous solution time -1e+10 not found and nothing deleted.
No finite volume options present

Starting time loop

Time = 1

U0 initRes: 0.9999999999999893 finalRes: 0.08323070542206014 nIters: 1
U1 initRes: 1 finalRes: 0.08056053471460327 nIters: 4
U2 initRes: 0.9999999999930469 finalRes: 0.08627460586677578 nIters: 4
p initRes: 1 finalRes: 0.09907812895860202 nIters: 8
Time step continuity errors : sum local = 0.2085931526133491
                                 global = -0.003142096964610287
                             cumulative = -0.003142096964610287
omega initRes: 0.06083099061321592 finalRes: 0.00495026472557415 nIters: 2
k initRes: 0.9999999999995531 finalRes: 0.05096018671508313 nIters: 2
UFieldVar: 1.037059988867985 final: 1.037059988867985
yPlus min: 6.077833140909032 max: 9.665185744865934 mean: 8.166151107076532
ExecutionTime = 0.41 s  ClockTime = 0 s

Time = 100

U0 initRes: 0.04548542108557022 finalRes: 0.003907526165200337 nIters: 4
U1 initRes: 0.07699252696338421 finalRes: 0.006752871719061529 nIters: 4
U2 initRes: 0.1181034541990965 finalRes: 0.009713863656759806 nIters: 4
p initRes: 0.6606556184698809 finalRes: 0.05895219032305866 nIters: 4
Time step continuity errors : sum local = 18.52234259143492
                                 global = 0.03998828947924324
                             cumulative = 0.03684619251463295
omega initRes: 0.1156650274510477 finalRes: 0.006158341928748763 nIters: 2
k initRes: 0.1322175020807811 finalRes: 0.0123642584354132 nIters: 2
UFieldVar: 181.8056832243803 final: 181.8056832243803
yPlus min: 1.080406611831786 max: 193.415183155795 mean: 35.47279427423994
ExecutionTime = 1.24 s  ClockTime = 1 s

Time = 200

U0 initRes: 0.003907265652603857 finalRes: 0.000239218126369791 nIters: 4
U1 initRes: 0.003630571971424936 finalRes: 0.0002149833173495683 nIters: 4
U2 initRes: 0.01688327641196903 finalRes: 0.001401638087622166 nIters: 3
p initRes: 0.06524241494004514 finalRes: 0.00619011676693445 nIters: 3
Time step continuity errors : sum local = 0.2622777341339958
                                 global = 0.01441635744102753
                             cumulative = 0.05126254995566049
omega initRes: 0.00151656812261223 finalRes: 9.68257756011269e-05 nIters: 3
k initRes: 0.02106753976950487 finalRes: 0.001943193322690495 nIters: 4
UFieldVar: 179.656444721045 final: 179.656444721045
yPlus min: 1.665168255947463 max: 74.02495686146769 mean: 29.98372829505118
ExecutionTime = 1.66 s  ClockTime = 1 s

Time = 300

U0 initRes: 0.002094498364955125 finalRes: 0.0001842376002301297 nIters: 3
U1 initRes: 0.001846866707162732 finalRes: 0.0001680420211281276 nIters: 3
U2 initRes: 0.003990713245672928 finalRes: 0.0002894249247838557 nIters: 3
p initRes: 0.02480071646294834 finalRes: 0.001979704074067529 nIters: 5
Time step continuity errors : sum local = 0.02587995335099754
                                 global = 0.002288272861801339
                             cumulative = 0.05355082281746183
omega initRes: 0.0005244547556460136 finalRes: 3.131805335245649e-05 nIters: 4
k initRes: 0.003722353817523935 finalRes: 0.0002620579658570853 nIters: 4
UFieldVar: 128.6647761542588 final: 128.6647761542588
yPlus min: 2.001977716501028 max: 65.31634081076889 mean: 26.75987966073678
ExecutionTime = 2.08 s  ClockTime = 1 s

Time = 400

U0 initRes: 0.001446728489654339 finalRes: 0.0001103199521181538 nIters: 3
U1 initRes: 0.002543154935081612 finalRes: 0.0001432120129222261 nIters: 3
U2 initRes: 0.001718988950775035 finalRes: 0.0001358069643500404 nIters: 3
p initRes: 0.01391902338675102 finalRes: 0.001228567919206427 nIters: 4
Time step continuity errors : sum local = 0.01939943273236836
                                 global = 0.001356738800300372
                             cumulative = 0.0549075616177622
omega initRes: 0.0005039615561520108 finalRes: 2.748652092347439e-05 nIters: 3
k initRes: 0.002219554138248642 finalRes: 0.0001888434349025751 nIters: 4
UFieldVar: 115.2895374140301 final: 115.2895374140301
yPlus min: 4.132429722631119 max: 90.58711659283395 mean: 30.59171183685408
ExecutionTime = 2.51 s  ClockTime = 2 s

Time = 500

U0 initRes: 0.001304046738188202 finalRes: 0.0001058992331076932 nIters: 3
U1 initRes: 0.002540113396889252 finalRes: 0.0001505509249991713 nIters: 3
U2 initRes: 0.001475068100446696 finalRes: 0.0001256725029973818 nIters: 3
p initRes: 0.007148057663683365 finalRes: 0.0006236352058782967 nIters: 4
Time step continuity errors : sum local = 0.01500812422294923
                                 global = 0.001402195472943842
                             cumulative = 0.05630975709070603
omega initRes: 0.0004143713867847424 finalRes: 2.710397345777106e-05 nIters: 3
k initRes: 0.002371093480769031 finalRes: 0.0001819885173295585 nIters: 4
UFieldVar: 96.64422865407647 final: 96.64422865407647
yPlus min: 4.075877078617683 max: 84.35136510729639 mean: 30.21439703873155
ExecutionTime = 2.93 s  ClockTime = 2 s

Time = 600

U0 initRes: 0.001133342896960779 finalRes: 8.785441028406425e-05 nIters: 3
U1 initRes: 0.002071452457161858 finalRes: 0.0001138708073425319 nIters: 3
U2 initRes: 0.001172115671189235 finalRes: 9.919592282851166e-05 nIters: 3
p initRes: 0.005172341506602204 finalRes: 0.0004622887057461559 nIters: 4
Time step continuity errors : sum local = 0.01074903712987957
                                 global = 0.0008829060051525526
                             cumulative = 0.05719266309585859
omega initRes: 0.0003375496459538348 finalRes: 2.128268694494066e-05 nIters: 3
k initRes: 0.001592396247488803 finalRes: 0.0001134705490643736 nIters: 4
UFieldVar: 77.29323057085155 final: 77.29323057085155
yPlus min: 4.023040436259027 max: 74.31856451545133 mean: 28.33351372072715
ExecutionTime = 3.36 s  ClockTime = 3 s

Time = 700

U0 initRes: 0.001083555699627612 finalRes: 7.977864325627513e-05 nIters: 3
U1 initRes: 0.001867449169366034 finalRes: 9.818273194030751e-05 nIters: 3
U2 initRes: 0.001171176103322966 finalRes: 9.946046846684274e-05 nIters: 3
p initRes: 0.005113344710240508 finalRes: 0.0004081382132772599 nIters: 5
Time step continuity errors : sum local = 0.006049124766559871
                                 global = -0.001776198875275808
                             cumulative = 0.05541646422058278
omega initRes: 0.0002750564433626523 finalRes: 1.779751863238269e-05 nIters: 3
k initRes: 0.001417111329837558 finalRes: 0.0001129622671535718 nIters: 4
UFieldVar: 58.55035608356896 final: 58.55035608356896
yPlus min: 3.467850998499514 max: 64.22990682168117 mean: 26.29789462604317
ExecutionTime = 3.79 s  ClockTime = 3 s

Time = 800

U0 initRes: 0.001184373444030945 finalRes: 8.097648475238747e-05 nIters: 3
U1 initRes: 0.002370393625289819 finalRes: 0.0001181845260387083 nIters: 3
U2 initRes: 0.001364292847241263 finalRes: 0.0001111522219510369 nIters: 3
p initRes: 0.01254774858593178 finalRes: 0.0008466713428392966 nIters: 7
Time step continuity errors : sum local = 0.003445456428531964
                                 global = -0.0009022033393122785
                             cumulative = 0.0545142608812705
omega initRes: 0.0002535237876437542 finalRes: 1.805908010755385e-05 nIters: 3
k initRes: 0.001711169215144398 finalRes: 0.0001233612403386982 nIters: 4
UFieldVar: 44.63476290238412 final: 44.63476290238412
yPlus min: 0.6014491327577053 max: 56.09382274753578 mean: 25.39690983714457
ExecutionTime = 4.24 s  ClockTime = 4 s

Time = 900

U0 initRes: 0.001283300642660395 finalRes: 8.16300296926504e-05 nIters: 3
U1 initRes: 0.002103150625952496 finalRes: 0.0001148211116842449 nIters: 3
U2 initRes: 0.002288183638484281 finalRes: 0.0001760599315550032 nIters: 3
p initRes: 0.007615078725333338 finalRes: 0.0007303672948912231 nIters: 6
Time step continuity errors : sum local = 0.001804274312353255
                                 global = -0.0002439066577921374
                             cumulative = 0.05427035422347837
omega initRes: 0.0001452627127642877 finalRes: 8.495663298774476e-06 nIters: 4
k initRes: 0.001489323709794737 finalRes: 0.0001328320868300908 nIters: 4
UFieldVar: 32.18107026354729 final: 32.18107026354729
yPlus min: 3.904002204108495 max: 48.81035496766139 mean: 24.03576985948142
ExecutionTime = 4.71 s  ClockTime = 4 s

Time = 1000

U0 initRes: 0.001460441685176578 finalRes: 8.51462822324499e-05 nIters: 3
U1 initRes: 0.002140072132172528 finalRes: 0.0001089628560404802 nIters: 3
U2 initRes: 0.001825278316846625 finalRes: 0.0001343161736616096 nIters: 3
p initRes: 0.005637310894268025 finalRes: 0.0005595057603626617 nIters: 6
Time step continuity errors : sum local = 0.001365432416278242
                                 global = -0.0001040644683862776
                             cumulative = 0.05416628975509209
omega initRes: 0.0001421630918764773 finalRes: 8.059836950382284e-06 nIters: 4
k initRes: 0.002195235112545051 finalRes: 0.000189291079967269 nIters: 4
UFieldVar: 20.80432224706032 final: 20.80432224706032
yPlus min: 3.869148253082223 max: 42.23227896512178 mean: 20.57522525807446
ExecutionTime = 5.16 s  ClockTime = 4 s

Time = 1100

U0 initRes: 0.001551818572183063 finalRes: 8.533559081636399e-05 nIters: 3
U1 initRes: 0.001940746950751651 finalRes: 8.945617249776135e-05 nIters: 3
U2 initRes: 0.0007559700519942865 finalRes: 3.890925399700085e-05 nIters: 3
p initRes: 0.006503705384149761 finalRes: 0.0006395419274075408 nIters: 6
Time step continuity errors : sum local = 0.001345119693271201
                                 global = -2.487017653587608e-05
                             cumulative = 0.05414141957855621
omega initRes: 0.0001380742104793013 finalRes: 7.26048426059127e-06 nIters: 4
k initRes: 0.002418177644829809 finalRes: 0.0001971396808304283 nIters: 4
UFieldVar: 12.86284416525547 final: 12.86284416525547
yPlus min: 1.801859888991957 max: 36.21639537012727 mean: 16.82179241287604
ExecutionTime = 5.63 s  ClockTime = 5 s

Time = 1200

U0 initRes: 0.001590474864868487 finalRes: 8.228747645587477e-05 nIters: 3
U1 initRes: 0.001535992267648131 finalRes: 6.441966446797101e-05 nIters: 3
U2 initRes: 0.0007709903671146662 finalRes: 3.051904525629221e-05 nIters: 3
p initRes: 0.006975869922792931 finalRes: 0.0004860064753171877 nIters: 6
Time step continuity errors : sum local = 0.0007952009633220116
                                 global = 1.303952169258415e-05
                             cumulative = 0.0541544591002488
omega initRes: 0.000125598839220954 finalRes: 6.400162757255492e-06 nIters: 4
k initRes: 0.002369406139021763 finalRes: 0.0001871092438238063 nIters: 4
UFieldVar: 7.735049682626863 final: 7.735049682626863
yPlus min: 0.5279377344617159 max: 30.8177133475593 mean: 12.82093764812766
ExecutionTime = 6.09 s  ClockTime = 5 s

Time = 1300

U0 initRes: 0.001658505030292486 finalRes: 8.090797215889722e-05 nIters: 3
U1 initRes: 0.001084214874679761 finalRes: 4.473990449690388e-05 nIters: 3
U2 initRes: 0.01090240869289377 finalRes: 0.001004213969095319 nIters: 2
p initRes: 0.01478337580031244 finalRes: 0.001361195244947435 nIters: 6
Time step continuity errors : sum local = 0.001568991818098961
                                 global = 1.244398818869334e-05
                             cumulative = 0.05416690308843749
omega initRes: 0.0001264413731685649 finalRes: 1.176701739958087e-05 nIters: 3
k initRes: 0.002361082918677255 finalRes: 0.0001845216612721971 nIters: 4
UFieldVar: 4.633610008920245 final: 4.633610008920245
yPlus min: 0.923145811857464 max: 26.35986833855462 mean: 10.12863386845724
ExecutionTime = 6.54 s  ClockTime = 6 s

Time = 1400

U0 initRes: 0.00184220462220828 finalRes: 8.666657115245312e-05 nIters: 3
U1 initRes: 0.0008427927994445381 finalRes: 3.458211337356062e-05 nIters: 3
U2 initRes: 0.00320188297408481 finalRes: 0.0001369143358309562 nIters: 3
p initRes: 0.02782936657324511 finalRes: 0.001993254890132945 nIters: 4
Time step continuity errors : sum local = 0.002240849414363598
                                 global = 5.056888276018627e-05
                             cumulative = 0.05421747197119767
omega initRes: 0.0001053939335185412 finalRes: 9.208693326734319e-06 nIters: 3
k initRes: 0.002507324625855719 finalRes: 0.0001972259887584172 nIters: 4
UFieldVar: 2.753795746582904 final: 2.753795746582904
yPlus min: 0.558611889636901 max: 22.51605617446448 mean: 8.174055885793575
ExecutionTime = 6.97 s  ClockTime = 6 s

Time = 1500

U0 initRes: 0.002097496243062159 finalRes: 9.782139360171787e-05 nIters: 3
U1 initRes: 0.00218124683708436 finalRes: 9.304089643089946e-05 nIters: 3
U2 initRes: 0.0009813106253591965 finalRes: 5.405308858975631e-05 nIters: 3
p initRes: 0.02038477594696647 finalRes: 0.001605264287374724 nIters: 4
Time step continuity errors : sum local = 0.002081171860255917
                                 global = 8.047696669647243e-05
                             cumulative = 0.05429794893789415
omega initRes: 8.224940528461616e-05 finalRes: 7.069130518845378e-06 nIters: 3
k initRes: 0.002916976533231037 finalRes: 0.0002300515839459788 nIters: 4
UFieldVar: 1.620392979236823 final: 1.620392979236823
yPlus min: 0.8128294574163578 max: 19.1258160444703 mean: 6.560937364776273
ExecutionTime = 7.39 s  ClockTime = 7 s

Time = 1600

U0 initRes: 0.002674490103241652 finalRes: 0.0001249000724119381 nIters: 3
U1 initRes: 0.003714913546781561 finalRes: 0.0001492891598596152 nIters: 3
U2 initRes: 0.0008130842523861044 finalRes: 4.739707776188642e-05 nIters: 3
p initRes: 0.02052806445332678 finalRes: 0.001659054599886794 nIters: 4
Time step continuity errors : sum local = 0.001948713230947386
                                 global = 2.53031564457366e-05
                             cumulative = 0.05432325209433989
omega initRes: 6.487673118793272e-05 finalRes: 4.676075228105281e-06 nIters: 3
k initRes: 0.004031407958095666 finalRes: 0.0003007232244979043 nIters: 4
UFieldVar: 0.8607197108329194 final: 0.8607197108329194
yPlus min: 0.6680174639242697 max: 15.52451968512237 mean: 5.102393617623962
ExecutionTime = 7.82 s  ClockTime = 7 s

Time = 1700

U0 initRes: 0.003682390969108833 finalRes: 0.0001886051244940782 nIters: 3
U1 initRes: 0.005083824161563239 finalRes: 0.000214240395165916 nIters: 3
U2 initRes: 0.001767790794108481 finalRes: 9.340780842215529e-05 nIters: 3
p initRes: 0.02015412468056301 finalRes: 0.001685103758682244 nIters: 4
Time step continuity errors : sum local = 0.001892298797213018
                                 global = 0.0003566676402342825
                             cumulative = 0.05467991973457417
omega initRes: 4.551515168661073e-05 finalRes: 2.471498415983316e-06 nIters: 3
k initRes: 0.01057071828879767 finalRes: 0.0007491920174924749 nIters: 4
UFieldVar: 0.3750544450895314 final: 0.3750544450895314
yPlus min: 0.3557201984926029 max: 8.33766359295082 mean: 4.24164327372412
ExecutionTime = 8.25 s  ClockTime = 8 s

Time = 1800

U0 initRes: 0.001070784792577385 finalRes: 8.661162460346628e-05 nIters: 3
U1 initRes: 0.005323926882707043 finalRes: 0.0003294177120349648 nIters: 3
U2 initRes: 0.002473264002675561 finalRes: 0.0002221041023199406 nIters: 2
p initRes: 0.004611276144960337 finalRes: 0.0003980127556724232 nIters: 5
Time step continuity errors : sum local = 0.001403547988743645
                                 global = -9.004076107529928e-05
                             cumulative = 0.05458987897349887
omega initRes: 3.890252328590837e-05 finalRes: 2.628025982695456e-06 nIters: 3
k initRes: 0.002389503613239451 finalRes: 0.0001576216603142581 nIters: 4
UFieldVar: 0.1471989709851957 final: 0.1471989709851957
yPlus min: 0.1536326000226818 max: 6.795901144900946 mean: 4.025627854451749
ExecutionTime = 8.68 s  ClockTime = 8 s

Time = 1900

U0 initRes: 0.0005551830034958043 finalRes: 5.065039193229192e-05 nIters: 3
U1 initRes: 0.004353024360624369 finalRes: 0.0002420372480906214 nIters: 3
U2 initRes: 0.001772252216988735 finalRes: 0.0001247631027356649 nIters: 2
p initRes: 0.01485156456347436 finalRes: 0.001418682553887129 nIters: 6
Time step continuity errors : sum local = 0.0006478335509435459
                                 global = 5.779371417097123e-06
                             cumulative = 0.05459565834491596
omega initRes: 3.549114980662763e-05 finalRes: 2.046847398907783e-06 nIters: 3
k initRes: 0.0007747476764428011 finalRes: 4.173204311955921e-05 nIters: 4
UFieldVar: 0.07545478603391921 final: 0.07545478603391921
yPlus min: 0.3153798958791731 max: 6.795903639294412 mean: 3.827726175321473
ExecutionTime = 9.130000000000001 s  ClockTime = 8 s

Time = 2000

U0 initRes: 0.0002786896926540136 finalRes: 2.150186316424833e-05 nIters: 3
U1 initRes: 0.001695396078251007 finalRes: 0.0001018511581751191 nIters: 3
U2 initRes: 0.0009326895909816259 finalRes: 7.287413261695013e-05 nIters: 2
p initRes: 0.003169170112210328 finalRes: 0.0003086866602539436 nIters: 6
Time step continuity errors : sum local = 0.0001960414123344258
                                 global = 1.135941865144933e-05
                             cumulative = 0.05460701776356741
omega initRes: 2.401251922871975e-05 finalRes: 1.75931197896478e-06 nIters: 3
k initRes: 0.00145548234262434 finalRes: 0.0001063359850025919 nIters: 4
UFieldVar: 0.02440386708534462 final: 0.02440386708534462
yPlus min: 0.06243078041285559 max: 6.795904187055323 mean: 3.442676906451641
ExecutionTime = 9.59 s  ClockTime = 9 s

Time = 2100

U0 initRes: 8.472805650782009e-05 finalRes: 6.360428569331609e-06 nIters: 3
U1 initRes: 0.001113891081481469 finalRes: 6.736605597506297e-05 nIters: 3
U2 initRes: 0.0004385860879426934 finalRes: 3.37432822724355e-05 nIters: 2
p initRes: 0.001345296038120131 finalRes: 0.0001234290973593213 nIters: 7
Time step continuity errors : sum local = 8.638176143700123e-05
                                 global = -7.433798697532756e-06
                             cumulative = 0.05459958396486988
omega initRes: 8.851379177995208e-06 finalRes: 5.501597257254798e-07 nIters: 3
k initRes: 0.0006010300992408609 finalRes: 4.131073063549248e-05 nIters: 4
UFieldVar: 0.01498146477697872 final: 0.01498146477697872
yPlus min: 0.8760549933144467 max: 6.795906161782573 mean: 2.993456253944028
ExecutionTime = 10.04 s  ClockTime = 9 s

Time = 2200

U0 initRes: 3.90961126945172e-05 finalRes: 3.833547367730239e-06 nIters: 2
U1 initRes: 0.0003425493029328312 finalRes: 2.154345716943768e-05 nIters: 3
U2 initRes: 0.000199429817858798 finalRes: 1.363207997488844e-05 nIters: 2
p initRes: 0.0006199329626840448 finalRes: 5.753135030665567e-05 nIters: 6
Time step continuity errors : sum local = 4.110124577832805e-05
                                 global = 9.173694368100761e-07
                             cumulative = 0.05460050133430669
omega initRes: 3.245049773489082e-06 finalRes: 3.204668430748908e-07 nIters: 2
k initRes: 0.0002310190601053709 finalRes: 1.27671696709806e-05 nIters: 4
UFieldVar: 0.01378519693849245 final: 0.01378519693849245
yPlus min: 0.8222319267833123 max: 6.795906895559922 mean: 2.772666091476646
ExecutionTime = 10.49 s  ClockTime = 10 s

Time = 2300

U0 initRes: 1.048464329606749e-05 finalRes: 9.826745632481007e-07 nIters: 2
U1 initRes: 9.767281752068125e-05 finalRes: 5.968751028469681e-06 nIters: 3
U2 initRes: 5.321148224448577e-05 finalRes: 4.27108260578912e-06 nIters: 2
p initRes: 0.000174385534653196 finalRes: 1.656031961161538e-05 nIters: 5
Time step continuity errors : sum local = 1.197839224859244e-05
                                 global = -2.550717729470747e-07
                             cumulative = 0.05460024626253374
omega initRes: 8.626258990826197e-07 finalRes: 7.384242716342357e-08 nIters: 2
k initRes: 4.715486658504993e-05 finalRes: 2.549198944103885e-06 nIters: 4
UFieldVar: 0.01376552897554394 final: 0.01376552897554394
yPlus min: 0.7717299967211857 max: 6.79590707718977 mean: 2.703320427466739
ExecutionTime = 10.92 s  ClockTime = 10 s

Time = 2400

U0 initRes: 2.66722263669988e-06 finalRes: 1.379555175630736e-07 nIters: 3
U1 initRes: 2.868279738923389e-05 finalRes: 1.586860842849899e-06 nIters: 3
U2 initRes: 1.183830505985995e-05 finalRes: 1.036033268659172e-06 nIters: 2
p initRes: 4.434935012209785e-05 finalRes: 4.030756774918647e-06 nIters: 5
Time step continuity errors : sum local = 2.920029527563399e-06
                                 global = -2.270341686844946e-07
                             cumulative = 0.05460001922836506
omega initRes: 2.161843475172488e-07 finalRes: 1.526287730410302e-08 nIters: 2
k initRes: 7.130907921364796e-06 finalRes: 5.778308984920155e-07 nIters: 3
UFieldVar: 0.01379487012265173 final: 0.01379487012265173
yPlus min: 0.7555790345350338 max: 6.795907243818941 mean: 2.688351557052777
ExecutionTime = 11.35 s  ClockTime = 11 s

Time = 2500

U0 initRes: 6.238905633589498e-07 finalRes: 5.780079081785859e-08 nIters: 3
U1 initRes: 6.276684749768627e-06 finalRes: 2.9451615650933e-07 nIters: 3
U2 initRes: 1.523327047610849e-06 finalRes: 1.270788192498914e-07 nIters: 2
p initRes: 6.451995782492985e-06 finalRes: 5.805417432556593e-07 nIters: 5
Time step continuity errors : sum local = 4.2021472134718e-07
                                 global = -6.772501200826078e-08
                             cumulative = 0.05459995150335305
omega initRes: 5.952163695753e-08 finalRes: 3.347285429729019e-09 nIters: 3
k initRes: 1.66889514546483e-06 finalRes: 1.054101450767997e-07 nIters: 4
UFieldVar: 0.01380841545123633 final: 0.01380841545123633
yPlus min: 0.7514291234262203 max: 6.795907245797896 mean: 2.686851543982202
ExecutionTime = 11.79 s  ClockTime = 11 s

Time = 2600

U0 initRes: 3.32197883929899e-07 finalRes: 2.778463640421956e-08 nIters: 3
U1 initRes: 3.041465346989836e-06 finalRes: 2.804428729812955e-07 nIters: 2
U2 initRes: 8.969649663479925e-07 finalRes: 5.68777302156596e-08 nIters: 2
p initRes: 1.974165426463393e-06 finalRes: 1.649292343846075e-07 nIters: 7
Time step continuity errors : sum local = 1.192687383875667e-07
                                 global = -1.791088237559542e-08
                             cumulative = 0.05459993359247067
omega initRes: 2.66997430044217e-08 finalRes: 1.569712093236526e-09 nIters: 3
k initRes: 8.620955721326082e-07 finalRes: 5.06376881081326e-08 nIters: 4
UFieldVar: 0.01381553874136218 final: 0.01381553874136218
yPlus min: 0.750525013580611 max: 6.795907247888174 mean: 2.68757262218476
ExecutionTime = 12.24 s  ClockTime = 12 s

Time = 2700

U0 initRes: 1.817561147659808e-07 finalRes: 1.261790630750544e-08 nIters: 3
U1 initRes: 1.679360448039017e-06 finalRes: 1.522785198739069e-07 nIters: 2
U2 initRes: 5.479702178343273e-07 finalRes: 3.559527504995068e-08 nIters: 2
p initRes: 1.452178504715893e-06 finalRes: 1.086438806704019e-07 nIters: 7
Time step continuity errors : sum local = 7.852461245726092e-08
                                 global = -8.885266350149744e-09
                             cumulative = 0.05459992470720432
omega initRes: 1.364289738811252e-08 finalRes: 6.755769331692739e-10 nIters: 3
k initRes: 4.513157244637114e-07 finalRes: 4.206726851449587e-08 nIters: 3
UFieldVar: 0.0138195544266313 final: 0.0138195544266313
yPlus min: 0.7504328864486418 max: 6.79590724658622 mean: 2.688101760260607
ExecutionTime = 12.71 s  ClockTime = 12 s

Time = 2800

U0 initRes: 8.137388637579561e-08 finalRes: 5.252075567775975e-09 nIters: 3
U1 initRes: 7.582474375505921e-07 finalRes: 6.754773384873188e-08 nIters: 2
U2 initRes: 2.531439254708258e-07 finalRes: 1.671701978509493e-08 nIters: 2
p initRes: 7.18908288188572e-07 finalRes: 6.972866163763133e-08 nIters: 6
Time step continuity errors : sum local = 5.038506489512793e-08
                                 global = -1.398184353998542e-10
                             cumulative = 0.05459992456738589
omega initRes: 6.078625003984358e-09 finalRes: 2.873698889414368e-10 nIters: 3
k initRes: 1.941961355678713e-07 finalRes: 1.607820431069066e-08 nIters: 3
UFieldVar: 0.01382172461394452 final: 0.01382172461394452
yPlus min: 0.750460129717248 max: 6.795907245657576 mean: 2.688350773607717
ExecutionTime = 13.16 s  ClockTime = 12 s

Time = 2900

U0 initRes: 3.432243583884974e-08 finalRes: 2.16934410591299e-09 nIters: 3
U1 initRes: 3.210410487598077e-07 finalRes: 2.827905554055072e-08 nIters: 2
U2 initRes: 1.069790142016445e-07 finalRes: 7.079818060207869e-09 nIters: 2
p initRes: 3.066007974537199e-07 finalRes: 3.018191464857714e-08 nIters: 5
Time step continuity errors : sum local = 2.180671252154273e-08
                                 global = -2.956519831492381e-09
                             cumulative = 0.05459992161086605
omega initRes: 2.624861122717599e-09 finalRes: 1.235684101155456e-10 nIters: 3
k initRes: 7.924704655844969e-08 finalRes: 6.110156171502313e-09 nIters: 3
UFieldVar: 0.01382272305366637 final: 0.01382272305366637
yPlus min: 0.7504825929957314 max: 6.795907245182345 mean: 2.688453230418156
ExecutionTime = 13.6 s  ClockTime = 13 s

Time = 3000

U0 initRes: 1.432633045064158e-08 finalRes: 9.036156540777338e-10 nIters: 3
U1 initRes: 1.346492225009629e-07 finalRes: 1.172481454035915e-08 nIters: 2
U2 initRes: 4.431944277979202e-08 finalRes: 2.920826696362482e-09 nIters: 2
p initRes: 1.270249201727569e-07 finalRes: 1.237545928142101e-08 nIters: 6
Time step continuity errors : sum local = 8.940976066398183e-09
                                 global = -5.954595822830063e-11
                             cumulative = 0.0545999215513201
omega initRes: 1.072976649338e-09 finalRes: 1.07290048633367e-10 nIters: 2
k initRes: 3.252644021566296e-08 finalRes: 2.41605858800245e-09 nIters: 3
UFieldVar: 0.01382316571320318 final: 0.01382316571320318
yPlus min: 0.7504921161996656 max: 6.795907244979139 mean: 2.688493530344326
ExecutionTime = 14.05 s  ClockTime = 13 s

Time = 3100

U0 initRes: 5.985423643387441e-09 finalRes: 3.786541670755326e-10 nIters: 3
U1 initRes: 5.647523556048422e-08 finalRes: 4.902260034060101e-09 nIters: 2
U2 initRes: 1.8483308437036e-08 finalRes: 1.20975511982162e-09 nIters: 2
p initRes: 5.259726878445249e-08 finalRes: 5.174070620036508e-09 nIters: 6
Time step continuity errors : sum local = 3.738069367114565e-09
                                 global = -2.252484429854788e-11
                             cumulative = 0.05459992152879525
omega initRes: 4.479563857713476e-10 finalRes: 2.110505704659134e-11 nIters: 3
k initRes: 1.344256428616285e-08 finalRes: 9.794008847941094e-10 nIters: 3
UFieldVar: 0.01382335525108663 final: 0.01382335525108663
yPlus min: 0.7504956442309543 max: 6.795907244894437 mean: 2.688509748137974
ExecutionTime = 14.49 s  ClockTime = 14 s

Time = 3200

U0 initRes: 2.513277607597374e-09 finalRes: 1.593582603460517e-10 nIters: 3
U1 initRes: 2.381798964140859e-08 finalRes: 2.067921558150862e-09 nIters: 2
U2 initRes: 7.851622279393407e-09 finalRes: 5.04804642441283e-10 nIters: 2
p initRes: 2.192097890487406e-08 finalRes: 1.609284522128426e-09 nIters: 7
Time step continuity errors : sum local = 1.162639698292335e-09
                                 global = -1.200108985847189e-10
                             cumulative = 0.05459992140878436
omega initRes: 1.905938591662746e-10 finalRes: 1.900496480832227e-11 nIters: 2
k initRes: 5.67280800528371e-09 finalRes: 4.130481199448081e-10 nIters: 3
UFieldVar: 0.01382343544256933 final: 0.01382343544256933
yPlus min: 0.7504969813497585 max: 6.795907244859301 mean: 2.688516429024034
ExecutionTime = 14.94 s  ClockTime = 14 s

Time = 3291
Minimal residual 9.941207625767676e-09 satisfied the prescribed tolerance 1e-08

UFieldVar: 0.01382346729733042 final: 0.01382346729733042
End

Printing Primal Residual Statistics.
U Residual Norm2: (0.0005627580537962732 8.480729483204723e-05 2.601092002418383e-11)
U Residual Mean: (3.4745359580239e-06 5.168743881118462e-07 1.129962557781307e-13)
U Residual Max: (6.568165927545166e-05 9.513842744945933e-06 3.884294734279804e-12)
p Residual Norm2: 1.651016703418956e-05
p Residual Mean: 3.595049765878122e-08
p Residual Max: 6.008772919802891e-06
omega Residual Norm2: 0.06654730155863416
omega Residual Mean: 0.0002293817070941877
omega Residual Max: 0.01452038499320064
k Residual Norm2: 3.097481633670964e-05
k Residual Mean: 2.332622890301869e-07
k Residual Max: 3.254673065405198e-06
phi Residual Norm2: 5.703552352043783e-07
phi Residual Mean: 1.387810272089498e-09
phi Residual Max: 3.636051481319353e-08
Total Residual Norm2: 0.06654974429695676
 
 
TIMING primal_wall_s: 14.660
OBJ UFieldVar: 1.3823467297330421e-02
Finalising parallel run
Finalising parallel run
