WARNING 7: VSPAERO Viewer Not Found. 
	Expected here: /home/dafoamuser/dafoam/packages/miniconda3/lib/python3.10/site-packages/openvsp/vspviewer
WARNING 7: VSPAERO Viewer Not Found. 
	Expected here: /home/dafoamuser/dafoam/packages/miniconda3/lib/python3.10/site-packages/openvsp/vspviewer
WARNING 7: VSPAERO Viewer Not Found. 
	Expected here: /home/dafoamuser/dafoam/packages/miniconda3/lib/python3.10/site-packages/openvsp/vspviewer
WARNING 7: VSPAERO Viewer Not Found. 
	Expected here: /home/dafoamuser/dafoam/packages/miniconda3/lib/python3.10/site-packages/openvsp/vspviewer
 
-------------------------------------------------------------------------------
|                               DAFoam v5.0.0                                 |
-------------------------------------------------------------------------------
 
/*---------------------------------------------------------------------------*\
| =========                 |                                                 |
| \\      /  F ield         | OpenFOAM: The Open Source CFD Toolbox           |
|  \\    /   O peration     | Version:  2506                                  |
|   \\  /    A nd           | Website:  www.openfoam.com                      |
|    \\/     M anipulation  |                                                 |
\*---------------------------------------------------------------------------*/
Build  : _615aae61d7-20250627 OPENFOAM=2506 version=v2506
Arch   : "LSB;label=32;scalar=64"
Exec   : decomposePar
Date   : Jul 31 2026
Time   : 10:31:11
Host   : ip-172-31-43-247
PID    : 731
--> FOAM Warning : 
    From Foam::fileName Foam::cwd_L()
    in file POSIX.C at line 554
    PWD is not the cwd() - reverting to physical description
I/O    : uncollated
--> FOAM Warning : 
    From Foam::fileName Foam::cwd_L()
    in file POSIX.C at line 554
    PWD is not the cwd() - reverting to physical description
Case   : /home/dafoamuser/mount/ramp_kw/c1
nProcs : 1
trapFpe: Floating point exception trapping enabled (FOAM_SIGFPE).
fileModificationChecking : Monitoring run-time modified files using timeStampMaster (fileModificationSkew 5, maxFileModificationPolls 20)
allowSystemOperations : Allowing user-supplied system call operations

// * * * * * * * * * * * * * * * * * * * * * * * * * * * * * * * * * * * * * //
Create time

Overriding DebugSwitches according to controlDict
    SolverPerformance 0;



Decomposing mesh

Create mesh

Calculating distribution of cells
Decomposition method scotch [4] (region region0)

Finished decomposition in 0 s

Calculating original mesh data

Distributing cells to processors

Distributing faces to processors

Distributing points to processors

Constructing processor meshes
Overriding DebugSwitches according to controlDict
    SolverPerformance 0;


Processor 0
    Number of cells = 1250
    Number of points = 2652
    Number of faces shared with processor 1 = 50
    Number of processor patches = 1
    Number of processor faces = 50
    Number of boundary faces = 2600
Overriding DebugSwitches according to controlDict
    SolverPerformance 0;


Processor 1
    Number of cells = 1250
    Number of points = 2652
    Number of faces shared with processor 0 = 50
    Number of faces shared with processor 3 = 50
    Number of processor patches = 2
    Number of processor faces = 100
    Number of boundary faces = 2550
Overriding DebugSwitches according to controlDict
    SolverPerformance 0;


Processor 2
    Number of cells = 1250
    Number of points = 2652
    Number of faces shared with processor 3 = 50
    Number of processor patches = 1
    Number of processor faces = 50
    Number of boundary faces = 2600
Overriding DebugSwitches according to controlDict
    SolverPerformance 0;


Processor 3
    Number of cells = 1250
    Number of points = 2652
    Number of faces shared with processor 1 = 50
    Number of faces shared with processor 2 = 50
    Number of processor patches = 2
    Number of processor faces = 100
    Number of boundary faces = 2550

Number of processor faces = 150
Max number of cells = 1250 (0% above average 1250)
Max number of processor patches = 2 (33.33333333333334% above average 1.5)
Max number of faces between processors = 100 (33.33333333333334% above average 75)

Time = 0

Processor 0: field transfer
Overriding DebugSwitches according to controlDict
    SolverPerformance 0;

Processor 1: field transfer
Overriding DebugSwitches according to controlDict
    SolverPerformance 0;

Processor 2: field transfer
Overriding DebugSwitches according to controlDict
    SolverPerformance 0;

Processor 3: field transfer
Overriding DebugSwitches according to controlDict
    SolverPerformance 0;


End

I/O    : uncollated
--> FOAM Warning : 
    From Foam::fileName Foam::cwd_L()
    in file POSIX.C at line 554
    PWD is not the cwd() - reverting to physical description
Case   : /home/dafoamuser/mount/ramp_kw/c1
nProcs : 4
Hosts  :
(
    (ip-172-31-43-247 4)
)
Pstream initialized with:
    node communication : off [type=host] (4 ranks, 1 nodes)
    topology controls  : none
    consensus exchange : 0 (tuning: 0)
    exchange algorithm : 0
    commsType          : nonBlocking
    polling iterations : 0
Initializing mesh and runtime for DASolver
Create time

Overriding DebugSwitches according to controlDict
    SolverPerformance 0;

Create mesh for time = 0
Replacing wallDist.method meshWave -> meshWaveFrozen
DAOption created. DASolver initialized.
[2] UPstream::init : could not attach buffer
[3] UPstream::init : could not attach buffer
[0] UPstream::init : could not attach buffer
[1] UPstream::init : could not attach buffer
I/O    : uncollated
--> FOAM Warning : 
    From Foam::fileName Foam::cwd_L()
    in file POSIX.C at line 554
    PWD is not the cwd() - reverting to physical description
Case   : /home/dafoamuser/mount/ramp_kw/c1
nProcs : 4
Hosts  :
(
    (ip-172-31-43-247 4)
)
Pstream initialized with:
    node communication : off [type=host] (4 ranks, 1 nodes)
    topology controls  : none
    consensus exchange : 0 (tuning: 0)
    exchange algorithm : 0
    commsType          : nonBlocking
    polling iterations : 0
Initializing mesh and runtime for DASolver
Create time

Overriding DebugSwitches according to controlDict
    SolverPerformance 0;

Create mesh for time = 0
Replacing wallDist.method meshWave -> meshWaveFrozen
DAOption created. DASolver initialized.
Initializing fields for DASimpleFoam
Create simpleControl.

SIMPLE: no convergence criteria found. Calculations will run for 5000 steps.

Reading field p

Reading field U

Reading/calculating face flux field phi

Creating source term. 
Selecting incompressible transport model Newtonian
Selecting turbulence model type RAS
Selecting RAS turbulence model kOmegaSST
Selecting patchDistMethod meshWaveFrozen
No MRF models present

Turbulence model is incompressible
Adjoint States: 
5
(
U volVectorState
k modelState
phi surfaceScalarState
p volScalarState
omega modelState
)
Global Cells: 5000
Global Faces: 20300
Global Xv: 31824
Undecomposed points: 10302
Global Adjoint States: 50300

SIMPLE: no convergence criteria found. Calculations will run for 5000 steps.

DACheckMesh Thresholds: 
maxNonOrth: 70
maxSkewness: 4
maxAspectRatio: 1000
maxIncorrectlyOrientedFaces: 0
    Adding cells with centre within boxes 1((-10 -10 -10) (10 10 10))
Find 10000 reference points for variance of U
Initializing fields for DASimpleFoam
Create simpleControl.

SIMPLE: no convergence criteria found. Calculations will run for 5000 steps.

Reading field p

Reading field U

Reading/calculating face flux field phi

Creating source term. 
Selecting incompressible transport model Newtonian
Selecting turbulence model type RAS
Selecting RAS turbulence model kOmegaSST
Selecting patchDistMethod meshWaveFrozen
No MRF models present

Turbulence model is incompressible
Adjoint States: 
5
(
U volVectorState
k modelState
phi surfaceScalarState
p volScalarState
omega modelState
)
Global Cells: 5000
Global Faces: 20300
Global Xv: 31824
Undecomposed points: 10302
Global Adjoint States: 50300

SIMPLE: no convergence criteria found. Calculations will run for 5000 steps.

DACheckMesh Thresholds: 
maxNonOrth: 70
maxSkewness: 4
maxAspectRatio: 1000
maxIncorrectlyOrientedFaces: 0
    Adding cells with centre within boxes 1((-10 -10 -10) (10 10 10))
Find 10000 reference points for variance of U
Init solver done! ElapsedClockTime 0.000000 s
Init solver done! ElapsedCpuTime 0.270000 s
initState: 
7
(
k 0.01500000000000026
phi 0
U1 0
U2 0
p 0
omega 30
U0 4.999999999999893
)
Setting up primal boundary conditions based on pyOptions: 
Setting primal boundary conditions...
Setting U = (10 0 0) at inlet
Setting nut wall BC for bot. BCType=nutkWallFunction
Setting k wall BC for bot. BCType=kqRWallFunction
Setting omega wall BC for bot. BCType=omegaWallFunction
Reading OpenFOAM mesh information...
I/O    : uncollated
--> FOAM Warning : 
    From Foam::fileName Foam::cwd_L()
    in file POSIX.C at line 554
    PWD is not the cwd() - reverting to physical description
Case   : /home/dafoamuser/mount/ramp_kw/c1
nProcs : 4
Hosts  :
(
    (ip-172-31-43-247 4)
)
Pstream initialized with:
    node communication : off [type=host] (4 ranks, 1 nodes)
    topology controls  : none
    consensus exchange : 0 (tuning: 0)
    exchange algorithm : 0
    commsType          : nonBlocking
    polling iterations : 0
Reading the OpenFOAM mesh..
Overriding DebugSwitches according to controlDict
    SolverPerformance 0;

Checking if we need to compress the mesh files
Checking if we need to compress the mesh files
Finalising parallel run
DAFoam option dictionary: 
{
    solverName      DASimpleFoam;
    primalMinResTol 1e-08;
    primalFuncStdTol
    {
        stdTol          -1;
        slopeTol        -1;
        funcNames       1 ( CD );
        nStepsFrac      0.2;
    }
    primalBC
    {
        U0
        {
            variable        U;
            patches         1 ( inlet );
            value           3 ( 10 0 0 );
        }
        useWallFunction 1;
    }
    primalInitCondition
    {
    }
    normalizeStates
    {
        U               10;
        p               50;
        nuTilda         0.001;
        phi             1;
    }
    function
    {
        UFieldVar
        {
            type            variance;
            source          boxToCell;
            min             3 { -10 };
            max             3 { 10 };
            scale           0.1;
            mode            field;
            varName         U;
            varType         vector;
            indices         2 ( 0 1 );
            timeDependentRefData 0;
        }
    }
    inputInfo
    {
        beta
        {
            type            field;
            fieldName       betaFIOmega;
            fieldType       scalar;
            distributed     0;
            components      2 ( solver function );
        }
    }
    outputInfo
    {
    }
    designSurfaces  1 ( ALL_OPENFOAM_WALL_PATCHES );
    fvSource
    {
    }
    prepareCaseOnly 0;
    adjEqnSolMethod Krylov;
    dynamicMesh
    {
        active          0;
        mode            rotation;
        center          3 ( 0.25 0 0 );
        axis            z;
        omega           0.1;
        s               2;
        t0              0.35;
    }
    primalVarBounds
    {
        UMax            1000;
        UMin            -1000;
        pMax            50000;
        pMin            -50000;
        p_rghMax        50000;
        p_rghMin        -50000;
        eMax            55000;
        eMin            -220000;
        TMax            1000;
        TMin            100;
        hMax            200000;
        hMin            -200000;
        DMax            1e+16;
        DMin            -1e+16;
        rhoMax          5;
        rhoMin          0.2;
        nuTildaMax      1e+16;
        nuTildaMin      1e-16;
        kMax            1e+16;
        kMin            1e-16;
        omegaMax        1e+16;
        omegaMin        -1e+16;
        epsilonMax      1e+16;
        epsilonMin      1e-16;
        ReThetatMax     1e+16;
        ReThetatMin     1e-16;
        gammaIntMax     1e+16;
        gammaIntMin     1e-16;
    }
    discipline      aero;
    adjPartDerivFDStep
    {
        State           1e-06;
    }
    transonicPCOption -1;
    unsteadyAdjoint
    {
        mode            None;
        PCMatPrecomputeInterval 100;
        PCMatUpdateInterval 1;
        reduceIO        1;
        additionalOutput 1 ( None );
        additionalOldTime 1 ( None );
        readZeroFields  1;
    }
    adjPCLag        10000;
    useAD
    {
        mode            reverse;
        dvName          None;
        seedIndex       -9999;
    }
    useConstrainHbyA 1;
    forceMeshWaveFrozen 1;
    useDdtCorr      0;
    regressionModel
    {
        active          0;
    }
    useMeanStates   0;
    solveLinearFunctionName None;
    printDAOptions  1;
    debug           0;
    writeJacobians  1 ( None );
    printInterval   100;
    printIntervalUnsteady 1;
    primalMinResTolDiff 1000;
    adjUseColoring  1;
    adjEqnOption
    {
        globalPCIters   0;
        asmOverlap      1;
        localPCIters    1;
        jacMatReOrdering natural;
        pcFillLevel     1;
        gmresMaxIters   1000;
        gmresRestart    1000;
        gmresRelTol     1e-06;
        gmresAbsTol     1e-14;
        gmresTolDiff    100;
        useNonZeroInitGuess 0;
        useMGSO         0;
        printInfo       1;
        fpMaxIters      1000;
        fpRelTol        1e-06;
        fpMinResTolDiff 100;
        fpPCUpwind      0;
        dynAdjustTol    0;
        KSPCalcEigen    0;
        KSPCalcSingularVal 0;
        readPCMat       0;
    }
    normalizeResiduals 11 ( URes pRes p_rghRes nuTildaRes phiRes TRes DRes kRes omegaRes epsilonRes alpha.waterRes );
    maxResConLv4JacPCMat
    {
        pRes            2;
        phiRes          1;
        URes            2;
        TRes            2;
        nuTildaRes      2;
        kRes            2;
        epsilonRes      2;
        omegaRes        2;
        p_rghRes        2;
        DRes            2;
        gammaIntRes     2;
        ReThetatRes     2;
        alpha.waterRes  2;
    }
    jacLowerBounds
    {
        dRdW            1e-30;
        dRdWPC          1e-30;
    }
    maxTractionBCIters 100;
    decomposeParDict
    {
        method          scotch;
        simpleCoeffs
        {
            n               3 ( 2 2 1 );
            delta           0.001;
        }
        kahipCoeffs
        {
            config          fast;
            imbalance       0.01;
        }
        preservePatches 1 ( None );
        singleProcessorFaceSets 1 ( None );
        args            1 ( None );
    }
    adjStateOrdering cell;
    checkMeshThreshold
    {
        maxAspectRatio  1000;
        maxNonOrth      70;
        maxSkewness     4;
        maxIncorrectlyOrientedFaces 0;
    }
    writeDeformedFFDs 0;
    writeDeformedConstraints 0;
    writeAdjointFields 0;
    maxCorrectBCCalls 2;
    writeMinorIterations 0;
    primalMinIters  1;
    tensorflow
    {
        active          0;
    }
    wallDistanceMethod default;
    unsteadyCompOutput
    {
    }
}

pyDAFoam initialization done!
dRdWT Jacobian Free created!
I/O    : uncollated
/home/dafoamuser/dafoam/packages/miniconda3/lib/python3.10/site-packages/openmdao/core/component.py:140: OMDeprecationWarning:'scenario1.coupling.solver' <class DAFoamSolver>: It appears this component mixes distributed/non-distributed inputs and outputs, so it may break starting with OpenMDAO 3.25, where the convention used when passing data between distributed and non-distributed inputs and outputs within a matrix free component will change. See https://github.com/OpenMDAO/POEMs/blob/master/POEM_075.md for details.
/home/dafoamuser/dafoam/packages/miniconda3/lib/python3.10/site-packages/openmdao/core/component.py:140: OMDeprecationWarning:'scenario1.coupling.solver' <class DAFoamSolver>: It appears this component mixes distributed/non-distributed inputs and outputs, so it may break starting with OpenMDAO 3.25, where the convention used when passing data between distributed and non-distributed inputs and outputs within a matrix free component will change. See https://github.com/OpenMDAO/POEMs/blob/master/POEM_075.md for details.
/home/dafoamuser/dafoam/packages/miniconda3/lib/python3.10/site-packages/openmdao/core/component.py:140: OMDeprecationWarning:'scenario1.coupling.solver' <class DAFoamSolver>: It appears this component mixes distributed/non-distributed inputs and outputs, so it may break starting with OpenMDAO 3.25, where the convention used when passing data between distributed and non-distributed inputs and outputs within a matrix free component will change. See https://github.com/OpenMDAO/POEMs/blob/master/POEM_075.md for details.
/home/dafoamuser/dafoam/packages/miniconda3/lib/python3.10/site-packages/openmdao/core/component.py:140: OMDeprecationWarning:'scenario1.coupling.solver' <class DAFoamSolver>: It appears this component mixes distributed/non-distributed inputs and outputs, so it may break starting with OpenMDAO 3.25, where the convention used when passing data between distributed and non-distributed inputs and outputs within a matrix free component will change. See https://github.com/OpenMDAO/POEMs/blob/master/POEM_075.md for details.
/home/dafoamuser/dafoam/packages/miniconda3/lib/python3.10/site-packages/openmdao/core/component.py:140: OMDeprecationWarning:'scenario1.aero_post.functionals' <class DAFoamFunctions>: It appears this component mixes distributed/non-distributed inputs and outputs, so it may break starting with OpenMDAO 3.25, where the convention used when passing data between distributed and non-distributed inputs and outputs within a matrix free component will change. See https://github.com/OpenMDAO/POEMs/blob/master/POEM_075.md for details.
/home/dafoamuser/dafoam/packages/miniconda3/lib/python3.10/site-packages/openmdao/core/component.py:140: OMDeprecationWarning:'scenario1.aero_post.functionals' <class DAFoamFunctions>: It appears this component mixes distributed/non-distributed inputs and outputs, so it may break starting with OpenMDAO 3.25, where the convention used when passing data between distributed and non-distributed inputs and outputs within a matrix free component will change. See https://github.com/OpenMDAO/POEMs/blob/master/POEM_075.md for details.
/home/dafoamuser/dafoam/packages/miniconda3/lib/python3.10/site-packages/openmdao/core/component.py:140: OMDeprecationWarning:'scenario1.aero_post.functionals' <class DAFoamFunctions>: It appears this component mixes distributed/non-distributed inputs and outputs, so it may break starting with OpenMDAO 3.25, where the convention used when passing data between distributed and non-distributed inputs and outputs within a matrix free component will change. See https://github.com/OpenMDAO/POEMs/blob/master/POEM_075.md for details.
/home/dafoamuser/dafoam/packages/miniconda3/lib/python3.10/site-packages/openmdao/core/component.py:140: OMDeprecationWarning:'scenario1.aero_post.functionals' <class DAFoamFunctions>: It appears this component mixes distributed/non-distributed inputs and outputs, so it may break starting with OpenMDAO 3.25, where the convention used when passing data between distributed and non-distributed inputs and outputs within a matrix free component will change. See https://github.com/OpenMDAO/POEMs/blob/master/POEM_075.md for details.
Checking mesh quality for time = 0
    Overall domain bounding box (0 -0.5000000000000003 -1.734723475976807e-18) (3 0.5 0.05000000074505812)
    Mesh has 3 geometric (non-empty/wedge) directions (1 1 1)
    Mesh has 3 solution (non-empty) directions (1 1 1)
    Boundary openness (-2.496858518655798e-17 -3.453853160903114e-18 -1.64989464220793e-17) OK.
    Max cell openness = 5.900422408863415e-15 OK.
    Max aspect ratio = 250.9727357179337 OK.
    Minimum face area = 5.608835469031568e-06. Maximum face area = 0.0016261423064255.  Face area magnitudes OK.
    Min volume = 2.804418810632305e-07. Max volume = 5.084633467474263e-05.  Total volume = 0.1187499957319696.  Cell volumes OK.
    Mesh non-orthogonality Max: 46.8117354617747 average: 14.38071650818499
    Non-orthogonality check OK.
    Face pyramids OK.
    Max skewness = 0.1126369503222542 OK.
    Coupled point location match (average 0) OK.

Mesh OK.

Running Primal Solver 001
Previous solution time -1e+10 not found and nothing deleted.
No finite volume options present

Starting time loop

Time = 1

U0 initRes: 0.9999999999999893 finalRes: 0.08323070542206014 nIters: 1
U1 initRes: 1 finalRes: 0.08056053471460327 nIters: 4
U2 initRes: 0.9999999999930469 finalRes: 0.08627460586677578 nIters: 4
p initRes: 1 finalRes: 0.09907812895860202 nIters: 8
Time step continuity errors : sum local = 0.2085931526133491
                                 global = -0.003142096964610287
                             cumulative = -0.003142096964610287
omega initRes: 0.06083099063936076 finalRes: 0.004950264654610937 nIters: 2
k initRes: 0.9999999999995524 finalRes: 0.05096018090504788 nIters: 2
UFieldVar: 1.037059988867985 final: 1.037059988867985
yPlus min: 6.077833140909032 max: 9.665185744865934 mean: 8.166151107076532
ExecutionTime = 0.4 s  ClockTime = 0 s

Time = 100

U0 initRes: 0.05295653201167166 finalRes: 0.003077342475538187 nIters: 4
U1 initRes: 0.1571970004944309 finalRes: 0.009739065257115554 nIters: 4
U2 initRes: 0.04978347306825944 finalRes: 0.004144912608450549 nIters: 4
p initRes: 0.6785685997584894 finalRes: 0.05331069647243034 nIters: 5
Time step continuity errors : sum local = 7.748716303748833
                                 global = 0.04680858451829527
                             cumulative = 0.04366648755368498
omega initRes: 0.0538265533553127 finalRes: 0.003927575119339153 nIters: 2
k initRes: 0.05761986389572027 finalRes: 0.003239129751870699 nIters: 3
UFieldVar: 50.32577992726462 final: 50.32577992726462
yPlus min: 13.2389364451954 max: 79.25559841088082 mean: 34.61523277925836
ExecutionTime = 1.26 s  ClockTime = 1 s

Time = 200

U0 initRes: 0.00733796815031205 finalRes: 0.0006082499247334611 nIters: 3
U1 initRes: 0.01475101748968834 finalRes: 0.001105561652606702 nIters: 3
U2 initRes: 0.002843838988138638 finalRes: 0.000213400114087971 nIters: 3
p initRes: 0.06741199754263846 finalRes: 0.006267929678737083 nIters: 4
Time step continuity errors : sum local = 0.03487575070098525
                                 global = 0.005186976864409137
                             cumulative = 0.04885346441809412
omega initRes: 0.001206752023893752 finalRes: 0.0001100057305749786 nIters: 3
k initRes: 0.01295733637971085 finalRes: 0.0007498148742871388 nIters: 4
UFieldVar: 5.133132528139863 final: 5.133132528139863
yPlus min: 1.164035952149264 max: 24.20523136595499 mean: 7.95668065492204
ExecutionTime = 1.69 s  ClockTime = 1 s

Time = 300

U0 initRes: 0.007571008942115969 finalRes: 0.0003158951263041636 nIters: 3
U1 initRes: 0.01374203142070384 finalRes: 0.001264854584264327 nIters: 2
U2 initRes: 0.001750776080964155 finalRes: 9.874275104064605e-05 nIters: 3
p initRes: 0.02974041993188351 finalRes: 0.00227542435679511 nIters: 4
Time step continuity errors : sum local = 0.00990457835988977
                                 global = 0.0009171091140632444
                             cumulative = 0.04977057353215737
omega initRes: 0.0005149853674483672 finalRes: 3.464305148768431e-05 nIters: 3
k initRes: 0.008861396386098629 finalRes: 0.0007203813816141846 nIters: 3
UFieldVar: 0.7913042105978022 final: 0.7913042105978022
yPlus min: 0.1308686424985213 max: 15.40556014089615 mean: 5.107126136701815
ExecutionTime = 2.13 s  ClockTime = 2 s

Time = 400

U0 initRes: 0.001317688129907553 finalRes: 8.289132054224085e-05 nIters: 3
U1 initRes: 0.01248145637605465 finalRes: 0.001243684553359192 nIters: 2
U2 initRes: 0.00392336802465669 finalRes: 0.0002716924077802509 nIters: 2
p initRes: 0.0124270700166566 finalRes: 0.0008373747078264773 nIters: 4
Time step continuity errors : sum local = 0.001926992414481485
                                 global = 0.0001499838240568346
                             cumulative = 0.0499205573562142
omega initRes: 7.708996216185424e-05 finalRes: 7.202685206315705e-06 nIters: 3
k initRes: 0.009439976770544655 finalRes: 0.0007268592594427962 nIters: 4
UFieldVar: 0.01857161143798519 final: 0.01857161143798519
yPlus min: 0.2126190339109932 max: 6.795884145862756 mean: 3.286607016877728
ExecutionTime = 2.56 s  ClockTime = 2 s

Time = 500

U0 initRes: 0.0001739216281131106 finalRes: 1.145952177916647e-05 nIters: 3
U1 initRes: 0.002903206078130613 finalRes: 0.0001279654251481912 nIters: 3
U2 initRes: 0.0002783630637284443 finalRes: 2.272797988025323e-05 nIters: 2
p initRes: 0.002347359625680652 finalRes: 0.0001732385189962306 nIters: 6
Time step continuity errors : sum local = 0.0001160602135339262
                                 global = 3.236357775735925e-05
                             cumulative = 0.04995292093397156
omega initRes: 1.47011958256194e-05 finalRes: 8.276893539053867e-07 nIters: 4
k initRes: 0.001229216871827762 finalRes: 8.257348681848759e-05 nIters: 4
UFieldVar: 0.01277747440984751 final: 0.01277747440984751
yPlus min: 0.6979745811994913 max: 6.795910232870557 mean: 2.876941282842406
ExecutionTime = 3.02 s  ClockTime = 3 s

Time = 600

U0 initRes: 2.794613349957927e-05 finalRes: 2.219580063827822e-06 nIters: 3
U1 initRes: 0.0005020859273354327 finalRes: 2.831917945233068e-05 nIters: 3
U2 initRes: 8.309343518741959e-05 finalRes: 5.951543843389486e-06 nIters: 2
p initRes: 0.0003790101528953052 finalRes: 3.641398782569837e-05 nIters: 5
Time step continuity errors : sum local = 2.768641085926261e-05
                                 global = -6.825714760029012e-06
                             cumulative = 0.04994609521921153
omega initRes: 3.648870823280572e-06 finalRes: 2.992298257763561e-07 nIters: 3
k initRes: 0.0002129370834936063 finalRes: 1.661648587359282e-05 nIters: 4
UFieldVar: 0.01270746676005349 final: 0.01270746676005349
yPlus min: 0.7502254770964396 max: 6.795910066199225 mean: 2.744563353034384
ExecutionTime = 3.49 s  ClockTime = 3 s

Time = 700

U0 initRes: 9.6371701155565e-06 finalRes: 7.737840104769215e-07 nIters: 3
U1 initRes: 0.0001470428960511584 finalRes: 8.537320771369476e-06 nIters: 3
U2 initRes: 4.05576102359927e-05 finalRes: 3.384616006803261e-06 nIters: 2
p initRes: 0.0001362954061315605 finalRes: 1.025983393465065e-05 nIters: 7
Time step continuity errors : sum local = 7.562500644418866e-06
                                 global = -8.627960290676559e-07
                             cumulative = 0.04994523242318246
omega initRes: 9.316789996252401e-07 finalRes: 8.164466966554406e-08 nIters: 2
k initRes: 3.157131244663105e-05 finalRes: 1.976271655702285e-06 nIters: 4
UFieldVar: 0.01347190130308293 final: 0.01347190130308293
yPlus min: 0.7686150737633205 max: 6.795909933750234 mean: 2.688270143576856
ExecutionTime = 3.96 s  ClockTime = 3 s

Time = 800

U0 initRes: 3.475501639608393e-06 finalRes: 3.313629917587669e-07 nIters: 3
U1 initRes: 4.550056552472379e-05 finalRes: 2.533367338592818e-06 nIters: 3
U2 initRes: 7.978992824448161e-06 finalRes: 4.164232643780472e-07 nIters: 3
p initRes: 4.097284708604181e-05 finalRes: 2.922789392407798e-06 nIters: 7
Time step continuity errors : sum local = 2.137341856277256e-06
                                 global = -2.651069881638419e-07
                             cumulative = 0.0499449673161943
omega initRes: 3.572543518768156e-07 finalRes: 1.923794407664874e-08 nIters: 3
k initRes: 9.817867442421581e-06 finalRes: 5.808347094278024e-07 nIters: 4
UFieldVar: 0.0136818027693603 final: 0.0136818027693603
yPlus min: 0.7564490019426923 max: 6.795909956274412 mean: 2.681376870061212
ExecutionTime = 4.42 s  ClockTime = 4 s

Time = 900

U0 initRes: 1.864109965352969e-06 finalRes: 1.705900654637955e-07 nIters: 3
U1 initRes: 1.818133302331279e-05 finalRes: 1.72657114649859e-06 nIters: 2
U2 initRes: 4.005104928289955e-06 finalRes: 2.452102475857495e-07 nIters: 2
p initRes: 9.007874060951669e-06 finalRes: 7.723533880856781e-07 nIters: 7
Time step continuity errors : sum local = 5.616370736918339e-07
                                 global = -1.289052753171632e-07
                             cumulative = 0.04994483841091898
omega initRes: 1.58356558358844e-07 finalRes: 9.341997365766744e-09 nIters: 3
k initRes: 4.651383282693102e-06 finalRes: 2.507202779236629e-07 nIters: 4
UFieldVar: 0.01375494278930599 final: 0.01375494278930599
yPlus min: 0.7516557600145389 max: 6.79590996777808 mean: 2.683141971911376
ExecutionTime = 4.9 s  ClockTime = 4 s

Time = 1000

U0 initRes: 1.120979034095567e-06 finalRes: 8.316853361360395e-08 nIters: 3
U1 initRes: 1.049265101819155e-05 finalRes: 9.326339793573502e-07 nIters: 2
U2 initRes: 3.117098459629974e-06 finalRes: 1.969343898018505e-07 nIters: 2
p initRes: 7.771536827813434e-06 finalRes: 5.903541116537828e-07 nIters: 7
Time step continuity errors : sum local = 4.278884516274718e-07
                                 global = -5.679561113763023e-08
                             cumulative = 0.04994478161530785
omega initRes: 8.511666178261988e-08 finalRes: 4.384218239496553e-09 nIters: 3
k initRes: 2.779626439995111e-06 finalRes: 2.622314418544606e-07 nIters: 3
UFieldVar: 0.013782782032711 final: 0.013782782032711
yPlus min: 0.750319469401702 max: 6.795909964408237 mean: 2.685835086917442
ExecutionTime = 5.38 s  ClockTime = 5 s

Time = 1100

U0 initRes: 5.391935585500954e-07 finalRes: 3.604178075364652e-08 nIters: 3
U1 initRes: 5.050552393216618e-06 finalRes: 4.515812962974354e-07 nIters: 2
U2 initRes: 1.629602396961927e-06 finalRes: 1.062654545932806e-07 nIters: 2
p initRes: 4.517684541592866e-06 finalRes: 4.463209730031168e-07 nIters: 5
Time step continuity errors : sum local = 3.229552983803407e-07
                                 global = -4.76103879397506e-08
                             cumulative = 0.04994473400491991
omega initRes: 4.002648702433484e-08 finalRes: 3.999779706258515e-09 nIters: 2
k initRes: 1.301686059562596e-06 finalRes: 1.112633081398963e-07 nIters: 3
UFieldVar: 0.01379673616939178 final: 0.01379673616939178
yPlus min: 0.7502701592173776 max: 6.795909958950134 mean: 2.68739364677838
ExecutionTime = 5.85 s  ClockTime = 5 s

Time = 1200

U0 initRes: 2.344387351659997e-07 finalRes: 1.504493903301653e-08 nIters: 3
U1 initRes: 2.197353088363803e-06 finalRes: 1.945494143329504e-07 nIters: 2
U2 initRes: 7.23306112809256e-07 finalRes: 4.787638440510769e-08 nIters: 2
p initRes: 2.063615800862964e-06 finalRes: 2.014851750183585e-07 nIters: 5
Time step continuity errors : sum local = 1.456856947230343e-07
                                 global = -2.023929287297074e-08
                             cumulative = 0.04994471376562704
omega initRes: 1.785298212333802e-08 finalRes: 1.781718799837806e-09 nIters: 2
k initRes: 5.503829606497841e-07 finalRes: 4.380615089555605e-08 nIters: 3
UFieldVar: 0.01380338479295979 final: 0.01380338479295979
yPlus min: 0.7503787509990287 max: 6.795909956041472 mean: 2.688091396199841
ExecutionTime = 6.31 s  ClockTime = 6 s

Time = 1300

U0 initRes: 9.924892055776719e-08 finalRes: 6.279155353629252e-09 nIters: 3
U1 initRes: 9.356451151677665e-07 finalRes: 8.20970177915098e-08 nIters: 2
U2 initRes: 3.054672027300045e-07 finalRes: 2.013020607485265e-08 nIters: 2
p initRes: 8.793562762641612e-07 finalRes: 8.686822741711833e-08 nIters: 5
Time step continuity errors : sum local = 6.279108965577132e-08
                                 global = -8.827911372365129e-09
                             cumulative = 0.04994470493771566
omega initRes: 7.412909527895578e-09 finalRes: 7.372544816033864e-10 nIters: 2
k initRes: 2.262224383752979e-07 finalRes: 1.712551948556842e-08 nIters: 3
UFieldVar: 0.01380637910439846 final: 0.01380637910439846
yPlus min: 0.7504403425516352 max: 6.795909954684819 mean: 2.688374945010539
ExecutionTime = 6.77 s  ClockTime = 6 s

Time = 1400

U0 initRes: 4.159356362284431e-08 finalRes: 2.630008438947201e-09 nIters: 3
U1 initRes: 3.932022027733537e-07 finalRes: 3.432730242238932e-08 nIters: 2
U2 initRes: 1.272491133545565e-07 finalRes: 8.350479539959224e-09 nIters: 2
p initRes: 3.652118558126753e-07 finalRes: 3.649380440793607e-08 nIters: 5
Time step continuity errors : sum local = 2.637536637852974e-08
                                 global = -3.709285459832491e-09
                             cumulative = 0.0499447012284302
omega initRes: 3.1616156278919e-09 finalRes: 3.144983184457911e-10 nIters: 2
k initRes: 9.441392310457977e-08 finalRes: 6.985456013140008e-09 nIters: 3
UFieldVar: 0.0138076807788095 final: 0.0138076807788095
yPlus min: 0.7504651327522747 max: 6.795909954112688 mean: 2.688489155445652
ExecutionTime = 7.23 s  ClockTime = 7 s

Time = 1500

U0 initRes: 1.746848714819607e-08 finalRes: 1.105552930801085e-09 nIters: 3
U1 initRes: 1.656269462821744e-07 finalRes: 1.443661897127597e-08 nIters: 2
U2 initRes: 5.335443210937737e-08 finalRes: 3.490365352318309e-09 nIters: 2
p initRes: 1.525980880313101e-07 finalRes: 1.518061964088237e-08 nIters: 5
Time step continuity errors : sum local = 1.097095894505276e-08
                                 global = -1.550681914887608e-09
                             cumulative = 0.04994469967774828
omega initRes: 1.331923077251909e-09 finalRes: 1.33091109282117e-10 nIters: 2
k initRes: 3.959289762806159e-08 finalRes: 2.904638770241903e-09 nIters: 3
UFieldVar: 0.01380823473129354 final: 0.01380823473129354
yPlus min: 0.7504746452507312 max: 6.795909953873854 mean: 2.688536005537867
ExecutionTime = 7.69 s  ClockTime = 7 s

Time = 1600

U0 initRes: 7.356751231137734e-09 finalRes: 4.661643907071739e-10 nIters: 3
U1 initRes: 6.985966976515481e-08 finalRes: 6.083214638781265e-09 nIters: 2
U2 initRes: 2.255068030354982e-08 finalRes: 1.466134912488518e-09 nIters: 2
p initRes: 6.404238106228557e-08 finalRes: 6.388606884601008e-09 nIters: 5
Time step continuity errors : sum local = 4.616907926080252e-09
                                 global = -6.555387615533061e-10
                             cumulative = 0.04994469902220952
omega initRes: 5.604776043014785e-10 finalRes: 5.59876282766356e-11 nIters: 2
k initRes: 1.664363862347446e-08 finalRes: 1.216952348302985e-09 nIters: 3
UFieldVar: 0.01380846914386768 final: 0.01380846914386768
yPlus min: 0.7504784309584278 max: 6.795909953773825 mean: 2.688555506384121
ExecutionTime = 8.15 s  ClockTime = 8 s

Time = 1700

U0 initRes: 3.099664724076832e-09 finalRes: 1.970449483093073e-10 nIters: 3
U1 initRes: 2.930010277280916e-08 finalRes: 2.537879150820989e-09 nIters: 2
U2 initRes: 9.604605958285671e-09 finalRes: 6.1964032328986e-10 nIters: 2
p initRes: 2.699583395780534e-08 finalRes: 2.645147751775886e-09 nIters: 6
Time step continuity errors : sum local = 1.911569620622064e-09
                                 global = 5.356231307201303e-12
                             cumulative = 0.04994469902756575
omega initRes: 2.353233538998922e-10 finalRes: 2.346394255996024e-11 nIters: 2
k initRes: 7.000341665089785e-09 finalRes: 5.110627920060753e-10 nIters: 3
UFieldVar: 0.01380856822718281 final: 0.01380856822718281
yPlus min: 0.7504799804475842 max: 6.795909953732521 mean: 2.688563693697059
ExecutionTime = 8.619999999999999 s  ClockTime = 8 s

Time = 1800

U0 initRes: 1.310162113362098e-09 finalRes: 8.314772132872127e-11 nIters: 3
U1 initRes: 1.241025849845693e-08 finalRes: 1.07738597702372e-09 nIters: 2
U2 initRes: 4.181089023138142e-09 finalRes: 2.613115888729475e-10 nIters: 2
p initRes: 1.13924643418318e-08 finalRes: 1.091282658173541e-09 nIters: 5
Time step continuity errors : sum local = 7.886356472802622e-10
                                 global = -1.165600763580637e-10
                             cumulative = 0.04994469891100568
omega initRes: 9.960149751952672e-11 finalRes: 9.933672652773795e-12 nIters: 2
k initRes: 2.960910218432195e-09 finalRes: 2.164576209961553e-10 nIters: 3
UFieldVar: 0.01380861009144047 final: 0.01380861009144047
yPlus min: 0.7504806243287814 max: 6.795909953714649 mean: 2.688567144329265
ExecutionTime = 9.08 s  ClockTime = 9 s

Time = 1815
Minimal residual 9.968112904240348e-09 satisfied the prescribed tolerance 1e-08

UFieldVar: 0.01380861380355175 final: 0.01380861380355175
End

Printing Primal Residual Statistics.
U Residual Norm2: (0.0005669724069130773 8.511750577695194e-05 2.603692233628832e-11)
U Residual Mean: (3.497664375517566e-06 5.198503809112445e-07 1.132120123313969e-13)
U Residual Max: (6.62808365978762e-05 9.534200015925975e-06 3.90758871167949e-12)
p Residual Norm2: 1.689309090015202e-05
p Residual Mean: 3.654810487116798e-08
p Residual Max: 6.104114128202809e-06
omega Residual Norm2: 0.06778660909442892
omega Residual Mean: 0.000233354889863657
omega Residual Max: 0.01456905900168659
k Residual Norm2: 3.12784657932435e-05
k Residual Mean: 2.357344957112704e-07
k Residual Max: 3.270567087608593e-06
phi Residual Norm2: 5.755917935383536e-07
phi Residual Mean: 1.397273998277945e-09
phi Residual Max: 3.702078515542456e-08
Total Residual Norm2: 0.06778904291455333
 
 
TIMING primal_wall_s: 8.455
OBJ UFieldVar: 1.3808613803551745e-02
Finalising parallel run
Finalising parallel run
