WARNING 7: VSPAERO Viewer Not Found. 
	Expected here: /home/dafoamuser/dafoam/packages/miniconda3/lib/python3.10/site-packages/openvsp/vspviewer
WARNING 7: VSPAERO Viewer Not Found. 
	Expected here: /home/dafoamuser/dafoam/packages/miniconda3/lib/python3.10/site-packages/openvsp/vspviewer
WARNING 7: VSPAERO Viewer Not Found. 
	Expected here: /home/dafoamuser/dafoam/packages/miniconda3/lib/python3.10/site-packages/openvsp/vspviewer
WARNING 7: VSPAERO Viewer Not Found. 
	Expected here: /home/dafoamuser/dafoam/packages/miniconda3/lib/python3.10/site-packages/openvsp/vspviewer
 
-------------------------------------------------------------------------------
|                               DAFoam v5.0.0                                 |
-------------------------------------------------------------------------------
 
/*---------------------------------------------------------------------------*\
| =========                 |                                                 |
| \\      /  F ield         | OpenFOAM: The Open Source CFD Toolbox           |
|  \\    /   O peration     | Version:  2506                                  |
|   \\  /    A nd           | Website:  www.openfoam.com                      |
|    \\/     M anipulation  |                                                 |
\*---------------------------------------------------------------------------*/
Build  : _615aae61d7-20250627 OPENFOAM=2506 version=v2506
Arch   : "LSB;label=32;scalar=64"
Exec   : decomposePar
Date   : Jul 31 2026
Time   : 10:31:24
Host   : ip-172-31-43-247
PID    : 891
--> FOAM Warning : 
    From Foam::fileName Foam::cwd_L()
    in file POSIX.C at line 554
    PWD is not the cwd() - reverting to physical description
I/O    : uncollated
--> FOAM Warning : 
    From Foam::fileName Foam::cwd_L()
    in file POSIX.C at line 554
    PWD is not the cwd() - reverting to physical description
Case   : /home/dafoamuser/mount/ramp_kw/c1
nProcs : 1
trapFpe: Floating point exception trapping enabled (FOAM_SIGFPE).
fileModificationChecking : Monitoring run-time modified files using timeStampMaster (fileModificationSkew 5, maxFileModificationPolls 20)
allowSystemOperations : Allowing user-supplied system call operations

// * * * * * * * * * * * * * * * * * * * * * * * * * * * * * * * * * * * * * //
Create time

Overriding DebugSwitches according to controlDict
    SolverPerformance 0;



Decomposing mesh

Create mesh

Calculating distribution of cells
Decomposition method scotch [4] (region region0)

Finished decomposition in 0.01 s

Calculating original mesh data

Distributing cells to processors

Distributing faces to processors

Distributing points to processors

Constructing processor meshes
Overriding DebugSwitches according to controlDict
    SolverPerformance 0;


Processor 0
    Number of cells = 1250
    Number of points = 2652
    Number of faces shared with processor 1 = 50
    Number of processor patches = 1
    Number of processor faces = 50
    Number of boundary faces = 2600
Overriding DebugSwitches according to controlDict
    SolverPerformance 0;


Processor 1
    Number of cells = 1250
    Number of points = 2652
    Number of faces shared with processor 0 = 50
    Number of faces shared with processor 3 = 50
    Number of processor patches = 2
    Number of processor faces = 100
    Number of boundary faces = 2550
Overriding DebugSwitches according to controlDict
    SolverPerformance 0;


Processor 2
    Number of cells = 1250
    Number of points = 2652
    Number of faces shared with processor 3 = 50
    Number of processor patches = 1
    Number of processor faces = 50
    Number of boundary faces = 2600
Overriding DebugSwitches according to controlDict
    SolverPerformance 0;


Processor 3
    Number of cells = 1250
    Number of points = 2652
    Number of faces shared with processor 1 = 50
    Number of faces shared with processor 2 = 50
    Number of processor patches = 2
    Number of processor faces = 100
    Number of boundary faces = 2550

Number of processor faces = 150
Max number of cells = 1250 (0% above average 1250)
Max number of processor patches = 2 (33.33333333333334% above average 1.5)
Max number of faces between processors = 100 (33.33333333333334% above average 75)

Time = 0

Processor 0: field transfer
Overriding DebugSwitches according to controlDict
    SolverPerformance 0;

Processor 1: field transfer
Overriding DebugSwitches according to controlDict
    SolverPerformance 0;

Processor 2: field transfer
Overriding DebugSwitches according to controlDict
    SolverPerformance 0;

Processor 3: field transfer
Overriding DebugSwitches according to controlDict
    SolverPerformance 0;


End

I/O    : uncollated
--> FOAM Warning : 
    From Foam::fileName Foam::cwd_L()
    in file POSIX.C at line 554
    PWD is not the cwd() - reverting to physical description
Case   : /home/dafoamuser/mount/ramp_kw/c1
nProcs : 4
Hosts  :
(
    (ip-172-31-43-247 4)
)
Pstream initialized with:
    node communication : off [type=host] (4 ranks, 1 nodes)
    topology controls  : none
    consensus exchange : 0 (tuning: 0)
    exchange algorithm : 0
    commsType          : nonBlocking
    polling iterations : 0
Initializing mesh and runtime for DASolver
Create time

Overriding DebugSwitches according to controlDict
    SolverPerformance 0;

Create mesh for time = 0
Replacing wallDist.method meshWave -> meshWaveFrozen
DAOption created. DASolver initialized.
[2] UPstream::init : could not attach buffer
[0] UPstream::init : could not attach buffer
[3] UPstream::init : could not attach buffer
[1] UPstream::init : could not attach buffer
I/O    : uncollated
--> FOAM Warning : 
    From Foam::fileName Foam::cwd_L()
    in file POSIX.C at line 554
    PWD is not the cwd() - reverting to physical description
Case   : /home/dafoamuser/mount/ramp_kw/c1
nProcs : 4
Hosts  :
(
    (ip-172-31-43-247 4)
)
Pstream initialized with:
    node communication : off [type=host] (4 ranks, 1 nodes)
    topology controls  : none
    consensus exchange : 0 (tuning: 0)
    exchange algorithm : 0
    commsType          : nonBlocking
    polling iterations : 0
Initializing mesh and runtime for DASolver
Create time

Overriding DebugSwitches according to controlDict
    SolverPerformance 0;

Create mesh for time = 0
Replacing wallDist.method meshWave -> meshWaveFrozen
DAOption created. DASolver initialized.
Initializing fields for DASimpleFoam
Create simpleControl.

SIMPLE: no convergence criteria found. Calculations will run for 5000 steps.

Reading field p

Reading field U

Reading/calculating face flux field phi

Creating source term. 
Selecting incompressible transport model Newtonian
Selecting turbulence model type RAS
Selecting RAS turbulence model kOmegaSST
Selecting patchDistMethod meshWaveFrozen
No MRF models present

Turbulence model is incompressible
Adjoint States: 
5
(
U volVectorState
k modelState
phi surfaceScalarState
p volScalarState
omega modelState
)
Global Cells: 5000
Global Faces: 20300
Global Xv: 31824
Undecomposed points: 10302
Global Adjoint States: 50300

SIMPLE: no convergence criteria found. Calculations will run for 5000 steps.

DACheckMesh Thresholds: 
maxNonOrth: 70
maxSkewness: 4
maxAspectRatio: 1000
maxIncorrectlyOrientedFaces: 0
    Adding cells with centre within boxes 1((-10 -10 -10) (10 10 10))
Find 10000 reference points for variance of U
Initializing fields for DASimpleFoam
Create simpleControl.

SIMPLE: no convergence criteria found. Calculations will run for 5000 steps.

Reading field p

Reading field U

Reading/calculating face flux field phi

Creating source term. 
Selecting incompressible transport model Newtonian
Selecting turbulence model type RAS
Selecting RAS turbulence model kOmegaSST
Selecting patchDistMethod meshWaveFrozen
No MRF models present

Turbulence model is incompressible
Adjoint States: 
5
(
U volVectorState
k modelState
phi surfaceScalarState
p volScalarState
omega modelState
)
Global Cells: 5000
Global Faces: 20300
Global Xv: 31824
Undecomposed points: 10302
Global Adjoint States: 50300

SIMPLE: no convergence criteria found. Calculations will run for 5000 steps.

DACheckMesh Thresholds: 
maxNonOrth: 70
maxSkewness: 4
maxAspectRatio: 1000
maxIncorrectlyOrientedFaces: 0
    Adding cells with centre within boxes 1((-10 -10 -10) (10 10 10))
Find 10000 reference points for variance of U
Init solver done! ElapsedClockTime 0.000000 s
Init solver done! ElapsedCpuTime 0.270000 s
initState: 
7
(
k 0.01500000000000026
phi 0
U1 0
U2 0
p 0
omega 30
U0 4.999999999999893
)
Setting up primal boundary conditions based on pyOptions: 
Setting primal boundary conditions...
Setting U = (10 0 0) at inlet
Setting nut wall BC for bot. BCType=nutkWallFunction
Setting k wall BC for bot. BCType=kqRWallFunction
Setting omega wall BC for bot. BCType=omegaWallFunction
Reading OpenFOAM mesh information...
I/O    : uncollated
--> FOAM Warning : 
    From Foam::fileName Foam::cwd_L()
    in file POSIX.C at line 554
    PWD is not the cwd() - reverting to physical description
Case   : /home/dafoamuser/mount/ramp_kw/c1
nProcs : 4
Hosts  :
(
    (ip-172-31-43-247 4)
)
Pstream initialized with:
    node communication : off [type=host] (4 ranks, 1 nodes)
    topology controls  : none
    consensus exchange : 0 (tuning: 0)
    exchange algorithm : 0
    commsType          : nonBlocking
    polling iterations : 0
Reading the OpenFOAM mesh..
Overriding DebugSwitches according to controlDict
    SolverPerformance 0;

Checking if we need to compress the mesh files
Checking if we need to compress the mesh files
Finalising parallel run
DAFoam option dictionary: 
{
    solverName      DASimpleFoam;
    primalMinResTol 1e-08;
    primalFuncStdTol
    {
        stdTol          -1;
        slopeTol        -1;
        funcNames       1 ( CD );
        nStepsFrac      0.2;
    }
    primalBC
    {
        U0
        {
            variable        U;
            patches         1 ( inlet );
            value           3 ( 10 0 0 );
        }
        useWallFunction 1;
    }
    primalInitCondition
    {
    }
    normalizeStates
    {
        U               10;
        p               50;
        nuTilda         0.001;
        phi             1;
    }
    function
    {
        UFieldVar
        {
            type            variance;
            source          boxToCell;
            min             3 { -10 };
            max             3 { 10 };
            scale           0.1;
            mode            field;
            varName         U;
            varType         vector;
            indices         2 ( 0 1 );
            timeDependentRefData 0;
        }
    }
    inputInfo
    {
        beta
        {
            type            field;
            fieldName       betaFIOmega;
            fieldType       scalar;
            distributed     0;
            components      2 ( solver function );
        }
    }
    outputInfo
    {
    }
    designSurfaces  1 ( ALL_OPENFOAM_WALL_PATCHES );
    fvSource
    {
    }
    prepareCaseOnly 0;
    adjEqnSolMethod Krylov;
    dynamicMesh
    {
        active          0;
        mode            rotation;
        center          3 ( 0.25 0 0 );
        axis            z;
        omega           0.1;
        s               2;
        t0              0.35;
    }
    primalVarBounds
    {
        UMax            1000;
        UMin            -1000;
        pMax            50000;
        pMin            -50000;
        p_rghMax        50000;
        p_rghMin        -50000;
        eMax            55000;
        eMin            -220000;
        TMax            1000;
        TMin            100;
        hMax            200000;
        hMin            -200000;
        DMax            1e+16;
        DMin            -1e+16;
        rhoMax          5;
        rhoMin          0.2;
        nuTildaMax      1e+16;
        nuTildaMin      1e-16;
        kMax            1e+16;
        kMin            1e-16;
        omegaMax        1e+16;
        omegaMin        -1e+16;
        epsilonMax      1e+16;
        epsilonMin      1e-16;
        ReThetatMax     1e+16;
        ReThetatMin     1e-16;
        gammaIntMax     1e+16;
        gammaIntMin     1e-16;
    }
    discipline      aero;
    adjPartDerivFDStep
    {
        State           1e-06;
    }
    transonicPCOption -1;
    unsteadyAdjoint
    {
        mode            None;
        PCMatPrecomputeInterval 100;
        PCMatUpdateInterval 1;
        reduceIO        1;
        additionalOutput 1 ( None );
        additionalOldTime 1 ( None );
        readZeroFields  1;
    }
    adjPCLag        10000;
    useAD
    {
        mode            reverse;
        dvName          None;
        seedIndex       -9999;
    }
    useConstrainHbyA 1;
    forceMeshWaveFrozen 1;
    useDdtCorr      0;
    regressionModel
    {
        active          0;
    }
    useMeanStates   0;
    solveLinearFunctionName None;
    printDAOptions  1;
    debug           0;
    writeJacobians  1 ( None );
    printInterval   100;
    printIntervalUnsteady 1;
    primalMinResTolDiff 1000;
    adjUseColoring  1;
    adjEqnOption
    {
        globalPCIters   0;
        asmOverlap      1;
        localPCIters    1;
        jacMatReOrdering natural;
        pcFillLevel     1;
        gmresMaxIters   1000;
        gmresRestart    1000;
        gmresRelTol     1e-06;
        gmresAbsTol     1e-14;
        gmresTolDiff    100;
        useNonZeroInitGuess 0;
        useMGSO         0;
        printInfo       1;
        fpMaxIters      1000;
        fpRelTol        1e-06;
        fpMinResTolDiff 100;
        fpPCUpwind      0;
        dynAdjustTol    0;
        KSPCalcEigen    0;
        KSPCalcSingularVal 0;
        readPCMat       0;
    }
    normalizeResiduals 11 ( URes pRes p_rghRes nuTildaRes phiRes TRes DRes kRes omegaRes epsilonRes alpha.waterRes );
    maxResConLv4JacPCMat
    {
        pRes            2;
        phiRes          1;
        URes            2;
        TRes            2;
        nuTildaRes      2;
        kRes            2;
        epsilonRes      2;
        omegaRes        2;
        p_rghRes        2;
        DRes            2;
        gammaIntRes     2;
        ReThetatRes     2;
        alpha.waterRes  2;
    }
    jacLowerBounds
    {
        dRdW            1e-30;
        dRdWPC          1e-30;
    }
    maxTractionBCIters 100;
    decomposeParDict
    {
        method          scotch;
        simpleCoeffs
        {
            n               3 ( 2 2 1 );
            delta           0.001;
        }
        kahipCoeffs
        {
            config          fast;
            imbalance       0.01;
        }
        preservePatches 1 ( None );
        singleProcessorFaceSets 1 ( None );
        args            1 ( None );
    }
    adjStateOrdering cell;
    checkMeshThreshold
    {
        maxAspectRatio  1000;
        maxNonOrth      70;
        maxSkewness     4;
        maxIncorrectlyOrientedFaces 0;
    }
    writeDeformedFFDs 0;
    writeDeformedConstraints 0;
    writeAdjointFields 0;
    maxCorrectBCCalls 2;
    writeMinorIterations 0;
    primalMinIters  1;
    tensorflow
    {
        active          0;
    }
    wallDistanceMethod default;
    unsteadyCompOutput
    {
    }
}

pyDAFoam initialization done!
dRdWT Jacobian Free created!
I/O    : uncollated
/home/dafoamuser/dafoam/packages/miniconda3/lib/python3.10/site-packages/openmdao/core/component.py:140: OMDeprecationWarning:'scenario1.coupling.solver' <class DAFoamSolver>: It appears this component mixes distributed/non-distributed inputs and outputs, so it may break starting with OpenMDAO 3.25, where the convention used when passing data between distributed and non-distributed inputs and outputs within a matrix free component will change. See https://github.com/OpenMDAO/POEMs/blob/master/POEM_075.md for details.
/home/dafoamuser/dafoam/packages/miniconda3/lib/python3.10/site-packages/openmdao/core/component.py:140: OMDeprecationWarning:'scenario1.coupling.solver' <class DAFoamSolver>: It appears this component mixes distributed/non-distributed inputs and outputs, so it may break starting with OpenMDAO 3.25, where the convention used when passing data between distributed and non-distributed inputs and outputs within a matrix free component will change. See https://github.com/OpenMDAO/POEMs/blob/master/POEM_075.md for details.
/home/dafoamuser/dafoam/packages/miniconda3/lib/python3.10/site-packages/openmdao/core/component.py:140: OMDeprecationWarning:'scenario1.coupling.solver' <class DAFoamSolver>: It appears this component mixes distributed/non-distributed inputs and outputs, so it may break starting with OpenMDAO 3.25, where the convention used when passing data between distributed and non-distributed inputs and outputs within a matrix free component will change. See https://github.com/OpenMDAO/POEMs/blob/master/POEM_075.md for details.
/home/dafoamuser/dafoam/packages/miniconda3/lib/python3.10/site-packages/openmdao/core/component.py:140: OMDeprecationWarning:'scenario1.coupling.solver' <class DAFoamSolver>: It appears this component mixes distributed/non-distributed inputs and outputs, so it may break starting with OpenMDAO 3.25, where the convention used when passing data between distributed and non-distributed inputs and outputs within a matrix free component will change. See https://github.com/OpenMDAO/POEMs/blob/master/POEM_075.md for details.
/home/dafoamuser/dafoam/packages/miniconda3/lib/python3.10/site-packages/openmdao/core/component.py:140: OMDeprecationWarning:'scenario1.aero_post.functionals' <class DAFoamFunctions>: It appears this component mixes distributed/non-distributed inputs and outputs, so it may break starting with OpenMDAO 3.25, where the convention used when passing data between distributed and non-distributed inputs and outputs within a matrix free component will change. See https://github.com/OpenMDAO/POEMs/blob/master/POEM_075.md for details.
/home/dafoamuser/dafoam/packages/miniconda3/lib/python3.10/site-packages/openmdao/core/component.py:140: OMDeprecationWarning:'scenario1.aero_post.functionals' <class DAFoamFunctions>: It appears this component mixes distributed/non-distributed inputs and outputs, so it may break starting with OpenMDAO 3.25, where the convention used when passing data between distributed and non-distributed inputs and outputs within a matrix free component will change. See https://github.com/OpenMDAO/POEMs/blob/master/POEM_075.md for details.
/home/dafoamuser/dafoam/packages/miniconda3/lib/python3.10/site-packages/openmdao/core/component.py:140: OMDeprecationWarning:'scenario1.aero_post.functionals' <class DAFoamFunctions>: It appears this component mixes distributed/non-distributed inputs and outputs, so it may break starting with OpenMDAO 3.25, where the convention used when passing data between distributed and non-distributed inputs and outputs within a matrix free component will change. See https://github.com/OpenMDAO/POEMs/blob/master/POEM_075.md for details.
/home/dafoamuser/dafoam/packages/miniconda3/lib/python3.10/site-packages/openmdao/core/component.py:140: OMDeprecationWarning:'scenario1.aero_post.functionals' <class DAFoamFunctions>: It appears this component mixes distributed/non-distributed inputs and outputs, so it may break starting with OpenMDAO 3.25, where the convention used when passing data between distributed and non-distributed inputs and outputs within a matrix free component will change. See https://github.com/OpenMDAO/POEMs/blob/master/POEM_075.md for details.
Checking mesh quality for time = 0
    Overall domain bounding box (0 -0.5000000000000003 -1.734723475976807e-18) (3 0.5 0.05000000074505812)
    Mesh has 3 geometric (non-empty/wedge) directions (1 1 1)
    Mesh has 3 solution (non-empty) directions (1 1 1)
    Boundary openness (-2.496858518655798e-17 -3.453853160903114e-18 -1.64989464220793e-17) OK.
    Max cell openness = 5.900422408863415e-15 OK.
    Max aspect ratio = 250.9727357179337 OK.
    Minimum face area = 5.608835469031568e-06. Maximum face area = 0.0016261423064255.  Face area magnitudes OK.
    Min volume = 2.804418810632305e-07. Max volume = 5.084633467474263e-05.  Total volume = 0.1187499957319696.  Cell volumes OK.
    Mesh non-orthogonality Max: 46.8117354617747 average: 14.38071650818499
    Non-orthogonality check OK.
    Face pyramids OK.
    Max skewness = 0.1126369503222542 OK.
    Coupled point location match (average 0) OK.

Mesh OK.

Running Primal Solver 001
Previous solution time -1e+10 not found and nothing deleted.
No finite volume options present

Starting time loop

Time = 1

U0 initRes: 0.9999999999999893 finalRes: 0.08323070542206014 nIters: 1
U1 initRes: 1 finalRes: 0.08056053471460327 nIters: 4
U2 initRes: 0.9999999999930469 finalRes: 0.08627460586677578 nIters: 4
p initRes: 1 finalRes: 0.09907812895860202 nIters: 8
Time step continuity errors : sum local = 0.2085931526133491
                                 global = -0.003142096964610287
                             cumulative = -0.003142096964610287
omega initRes: 0.06083099077156359 finalRes: 0.004950264699434197 nIters: 2
k initRes: 0.9999999999995521 finalRes: 0.05096018383026006 nIters: 2
UFieldVar: 1.037059988867985 final: 1.037059988867985
yPlus min: 6.077833140909032 max: 9.665185744865934 mean: 8.166151107076532
ExecutionTime = 0.41 s  ClockTime = 0 s

Time = 100

U0 initRes: 0.05202901754653469 finalRes: 0.00505375316678038 nIters: 3
U1 initRes: 0.08065381446930779 finalRes: 0.007969405516434826 nIters: 3
U2 initRes: 0.08665590643945985 finalRes: 0.007815808165327384 nIters: 3
p initRes: 0.5496510673950976 finalRes: 0.03996186995178128 nIters: 5
Time step continuity errors : sum local = 3.909780087108529
                                 global = 0.04981325875120219
                             cumulative = 0.04667116178659191
omega initRes: 0.1193809837074735 finalRes: 0.006264844997057453 nIters: 1
k initRes: 0.07802268535964349 finalRes: 0.004107468040941918 nIters: 3
UFieldVar: 30.03128211952923 final: 30.03128211952923
yPlus min: 2.88785173127245 max: 51.3297404243983 mean: 18.61491835841089
ExecutionTime = 1.22 s  ClockTime = 1 s

Time = 200

U0 initRes: 0.0106235192279437 finalRes: 0.0005160793175036328 nIters: 3
U1 initRes: 0.01749662154714545 finalRes: 0.0008750953202691562 nIters: 3
U2 initRes: 0.006515193941164879 finalRes: 0.000650967031430179 nIters: 2
p initRes: 0.118644173540374 finalRes: 0.008250208375525 nIters: 4
Time step continuity errors : sum local = 0.04925586508910072
                                 global = 0.001369394346640109
                             cumulative = 0.04804055613323201
omega initRes: 0.001129937903626047 finalRes: 9.31586014743049e-05 nIters: 3
k initRes: 0.007237415703551676 finalRes: 0.0006768900830405508 nIters: 3
UFieldVar: 6.082832113908628 final: 6.082832113908628
yPlus min: 0.6337758845502016 max: 14.65862312960164 mean: 5.941215324660232
ExecutionTime = 1.65 s  ClockTime = 1 s

Time = 300

U0 initRes: 0.006421615963642806 finalRes: 0.0003141467890901257 nIters: 3
U1 initRes: 0.009481790779371627 finalRes: 0.0004039863123399168 nIters: 3
U2 initRes: 0.007571374709384631 finalRes: 0.0005518905004429285 nIters: 2
p initRes: 0.03830117321254214 finalRes: 0.00250697785886569 nIters: 4
Time step continuity errors : sum local = 0.008324960337347125
                                 global = 0.0003248238707083684
                             cumulative = 0.04836538000394038
omega initRes: 0.0006020657207142315 finalRes: 3.754472920072481e-05 nIters: 3
k initRes: 0.008297845514043412 finalRes: 0.000508833046165521 nIters: 4
UFieldVar: 2.577346726193459 final: 2.577346726193459
yPlus min: 1.004862107666205 max: 8.404025763771116 mean: 4.937507083485716
ExecutionTime = 2.08 s  ClockTime = 2 s

Time = 400

U0 initRes: 0.003908278902252765 finalRes: 0.0001538861254841568 nIters: 3
U1 initRes: 0.007614792388354939 finalRes: 0.0007611325110808736 nIters: 2
U2 initRes: 0.005055762614255071 finalRes: 0.0004945987175908852 nIters: 2
p initRes: 0.05166411004540062 finalRes: 0.00512001727866415 nIters: 3
Time step continuity errors : sum local = 0.005098614190804233
                                 global = 3.856673458973679e-05
                             cumulative = 0.04840394673853012
omega initRes: 0.0002200502783865417 finalRes: 1.490932593833544e-05 nIters: 3
k initRes: 0.005504046291903966 finalRes: 0.0003384620932112535 nIters: 4
UFieldVar: 1.44393714585102 final: 1.44393714585102
yPlus min: 0.5860407193522394 max: 6.79600378486959 mean: 3.298163304690008
ExecutionTime = 2.51 s  ClockTime = 2 s

Time = 500

U0 initRes: 0.005178458590562806 finalRes: 0.00023152200638899 nIters: 3
U1 initRes: 0.0120840562563918 finalRes: 0.001187935476402547 nIters: 2
U2 initRes: 0.01153844824852192 finalRes: 0.0006559783793458178 nIters: 3
p initRes: 0.05140648302799594 finalRes: 0.004097714580676795 nIters: 4
Time step continuity errors : sum local = 0.007582996429221781
                                 global = 0.0005615978221799778
                             cumulative = 0.0489655445607101
omega initRes: 0.0002648805062598155 finalRes: 2.22355560421563e-05 nIters: 2
k initRes: 0.006363338431630386 finalRes: 0.000432394230166457 nIters: 4
UFieldVar: 0.9290229219356035 final: 0.9290229219356035
yPlus min: 0.3448596061202698 max: 6.951428273604174 mean: 3.972832898748691
ExecutionTime = 2.95 s  ClockTime = 3 s

Time = 600

U0 initRes: 0.004371060690688185 finalRes: 0.0003135395725014892 nIters: 3
U1 initRes: 0.008664333697511392 finalRes: 0.0004674662543904987 nIters: 3
U2 initRes: 0.007608099817967341 finalRes: 0.00044435763485631 nIters: 3
p initRes: 0.01882921075362988 finalRes: 0.001462816645674695 nIters: 5
Time step continuity errors : sum local = 0.004390229271959444
                                 global = 0.0008858409209451362
                             cumulative = 0.04985138548165524
omega initRes: 0.0001343830702609535 finalRes: 1.327374044032983e-05 nIters: 2
k initRes: 0.02480413946709335 finalRes: 0.002023845424447315 nIters: 3
UFieldVar: 0.3513151656199254 final: 0.3513151656199254
yPlus min: 0.3721745442910179 max: 7.757184379154691 mean: 4.067008664550361
ExecutionTime = 3.39 s  ClockTime = 3 s

Time = 700

U0 initRes: 0.001490345130456265 finalRes: 0.0001125126489401196 nIters: 3
U1 initRes: 0.007893347979635031 finalRes: 0.0005108568882794489 nIters: 3
U2 initRes: 0.007043500075496704 finalRes: 0.0003203030138946025 nIters: 3
p initRes: 0.01677658028784389 finalRes: 0.001548701582801616 nIters: 5
Time step continuity errors : sum local = 0.005126368932437043
                                 global = -0.0002444216122983278
                             cumulative = 0.04960696386935692
omega initRes: 0.0001216488849337047 finalRes: 5.630654016100773e-06 nIters: 3
k initRes: 0.003872173729984281 finalRes: 0.0002108051397951687 nIters: 4
UFieldVar: 0.1955597378039798 final: 0.1955597378039798
yPlus min: 0.4512708266631054 max: 6.925118661124867 mean: 4.121230109805283
ExecutionTime = 3.83 s  ClockTime = 3 s

Time = 800

U0 initRes: 0.0009779691714224424 finalRes: 6.700810618993572e-05 nIters: 3
U1 initRes: 0.01183203929853742 finalRes: 0.0009981251620962963 nIters: 2
U2 initRes: 0.003132659389616466 finalRes: 0.0002742130663965592 nIters: 2
p initRes: 0.03085911137555878 finalRes: 0.002181492455858139 nIters: 5
Time step continuity errors : sum local = 0.001097033055676507
                                 global = 7.215643612995674e-05
                             cumulative = 0.04967912030548687
omega initRes: 5.70329924030266e-05 finalRes: 5.608773574736721e-06 nIters: 2
k initRes: 0.002266497956211814 finalRes: 0.0001423253679578646 nIters: 3
UFieldVar: 0.09210233398395357 final: 0.09210233398395357
yPlus min: 0.3363666358617889 max: 6.795895785082378 mean: 3.611302989297242
ExecutionTime = 4.27 s  ClockTime = 4 s

Time = 900

U0 initRes: 0.0002194994464798157 finalRes: 1.857680597512321e-05 nIters: 3
U1 initRes: 0.004454157515971626 finalRes: 0.0002895205370901797 nIters: 3
U2 initRes: 0.000680520930797422 finalRes: 5.096611115808854e-05 nIters: 3
p initRes: 0.009227682692425519 finalRes: 0.0007899404666683902 nIters: 4
Time step continuity errors : sum local = 0.0006352691598980702
                                 global = -2.152198394763023e-05
                             cumulative = 0.04965759832153924
omega initRes: 2.568548847835075e-05 finalRes: 2.00294594945045e-06 nIters: 3
k initRes: 0.001400647228390004 finalRes: 0.0001037209006865519 nIters: 4
UFieldVar: 0.02897483566423799 final: 0.02897483566423799
yPlus min: 0.1817244155231421 max: 6.795907089688793 mean: 3.073087774551057
ExecutionTime = 4.7 s  ClockTime = 4 s

Time = 1000

U0 initRes: 5.801521782442646e-05 finalRes: 5.008779957160139e-06 nIters: 3
U1 initRes: 0.001355965560440077 finalRes: 0.0001221140457482503 nIters: 3
U2 initRes: 0.0005898893721539164 finalRes: 3.210976135151427e-05 nIters: 3
p initRes: 0.002515441951383826 finalRes: 0.0002424015202090604 nIters: 5
Time step continuity errors : sum local = 0.0001885258696752582
                                 global = -3.264227248428922e-06
                             cumulative = 0.04965433409429081
omega initRes: 8.628767799452197e-06 finalRes: 6.509290866830883e-07 nIters: 3
k initRes: 0.0004796447870292718 finalRes: 2.870172395118154e-05 nIters: 4
UFieldVar: 0.01503859926104678 final: 0.01503859926104678
yPlus min: 0.1690799260257777 max: 6.795908054221113 mean: 2.7154678781526
ExecutionTime = 5.14 s  ClockTime = 5 s

Time = 1100

U0 initRes: 2.39445618461242e-05 finalRes: 1.32373330673349e-06 nIters: 3
U1 initRes: 0.0003153197299717322 finalRes: 2.210768042970362e-05 nIters: 3
U2 initRes: 0.0001489795020918969 finalRes: 8.962466658883051e-06 nIters: 3
p initRes: 0.0005702663457628646 finalRes: 4.534955401178656e-05 nIters: 6
Time step continuity errors : sum local = 3.379701542994585e-05
                                 global = -1.036750317338218e-06
                             cumulative = 0.04965329734397347
omega initRes: 2.690349290746552e-06 finalRes: 1.3280369041153e-07 nIters: 3
k initRes: 0.0001289680818918449 finalRes: 8.173350002825806e-06 nIters: 4
UFieldVar: 0.01285599688073318 final: 0.01285599688073318
yPlus min: 0.6774790049248129 max: 6.795908290144825 mean: 2.742738353764329
ExecutionTime = 5.59 s  ClockTime = 5 s

Time = 1200

U0 initRes: 6.037331843326523e-06 finalRes: 4.140880513386996e-07 nIters: 3
U1 initRes: 8.65779183576571e-05 finalRes: 4.342584301726968e-06 nIters: 3
U2 initRes: 3.747295562505166e-05 finalRes: 2.721101560196477e-06 nIters: 2
p initRes: 0.0001079813940843609 finalRes: 1.064095002500947e-05 nIters: 6
Time step continuity errors : sum local = 7.678185151778713e-06
                                 global = -7.404212585383384e-08
                             cumulative = 0.04965322330184762
omega initRes: 4.771032869178462e-07 finalRes: 2.421705876705403e-08 nIters: 3
k initRes: 4.27253064973045e-05 finalRes: 2.841841935344281e-06 nIters: 4
UFieldVar: 0.01372346606762804 final: 0.01372346606762804
yPlus min: 0.7653068952365271 max: 6.795907797575777 mean: 2.702576370695577
ExecutionTime = 6.06 s  ClockTime = 6 s

Time = 1300

U0 initRes: 1.4737551695762e-06 finalRes: 9.820774542611345e-08 nIters: 3
U1 initRes: 2.447006694694028e-05 finalRes: 1.245228808410717e-06 nIters: 3
U2 initRes: 6.92968057130398e-06 finalRes: 6.08881808921365e-07 nIters: 2
p initRes: 2.809479083909956e-05 finalRes: 2.623078641800928e-06 nIters: 5
Time step continuity errors : sum local = 1.900338674547715e-06
                                 global = -2.691762620640222e-07
                             cumulative = 0.04965295412558555
omega initRes: 1.538415550641328e-07 finalRes: 1.333481463928213e-08 nIters: 2
k initRes: 8.48803178412085e-06 finalRes: 5.713038423619463e-07 nIters: 4
UFieldVar: 0.01377573621311323 final: 0.01377573621311323
yPlus min: 0.7538789458813618 max: 6.795907856455321 mean: 2.690105744811571
ExecutionTime = 6.52 s  ClockTime = 6 s

Time = 1400

U0 initRes: 4.369613714932494e-07 finalRes: 3.905067116235036e-08 nIters: 3
U1 initRes: 6.055591192398222e-06 finalRes: 2.912382860540156e-07 nIters: 3
U2 initRes: 1.124342781805685e-06 finalRes: 1.119651719530912e-07 nIters: 2
p initRes: 5.56993119159477e-06 finalRes: 5.301031044308781e-07 nIters: 5
Time step continuity errors : sum local = 3.835623549983768e-07
                                 global = -6.713710521660885e-08
                             cumulative = 0.04965288698848034
omega initRes: 4.403822278711632e-08 finalRes: 4.382504461382264e-09 nIters: 2
k initRes: 1.213967671447403e-06 finalRes: 6.295275416222844e-08 nIters: 4
UFieldVar: 0.01380182481167358 final: 0.01380182481167358
yPlus min: 0.7512951647303567 max: 6.795907856437482 mean: 2.687753348352493
ExecutionTime = 6.97 s  ClockTime = 7 s

Time = 1500

U0 initRes: 2.180627973480092e-07 finalRes: 1.956052982201413e-08 nIters: 3
U1 initRes: 2.172324451301294e-06 finalRes: 2.0030576444416e-07 nIters: 2
U2 initRes: 5.059082025039111e-07 finalRes: 2.956105494242008e-08 nIters: 2
p initRes: 1.138722983488867e-06 finalRes: 9.192761785662507e-08 nIters: 7
Time step continuity errors : sum local = 6.647058296665285e-08
                                 global = -1.510446842012006e-08
                             cumulative = 0.04965287188401192
omega initRes: 1.825749925851377e-08 finalRes: 1.071669811853475e-09 nIters: 3
k initRes: 5.495134479158972e-07 finalRes: 3.012593332738581e-08 nIters: 4
UFieldVar: 0.01380984423833546 final: 0.01380984423833546
yPlus min: 0.7506187538130246 max: 6.795907857968994 mean: 2.68791159144056
ExecutionTime = 7.45 s  ClockTime = 7 s

Time = 1600

U0 initRes: 1.278998872932953e-07 finalRes: 9.427368018031737e-09 nIters: 3
U1 initRes: 1.194893411800215e-06 finalRes: 1.07678264474029e-07 nIters: 2
U2 initRes: 3.655123064793877e-07 finalRes: 2.35521339008704e-08 nIters: 2
p initRes: 9.220690521693296e-07 finalRes: 6.950137821988512e-08 nIters: 7
Time step continuity errors : sum local = 5.023576432772203e-08
                                 global = -6.4771382651376e-09
                             cumulative = 0.04965286540687366
omega initRes: 9.744081124488415e-09 finalRes: 5.008846222052579e-10 nIters: 3
k initRes: 3.161243770055353e-07 finalRes: 2.994460584183369e-08 nIters: 3
UFieldVar: 0.01381299456957526 final: 0.01381299456957526
yPlus min: 0.7504629211963358 max: 6.795907857535258 mean: 2.688233373278175
ExecutionTime = 7.93 s  ClockTime = 8 s

Time = 1700

U0 initRes: 6.133690679332749e-08 finalRes: 4.074542555057758e-09 nIters: 3
U1 initRes: 5.732573044216027e-07 finalRes: 5.099612419699212e-08 nIters: 2
U2 initRes: 1.856313868213031e-07 finalRes: 1.204551961848706e-08 nIters: 2
p initRes: 5.155555775574738e-07 finalRes: 5.07046378006966e-08 nIters: 5
Time step continuity errors : sum local = 3.664246090639055e-08
                                 global = -5.375944228378595e-09
                             cumulative = 0.04965286003092943
omega initRes: 4.575005933642253e-09 finalRes: 2.172799863050793e-10 nIters: 3
k initRes: 1.481113318523398e-07 finalRes: 1.261904022937055e-08 nIters: 3
UFieldVar: 0.01381463583624572 final: 0.01381463583624572
yPlus min: 0.7504649352537893 max: 6.795907856907108 mean: 2.688411473424611
ExecutionTime = 8.4 s  ClockTime = 8 s

Time = 1800

U0 initRes: 2.659273825108487e-08 finalRes: 1.703276790604004e-09 nIters: 3
U1 initRes: 2.489542950531208e-07 finalRes: 2.203798803109218e-08 nIters: 2
U2 initRes: 8.207949206417212e-08 finalRes: 5.393107039648463e-09 nIters: 2
p initRes: 2.351112195458195e-07 finalRes: 2.231014695863114e-08 nIters: 5
Time step continuity errors : sum local = 1.612140676018643e-08
                                 global = -2.32121005196479e-09
                             cumulative = 0.04965285770971938
omega initRes: 1.98568667448904e-09 finalRes: 1.976801380562484e-10 nIters: 2
k initRes: 6.197165546646897e-08 finalRes: 4.909804157904787e-09 nIters: 3
UFieldVar: 0.01381540223367913 final: 0.01381540223367913
yPlus min: 0.7504779382866528 max: 6.795907856579818 mean: 2.688490248886752
ExecutionTime = 8.859999999999999 s  ClockTime = 9 s

Time = 1900

U0 initRes: 1.124211305668382e-08 finalRes: 7.127639863048525e-10 nIters: 3
U1 initRes: 1.057695740723755e-07 finalRes: 9.26883730973035e-09 nIters: 2
U2 initRes: 3.477729890806718e-08 finalRes: 2.27811345542957e-09 nIters: 2
p initRes: 9.942953915419294e-08 finalRes: 7.329785758935177e-09 nIters: 7
Time step continuity errors : sum local = 5.296345475180768e-09
                                 global = -5.461186524270954e-10
                             cumulative = 0.04965285716360072
omega initRes: 8.522982737996188e-10 finalRes: 8.485319544970522e-11 nIters: 2
k initRes: 2.573273780683992e-08 finalRes: 1.949519887894953e-09 nIters: 3
UFieldVar: 0.01381574279636526 final: 0.01381574279636526
yPlus min: 0.7504848109980164 max: 6.795907856422816 mean: 2.688522314392805
ExecutionTime = 9.32 s  ClockTime = 9 s

Time = 2000

U0 initRes: 4.72152274177841e-09 finalRes: 2.984875770100204e-10 nIters: 3
U1 initRes: 4.451688690025065e-08 finalRes: 3.87477996020301e-09 nIters: 2
U2 initRes: 1.464988162344991e-08 finalRes: 9.499823597954401e-10 nIters: 2
p initRes: 4.161162541762785e-08 finalRes: 4.000381143048467e-09 nIters: 5
Time step continuity errors : sum local = 2.890545057151337e-09
                                 global = -4.180422227784968e-10
                             cumulative = 0.0496528567455585
omega initRes: 3.530098991740535e-10 finalRes: 3.521992984274462e-11 nIters: 2
k initRes: 1.068494272450687e-08 finalRes: 7.901178927565567e-10 nIters: 3
UFieldVar: 0.01381589056854257 final: 0.01381589056854257
yPlus min: 0.7504876070868519 max: 6.7959078563577 mean: 2.688535266052131
ExecutionTime = 9.779999999999999 s  ClockTime = 9 s

Time = 2100

U0 initRes: 1.983364006286703e-09 finalRes: 1.254614838130125e-10 nIters: 3
U1 initRes: 1.875314295592817e-08 finalRes: 1.631557505084082e-09 nIters: 2
U2 initRes: 6.236274609598245e-09 finalRes: 3.972233556251116e-10 nIters: 2
p initRes: 1.738690704773456e-08 finalRes: 1.673193494683497e-09 nIters: 5
Time step continuity errors : sum local = 1.208988019734347e-09
                                 global = -1.739889063773714e-10
                             cumulative = 0.04965285657156959
omega initRes: 1.511727563424473e-10 finalRes: 1.510990969948597e-11 nIters: 2
k initRes: 4.495122724755068e-09 finalRes: 3.299462668803368e-10 nIters: 3
UFieldVar: 0.01381595343125111 final: 0.01381595343125111
yPlus min: 0.7504886851334232 max: 6.795907856329607 mean: 2.68854058557134
ExecutionTime = 10.24 s  ClockTime = 10 s

Time = 2164
Minimal residual 9.924381491594364e-09 satisfied the prescribed tolerance 1e-08

UFieldVar: 0.01381597295510472 final: 0.01381597295510472
End

Printing Primal Residual Statistics.
U Residual Norm2: (0.0005593490578466813 8.474698629303856e-05 2.595881482220787e-11)
U Residual Mean: (3.457718933170037e-06 5.164935211533589e-07 1.128101503581429e-13)
U Residual Max: (6.518499271468414e-05 9.502662413618523e-06 3.882030863789493e-12)
p Residual Norm2: 1.662434877770683e-05
p Residual Mean: 3.601629735524073e-08
p Residual Max: 5.968931490917843e-06
omega Residual Norm2: 0.06713901360668539
omega Residual Mean: 0.0002325593184267654
omega Residual Max: 0.01439162602193174
k Residual Norm2: 3.100916370009521e-05
k Residual Mean: 2.339989416399721e-07
k Residual Max: 3.245621145830731e-06
phi Residual Norm2: 5.695409678022134e-07
phi Residual Mean: 1.382076798901845e-09
phi Residual Max: 3.780924831156392e-08
Total Residual Norm2: 0.06714140629865054
 
 
TIMING primal_wall_s: 9.887
OBJ UFieldVar: 1.3815972955104720e-02
Finalising parallel run
Finalising parallel run
