WARNING 7: VSPAERO Viewer Not Found. 
	Expected here: /home/dafoamuser/dafoam/packages/miniconda3/lib/python3.10/site-packages/openvsp/vspviewer
WARNING 7: VSPAERO Viewer Not Found. 
	Expected here: /home/dafoamuser/dafoam/packages/miniconda3/lib/python3.10/site-packages/openvsp/vspviewer
WARNING 7: VSPAERO Viewer Not Found. 
	Expected here: /home/dafoamuser/dafoam/packages/miniconda3/lib/python3.10/site-packages/openvsp/vspviewer
WARNING 7: VSPAERO Viewer Not Found. 
	Expected here: /home/dafoamuser/dafoam/packages/miniconda3/lib/python3.10/site-packages/openvsp/vspviewer
 
-------------------------------------------------------------------------------
|                               DAFoam v5.0.0                                 |
-------------------------------------------------------------------------------
 
/*---------------------------------------------------------------------------*\
| =========                 |                                                 |
| \\      /  F ield         | OpenFOAM: The Open Source CFD Toolbox           |
|  \\    /   O peration     | Version:  2506                                  |
|   \\  /    A nd           | Website:  www.openfoam.com                      |
|    \\/     M anipulation  |                                                 |
\*---------------------------------------------------------------------------*/
Build  : _615aae61d7-20250627 OPENFOAM=2506 version=v2506
Arch   : "LSB;label=32;scalar=64"
Exec   : decomposePar
Date   : Jul 31 2026
Time   : 10:32:19
Host   : ip-172-31-43-247
PID    : 1531
--> FOAM Warning : 
    From Foam::fileName Foam::cwd_L()
    in file POSIX.C at line 554
    PWD is not the cwd() - reverting to physical description
I/O    : uncollated
--> FOAM Warning : 
    From Foam::fileName Foam::cwd_L()
    in file POSIX.C at line 554
    PWD is not the cwd() - reverting to physical description
Case   : /home/dafoamuser/mount/ramp_kw/c1
nProcs : 1
trapFpe: Floating point exception trapping enabled (FOAM_SIGFPE).
fileModificationChecking : Monitoring run-time modified files using timeStampMaster (fileModificationSkew 5, maxFileModificationPolls 20)
allowSystemOperations : Allowing user-supplied system call operations

// * * * * * * * * * * * * * * * * * * * * * * * * * * * * * * * * * * * * * //
Create time

Overriding DebugSwitches according to controlDict
    SolverPerformance 0;



Decomposing mesh

Create mesh

Calculating distribution of cells
Decomposition method scotch [4] (region region0)

Finished decomposition in 0.01 s

Calculating original mesh data

Distributing cells to processors

Distributing faces to processors

Distributing points to processors

Constructing processor meshes
Overriding DebugSwitches according to controlDict
    SolverPerformance 0;


Processor 0
    Number of cells = 1250
    Number of points = 2652
    Number of faces shared with processor 1 = 50
    Number of processor patches = 1
    Number of processor faces = 50
    Number of boundary faces = 2600
Overriding DebugSwitches according to controlDict
    SolverPerformance 0;


Processor 1
    Number of cells = 1250
    Number of points = 2652
    Number of faces shared with processor 0 = 50
    Number of faces shared with processor 3 = 50
    Number of processor patches = 2
    Number of processor faces = 100
    Number of boundary faces = 2550
Overriding DebugSwitches according to controlDict
    SolverPerformance 0;


Processor 2
    Number of cells = 1250
    Number of points = 2652
    Number of faces shared with processor 3 = 50
    Number of processor patches = 1
    Number of processor faces = 50
    Number of boundary faces = 2600
Overriding DebugSwitches according to controlDict
    SolverPerformance 0;


Processor 3
    Number of cells = 1250
    Number of points = 2652
    Number of faces shared with processor 1 = 50
    Number of faces shared with processor 2 = 50
    Number of processor patches = 2
    Number of processor faces = 100
    Number of boundary faces = 2550

Number of processor faces = 150
Max number of cells = 1250 (0% above average 1250)
Max number of processor patches = 2 (33.33333333333334% above average 1.5)
Max number of faces between processors = 100 (33.33333333333334% above average 75)

Time = 0

Processor 0: field transfer
Overriding DebugSwitches according to controlDict
    SolverPerformance 0;

Processor 1: field transfer
Overriding DebugSwitches according to controlDict
    SolverPerformance 0;

Processor 2: field transfer
Overriding DebugSwitches according to controlDict
    SolverPerformance 0;

Processor 3: field transfer
Overriding DebugSwitches according to controlDict
    SolverPerformance 0;


End

I/O    : uncollated
--> FOAM Warning : 
    From Foam::fileName Foam::cwd_L()
    in file POSIX.C at line 554
    PWD is not the cwd() - reverting to physical description
Case   : /home/dafoamuser/mount/ramp_kw/c1
nProcs : 4
Hosts  :
(
    (ip-172-31-43-247 4)
)
Pstream initialized with:
    node communication : off [type=host] (4 ranks, 1 nodes)
    topology controls  : none
    consensus exchange : 0 (tuning: 0)
    exchange algorithm : 0
    commsType          : nonBlocking
    polling iterations : 0
Initializing mesh and runtime for DASolver
Create time

Overriding DebugSwitches according to controlDict
    SolverPerformance 0;

Create mesh for time = 0
Replacing wallDist.method meshWave -> meshWaveFrozen
DAOption created. DASolver initialized.
[1] UPstream::init : could not attach buffer
[0] UPstream::init : could not attach buffer
[2] UPstream::init : could not attach buffer
[3] UPstream::init : could not attach buffer
I/O    : uncollated
--> FOAM Warning : 
    From Foam::fileName Foam::cwd_L()
    in file POSIX.C at line 554
    PWD is not the cwd() - reverting to physical description
Case   : /home/dafoamuser/mount/ramp_kw/c1
nProcs : 4
Hosts  :
(
    (ip-172-31-43-247 4)
)
Pstream initialized with:
    node communication : off [type=host] (4 ranks, 1 nodes)
    topology controls  : none
    consensus exchange : 0 (tuning: 0)
    exchange algorithm : 0
    commsType          : nonBlocking
    polling iterations : 0
Initializing mesh and runtime for DASolver
Create time

Overriding DebugSwitches according to controlDict
    SolverPerformance 0;

Create mesh for time = 0
Replacing wallDist.method meshWave -> meshWaveFrozen
DAOption created. DASolver initialized.
Initializing fields for DASimpleFoam
Create simpleControl.

SIMPLE: no convergence criteria found. Calculations will run for 5000 steps.

Reading field p

Reading field U

Reading/calculating face flux field phi

Creating source term. 
Selecting incompressible transport model Newtonian
Selecting turbulence model type RAS
Selecting RAS turbulence model kOmegaSST
Selecting patchDistMethod meshWaveFrozen
No MRF models present

Turbulence model is incompressible
Adjoint States: 
5
(
U volVectorState
k modelState
phi surfaceScalarState
p volScalarState
omega modelState
)
Global Cells: 5000
Global Faces: 20300
Global Xv: 31824
Undecomposed points: 10302
Global Adjoint States: 50300

SIMPLE: no convergence criteria found. Calculations will run for 5000 steps.

DACheckMesh Thresholds: 
maxNonOrth: 70
maxSkewness: 4
maxAspectRatio: 1000
maxIncorrectlyOrientedFaces: 0
    Adding cells with centre within boxes 1((-10 -10 -10) (10 10 10))
Find 10000 reference points for variance of U
Initializing fields for DASimpleFoam
Create simpleControl.

SIMPLE: no convergence criteria found. Calculations will run for 5000 steps.

Reading field p

Reading field U

Reading/calculating face flux field phi

Creating source term. 
Selecting incompressible transport model Newtonian
Selecting turbulence model type RAS
Selecting RAS turbulence model kOmegaSST
Selecting patchDistMethod meshWaveFrozen
No MRF models present

Turbulence model is incompressible
Adjoint States: 
5
(
U volVectorState
k modelState
phi surfaceScalarState
p volScalarState
omega modelState
)
Global Cells: 5000
Global Faces: 20300
Global Xv: 31824
Undecomposed points: 10302
Global Adjoint States: 50300

SIMPLE: no convergence criteria found. Calculations will run for 5000 steps.

DACheckMesh Thresholds: 
maxNonOrth: 70
maxSkewness: 4
maxAspectRatio: 1000
maxIncorrectlyOrientedFaces: 0
    Adding cells with centre within boxes 1((-10 -10 -10) (10 10 10))
Find 10000 reference points for variance of U
Init solver done! ElapsedClockTime 0.000000 s
Init solver done! ElapsedCpuTime 0.270000 s
initState: 
7
(
k 0.01500000000000026
phi 0
U1 0
U2 0
p 0
omega 30
U0 4.999999999999893
)
Setting up primal boundary conditions based on pyOptions: 
Setting primal boundary conditions...
Setting U = (10 0 0) at inlet
Setting nut wall BC for bot. BCType=nutkWallFunction
Setting k wall BC for bot. BCType=kqRWallFunction
Setting omega wall BC for bot. BCType=omegaWallFunction
Reading OpenFOAM mesh information...
I/O    : uncollated
--> FOAM Warning : 
    From Foam::fileName Foam::cwd_L()
    in file POSIX.C at line 554
    PWD is not the cwd() - reverting to physical description
Case   : /home/dafoamuser/mount/ramp_kw/c1
nProcs : 4
Hosts  :
(
    (ip-172-31-43-247 4)
)
Pstream initialized with:
    node communication : off [type=host] (4 ranks, 1 nodes)
    topology controls  : none
    consensus exchange : 0 (tuning: 0)
    exchange algorithm : 0
    commsType          : nonBlocking
    polling iterations : 0
Reading the OpenFOAM mesh..
Overriding DebugSwitches according to controlDict
    SolverPerformance 0;

Checking if we need to compress the mesh files
Checking if we need to compress the mesh files
Finalising parallel run
DAFoam option dictionary: 
{
    solverName      DASimpleFoam;
    primalMinResTol 1e-08;
    primalFuncStdTol
    {
        stdTol          -1;
        slopeTol        -1;
        funcNames       1 ( CD );
        nStepsFrac      0.2;
    }
    primalBC
    {
        U0
        {
            variable        U;
            patches         1 ( inlet );
            value           3 ( 10 0 0 );
        }
        useWallFunction 1;
    }
    primalInitCondition
    {
    }
    normalizeStates
    {
        U               10;
        p               50;
        nuTilda         0.001;
        phi             1;
    }
    function
    {
        UFieldVar
        {
            type            variance;
            source          boxToCell;
            min             3 { -10 };
            max             3 { 10 };
            scale           0.1;
            mode            field;
            varName         U;
            varType         vector;
            indices         2 ( 0 1 );
            timeDependentRefData 0;
        }
    }
    inputInfo
    {
        beta
        {
            type            field;
            fieldName       betaFIOmega;
            fieldType       scalar;
            distributed     0;
            components      2 ( solver function );
        }
    }
    outputInfo
    {
    }
    designSurfaces  1 ( ALL_OPENFOAM_WALL_PATCHES );
    fvSource
    {
    }
    prepareCaseOnly 0;
    adjEqnSolMethod Krylov;
    dynamicMesh
    {
        active          0;
        mode            rotation;
        center          3 ( 0.25 0 0 );
        axis            z;
        omega           0.1;
        s               2;
        t0              0.35;
    }
    primalVarBounds
    {
        UMax            1000;
        UMin            -1000;
        pMax            50000;
        pMin            -50000;
        p_rghMax        50000;
        p_rghMin        -50000;
        eMax            55000;
        eMin            -220000;
        TMax            1000;
        TMin            100;
        hMax            200000;
        hMin            -200000;
        DMax            1e+16;
        DMin            -1e+16;
        rhoMax          5;
        rhoMin          0.2;
        nuTildaMax      1e+16;
        nuTildaMin      1e-16;
        kMax            1e+16;
        kMin            1e-16;
        omegaMax        1e+16;
        omegaMin        -1e+16;
        epsilonMax      1e+16;
        epsilonMin      1e-16;
        ReThetatMax     1e+16;
        ReThetatMin     1e-16;
        gammaIntMax     1e+16;
        gammaIntMin     1e-16;
    }
    discipline      aero;
    adjPartDerivFDStep
    {
        State           1e-06;
    }
    transonicPCOption -1;
    unsteadyAdjoint
    {
        mode            None;
        PCMatPrecomputeInterval 100;
        PCMatUpdateInterval 1;
        reduceIO        1;
        additionalOutput 1 ( None );
        additionalOldTime 1 ( None );
        readZeroFields  1;
    }
    adjPCLag        10000;
    useAD
    {
        mode            reverse;
        dvName          None;
        seedIndex       -9999;
    }
    useConstrainHbyA 1;
    forceMeshWaveFrozen 1;
    useDdtCorr      0;
    regressionModel
    {
        active          0;
    }
    useMeanStates   0;
    solveLinearFunctionName None;
    printDAOptions  1;
    debug           0;
    writeJacobians  1 ( None );
    printInterval   100;
    printIntervalUnsteady 1;
    primalMinResTolDiff 1000;
    adjUseColoring  1;
    adjEqnOption
    {
        globalPCIters   0;
        asmOverlap      1;
        localPCIters    1;
        jacMatReOrdering natural;
        pcFillLevel     1;
        gmresMaxIters   1000;
        gmresRestart    1000;
        gmresRelTol     1e-06;
        gmresAbsTol     1e-14;
        gmresTolDiff    100;
        useNonZeroInitGuess 0;
        useMGSO         0;
        printInfo       1;
        fpMaxIters      1000;
        fpRelTol        1e-06;
        fpMinResTolDiff 100;
        fpPCUpwind      0;
        dynAdjustTol    0;
        KSPCalcEigen    0;
        KSPCalcSingularVal 0;
        readPCMat       0;
    }
    normalizeResiduals 11 ( URes pRes p_rghRes nuTildaRes phiRes TRes DRes kRes omegaRes epsilonRes alpha.waterRes );
    maxResConLv4JacPCMat
    {
        pRes            2;
        phiRes          1;
        URes            2;
        TRes            2;
        nuTildaRes      2;
        kRes            2;
        epsilonRes      2;
        omegaRes        2;
        p_rghRes        2;
        DRes            2;
        gammaIntRes     2;
        ReThetatRes     2;
        alpha.waterRes  2;
    }
    jacLowerBounds
    {
        dRdW            1e-30;
        dRdWPC          1e-30;
    }
    maxTractionBCIters 100;
    decomposeParDict
    {
        method          scotch;
        simpleCoeffs
        {
            n               3 ( 2 2 1 );
            delta           0.001;
        }
        kahipCoeffs
        {
            config          fast;
            imbalance       0.01;
        }
        preservePatches 1 ( None );
        singleProcessorFaceSets 1 ( None );
        args            1 ( None );
    }
    adjStateOrdering cell;
    checkMeshThreshold
    {
        maxAspectRatio  1000;
        maxNonOrth      70;
        maxSkewness     4;
        maxIncorrectlyOrientedFaces 0;
    }
    writeDeformedFFDs 0;
    writeDeformedConstraints 0;
    writeAdjointFields 0;
    maxCorrectBCCalls 2;
    writeMinorIterations 0;
    primalMinIters  1;
    tensorflow
    {
        active          0;
    }
    wallDistanceMethod default;
    unsteadyCompOutput
    {
    }
}

pyDAFoam initialization done!
dRdWT Jacobian Free created!
I/O    : uncollated
/home/dafoamuser/dafoam/packages/miniconda3/lib/python3.10/site-packages/openmdao/core/component.py:140: OMDeprecationWarning:'scenario1.coupling.solver' <class DAFoamSolver>: It appears this component mixes distributed/non-distributed inputs and outputs, so it may break starting with OpenMDAO 3.25, where the convention used when passing data between distributed and non-distributed inputs and outputs within a matrix free component will change. See https://github.com/OpenMDAO/POEMs/blob/master/POEM_075.md for details.
/home/dafoamuser/dafoam/packages/miniconda3/lib/python3.10/site-packages/openmdao/core/component.py:140: OMDeprecationWarning:'scenario1.coupling.solver' <class DAFoamSolver>: It appears this component mixes distributed/non-distributed inputs and outputs, so it may break starting with OpenMDAO 3.25, where the convention used when passing data between distributed and non-distributed inputs and outputs within a matrix free component will change. See https://github.com/OpenMDAO/POEMs/blob/master/POEM_075.md for details.
/home/dafoamuser/dafoam/packages/miniconda3/lib/python3.10/site-packages/openmdao/core/component.py:140: OMDeprecationWarning:'scenario1.coupling.solver' <class DAFoamSolver>: It appears this component mixes distributed/non-distributed inputs and outputs, so it may break starting with OpenMDAO 3.25, where the convention used when passing data between distributed and non-distributed inputs and outputs within a matrix free component will change. See https://github.com/OpenMDAO/POEMs/blob/master/POEM_075.md for details.
/home/dafoamuser/dafoam/packages/miniconda3/lib/python3.10/site-packages/openmdao/core/component.py:140: OMDeprecationWarning:'scenario1.coupling.solver' <class DAFoamSolver>: It appears this component mixes distributed/non-distributed inputs and outputs, so it may break starting with OpenMDAO 3.25, where the convention used when passing data between distributed and non-distributed inputs and outputs within a matrix free component will change. See https://github.com/OpenMDAO/POEMs/blob/master/POEM_075.md for details.
/home/dafoamuser/dafoam/packages/miniconda3/lib/python3.10/site-packages/openmdao/core/component.py:140: OMDeprecationWarning:'scenario1.aero_post.functionals' <class DAFoamFunctions>: It appears this component mixes distributed/non-distributed inputs and outputs, so it may break starting with OpenMDAO 3.25, where the convention used when passing data between distributed and non-distributed inputs and outputs within a matrix free component will change. See https://github.com/OpenMDAO/POEMs/blob/master/POEM_075.md for details.
/home/dafoamuser/dafoam/packages/miniconda3/lib/python3.10/site-packages/openmdao/core/component.py:140: OMDeprecationWarning:'scenario1.aero_post.functionals' <class DAFoamFunctions>: It appears this component mixes distributed/non-distributed inputs and outputs, so it may break starting with OpenMDAO 3.25, where the convention used when passing data between distributed and non-distributed inputs and outputs within a matrix free component will change. See https://github.com/OpenMDAO/POEMs/blob/master/POEM_075.md for details.
/home/dafoamuser/dafoam/packages/miniconda3/lib/python3.10/site-packages/openmdao/core/component.py:140: OMDeprecationWarning:'scenario1.aero_post.functionals' <class DAFoamFunctions>: It appears this component mixes distributed/non-distributed inputs and outputs, so it may break starting with OpenMDAO 3.25, where the convention used when passing data between distributed and non-distributed inputs and outputs within a matrix free component will change. See https://github.com/OpenMDAO/POEMs/blob/master/POEM_075.md for details.
/home/dafoamuser/dafoam/packages/miniconda3/lib/python3.10/site-packages/openmdao/core/component.py:140: OMDeprecationWarning:'scenario1.aero_post.functionals' <class DAFoamFunctions>: It appears this component mixes distributed/non-distributed inputs and outputs, so it may break starting with OpenMDAO 3.25, where the convention used when passing data between distributed and non-distributed inputs and outputs within a matrix free component will change. See https://github.com/OpenMDAO/POEMs/blob/master/POEM_075.md for details.
Checking mesh quality for time = 0
    Overall domain bounding box (0 -0.5000000000000003 -1.734723475976807e-18) (3 0.5 0.05000000074505812)
    Mesh has 3 geometric (non-empty/wedge) directions (1 1 1)
    Mesh has 3 solution (non-empty) directions (1 1 1)
    Boundary openness (-2.496858518655798e-17 -3.453853160903114e-18 -1.64989464220793e-17) OK.
    Max cell openness = 5.900422408863415e-15 OK.
    Max aspect ratio = 250.9727357179337 OK.
    Minimum face area = 5.608835469031568e-06. Maximum face area = 0.0016261423064255.  Face area magnitudes OK.
    Min volume = 2.804418810632305e-07. Max volume = 5.084633467474263e-05.  Total volume = 0.1187499957319696.  Cell volumes OK.
    Mesh non-orthogonality Max: 46.8117354617747 average: 14.38071650818499
    Non-orthogonality check OK.
    Face pyramids OK.
    Max skewness = 0.1126369503222542 OK.
    Coupled point location match (average 0) OK.

Mesh OK.

Running Primal Solver 001
Previous solution time -1e+10 not found and nothing deleted.
No finite volume options present

Starting time loop

Time = 1

U0 initRes: 0.9999999999999893 finalRes: 0.08323070542206014 nIters: 1
U1 initRes: 1 finalRes: 0.08056053471460327 nIters: 4
U2 initRes: 0.9999999999930469 finalRes: 0.08627460586677578 nIters: 4
p initRes: 1 finalRes: 0.09907812895860202 nIters: 8
Time step continuity errors : sum local = 0.2085931526133491
                                 global = -0.003142096964610287
                             cumulative = -0.003142096964610287
omega initRes: 0.06083099064081571 finalRes: 0.004950264691026697 nIters: 2
k initRes: 0.9999999999995536 finalRes: 0.05096018381208519 nIters: 2
UFieldVar: 1.037059988867985 final: 1.037059988867985
yPlus min: 6.077833140909032 max: 9.665185744865934 mean: 8.166151107076532
ExecutionTime = 0.41 s  ClockTime = 0 s

Time = 100

U0 initRes: 0.0307809056549235 finalRes: 0.001841855064254378 nIters: 4
U1 initRes: 0.04994545979141052 finalRes: 0.003591262597025798 nIters: 4
U2 initRes: 0.06664782846842751 finalRes: 0.005299456077145385 nIters: 4
p initRes: 0.4971336794641086 finalRes: 0.03423097035780995 nIters: 5
Time step continuity errors : sum local = 1.055554217357376
                                 global = 0.01637867717080949
                             cumulative = 0.0132365802061992
omega initRes: 0.01315788270391736 finalRes: 0.0009097947982238758 nIters: 3
k initRes: 0.05006979826406245 finalRes: 0.003082437303990419 nIters: 4
UFieldVar: 16.64293946359453 final: 16.64293946359453
yPlus min: 0.7659107945141874 max: 30.33524456965261 mean: 11.10357885892854
ExecutionTime = 1.19 s  ClockTime = 1 s

Time = 200

U0 initRes: 0.01204879860082123 finalRes: 0.0006881934857211914 nIters: 3
U1 initRes: 0.01334973145766334 finalRes: 0.0006778796339352815 nIters: 3
U2 initRes: 0.01941491210465857 finalRes: 0.001665916514493585 nIters: 3
p initRes: 0.04178459307879959 finalRes: 0.003686528215306239 nIters: 5
Time step continuity errors : sum local = 0.04019249220083394
                                 global = 0.001672535618939732
                             cumulative = 0.01490911582513894
omega initRes: 0.000940054825739791 finalRes: 6.401028815310451e-05 nIters: 3
k initRes: 0.01330956174052948 finalRes: 0.0008697437954107354 nIters: 4
UFieldVar: 3.513084065863473 final: 3.513084065863473
yPlus min: 0.9136548976978557 max: 12.17490265289616 mean: 4.833120565420235
ExecutionTime = 1.62 s  ClockTime = 1 s

Time = 300

U0 initRes: 0.004991977241493186 finalRes: 0.0003590769221654184 nIters: 3
U1 initRes: 0.01243179393871104 finalRes: 0.0007906255210748505 nIters: 3
U2 initRes: 0.0114043620758427 finalRes: 0.0005631219566377433 nIters: 3
p initRes: 0.04610529174775306 finalRes: 0.003237021598427051 nIters: 4
Time step continuity errors : sum local = 0.0080781225207157
                                 global = 0.0009512424395967137
                             cumulative = 0.01586035826473565
omega initRes: 0.0004003897165515273 finalRes: 2.354159794094414e-05 nIters: 3
k initRes: 0.01539457920725398 finalRes: 0.001072961006897812 nIters: 4
UFieldVar: 0.6636550279331134 final: 0.6636550279331134
yPlus min: 0.3797027041580794 max: 16.31679357294982 mean: 4.369149391103759
ExecutionTime = 2.07 s  ClockTime = 2 s

Time = 400

U0 initRes: 0.003766872550086175 finalRes: 0.0003729142790658007 nIters: 2
U1 initRes: 0.04432487323159133 finalRes: 0.003372660670538544 nIters: 2
U2 initRes: 0.0171895923106565 finalRes: 0.0008254182887029953 nIters: 2
p initRes: 0.09812195726973942 finalRes: 0.008570169058880259 nIters: 4
Time step continuity errors : sum local = 0.009668959038376937
                                 global = -0.0001958439495187677
                             cumulative = 0.01566451431521688
omega initRes: 0.0002004094409954192 finalRes: 1.30769192456994e-05 nIters: 3
k initRes: 0.008857044005531316 finalRes: 0.0006733580676997747 nIters: 3
UFieldVar: 0.08304531821897208 final: 0.08304531821897208
yPlus min: 0.5205921270229322 max: 7.170796144247396 mean: 3.66287280089141
ExecutionTime = 2.5 s  ClockTime = 2 s

Time = 500

U0 initRes: 0.0002883732519792454 finalRes: 1.577321495068003e-05 nIters: 3
U1 initRes: 0.006064209228921489 finalRes: 0.0006013725254515716 nIters: 2
U2 initRes: 0.001275153378898498 finalRes: 0.0001239059405629127 nIters: 2
p initRes: 0.00857162468601199 finalRes: 0.0007128834465269034 nIters: 4
Time step continuity errors : sum local = 0.000588661473323008
                                 global = 5.676800304519085e-05
                             cumulative = 0.01572128231826208
omega initRes: 2.879241298779114e-05 finalRes: 2.581250545178791e-06 nIters: 3
k initRes: 0.002674359092240027 finalRes: 0.000189144001090573 nIters: 4
UFieldVar: 0.01727711017357291 final: 0.01727711017357291
yPlus min: 0.2391199524508816 max: 6.7959046311888 mean: 3.076117041835812
ExecutionTime = 2.94 s  ClockTime = 2 s

Time = 600

U0 initRes: 5.146277855094078e-05 finalRes: 3.70856942094424e-06 nIters: 3
U1 initRes: 0.001071176325011156 finalRes: 6.239555313150168e-05 nIters: 3
U2 initRes: 0.0003186116924705326 finalRes: 2.677071062402087e-05 nIters: 3
p initRes: 0.001822484605387532 finalRes: 0.0001489527699126555 nIters: 7
Time step continuity errors : sum local = 0.0001190658951063443
                                 global = -5.016132397759432e-06
                             cumulative = 0.01571626618586432
omega initRes: 8.205383294561716e-06 finalRes: 6.708578959369624e-07 nIters: 3
k initRes: 0.0004681638493628406 finalRes: 3.387204312179622e-05 nIters: 4
UFieldVar: 0.01185868049917584 final: 0.01185868049917584
yPlus min: 0.5309874950336697 max: 6.795909033510918 mean: 2.818957280888653
ExecutionTime = 3.38 s  ClockTime = 3 s

Time = 700

U0 initRes: 1.79192897707843e-05 finalRes: 1.257645537326784e-06 nIters: 3
U1 initRes: 0.0003096861522061185 finalRes: 1.599497572187847e-05 nIters: 3
U2 initRes: 7.541319814480752e-05 finalRes: 5.681147841623032e-06 nIters: 2
p initRes: 0.0002480490191719747 finalRes: 1.949498277329671e-05 nIters: 7
Time step continuity errors : sum local = 1.438612370606223e-05
                                 global = -2.044385848160437e-06
                             cumulative = 0.01571422180001615
omega initRes: 1.684325140616245e-06 finalRes: 1.683498337187725e-07 nIters: 2
k initRes: 9.933927440166749e-05 finalRes: 6.636444860598223e-06 nIters: 4
UFieldVar: 0.01326406263791716 final: 0.01326406263791716
yPlus min: 0.7794314855077441 max: 6.79590857039346 mean: 2.720062417623832
ExecutionTime = 3.84 s  ClockTime = 3 s

Time = 800

U0 initRes: 4.861000383894202e-06 finalRes: 3.668780210687244e-07 nIters: 3
U1 initRes: 7.524399121032981e-05 finalRes: 4.452498846491431e-06 nIters: 3
U2 initRes: 2.282264291426431e-05 finalRes: 2.079909713730285e-06 nIters: 2
p initRes: 8.418755733326804e-05 finalRes: 8.35640517679235e-06 nIters: 5
Time step continuity errors : sum local = 6.107864322547723e-06
                                 global = -8.827402360704584e-07
                             cumulative = 0.01571333905978008
omega initRes: 4.88115561618135e-07 finalRes: 4.053469795528204e-08 nIters: 2
k initRes: 2.202627519159385e-05 finalRes: 1.299244405868816e-06 nIters: 4
UFieldVar: 0.01365079560697371 final: 0.01365079560697371
yPlus min: 0.7622009730115018 max: 6.795908517516077 mean: 2.689242031244024
ExecutionTime = 4.3 s  ClockTime = 4 s

Time = 900

U0 initRes: 1.79967437818904e-06 finalRes: 1.745260972897573e-07 nIters: 3
U1 initRes: 2.150709386486746e-05 finalRes: 1.010050889446626e-06 nIters: 3
U2 initRes: 3.440788729198774e-06 finalRes: 3.16763611612147e-07 nIters: 2
p initRes: 1.652673519863864e-05 finalRes: 1.625287424900129e-06 nIters: 6
Time step continuity errors : sum local = 1.182145735206524e-06
                                 global = -3.125338557375713e-09
                             cumulative = 0.01571333593444153
omega initRes: 1.693883667995789e-07 finalRes: 8.495349690043867e-09 nIters: 3
k initRes: 4.98700778791035e-06 finalRes: 4.971519038210668e-07 nIters: 3
UFieldVar: 0.01375083676254468 final: 0.01375083676254468
yPlus min: 0.7533934471889357 max: 6.795908531410551 mean: 2.684340060973692
ExecutionTime = 4.76 s  ClockTime = 4 s

Time = 1000

U0 initRes: 1.082444348183142e-06 finalRes: 8.981133855307594e-08 nIters: 3
U1 initRes: 1.057460666526651e-05 finalRes: 9.208567014230594e-07 nIters: 2
U2 initRes: 2.589626096124009e-06 finalRes: 1.600472361201545e-07 nIters: 2
p initRes: 5.582910411364538e-06 finalRes: 4.988307679793211e-07 nIters: 7
Time step continuity errors : sum local = 3.61616595271922e-07
                                 global = -6.919095872557278e-08
                             cumulative = 0.0157132667434828
omega initRes: 8.508649995866079e-08 finalRes: 4.733311356089099e-09 nIters: 3
k initRes: 2.777572816790772e-06 finalRes: 2.73869333747932e-07 nIters: 3
UFieldVar: 0.01378734976393236 final: 0.01378734976393236
yPlus min: 0.7508421241134184 max: 6.795908534238666 mean: 2.685647782975228
ExecutionTime = 5.24 s  ClockTime = 5 s

Time = 1100

U0 initRes: 5.84658597848105e-07 finalRes: 4.180516743942252e-08 nIters: 3
U1 initRes: 5.503329531585606e-06 finalRes: 4.945480938193218e-07 nIters: 2
U2 initRes: 1.676428724219865e-06 finalRes: 1.075749015895951e-07 nIters: 2
p initRes: 4.436473738178702e-06 finalRes: 3.252131941993786e-07 nIters: 7
Time step continuity errors : sum local = 2.353374830785679e-07
                                 global = -2.754896049560667e-08
                             cumulative = 0.0157132391945223
omega initRes: 4.420743251510405e-08 finalRes: 2.212668682796981e-09 nIters: 3
k initRes: 1.431283360083172e-06 finalRes: 1.296472047244266e-07 nIters: 3
UFieldVar: 0.01380254708353307 final: 0.01380254708353307
yPlus min: 0.7503458528120054 max: 6.795908530577523 mean: 2.68717089987342
ExecutionTime = 5.72 s  ClockTime = 5 s

Time = 1200

U0 initRes: 2.737798145003356e-07 finalRes: 1.798979169350695e-08 nIters: 3
U1 initRes: 2.572465546376145e-06 finalRes: 2.28650871208164e-07 nIters: 2
U2 initRes: 8.304818711757552e-07 finalRes: 5.4222915780919e-08 nIters: 2
p initRes: 2.327482128585731e-06 finalRes: 2.222112616572493e-07 nIters: 5
Time step continuity errors : sum local = 1.606646297374042e-07
                                 global = -2.407967712901551e-08
                             cumulative = 0.01571321511484517
omega initRes: 2.039489628729354e-08 finalRes: 9.640193808821431e-10 nIters: 3
k initRes: 6.500513438337274e-07 finalRes: 5.398641335427128e-08 nIters: 3
UFieldVar: 0.0138099404935833 final: 0.0138099404935833
yPlus min: 0.75037826423734 max: 6.795908527772132 mean: 2.687964197636071
ExecutionTime = 6.19 s  ClockTime = 6 s

Time = 1300

U0 initRes: 1.177514354965812e-07 finalRes: 7.526371617004195e-09 nIters: 3
U1 initRes: 1.108521642312037e-06 finalRes: 9.799975687372496e-08 nIters: 2
U2 initRes: 3.614422266210681e-07 finalRes: 2.380557114506072e-08 nIters: 2
p initRes: 1.033447992883338e-06 finalRes: 1.018162031227545e-07 nIters: 5
Time step continuity errors : sum local = 7.358835594144973e-08
                                 global = -1.026703592401989e-08
                             cumulative = 0.01571320484780925
omega initRes: 8.947702715363099e-09 finalRes: 8.904648251742515e-10 nIters: 2
k initRes: 2.738962880239832e-07 finalRes: 2.144034923883322e-08 nIters: 3
UFieldVar: 0.01381339530723517 final: 0.01381339530723517
yPlus min: 0.7504401008540788 max: 6.795908526225778 mean: 2.688308004373239
ExecutionTime = 6.65 s  ClockTime = 6 s

Time = 1400

U0 initRes: 4.97268786749702e-08 finalRes: 3.155188869310326e-09 nIters: 3
U1 initRes: 4.687210631305088e-07 finalRes: 4.100892183111785e-08 nIters: 2
U2 initRes: 1.523662926161173e-07 finalRes: 1.002524353664199e-08 nIters: 2
p initRes: 4.378976993905491e-07 finalRes: 3.21205847880296e-08 nIters: 7
Time step continuity errors : sum local = 2.32117004760201e-08
                                 global = -2.396019602589763e-09
                             cumulative = 0.01571320245178965
omega initRes: 3.767172312934904e-09 finalRes: 3.75069819536248e-10 nIters: 2
k initRes: 1.134991445020921e-07 finalRes: 8.544213091062081e-09 nIters: 3
UFieldVar: 0.01381491987206269 final: 0.01381491987206269
yPlus min: 0.7504697142900222 max: 6.79590852556259 mean: 2.688447901758897
ExecutionTime = 7.11 s  ClockTime = 7 s

Time = 1500

U0 initRes: 2.089706789774863e-08 finalRes: 1.324887961534753e-09 nIters: 3
U1 initRes: 1.971547351684573e-07 finalRes: 1.716829274126169e-08 nIters: 2
U2 initRes: 6.391311551306274e-08 finalRes: 4.199175481088275e-09 nIters: 2
p initRes: 1.830861515274876e-07 finalRes: 1.744676782193333e-08 nIters: 6
Time step continuity errors : sum local = 1.260693417620165e-08
                                 global = -1.233624265966391e-10
                             cumulative = 0.01571320232842722
omega initRes: 1.590417495495442e-09 finalRes: 1.587205496231936e-10 nIters: 2
k initRes: 4.750480878466184e-08 finalRes: 3.513089353719003e-09 nIters: 3
UFieldVar: 0.01381557638965472 final: 0.01381557638965472
yPlus min: 0.7504815878967521 max: 6.79590852527085 mean: 2.688504867579974
ExecutionTime = 7.57 s  ClockTime = 7 s

Time = 1600

U0 initRes: 8.786467177503607e-09 finalRes: 5.575087149420523e-10 nIters: 3
U1 initRes: 8.322330653215854e-08 finalRes: 7.245653218386166e-09 nIters: 2
U2 initRes: 2.692900083255396e-08 finalRes: 1.758306683350458e-09 nIters: 2
p initRes: 7.6518606147961e-08 finalRes: 5.635747417773563e-09 nIters: 7
Time step continuity errors : sum local = 4.072242771241267e-09
                                 global = -4.144427740924102e-10
                             cumulative = 0.01571320191398445
omega initRes: 6.700595617896773e-10 finalRes: 3.159388980282621e-11 nIters: 3
k initRes: 1.986387832685326e-08 finalRes: 1.454620474471736e-09 nIters: 3
UFieldVar: 0.01381585559803438 final: 0.01381585559803438
yPlus min: 0.7504862720470012 max: 6.795908525150251 mean: 2.688528398692596
ExecutionTime = 8.029999999999999 s  ClockTime = 8 s

Time = 1700

U0 initRes: 3.703035087850667e-09 finalRes: 2.354211550158066e-10 nIters: 3
U1 initRes: 3.503821059007488e-08 finalRes: 3.037494903525491e-09 nIters: 2
U2 initRes: 1.144825909853762e-08 finalRes: 7.419993969661956e-10 nIters: 2
p initRes: 3.227684325176261e-08 finalRes: 2.458010162238157e-09 nIters: 7
Time step continuity errors : sum local = 1.776073281231813e-09
                                 global = -1.930239764198395e-10
                             cumulative = 0.01571320172096047
omega initRes: 2.815624430829165e-10 finalRes: 1.323260435131409e-11 nIters: 3
k initRes: 8.343193094531831e-09 finalRes: 6.085180953272354e-10 nIters: 3
UFieldVar: 0.01381597375585858 final: 0.01381597375585858
yPlus min: 0.7504881625747131 max: 6.795908525099226 mean: 2.688538220782092
ExecutionTime = 8.49 s  ClockTime = 8 s

Time = 1800

U0 initRes: 1.564393664844796e-09 finalRes: 9.924697867494766e-11 nIters: 3
U1 initRes: 1.481431992153785e-08 finalRes: 1.285745567197581e-09 nIters: 2
U2 initRes: 4.960561942689823e-09 finalRes: 3.123144714206023e-10 nIters: 2
p initRes: 1.361562119155484e-08 finalRes: 1.303037264812404e-09 nIters: 5
Time step continuity errors : sum local = 9.415237803011286e-10
                                 global = -1.38967719310563e-10
                             cumulative = 0.01571320158199275
omega initRes: 1.189376901423442e-10 finalRes: 1.186021810178494e-11 nIters: 2
k initRes: 3.535407435719527e-09 finalRes: 2.584755788439413e-10 nIters: 3
UFieldVar: 0.01381602371089141 final: 0.01381602371089141
yPlus min: 0.750488941254868 max: 6.795908525077803 mean: 2.68854234911163
ExecutionTime = 8.949999999999999 s  ClockTime = 8 s

Time = 1836
Minimal residual 9.975896112965481e-09 satisfied the prescribed tolerance 1e-08

UFieldVar: 0.01381603345903745 final: 0.01381603345903745
End

Printing Primal Residual Statistics.
U Residual Norm2: (0.0005648869882693022 8.478442510976136e-05 2.598005201319302e-11)
U Residual Mean: (3.484681751496971e-06 5.167437805470546e-07 1.127105184594035e-13)
U Residual Max: (6.609611058161491e-05 9.511158529429409e-06 3.904781430007665e-12)
p Residual Norm2: 1.667767348233965e-05
p Residual Mean: 3.624668939497634e-08
p Residual Max: 6.137004847493799e-06
omega Residual Norm2: 0.06812154207924777
omega Residual Mean: 0.0002350793243234402
omega Residual Max: 0.014491215468871
k Residual Norm2: 3.121019989337501e-05
k Residual Mean: 2.352419294163071e-07
k Residual Max: 3.266024481888498e-06
phi Residual Norm2: 5.722151276797896e-07
phi Residual Mean: 1.390765963974725e-09
phi Residual Max: 3.677949481785605e-08
Total Residual Norm2: 0.06812394610936584
 
 
TIMING primal_wall_s: 8.512
OBJ UFieldVar: 1.3816033459037454e-02
Finalising parallel run
Finalising parallel run
