WARNING 7: VSPAERO Viewer Not Found. 
	Expected here: /home/dafoamuser/dafoam/packages/miniconda3/lib/python3.10/site-packages/openvsp/vspviewer
WARNING 7: VSPAERO Viewer Not Found. 
	Expected here: /home/dafoamuser/dafoam/packages/miniconda3/lib/python3.10/site-packages/openvsp/vspviewer
WARNING 7: VSPAERO Viewer Not Found. 
	Expected here: /home/dafoamuser/dafoam/packages/miniconda3/lib/python3.10/site-packages/openvsp/vspviewer
WARNING 7: VSPAERO Viewer Not Found. 
	Expected here: /home/dafoamuser/dafoam/packages/miniconda3/lib/python3.10/site-packages/openvsp/vspviewer
 
-------------------------------------------------------------------------------
|                               DAFoam v5.0.0                                 |
-------------------------------------------------------------------------------
 
/*---------------------------------------------------------------------------*\
| =========                 |                                                 |
| \\      /  F ield         | OpenFOAM: The Open Source CFD Toolbox           |
|  \\    /   O peration     | Version:  2506                                  |
|   \\  /    A nd           | Website:  www.openfoam.com                      |
|    \\/     M anipulation  |                                                 |
\*---------------------------------------------------------------------------*/
Build  : _615aae61d7-20250627 OPENFOAM=2506 version=v2506
Arch   : "LSB;label=32;scalar=64"
Exec   : decomposePar
Date   : Jul 31 2026
Time   : 10:31:38
Host   : ip-172-31-43-247
PID    : 1051
--> FOAM Warning : 
    From Foam::fileName Foam::cwd_L()
    in file POSIX.C at line 554
    PWD is not the cwd() - reverting to physical description
I/O    : uncollated
--> FOAM Warning : 
    From Foam::fileName Foam::cwd_L()
    in file POSIX.C at line 554
    PWD is not the cwd() - reverting to physical description
Case   : /home/dafoamuser/mount/ramp_kw/c1
nProcs : 1
trapFpe: Floating point exception trapping enabled (FOAM_SIGFPE).
fileModificationChecking : Monitoring run-time modified files using timeStampMaster (fileModificationSkew 5, maxFileModificationPolls 20)
allowSystemOperations : Allowing user-supplied system call operations

// * * * * * * * * * * * * * * * * * * * * * * * * * * * * * * * * * * * * * //
Create time

Overriding DebugSwitches according to controlDict
    SolverPerformance 0;



Decomposing mesh

Create mesh

Calculating distribution of cells
Decomposition method scotch [4] (region region0)

Finished decomposition in 0.01 s

Calculating original mesh data

Distributing cells to processors

Distributing faces to processors

Distributing points to processors

Constructing processor meshes
Overriding DebugSwitches according to controlDict
    SolverPerformance 0;


Processor 0
    Number of cells = 1250
    Number of points = 2652
    Number of faces shared with processor 1 = 50
    Number of processor patches = 1
    Number of processor faces = 50
    Number of boundary faces = 2600
Overriding DebugSwitches according to controlDict
    SolverPerformance 0;


Processor 1
    Number of cells = 1250
    Number of points = 2652
    Number of faces shared with processor 0 = 50
    Number of faces shared with processor 3 = 50
    Number of processor patches = 2
    Number of processor faces = 100
    Number of boundary faces = 2550
Overriding DebugSwitches according to controlDict
    SolverPerformance 0;


Processor 2
    Number of cells = 1250
    Number of points = 2652
    Number of faces shared with processor 3 = 50
    Number of processor patches = 1
    Number of processor faces = 50
    Number of boundary faces = 2600
Overriding DebugSwitches according to controlDict
    SolverPerformance 0;


Processor 3
    Number of cells = 1250
    Number of points = 2652
    Number of faces shared with processor 1 = 50
    Number of faces shared with processor 2 = 50
    Number of processor patches = 2
    Number of processor faces = 100
    Number of boundary faces = 2550

Number of processor faces = 150
Max number of cells = 1250 (0% above average 1250)
Max number of processor patches = 2 (33.33333333333334% above average 1.5)
Max number of faces between processors = 100 (33.33333333333334% above average 75)

Time = 0

Processor 0: field transfer
Overriding DebugSwitches according to controlDict
    SolverPerformance 0;

Processor 1: field transfer
Overriding DebugSwitches according to controlDict
    SolverPerformance 0;

Processor 2: field transfer
Overriding DebugSwitches according to controlDict
    SolverPerformance 0;

Processor 3: field transfer
Overriding DebugSwitches according to controlDict
    SolverPerformance 0;


End

I/O    : uncollated
--> FOAM Warning : 
    From Foam::fileName Foam::cwd_L()
    in file POSIX.C at line 554
    PWD is not the cwd() - reverting to physical description
Case   : /home/dafoamuser/mount/ramp_kw/c1
nProcs : 4
Hosts  :
(
    (ip-172-31-43-247 4)
)
Pstream initialized with:
    node communication : off [type=host] (4 ranks, 1 nodes)
    topology controls  : none
    consensus exchange : 0 (tuning: 0)
    exchange algorithm : 0
    commsType          : nonBlocking
    polling iterations : 0
Initializing mesh and runtime for DASolver
Create time

Overriding DebugSwitches according to controlDict
    SolverPerformance 0;

Create mesh for time = 0
Replacing wallDist.method meshWave -> meshWaveFrozen
DAOption created. DASolver initialized.
[3] UPstream::init : could not attach buffer
[2] UPstream::init : could not attach buffer
[1] UPstream::init : could not attach buffer
[0] UPstream::init : could not attach buffer
I/O    : uncollated
--> FOAM Warning : 
    From Foam::fileName Foam::cwd_L()
    in file POSIX.C at line 554
    PWD is not the cwd() - reverting to physical description
Case   : /home/dafoamuser/mount/ramp_kw/c1
nProcs : 4
Hosts  :
(
    (ip-172-31-43-247 4)
)
Pstream initialized with:
    node communication : off [type=host] (4 ranks, 1 nodes)
    topology controls  : none
    consensus exchange : 0 (tuning: 0)
    exchange algorithm : 0
    commsType          : nonBlocking
    polling iterations : 0
Initializing mesh and runtime for DASolver
Create time

Overriding DebugSwitches according to controlDict
    SolverPerformance 0;

Create mesh for time = 0
Replacing wallDist.method meshWave -> meshWaveFrozen
DAOption created. DASolver initialized.
Initializing fields for DASimpleFoam
Create simpleControl.

SIMPLE: no convergence criteria found. Calculations will run for 5000 steps.

Reading field p

Reading field U

Reading/calculating face flux field phi

Creating source term. 
Selecting incompressible transport model Newtonian
Selecting turbulence model type RAS
Selecting RAS turbulence model kOmegaSST
Selecting patchDistMethod meshWaveFrozen
No MRF models present

Turbulence model is incompressible
Adjoint States: 
5
(
U volVectorState
k modelState
phi surfaceScalarState
p volScalarState
omega modelState
)
Global Cells: 5000
Global Faces: 20300
Global Xv: 31824
Undecomposed points: 10302
Global Adjoint States: 50300

SIMPLE: no convergence criteria found. Calculations will run for 5000 steps.

DACheckMesh Thresholds: 
maxNonOrth: 70
maxSkewness: 4
maxAspectRatio: 1000
maxIncorrectlyOrientedFaces: 0
    Adding cells with centre within boxes 1((-10 -10 -10) (10 10 10))
Find 10000 reference points for variance of U
Initializing fields for DASimpleFoam
Create simpleControl.

SIMPLE: no convergence criteria found. Calculations will run for 5000 steps.

Reading field p

Reading field U

Reading/calculating face flux field phi

Creating source term. 
Selecting incompressible transport model Newtonian
Selecting turbulence model type RAS
Selecting RAS turbulence model kOmegaSST
Selecting patchDistMethod meshWaveFrozen
No MRF models present

Turbulence model is incompressible
Adjoint States: 
5
(
U volVectorState
k modelState
phi surfaceScalarState
p volScalarState
omega modelState
)
Global Cells: 5000
Global Faces: 20300
Global Xv: 31824
Undecomposed points: 10302
Global Adjoint States: 50300

SIMPLE: no convergence criteria found. Calculations will run for 5000 steps.

DACheckMesh Thresholds: 
maxNonOrth: 70
maxSkewness: 4
maxAspectRatio: 1000
maxIncorrectlyOrientedFaces: 0
    Adding cells with centre within boxes 1((-10 -10 -10) (10 10 10))
Find 10000 reference points for variance of U
Init solver done! ElapsedClockTime 0.000000 s
Init solver done! ElapsedCpuTime 0.260000 s
initState: 
7
(
k 0.01500000000000026
phi 0
U1 0
U2 0
p 0
omega 30
U0 4.999999999999893
)
Setting up primal boundary conditions based on pyOptions: 
Setting primal boundary conditions...
Setting U = (10 0 0) at inlet
Setting nut wall BC for bot. BCType=nutkWallFunction
Setting k wall BC for bot. BCType=kqRWallFunction
Setting omega wall BC for bot. BCType=omegaWallFunction
Reading OpenFOAM mesh information...
I/O    : uncollated
--> FOAM Warning : 
    From Foam::fileName Foam::cwd_L()
    in file POSIX.C at line 554
    PWD is not the cwd() - reverting to physical description
Case   : /home/dafoamuser/mount/ramp_kw/c1
nProcs : 4
Hosts  :
(
    (ip-172-31-43-247 4)
)
Pstream initialized with:
    node communication : off [type=host] (4 ranks, 1 nodes)
    topology controls  : none
    consensus exchange : 0 (tuning: 0)
    exchange algorithm : 0
    commsType          : nonBlocking
    polling iterations : 0
Reading the OpenFOAM mesh..
Overriding DebugSwitches according to controlDict
    SolverPerformance 0;

Checking if we need to compress the mesh files
Checking if we need to compress the mesh files
Finalising parallel run
DAFoam option dictionary: 
{
    solverName      DASimpleFoam;
    primalMinResTol 1e-08;
    primalFuncStdTol
    {
        stdTol          -1;
        slopeTol        -1;
        funcNames       1 ( CD );
        nStepsFrac      0.2;
    }
    primalBC
    {
        U0
        {
            variable        U;
            patches         1 ( inlet );
            value           3 ( 10 0 0 );
        }
        useWallFunction 1;
    }
    primalInitCondition
    {
    }
    normalizeStates
    {
        U               10;
        p               50;
        nuTilda         0.001;
        phi             1;
    }
    function
    {
        UFieldVar
        {
            type            variance;
            source          boxToCell;
            min             3 { -10 };
            max             3 { 10 };
            scale           0.1;
            mode            field;
            varName         U;
            varType         vector;
            indices         2 ( 0 1 );
            timeDependentRefData 0;
        }
    }
    inputInfo
    {
        beta
        {
            type            field;
            fieldName       betaFIOmega;
            fieldType       scalar;
            distributed     0;
            components      2 ( solver function );
        }
    }
    outputInfo
    {
    }
    designSurfaces  1 ( ALL_OPENFOAM_WALL_PATCHES );
    fvSource
    {
    }
    prepareCaseOnly 0;
    adjEqnSolMethod Krylov;
    dynamicMesh
    {
        active          0;
        mode            rotation;
        center          3 ( 0.25 0 0 );
        axis            z;
        omega           0.1;
        s               2;
        t0              0.35;
    }
    primalVarBounds
    {
        UMax            1000;
        UMin            -1000;
        pMax            50000;
        pMin            -50000;
        p_rghMax        50000;
        p_rghMin        -50000;
        eMax            55000;
        eMin            -220000;
        TMax            1000;
        TMin            100;
        hMax            200000;
        hMin            -200000;
        DMax            1e+16;
        DMin            -1e+16;
        rhoMax          5;
        rhoMin          0.2;
        nuTildaMax      1e+16;
        nuTildaMin      1e-16;
        kMax            1e+16;
        kMin            1e-16;
        omegaMax        1e+16;
        omegaMin        -1e+16;
        epsilonMax      1e+16;
        epsilonMin      1e-16;
        ReThetatMax     1e+16;
        ReThetatMin     1e-16;
        gammaIntMax     1e+16;
        gammaIntMin     1e-16;
    }
    discipline      aero;
    adjPartDerivFDStep
    {
        State           1e-06;
    }
    transonicPCOption -1;
    unsteadyAdjoint
    {
        mode            None;
        PCMatPrecomputeInterval 100;
        PCMatUpdateInterval 1;
        reduceIO        1;
        additionalOutput 1 ( None );
        additionalOldTime 1 ( None );
        readZeroFields  1;
    }
    adjPCLag        10000;
    useAD
    {
        mode            reverse;
        dvName          None;
        seedIndex       -9999;
    }
    useConstrainHbyA 1;
    forceMeshWaveFrozen 1;
    useDdtCorr      0;
    regressionModel
    {
        active          0;
    }
    useMeanStates   0;
    solveLinearFunctionName None;
    printDAOptions  1;
    debug           0;
    writeJacobians  1 ( None );
    printInterval   100;
    printIntervalUnsteady 1;
    primalMinResTolDiff 1000;
    adjUseColoring  1;
    adjEqnOption
    {
        globalPCIters   0;
        asmOverlap      1;
        localPCIters    1;
        jacMatReOrdering natural;
        pcFillLevel     1;
        gmresMaxIters   1000;
        gmresRestart    1000;
        gmresRelTol     1e-06;
        gmresAbsTol     1e-14;
        gmresTolDiff    100;
        useNonZeroInitGuess 0;
        useMGSO         0;
        printInfo       1;
        fpMaxIters      1000;
        fpRelTol        1e-06;
        fpMinResTolDiff 100;
        fpPCUpwind      0;
        dynAdjustTol    0;
        KSPCalcEigen    0;
        KSPCalcSingularVal 0;
        readPCMat       0;
    }
    normalizeResiduals 11 ( URes pRes p_rghRes nuTildaRes phiRes TRes DRes kRes omegaRes epsilonRes alpha.waterRes );
    maxResConLv4JacPCMat
    {
        pRes            2;
        phiRes          1;
        URes            2;
        TRes            2;
        nuTildaRes      2;
        kRes            2;
        epsilonRes      2;
        omegaRes        2;
        p_rghRes        2;
        DRes            2;
        gammaIntRes     2;
        ReThetatRes     2;
        alpha.waterRes  2;
    }
    jacLowerBounds
    {
        dRdW            1e-30;
        dRdWPC          1e-30;
    }
    maxTractionBCIters 100;
    decomposeParDict
    {
        method          scotch;
        simpleCoeffs
        {
            n               3 ( 2 2 1 );
            delta           0.001;
        }
        kahipCoeffs
        {
            config          fast;
            imbalance       0.01;
        }
        preservePatches 1 ( None );
        singleProcessorFaceSets 1 ( None );
        args            1 ( None );
    }
    adjStateOrdering cell;
    checkMeshThreshold
    {
        maxAspectRatio  1000;
        maxNonOrth      70;
        maxSkewness     4;
        maxIncorrectlyOrientedFaces 0;
    }
    writeDeformedFFDs 0;
    writeDeformedConstraints 0;
    writeAdjointFields 0;
    maxCorrectBCCalls 2;
    writeMinorIterations 0;
    primalMinIters  1;
    tensorflow
    {
        active          0;
    }
    wallDistanceMethod default;
    unsteadyCompOutput
    {
    }
}

pyDAFoam initialization done!
dRdWT Jacobian Free created!
I/O    : uncollated
/home/dafoamuser/dafoam/packages/miniconda3/lib/python3.10/site-packages/openmdao/core/component.py:140: OMDeprecationWarning:'scenario1.coupling.solver' <class DAFoamSolver>: It appears this component mixes distributed/non-distributed inputs and outputs, so it may break starting with OpenMDAO 3.25, where the convention used when passing data between distributed and non-distributed inputs and outputs within a matrix free component will change. See https://github.com/OpenMDAO/POEMs/blob/master/POEM_075.md for details.
/home/dafoamuser/dafoam/packages/miniconda3/lib/python3.10/site-packages/openmdao/core/component.py:140: OMDeprecationWarning:'scenario1.coupling.solver' <class DAFoamSolver>: It appears this component mixes distributed/non-distributed inputs and outputs, so it may break starting with OpenMDAO 3.25, where the convention used when passing data between distributed and non-distributed inputs and outputs within a matrix free component will change. See https://github.com/OpenMDAO/POEMs/blob/master/POEM_075.md for details.
/home/dafoamuser/dafoam/packages/miniconda3/lib/python3.10/site-packages/openmdao/core/component.py:140: OMDeprecationWarning:'scenario1.coupling.solver' <class DAFoamSolver>: It appears this component mixes distributed/non-distributed inputs and outputs, so it may break starting with OpenMDAO 3.25, where the convention used when passing data between distributed and non-distributed inputs and outputs within a matrix free component will change. See https://github.com/OpenMDAO/POEMs/blob/master/POEM_075.md for details.
/home/dafoamuser/dafoam/packages/miniconda3/lib/python3.10/site-packages/openmdao/core/component.py:140: OMDeprecationWarning:'scenario1.coupling.solver' <class DAFoamSolver>: It appears this component mixes distributed/non-distributed inputs and outputs, so it may break starting with OpenMDAO 3.25, where the convention used when passing data between distributed and non-distributed inputs and outputs within a matrix free component will change. See https://github.com/OpenMDAO/POEMs/blob/master/POEM_075.md for details.
/home/dafoamuser/dafoam/packages/miniconda3/lib/python3.10/site-packages/openmdao/core/component.py:140: OMDeprecationWarning:'scenario1.aero_post.functionals' <class DAFoamFunctions>: It appears this component mixes distributed/non-distributed inputs and outputs, so it may break starting with OpenMDAO 3.25, where the convention used when passing data between distributed and non-distributed inputs and outputs within a matrix free component will change. See https://github.com/OpenMDAO/POEMs/blob/master/POEM_075.md for details.
/home/dafoamuser/dafoam/packages/miniconda3/lib/python3.10/site-packages/openmdao/core/component.py:140: OMDeprecationWarning:'scenario1.aero_post.functionals' <class DAFoamFunctions>: It appears this component mixes distributed/non-distributed inputs and outputs, so it may break starting with OpenMDAO 3.25, where the convention used when passing data between distributed and non-distributed inputs and outputs within a matrix free component will change. See https://github.com/OpenMDAO/POEMs/blob/master/POEM_075.md for details.
/home/dafoamuser/dafoam/packages/miniconda3/lib/python3.10/site-packages/openmdao/core/component.py:140: OMDeprecationWarning:'scenario1.aero_post.functionals' <class DAFoamFunctions>: It appears this component mixes distributed/non-distributed inputs and outputs, so it may break starting with OpenMDAO 3.25, where the convention used when passing data between distributed and non-distributed inputs and outputs within a matrix free component will change. See https://github.com/OpenMDAO/POEMs/blob/master/POEM_075.md for details.
/home/dafoamuser/dafoam/packages/miniconda3/lib/python3.10/site-packages/openmdao/core/component.py:140: OMDeprecationWarning:'scenario1.aero_post.functionals' <class DAFoamFunctions>: It appears this component mixes distributed/non-distributed inputs and outputs, so it may break starting with OpenMDAO 3.25, where the convention used when passing data between distributed and non-distributed inputs and outputs within a matrix free component will change. See https://github.com/OpenMDAO/POEMs/blob/master/POEM_075.md for details.
Checking mesh quality for time = 0
    Overall domain bounding box (0 -0.5000000000000003 -1.734723475976807e-18) (3 0.5 0.05000000074505812)
    Mesh has 3 geometric (non-empty/wedge) directions (1 1 1)
    Mesh has 3 solution (non-empty) directions (1 1 1)
    Boundary openness (-2.496858518655798e-17 -3.453853160903114e-18 -1.64989464220793e-17) OK.
    Max cell openness = 5.900422408863415e-15 OK.
    Max aspect ratio = 250.9727357179337 OK.
    Minimum face area = 5.608835469031568e-06. Maximum face area = 0.0016261423064255.  Face area magnitudes OK.
    Min volume = 2.804418810632305e-07. Max volume = 5.084633467474263e-05.  Total volume = 0.1187499957319696.  Cell volumes OK.
    Mesh non-orthogonality Max: 46.8117354617747 average: 14.38071650818499
    Non-orthogonality check OK.
    Face pyramids OK.
    Max skewness = 0.1126369503222542 OK.
    Coupled point location match (average 0) OK.

Mesh OK.

Running Primal Solver 001
Previous solution time -1e+10 not found and nothing deleted.
No finite volume options present

Starting time loop

Time = 1

U0 initRes: 0.9999999999999893 finalRes: 0.08323070542206014 nIters: 1
U1 initRes: 1 finalRes: 0.08056053471460327 nIters: 4
U2 initRes: 0.9999999999930469 finalRes: 0.08627460586677578 nIters: 4
p initRes: 1 finalRes: 0.09907812895860202 nIters: 8
Time step continuity errors : sum local = 0.2085931526133491
                                 global = -0.003142096964610287
                             cumulative = -0.003142096964610287
omega initRes: 0.06083099048101268 finalRes: 0.004950264680750873 nIters: 2
k initRes: 0.999999999999553 finalRes: 0.05096018378987115 nIters: 2
UFieldVar: 1.037059988867985 final: 1.037059988867985
yPlus min: 6.077833140909032 max: 9.665185744865934 mean: 8.166151107076532
ExecutionTime = 0.41 s  ClockTime = 0 s

Time = 100

U0 initRes: 0.03727842888203761 finalRes: 0.003113806439446914 nIters: 3
U1 initRes: 0.0493854545126976 finalRes: 0.004501920614112523 nIters: 3
U2 initRes: 0.06286916700489222 finalRes: 0.005209659159596738 nIters: 3
p initRes: 0.4255720764674422 finalRes: 0.035714466399482 nIters: 3
Time step continuity errors : sum local = 1.379116263077517
                                 global = 0.07027459829567437
                             cumulative = 0.06713250133106408
omega initRes: 0.009114517554792555 finalRes: 0.0004640847322338738 nIters: 3
k initRes: 0.06212679013452912 finalRes: 0.004630743149790796 nIters: 3
UFieldVar: 26.78846059125087 final: 26.78846059125087
yPlus min: 2.762801329732496 max: 34.62180750257508 mean: 16.17890990485488
ExecutionTime = 1.22 s  ClockTime = 0 s

Time = 200

U0 initRes: 0.007533805705042899 finalRes: 0.0006852830201363635 nIters: 3
U1 initRes: 0.009438032248026168 finalRes: 0.0007899665978498542 nIters: 3
U2 initRes: 0.01120024977285728 finalRes: 0.0008835105840440899 nIters: 3
p initRes: 0.03989119915029646 finalRes: 0.003977098113929606 nIters: 4
Time step continuity errors : sum local = 0.02893541149999152
                                 global = -0.0008124221008968129
                             cumulative = 0.06632007923016726
omega initRes: 0.0009750200577749251 finalRes: 5.587562369469554e-05 nIters: 4
k initRes: 0.01303592712060764 finalRes: 0.001072532524425084 nIters: 4
UFieldVar: 9.011404062860331 final: 9.011404062860331
yPlus min: 0.864456770720699 max: 18.93823039012757 mean: 9.165291361163963
ExecutionTime = 1.64 s  ClockTime = 1 s

Time = 300

U0 initRes: 0.00278205156729113 finalRes: 0.0002373071515059763 nIters: 3
U1 initRes: 0.004879527025231633 finalRes: 0.0003581016137662839 nIters: 3
U2 initRes: 0.003166415315991391 finalRes: 0.0002648193316081063 nIters: 3
p initRes: 0.01047035179676606 finalRes: 0.001027795169288697 nIters: 4
Time step continuity errors : sum local = 0.005552998724082275
                                 global = 1.446794206471022e-05
                             cumulative = 0.06633454717223197
omega initRes: 0.0003318289124727204 finalRes: 3.134700796322388e-05 nIters: 3
k initRes: 0.003890806448709094 finalRes: 0.0002708289832657717 nIters: 4
UFieldVar: 4.584427139672853 final: 4.584427139672853
yPlus min: 0.8959934772694743 max: 24.40491267591747 mean: 11.37929589210786
ExecutionTime = 2.07 s  ClockTime = 1 s

Time = 400

U0 initRes: 0.001901380364773289 finalRes: 0.000127794363776964 nIters: 3
U1 initRes: 0.006138148037433459 finalRes: 0.000303293156865358 nIters: 3
U2 initRes: 0.004668265493076187 finalRes: 0.0003633403046060246 nIters: 2
p initRes: 0.02480481098274999 finalRes: 0.002276265412884966 nIters: 7
Time step continuity errors : sum local = 0.002909671692113672
                                 global = -0.0003640025817608512
                             cumulative = 0.06597054459047112
omega initRes: 0.0002203753056369154 finalRes: 1.64427439007011e-05 nIters: 3
k initRes: 0.002965236140886466 finalRes: 0.0001677566901577405 nIters: 4
UFieldVar: 2.163555144962172 final: 2.163555144962172
yPlus min: 0.3563819293300611 max: 17.17364864585232 mean: 8.623618013837588
ExecutionTime = 2.51 s  ClockTime = 2 s

Time = 500

U0 initRes: 0.002251094878959831 finalRes: 0.0001479514995019485 nIters: 3
U1 initRes: 0.006706230946578033 finalRes: 0.0002862036517580456 nIters: 3
U2 initRes: 0.002104307113440948 finalRes: 9.969231276450502e-05 nIters: 2
p initRes: 0.00583715512986329 finalRes: 0.0005647117097409071 nIters: 6
Time step continuity errors : sum local = 0.001304682544265642
                                 global = 3.950812728445958e-05
                             cumulative = 0.06601005271775558
omega initRes: 0.0001179452889825335 finalRes: 1.003100843341506e-05 nIters: 3
k initRes: 0.004129526552211674 finalRes: 0.0002300733314054488 nIters: 4
UFieldVar: 0.6763696432509256 final: 0.6763696432509256
yPlus min: 0.7536969007768382 max: 14.84006485412227 mean: 7.224814372709341
ExecutionTime = 2.96 s  ClockTime = 2 s

Time = 600

U0 initRes: 0.001467369372471979 finalRes: 0.00010294926549382 nIters: 3
U1 initRes: 0.009688589371434414 finalRes: 0.0003740790921101578 nIters: 3
U2 initRes: 0.001600273601589393 finalRes: 6.084646507805111e-05 nIters: 2
p initRes: 0.006848185830211763 finalRes: 0.0005053424691185538 nIters: 7
Time step continuity errors : sum local = 0.0004549547669601213
                                 global = 7.405748980128728e-05
                             cumulative = 0.06608411020755686
omega initRes: 8.50926289886613e-05 finalRes: 8.501483041585928e-06 nIters: 3
k initRes: 0.006105578638961847 finalRes: 0.0004062021578111307 nIters: 4
UFieldVar: 0.1281206734476003 final: 0.1281206734476003
yPlus min: 1.013557693076775 max: 9.506466298292032 mean: 5.386493849991902
ExecutionTime = 3.42 s  ClockTime = 3 s

Time = 700

U0 initRes: 0.000314758680507836 finalRes: 2.62062090784586e-05 nIters: 3
U1 initRes: 0.001721778325650659 finalRes: 0.0001020460600476978 nIters: 3
U2 initRes: 0.0006934113343869205 finalRes: 4.217078067792116e-05 nIters: 2
p initRes: 0.002320486683039631 finalRes: 0.0002131118850046804 nIters: 6
Time step continuity errors : sum local = 0.000164799538906215
                                 global = 3.535456851150475e-07
                             cumulative = 0.06608446375324198
omega initRes: 4.325904498337421e-05 finalRes: 2.570991135458033e-06 nIters: 4
k initRes: 0.004539128998025064 finalRes: 0.0003765842619476435 nIters: 4
UFieldVar: 0.03024393296666543 final: 0.03024393296666543
yPlus min: 0.952498172918165 max: 6.795906329598454 mean: 4.15054167180453
ExecutionTime = 3.87 s  ClockTime = 3 s

Time = 800

U0 initRes: 0.0001151060363463205 finalRes: 8.110022164189865e-06 nIters: 3
U1 initRes: 0.001344894057713135 finalRes: 8.054658365997567e-05 nIters: 3
U2 initRes: 0.0005435106980875522 finalRes: 4.108332920803112e-05 nIters: 2
p initRes: 0.001603843493005964 finalRes: 0.0001374194885711338 nIters: 7
Time step continuity errors : sum local = 0.0001014259850738045
                                 global = -9.973213397471302e-06
                             cumulative = 0.0660744905398445
omega initRes: 1.550169775119643e-05 finalRes: 1.286065454556335e-06 nIters: 3
k initRes: 0.001186287849940284 finalRes: 8.216922702774372e-05 nIters: 4
UFieldVar: 0.01548470120088875 final: 0.01548470120088875
yPlus min: 0.9340727311352427 max: 6.795908538708937 mean: 3.137830699200892
ExecutionTime = 4.33 s  ClockTime = 3 s

Time = 900

U0 initRes: 5.157802251719798e-05 finalRes: 2.633888154331119e-06 nIters: 3
U1 initRes: 0.0005507442497986961 finalRes: 3.367921194906205e-05 nIters: 3
U2 initRes: 0.0002764568628292012 finalRes: 2.051479734494676e-05 nIters: 2
p initRes: 0.000861648850980675 finalRes: 8.521050961843142e-05 nIters: 6
Time step continuity errors : sum local = 6.137083408862245e-05
                                 global = 1.84267722504132e-06
                             cumulative = 0.06607633321706954
omega initRes: 4.680374581861755e-06 finalRes: 4.679741902559495e-07 nIters: 2
k initRes: 0.0003296095190035976 finalRes: 1.908385795658132e-05 nIters: 4
UFieldVar: 0.01366933899066746 final: 0.01366933899066746
yPlus min: 0.8431013576200594 max: 6.795908467520775 mean: 2.802365282161854
ExecutionTime = 4.78 s  ClockTime = 4 s

Time = 1000

U0 initRes: 1.378028679915778e-05 finalRes: 6.805938846193572e-07 nIters: 3
U1 initRes: 0.0001827091719958967 finalRes: 9.605547265305927e-06 nIters: 3
U2 initRes: 7.462194590784434e-05 finalRes: 6.15438451056402e-06 nIters: 2
p initRes: 0.0002553768279748431 finalRes: 2.472817868606301e-05 nIters: 5
Time step continuity errors : sum local = 1.800637692607502e-05
                                 global = -1.845061545712736e-06
                             cumulative = 0.06607448815552383
omega initRes: 1.235028329561267e-06 finalRes: 1.018816393491295e-07 nIters: 2
k initRes: 6.839283997234514e-05 finalRes: 3.900863489082533e-06 nIters: 4
UFieldVar: 0.01366591642957297 final: 0.01366591642957297
yPlus min: 0.7806291412897912 max: 6.795909300564073 mean: 2.706202028337833
ExecutionTime = 5.21 s  ClockTime = 4 s

Time = 1100

U0 initRes: 3.423728013423985e-06 finalRes: 2.248179395508652e-07 nIters: 3
U1 initRes: 3.892865194133734e-05 finalRes: 2.166862017072997e-06 nIters: 3
U2 initRes: 1.340145389461394e-05 finalRes: 1.162985683988213e-06 nIters: 2
p initRes: 5.652994923964286e-05 finalRes: 4.799851967973127e-06 nIters: 5
Time step continuity errors : sum local = 3.491519546121405e-06
                                 global = -4.140467877940908e-07
                             cumulative = 0.06607407410873603
omega initRes: 3.051708064795122e-07 finalRes: 2.396653773514117e-08 nIters: 2
k initRes: 1.065733262681698e-05 finalRes: 9.107672801417287e-07 nIters: 3
UFieldVar: 0.01374277392826579 final: 0.01374277392826579
yPlus min: 0.7573760941842018 max: 6.795909351390508 mean: 2.68656641242134
ExecutionTime = 5.64 s  ClockTime = 5 s

Time = 1200

U0 initRes: 1.082856522187183e-06 finalRes: 1.062454284823366e-07 nIters: 3
U1 initRes: 1.162825670883212e-05 finalRes: 1.15068010904221e-06 nIters: 2
U2 initRes: 2.380892249738771e-06 finalRes: 1.530725159781283e-07 nIters: 2
p initRes: 7.79291248055319e-06 finalRes: 5.251278896796561e-07 nIters: 7
Time step continuity errors : sum local = 3.809060073846848e-07
                                 global = -8.886903658617512e-08
                             cumulative = 0.06607398523969944
omega initRes: 1.000158609311141e-07 finalRes: 5.777467427550901e-09 nIters: 3
k initRes: 2.763897040825293e-06 finalRes: 1.643120072095304e-07 nIters: 4
UFieldVar: 0.01378266394227031 final: 0.01378266394227031
yPlus min: 0.7517093605655616 max: 6.79590934829218 mean: 2.685344891609075
ExecutionTime = 6.09 s  ClockTime = 5 s

Time = 1300

U0 initRes: 6.597614462482841e-07 finalRes: 5.225740801387871e-08 nIters: 3
U1 initRes: 6.124528376938624e-06 finalRes: 5.553454153439115e-07 nIters: 2
U2 initRes: 1.772386587246177e-06 finalRes: 1.134966319201785e-07 nIters: 2
p initRes: 4.179376645213971e-06 finalRes: 3.325341295190213e-07 nIters: 7
Time step continuity errors : sum local = 2.40723109367447e-07
                                 global = -3.428907748540806e-08
                             cumulative = 0.06607395095062196
omega initRes: 5.154580402546941e-08 finalRes: 2.820463825503802e-09 nIters: 3
k initRes: 1.650306526077559e-06 finalRes: 1.62913521193289e-07 nIters: 3
UFieldVar: 0.01379996840276456 final: 0.01379996840276456
yPlus min: 0.7504918950131325 max: 6.795909348831705 mean: 2.686811986509852
ExecutionTime = 6.55 s  ClockTime = 6 s

Time = 1400

U0 initRes: 3.424996031335731e-07 finalRes: 2.349690563552926e-08 nIters: 3
U1 initRes: 3.195962779952558e-06 finalRes: 2.845742002870622e-07 nIters: 2
U2 initRes: 1.019384106598455e-06 finalRes: 6.620456289527006e-08 nIters: 2
p initRes: 2.769296964839465e-06 finalRes: 2.123068386152732e-07 nIters: 7
Time step continuity errors : sum local = 1.535319458790402e-07
                                 global = -1.644063771000976e-08
                             cumulative = 0.06607393450998425
omega initRes: 2.564470294120929e-08 finalRes: 1.247878610084543e-09 nIters: 3
k initRes: 8.379984482993438e-07 finalRes: 7.441251720394372e-08 nIters: 3
UFieldVar: 0.01380851231510324 final: 0.01380851231510324
yPlus min: 0.7503684482779277 max: 6.795909345945666 mean: 2.687774088438658
ExecutionTime = 7.01 s  ClockTime = 6 s

Time = 1500

U0 initRes: 1.526239761458397e-07 finalRes: 9.877084412523875e-09 nIters: 3
U1 initRes: 1.430869168124295e-06 finalRes: 1.266258842013903e-07 nIters: 2
U2 initRes: 4.693486030059294e-07 finalRes: 3.094758156709799e-08 nIters: 2
p initRes: 1.327753129050922e-06 finalRes: 1.322895901638212e-07 nIters: 5
Time step continuity errors : sum local = 9.562088076075931e-08
                                 global = -1.349989800384966e-08
                             cumulative = 0.06607392101008625
omega initRes: 1.141992341610716e-08 finalRes: 5.401133124215099e-10 nIters: 3
k initRes: 3.606166967007628e-07 finalRes: 2.929435316558116e-08 nIters: 3
UFieldVar: 0.0138127431475173 final: 0.0138127431475173
yPlus min: 0.7504232281338263 max: 6.795909344131862 mean: 2.688229240569093
ExecutionTime = 7.46 s  ClockTime = 7 s

Time = 1600

U0 initRes: 6.478023450489257e-08 finalRes: 4.115953496120951e-09 nIters: 3
U1 initRes: 6.071058325665244e-07 finalRes: 5.328646439390366e-08 nIters: 2
U2 initRes: 1.998513734307383e-07 finalRes: 1.319719816407465e-08 nIters: 2
p initRes: 5.720074438987465e-07 finalRes: 5.682523049154847e-08 nIters: 5
Time step continuity errors : sum local = 4.106569136868655e-08
                                 global = -5.617293998427666e-09
                             cumulative = 0.06607391539279224
omega initRes: 4.951552245200335e-09 finalRes: 2.332863142246712e-10 nIters: 3
k initRes: 1.493517368903433e-07 finalRes: 1.148067321732e-08 nIters: 3
UFieldVar: 0.01381466492736446 final: 0.01381466492736446
yPlus min: 0.7504622168297119 max: 6.795909343259487 mean: 2.688417924050293
ExecutionTime = 7.91 s  ClockTime = 7 s

Time = 1700

U0 initRes: 2.720409434666032e-08 finalRes: 1.721444739287628e-09 nIters: 3
U1 initRes: 2.558914816916789e-07 finalRes: 2.228605125015848e-08 nIters: 2
U2 initRes: 8.347866296224091e-08 finalRes: 5.501457698466954e-09 nIters: 2
p initRes: 2.389686704013702e-07 finalRes: 2.374853372664955e-08 nIters: 5
Time step continuity errors : sum local = 1.716078001134118e-08
                                 global = -2.368110103683281e-09
                             cumulative = 0.06607391302468214
omega initRes: 2.072934400370042e-09 finalRes: 2.070149359566182e-10 nIters: 2
k initRes: 6.206800500619412e-08 finalRes: 4.625602729426848e-09 nIters: 3
UFieldVar: 0.01381550883978728 final: 0.01381550883978728
yPlus min: 0.7504789002702391 max: 6.795909342880049 mean: 2.688493657577856
ExecutionTime = 8.35 s  ClockTime = 7 s

Time = 1800

U0 initRes: 1.143039502647953e-08 finalRes: 7.216874578588505e-10 nIters: 3
U1 initRes: 1.082080855571031e-07 finalRes: 9.434706030973919e-09 nIters: 2
U2 initRes: 3.502614475207121e-08 finalRes: 2.288589238894741e-09 nIters: 2
p initRes: 1.002145148575865e-07 finalRes: 9.28373383268764e-09 nIters: 5
Time step continuity errors : sum local = 6.70821697299086e-09
                                 global = -9.900833117809211e-10
                             cumulative = 0.06607391203459884
omega initRes: 8.544644117854835e-10 finalRes: 8.538541781872985e-11 nIters: 2
k initRes: 2.577190535886569e-08 finalRes: 1.889393640919191e-09 nIters: 3
UFieldVar: 0.01381586971026712 final: 0.01381586971026712
yPlus min: 0.7504853311443399 max: 6.795909342725676 mean: 2.688524508415901
ExecutionTime = 8.800000000000001 s  ClockTime = 8 s

Time = 1900

U0 initRes: 4.80023115663231e-09 finalRes: 3.046511364536532e-10 nIters: 3
U1 initRes: 4.535956042375877e-08 finalRes: 3.939226923143509e-09 nIters: 2
U2 initRes: 1.47862272718183e-08 finalRes: 9.628473062024108e-10 nIters: 2
p initRes: 4.170005816437834e-08 finalRes: 4.094755318423586e-09 nIters: 5
Time step continuity errors : sum local = 2.958731085453722e-09
                                 global = -4.195739801998087e-10
                             cumulative = 0.06607391161502485
omega initRes: 3.645130371530845e-10 finalRes: 3.627252730911315e-11 nIters: 2
k initRes: 1.083936277661882e-08 finalRes: 7.918367093435953e-10 nIters: 3
UFieldVar: 0.01381602257487394 final: 0.01381602257487394
yPlus min: 0.7504878548569685 max: 6.795909342655471 mean: 2.68853728594342
ExecutionTime = 9.24 s  ClockTime = 8 s

Time = 2000

U0 initRes: 2.025608323233524e-09 finalRes: 1.28411406325222e-10 nIters: 3
U1 initRes: 1.917444432026875e-08 finalRes: 1.66615696662422e-09 nIters: 2
U2 initRes: 6.357450005593017e-09 finalRes: 4.048067608042367e-10 nIters: 2
p initRes: 1.763754104552273e-08 finalRes: 1.689691353984231e-09 nIters: 5
Time step continuity errors : sum local = 1.220905495503404e-09
                                 global = -1.801311235466969e-10
                             cumulative = 0.06607391143489373
omega initRes: 1.513776009868681e-10 finalRes: 1.512010070786588e-11 nIters: 2
k initRes: 4.55452483614806e-09 finalRes: 3.319812968762988e-10 nIters: 3
UFieldVar: 0.01381608722917312 final: 0.01381608722917312
yPlus min: 0.7504888762714526 max: 6.795909342626821 mean: 2.688542635396417
ExecutionTime = 9.69 s  ClockTime = 9 s

Time = 2066
Minimal residual 9.923557173794332e-09 satisfied the prescribed tolerance 1e-08

UFieldVar: 0.01381610773959928 final: 0.01381610773959928
End

Printing Primal Residual Statistics.
U Residual Norm2: (0.0005639971843618014 8.479854783160089e-05 2.595686701976575e-11)
U Residual Mean: (3.480417791000565e-06 5.176733031945196e-07 1.126981213230029e-13)
U Residual Max: (6.592245289294141e-05 9.497166981065064e-06 3.890145852749798e-12)
p Residual Norm2: 1.68059384228237e-05
p Residual Mean: 3.63475227216955e-08
p Residual Max: 6.132634179688119e-06
omega Residual Norm2: 0.06744394413484567
omega Residual Mean: 0.0002322410336017435
omega Residual Max: 0.01449248355020224
k Residual Norm2: 3.111976826468072e-05
k Residual Mean: 2.344868454952787e-07
k Residual Max: 3.256642764769195e-06
phi Residual Norm2: 5.727612144730264e-07
phi Residual Mean: 1.390653905797894e-09
phi Residual Max: 3.681669041302802e-08
Total Residual Norm2: 0.06744636487824576
 
 
TIMING primal_wall_s: 9.322
OBJ UFieldVar: 1.3816107739599284e-02
Finalising parallel run
Finalising parallel run
